
== depart3  layer 18: train 3554 (872 pos), val 342 (100 pos; cause-visible subset 56 pos)
  arm           AUC       lift vs ego [95% CI]  AUC vis          lift vis [95% CI]
  ego         0.701                          -    0.730                          -
  mean_vis    0.742    +0.041 [-0.004, +0.102]    0.764    +0.034 [-0.036, +0.102]
  attn_vis    0.803    +0.102 [+0.049, +0.170]    0.809    +0.080 [+0.003, +0.156]
  attn_all    0.845    +0.144 [+0.071, +0.223]    0.842    +0.112 [+0.014, +0.202]
  attn_text   0.847    +0.147 [+0.080, +0.219]    0.841    +0.112 [+0.015, +0.202]

== brake3  layer 18: train 3995 (1598 pos), val 461 (189 pos; cause-visible subset 104 pos)
  arm           AUC       lift vs ego [95% CI]  AUC vis          lift vis [95% CI]
  ego         0.633                          -    0.641                          -
  mean_vis    0.745    +0.111 [+0.050, +0.172]    0.809    +0.168 [+0.104, +0.234]
  attn_vis    0.822    +0.188 [+0.125, +0.253]    0.874    +0.234 [+0.169, +0.307]
  attn_all    0.820    +0.186 [+0.123, +0.251]    0.874    +0.233 [+0.170, +0.306]
  attn_text   0.837    +0.203 [+0.144, +0.265]    0.890    +0.250 [+0.187, +0.323]
-> runs/coc_probe/ctx_probe_L18.json

== depart3  layer 9: train 3554 (872 pos), val 342 (100 pos; cause-visible subset 56 pos)
  arm           AUC       lift vs ego [95% CI]  AUC vis          lift vis [95% CI]
  ego         0.701                          -    0.730                          -
  mean_vis    0.735    +0.034 [-0.005, +0.091]    0.766    +0.037 [-0.026, +0.100]
  attn_vis    0.817    +0.116 [+0.062, +0.184]    0.823    +0.093 [+0.020, +0.175]
  attn_all    0.815    +0.115 [+0.061, +0.182]    0.821    +0.092 [+0.017, +0.173]
  attn_text   0.831    +0.130 [+0.068, +0.202]    0.829    +0.099 [-0.000, +0.187]

== brake3  layer 9: train 3995 (1598 pos), val 461 (189 pos; cause-visible subset 104 pos)
  arm           AUC       lift vs ego [95% CI]  AUC vis          lift vis [95% CI]
  ego         0.633                          -    0.641                          -
  mean_vis    0.764    +0.130 [+0.075, +0.184]    0.823    +0.182 [+0.121, +0.242]
  attn_vis    0.828    +0.194 [+0.132, +0.260]    0.878    +0.237 [+0.174, +0.308]
  attn_all    0.832    +0.198 [+0.135, +0.263]    0.880    +0.239 [+0.177, +0.312]
  attn_text   0.799    +0.166 [+0.103, +0.225]    0.841    +0.200 [+0.134, +0.276]
-> runs/coc_probe/ctx_probe_L9.json

== depart3  layer 27: train 3554 (872 pos), val 342 (100 pos; cause-visible subset 56 pos)
  arm           AUC       lift vs ego [95% CI]  AUC vis          lift vis [95% CI]
  ego         0.701                          -    0.730                          -
  mean_vis    0.729    +0.028 [-0.018, +0.083]    0.760    +0.030 [-0.046, +0.099]
  attn_vis    0.811    +0.110 [+0.065, +0.172]    0.839    +0.109 [+0.056, +0.176]
  attn_all    0.862    +0.161 [+0.107, +0.230]    0.861    +0.131 [+0.049, +0.216]
  attn_text   0.837    +0.136 [+0.061, +0.216]    0.839    +0.109 [-0.000, +0.209]

== brake3  layer 27: train 3995 (1598 pos), val 461 (189 pos; cause-visible subset 104 pos)
  arm           AUC       lift vs ego [95% CI]  AUC vis          lift vis [95% CI]
  ego         0.633                          -    0.641                          -
  mean_vis    0.747    +0.114 [+0.062, +0.169]    0.796    +0.155 [+0.099, +0.217]
  attn_vis    0.806    +0.172 [+0.111, +0.238]    0.863    +0.222 [+0.157, +0.294]
  attn_all    0.823    +0.190 [+0.128, +0.254]    0.875    +0.234 [+0.168, +0.305]
  attn_text   0.824    +0.191 [+0.131, +0.256]    0.884    +0.243 [+0.182, +0.312]
-> runs/coc_probe/ctx_probe_L27.json
