Job 320 on ProArt, started 2026-09-14T20:50:51+02:00
Submitted from: /home/vla/projects/alpamayo2edge
GPU:            NVIDIA RTX PRO 6000 Blackwell Workstation Edition,NVIDIA RTX 6000 Ada Generation
Commit:         31d27fd
Scratch:        /bulk/scratch/vla/320
----------------------------------------------------------------
   CUDA_VISIBLE_DEVICES = GPU-1e9d88da-6c84-dbf7-f179-fdca7207dae0
   CPUs allocated       = 8
   device 0             = NVIDIA RTX PRO 6000 Blackwell Workstation Edition  95.0 GiB total, 93.2 GiB free
wandb sidecar: run stage1-job320 (pid 798851)
----------------------------------------------------------------
wandb: [wandb.login()] Loaded credentials for https://api.wandb.ai from /home/vla/.netrc.
wandb: Currently logged in as: karmishthannauth27 (karmishthannauth27-technical-university-of-munich) to https://api.wandb.ai. Use `wandb login --relogin` to force relogin
INFO:__main__:cameras: ['camera_cross_left_120fov', 'camera_front_wide_120fov', 'camera_cross_right_120fov', 'camera_front_tele_30fov']
INFO:__main__:reward mode: traj   route hint: True
wandb: setting up run stage1-job320
wandb: Tracking run with wandb version 0.25.0
wandb: Run data is saved locally in /home/vla/projects/alpamayo2edge/wandb/run-20260914_205054-stage1-job320
wandb: Run `wandb offline` to turn off syncing.
wandb: Syncing run stage1-job320
wandb: ⭐️ View project at https://wandb.ai/karmishthannauth27-technical-university-of-munich/alpamayo2edge
wandb: 🚀 View run at https://wandb.ai/karmishthannauth27-technical-university-of-munich/alpamayo2edge/runs/stage1-job320
INFO:megatron.core.msc_utils:The multistorageclient package is available.
/home/vla/envs/alpamayo2edge/lib/python3.13/site-packages/megatron/core/distributed/fsdp/src/megatron_fsdp/utils.py:108: UserWarning: Transformer Engine and Apex are not installed. Falling back to local implementations of multi_tensor_applier and multi_tensor_scale
  warnings.warn(
INFO:megatron.core.distributed.fsdp.src.megatron_fsdp.megatron_fsdp:Detected Megatron Core, using Megatron-FSDP with Megatron.
INFO:megatron.core.distributed.fsdp.src.megatron_fsdp.param_and_grad_buffer:Detected Megatron Core, using Megatron-FSDP with Megatron.
/home/vla/envs/alpamayo2edge/lib/python3.13/site-packages/megatron/core/optimizer/__init__.py:24: UserWarning: Transformer Engine and Apex are not installed. Falling back to Torch optimizers.
  warnings.warn(
/home/vla/envs/alpamayo2edge/lib/python3.13/site-packages/megatron/core/optimizer/optimizer.py:28: UserWarning: Transformer Engine and Apex are not installed. Falling back to local implementations of multi_tensor_applier and multi_tensor_scale
  warnings.warn(
/home/vla/envs/alpamayo2edge/lib/python3.13/site-packages/megatron/core/optimizer/clip_grads.py:29: UserWarning: Transformer Engine and Apex are not installed. Falling back to local implementations of multi_tensor_applier, multi_tensor_l2norm, and multi_tensor_scale
  warnings.warn(
[09-14 20:51:00|INFO|cosmos_framework/model/generator/omni_mot_model.py:124:__init__] OmniMoTModel: config {'tokenizer': {'bucket_name': 'bucket', 'object_store_credential_path_pretrained': 'credentials/gcp_training.secret', 'vae_path': 'pretrained/tokenizers/video/wan2pt2/Wan2.2_VAE.pth', 'chunk_duration': 93, 'keep_decoder_cache': False, 'use_streaming_encode': False, 'encode_chunk_frames': {'256': 68, '480': 24, '720': 8, '768': 8}, 'encode_exact_durations': [17, 61, 73], 'spatial_compression_factor': 16, 'temporal_compression_factor': 4, 'temporal_window': None, 'encode_bucket_multiple': None, 'causal': True, '_target_': 'cosmos_framework.model.generator.tokenizers.wan2pt2_vae_4x16x16.Wan2pt2VAEInterface'}, 'load_vision_tokenizer': True, 'lidar_tokenizer': None, 'lidar_state_ch': None, 'lidar_fps': None, 'net': None, 'ema': {'enabled': False, 'rate': 0.1, 'iteration_shift': 0, '_type': 'cosmos_framework.configs.base.defaults.ema.EMAConfig'}, 'parallelism': {'data_parallel_shard_degree': -1, 'data_parallel_replicate_degree': 1, 'context_parallel_shard_degree': 1, 'cfg_parallel_shard_degree': 1, 'enable_inference_mode': True, 'fsdp_master_dtype': 'float32', 'fsdp_reduce_dtype': None, '_type': 'cosmos_framework.configs.base.defaults.parallelism.ParallelismConfig'}, 'attention_io_layout': 'sequence_sharded', 'compile': {'enabled': False, 'compiled_region': 'language', 'compile_dynamic': True, 'use_cuda_graphs': False, 'ar_post_saturation_mode': 'default', 'max_autotune_pointwise': False, 'coordinate_descent_tuning': False, '_type': 'cosmos_framework.configs.base.defaults.compile.CompileConfig'}, 'quantization': {'method': None, 'fp8_granularity': 'per_row', 'modelopt_fp8_checkpoint_path': None, 'mixed_precision_first_steps': 0, 'mixed_precision_last_steps': 0, 'mixed_precision_reasoner_policy': 'high_precision', 'mixed_precision_w8a16_cache': 'none', 'include_regex': [], 'exclude_regex': [], 'modelopt_fp8_target_fqns': [], '_type': 'cosmos_framework.configs.base.defaults.quantization.QuantizationConfig'}, 'activation_checkpointing': {'mode': 'none', 'preserve_rng_state': True, 'determinism_check': 'default', 'save_ops_regex': ['fmha'], '_type': 'cosmos_framework.configs.base.defaults.activation_checkpointing.ActivationCheckpointingConfig'}, 'precision': 'bfloat16', 'lora_enabled': False, 'lora_rank': 16, 'lora_alpha': 32, 'lora_target_modules': 'q_proj_moe_gen,k_proj_moe_gen,v_proj_moe_gen,o_proj_moe_gen', 'rectified_flow_training_config': {'shift': {'256': 3, '480': 5, '720': 10}, 'shift_image': None, 'use_dynamic_shift': False, 'train_time_image_distribution': 'logitnormal', 'train_time_video_distribution': 'waver', 'train_time_action_distribution': 'logitnormal', 'train_time_sound_distribution': 'logitnormal', 'train_time_weight': 'uniform', 'loss_scale': 10.0, 'image_loss_scale': None, 'sound_loss_scale': 2.0, 'lidar_loss_scale': None, 'use_discrete_rf': False, 'action_loss_weight': 10.0, 'independent_action_schedule': False, 'shift_action': None, 'independent_sound_schedule': False, 'shift_sound': None, 'normalize_loss_by_active': False, 'sample_level_loss_averaging': False, 'high_sigma_ratio': 0.05, 'high_sigma_timesteps_max': 1000, 'high_sigma_timesteps_min': 995, 'use_high_sigma_strategy': False, 'use_high_sigma_strategy_action': False, 'use_high_sigma_strategy_sound': False, '_type': 'cosmos_framework.configs.base.defaults.model_config.RectifiedFlowTrainingConfig'}, 'rectified_flow_inference_config': {'scheduler_type': 'unipc', 'num_train_timesteps': 1000, 'shift': 1, 'use_dynamic_shifting': False, '_type': 'cosmos_framework.configs.base.defaults.model_config.RectifiedFlowInferenceConfig'}, 'fixed_step_sampler_config': None, 'vlm_config': {'model_name': 'nvidia/Cosmos3-Edge-Reasoner', 'safetensors_path': '', 'pretrained_weights': {'enabled': False, 'backbone_path': 's3://bucket/cosmos3/pretrained/huggingface/nvidia/Cosmos3-Edge-Reasoner-590c1c0/', 'credentials_path': 'credentials/gcp_checkpoint.secret', 'enable_gcs_patch_in_boto3': True, 'checkpoint_format': None, '_type': 'cosmos_framework.configs.base.defaults.reasoner.PretrainedWeightsConfig'}, 'model_instance': {'_target_': 'cosmos_framework.model.generator.mot.unified_mot.Nemotron3DenseVLTextForCausalLM', 'config': {'_target_': 'cosmos_framework.configs.base.defaults.reasoner.create_vlm_config', 'base_config': {'_target_': 'cosmos_framework.model.generator.mot.unified_mot.Nemotron3DenseVLMoTConfig.from_json_file', 'json_file': 'cosmos_framework/model/generator/reasoner/nemotron_3_dense_vl/configs/Nemotron-2B-Dense-VL.json'}, 'include_visual': None, 'qk_norm_for_text': False, 'use_und_k_norm_for_gen': True}}, 'tokenizer': {'repository': None, 'revision': None, 'subdir': '', '_target_': 'cosmos_framework.data.generator.processors.build_processor_lazy', 'tokenizer_type': '/bulk/users/vla/alpamayo2edge/cosmos3-edge'}, 'layer_module': None, 'qk_norm': False, 'tie_word_embeddings': False, 'use_system_prompt': False, '_type': 'cosmos_framework.configs.base.defaults.reasoner.VLMConfig'}, 'diffusion_expert_config': {'timestep_range': 1.0, 'load_weights_from_pretrained': False, 'enable_vision_modality_embeddings': False, 'enable_media_modality_embedding': False, 'enable_sound_modality_embedding': True, 'patch_spatial': 2, 'max_vae_latent_side_after_patchify': 20, 'enable_fps_modulation': True, 'base_fps': 24, 'sound_base_temporal_compression_factor': None, 'vision_temporal_position_mode': 'latent_index', 'unified_3d_mrope_reset_spatial_ids': True, 'unified_3d_mrope_temporal_modality_margin': 15000, '_type': 'cosmos_framework.configs.base.defaults.model_config.DiffusionExpertConfig'}, 'input_video_key': 'video', 'input_image_key': 'images', 'input_caption_key': 'ai_caption', 'state_ch': 48, 'state_t': 300, 'latent_downsample_factor': 16, 'resolution': '480', 'max_num_tokens_after_packing': 74000, 'joint_attn_implementation': 'two_way', 'flex_attention': {'enabled': False, 'backend': 'auto', 'mask': {'attention_scope': 'all_views'}}, 'natten_parameter_list': None, 'video_temporal_causal': False, 'causal_training_strategy': 'none', 'lbl': {'method': 'local', 'coeff_und': None, 'coeff_gen': None, '_type': 'cosmos_framework.configs.base.defaults.model_config.LBLConfig'}, 'vision_gen': True, 'action_gen': True, 'max_action_dim': 64, 'num_embodiment_domains': 32, 'sound_gen': False, 'sound_tokenizer': None, 'sound_dim': None, 'sound_latent_fps': 25, 'enable_input_bias': True, 'log_enc_time_every_n': 100, 'exclude_reasoner_weights_from_checkpoint': False, '_type': 'cosmos_framework.configs.base.defaults.model_config.OmniMoTModelConfig'}
[09-14 20:51:00|WARNING|cosmos_framework/model/generator/omni_mot_model.py:150:set_precision] OmniMoTModel: precision torch.bfloat16
This processor does not use the `size` parameter. It will be ignored.
[09-14 20:51:00|INFO|cosmos_framework/data/generator/processors/base.py:131:__init__] Successfully loaded processor from local cache
[09-14 20:51:00|INFO|cosmos_framework/utils/checkpoint_db.py:338:download] Downloading checkpoint Wan2.2/vae(4e04ff28f6314d868101503e5a2497fc)
[09-14 20:51:00|INFO|cosmos_framework/utils/checkpoint_db.py:171:_hf_download] uv run --isolated --project /home/vla/projects/cosmos-framework/cosmos_framework/utils/hf_cli --locked --no-default-groups hf download --format=json Wan-AI/Wan2.2-TI2V-5B --repo-type model --revision 921dbaf3f1674a56f47e83fb80a34bac8a8f203e Wan2.2_VAE.pth
Installed 16 packages in 4ms
[09-14 20:51:04|INFO|cosmos_framework/model/generator/tokenizers/wan2pt2_vae_4x16x16.py:1056:_video_vae] loading /bulk/users/vla/alpamayo2edge/hf-cache/models--Wan-AI--Wan2.2-TI2V-5B/snapshots/921dbaf3f1674a56f47e83fb80a34bac8a8f203e/Wan2.2_VAE.pth
[09-14 20:51:04|INFO|cosmos_framework/utils/timer.py:138:_log] Time spent on OmniMoTModel: set_up_tokenizers: 4.24 s
[09-14 20:51:04|INFO|cosmos_framework/utils/generator/parallelism.py:110:_validate] dp_shard auto-inferred to world_size = 1
[09-14 20:51:04|INFO|cosmos_framework/utils/generator/parallelism.py:124:_validate] dp_replicate is set to -1, will be automatically determined based on world_size 1 // dp_shard 1.
[09-14 20:51:04|INFO|cosmos_framework/utils/generator/parallelism.py:129:_validate] dp_replicate is set to 1.
`torch_dtype` is deprecated! Use `dtype` instead!
[09-14 20:51:04|INFO|cosmos_framework/utils/timer.py:138:_log] Time spent on meta to cuda and broadcast model states: 0.07 s
[09-14 20:51:04|INFO|cosmos_framework/utils/timer.py:138:_log] Time spent on Creating PyTorch model and ema if enabled: 0.15 s
[09-14 20:51:04|INFO|cosmos_framework/utils/timer.py:138:_log] Time spent on OmniMoTModel: set_up_model: 0.15 s
/home/vla/envs/alpamayo2edge/lib/python3.13/site-packages/torch/distributed/checkpoint/utils.py:483: UserWarning: torch.distributed is disabled, unavailable or uninitialized, assuming the intent is to load in a single process.
  return func(*args, **kwargs)
[09-14 20:51:06|INFO|../cosmos-framework/cosmos_framework/model/generator/mot/unified_mot.py:2656:_ensure_vision_tower] Edge vision tower: loading from checkpoint-local bundle /bulk/users/vla/alpamayo2edge/cosmos3-edge/vision_encoder
INFO:distill.checkpoint:loaded merged student <- /data/vla/alpamayo2edge/runs/stage1/run-253/best
INFO:__main__:init policy <- /data/vla/alpamayo2edge/runs/stage1/run-253/best (epoch=3 coc_nll=None)
[09-14 20:51:10|INFO|../cosmos-framework/cosmos_framework/utils/generator/lora.py:164:inject_lora_pre_fsdp] Injecting LoRA on meta device: rank=48, alpha=96, targets=['q_proj', 'k_proj', 'v_proj', 'o_proj']
[09-14 20:51:10|INFO|../cosmos-framework/cosmos_framework/utils/generator/lora.py:184:inject_lora_pre_fsdp] LoRA injection successful: 112 modules wrapped, 19,267,584 trainable LoRA params, 2,818,812,416 frozen base params (0.679% trainable)
INFO:__main__:LoRA: {'wrapped': 112, 'by_leaf': {'q_proj': 28, 'k_proj': 28, 'v_proj': 28, 'o_proj': 28}, 'lora_params': 19267584, 'example': ['0.self_attn.q_proj', '0.self_attn.k_proj', '0.self_attn.v_proj']}
INFO:distill.student.context:image processor: Siglip2ImageProcessorCustom (native Cosmos3-Edge port)
INFO:distill.student.context:image processor: Siglip2ImageProcessorCustom (native Cosmos3-Edge port)
INFO:__main__:train prompts: 18954   val eval windows: 150
INFO:distill.data.sampling:maneuver-stratified sampling, alpha=0.50 (D-036):
INFO:distill.data.sampling:   class              n  uniform  effective
INFO:distill.data.sampling:   FOLLOW          6249    33.0%      20.1%
INFO:distill.data.sampling:   KEEP            3942    20.8%      16.0%
INFO:distill.data.sampling:   STOP            2131    11.2%      11.7%
INFO:distill.data.sampling:   NUDGE           1960    10.3%      11.3%
INFO:distill.data.sampling:   ADAPT_SPEED     1870     9.9%      11.0%
INFO:distill.data.sampling:   TURN             626     3.3%       6.4%
INFO:distill.data.sampling:   ACCELERATE       573     3.0%       6.1%
INFO:distill.data.sampling:   SLOW             494     2.6%       5.7%
INFO:distill.data.sampling:   YIELD            451     2.4%       5.4%
INFO:distill.data.sampling:   LANE_CHANGE      382     2.0%       5.0%
INFO:distill.data.sampling:   UNASSIGNED       276     1.5%       1.5%
INFO:__main__:step 0 val: {"n": 150, "traj_ade": 3.792894553532776, "neg_ade": -3.792894553532776, "traj_decoded": 1.0, "gt_score": 0.5266999615827891, "gt_consistent": 0.7372262773722628, "gt_false_clear": 0.21052631578947367, "hazard_ungrounded": 0.14150943396226415, "direction_ok": 0.17647058823529413, "maneuver_acc": 0.6041666666666666, "obj_precision": 0.846031746031746, "termination": 1.0, "mix": {"FOLLOW": 53, "KEEP": 33, "STOP": 25, "NUDGE": 11, "ADAPT_SPEED": 9, "null": 4, "YIELD": 4, "ACCELERATE": 4, "SLOW": 3, "LANE_CHANGE": 3, "TURN": 1}}
/home/vla/projects/alpamayo2edge/src/distill/train_grpo_coc.py:415: UserWarning: Converting a tensor with requires_grad=True to a scalar may lead to unexpected behavior.
Consider using tensor.detach() first. (Triggered internally at /pytorch/torch/csrc/autograd/generated/python_variable_methods.cpp:836.)
  kl_all.append(float((kl * okf).sum() / okf.sum().clamp_min(1)))
INFO:__main__:step 1/200 reward -0.351 [ade 4.05 m decoded 0.99 kin +0.48 dir -0.00] fail 0.01 skip 0.00 kl 0.0000 ce 0.187 |g| 0.13  261s  {'KEEP': 57, 'ADAPT_SPEED': 37, 'ACCELERATE': 17, None: 8, 'FOLLOW': 4, 'LANE_CHANGE': 3}
INFO:__main__:step 2/200 reward -0.113 [ade 1.88 m decoded 1.00 kin +0.49 dir +0.00] fail 0.00 skip 0.00 kl 0.0002 ce 0.113 |g| 0.13  262s  {'FOLLOW': 53, 'KEEP': 24, 'ADAPT_SPEED': 16, 'NUDGE': 15, 'ACCELERATE': 12, 'STOP': 8}
INFO:__main__:step 3/200 reward -0.319 [ade 3.13 m decoded 1.00 kin +0.32 dir -0.11] fail 0.00 skip 0.00 kl 0.0003 ce 0.304 |g| 0.16  265s  {'KEEP': 64, 'STOP': 23, 'ADAPT_SPEED': 18, 'ACCELERATE': 15, 'TURN': 3, 'NUDGE': 2}
INFO:__main__:step 4/200 reward -0.419 [ade 3.32 m decoded 1.00 kin +0.06 dir -0.09] fail 0.00 skip 0.00 kl 0.0002 ce 0.141 |g| 0.11  284s  {'STOP': 33, 'FOLLOW': 31, 'KEEP': 31, 'NUDGE': 30, 'ADAPT_SPEED': 3}
INFO:__main__:step 5/200 reward -0.372 [ade 4.17 m decoded 1.00 kin +0.23 dir +0.04] fail 0.01 skip 0.00 kl 0.0002 ce 0.134 |g| 0.14  266s  {'KEEP': 35, 'ADAPT_SPEED': 33, 'YIELD': 27, 'FOLLOW': 17, 'LANE_CHANGE': 10, None: 3}
INFO:__main__:step 6/200 reward -0.213 [ade 3.09 m decoded 1.00 kin +0.44 dir +0.00] fail 0.00 skip 0.00 kl 0.0003 ce 0.250 |g| 0.12  269s  {'FOLLOW': 36, 'ACCELERATE': 33, 'KEEP': 26, 'NUDGE': 17, 'SLOW': 12, 'ADAPT_SPEED': 4}
INFO:__main__:step 7/200 reward -0.456 [ade 3.20 m decoded 1.00 kin -0.20 dir -0.04] fail 0.00 skip 0.00 kl 0.0003 ce 0.247 |g| 0.23  269s  {'STOP': 37, 'FOLLOW': 32, 'NUDGE': 20, 'LANE_CHANGE': 13, 'TURN': 11, 'YIELD': 7}
INFO:__main__:step 8/200 reward -0.281 [ade 3.17 m decoded 1.00 kin +0.46 dir -0.11] fail 0.00 skip 0.00 kl 0.0003 ce 0.256 |g| 0.21  285s  {'FOLLOW': 46, 'KEEP': 27, 'LANE_CHANGE': 16, 'SLOW': 14, 'STOP': 14, 'ACCELERATE': 9}
INFO:__main__:step 9/200 reward -0.382 [ade 3.57 m decoded 1.00 kin -0.12 dir +0.00] fail 0.00 skip 0.00 kl 0.0003 ce 0.139 |g| 0.19  274s  {'FOLLOW': 65, 'NUDGE': 27, 'STOP': 25, 'YIELD': 8, 'KEEP': 3}
INFO:__main__:step 10/200 reward -0.356 [ade 3.40 m decoded 1.00 kin +0.27 dir -0.06] fail 0.00 skip 0.00 kl 0.0002 ce 0.083 |g| 0.08  273s  {'FOLLOW': 67, 'KEEP': 33, 'ADAPT_SPEED': 15, 'NUDGE': 13}
INFO:__main__:step 11/200 reward -0.232 [ade 2.75 m decoded 1.00 kin +0.30 dir +0.02] fail 0.00 skip 0.00 kl 0.0003 ce 0.089 |g| 0.13  268s  {'FOLLOW': 47, 'ADAPT_SPEED': 30, 'ACCELERATE': 21, 'KEEP': 19, None: 6, 'STOP': 3}
INFO:__main__:step 12/200 reward -0.312 [ade 2.98 m decoded 1.00 kin +0.31 dir -0.12] fail 0.00 skip 0.00 kl 0.0002 ce 0.132 |g| 0.14  269s  {'KEEP': 47, 'FOLLOW': 32, 'LANE_CHANGE': 16, 'STOP': 16, 'YIELD': 16, 'NUDGE': 1}
INFO:__main__:step 13/200 reward -0.408 [ade 2.90 m decoded 1.00 kin -0.20 dir +0.00] fail 0.00 skip 0.00 kl 0.0002 ce 0.148 |g| 0.15  298s  {'KEEP': 62, 'STOP': 39, 'ACCELERATE': 11, None: 10, 'ADAPT_SPEED': 3, 'FOLLOW': 2}
INFO:__main__:step 14/200 reward -0.305 [ade 3.08 m decoded 1.00 kin +0.34 dir +0.02] fail 0.05 skip 0.00 kl 0.0003 ce 0.187 |g| 0.16  268s  {'KEEP': 46, 'FOLLOW': 35, 'STOP': 15, None: 12, 'ACCELERATE': 9, 'NUDGE': 5}
INFO:__main__:step 15/200 reward -0.297 [ade 3.19 m decoded 1.00 kin +0.37 dir -0.06] fail 0.00 skip 0.00 kl 0.0002 ce 0.170 |g| 0.08  263s  {'KEEP': 49, 'STOP': 32, 'FOLLOW': 32, 'NUDGE': 15}
INFO:__main__:step 16/200 reward -0.433 [ade 2.83 m decoded 0.98 kin -0.09 dir -0.00] fail 0.04 skip 0.00 kl 0.0003 ce 0.305 |g| 0.23  262s  {'KEEP': 43, 'STOP': 32, 'NUDGE': 15, 'TURN': 14, 'ACCELERATE': 11, None: 5}
INFO:__main__:step 17/200 reward -0.153 [ade 5.31 m decoded 1.00 kin +0.55 dir +0.00] fail 0.00 skip 0.00 kl 0.0003 ce 0.132 |g| 0.16  263s  {'FOLLOW': 61, 'STOP': 21, 'NUDGE': 15, 'KEEP': 14, 'SLOW': 14, 'YIELD': 1}
INFO:__main__:step 18/200 reward -0.189 [ade 2.42 m decoded 1.00 kin +0.45 dir +0.00] fail 0.00 skip 0.00 kl 0.0003 ce 0.090 |g| 0.09  262s  {'KEEP': 33, 'NUDGE': 29, 'FOLLOW': 28, 'STOP': 20, 'ACCELERATE': 16, 'YIELD': 1}
INFO:__main__:step 19/200 reward -0.226 [ade 2.96 m decoded 1.00 kin +0.42 dir +0.03] fail 0.02 skip 0.00 kl 0.0003 ce 0.220 |g| 0.18  258s  {'FOLLOW': 22, 'NUDGE': 19, 'KEEP': 18, 'YIELD': 17, 'STOP': 16, 'ADAPT_SPEED': 15}
INFO:__main__:step 20/200 reward -0.254 [ade 2.83 m decoded 1.00 kin +0.27 dir +0.08] fail 0.00 skip 0.00 kl 0.0003 ce 0.197 |g| 0.13  279s  {'FOLLOW': 43, 'KEEP': 38, 'NUDGE': 20, 'TURN': 9, 'SLOW': 6, 'ADAPT_SPEED': 6}
INFO:__main__:step 21/200 reward -0.299 [ade 3.43 m decoded 1.00 kin +0.41 dir +0.00] fail 0.00 skip 0.00 kl 0.0003 ce 0.134 |g| 0.10  268s  {'KEEP': 62, 'FOLLOW': 17, 'ADAPT_SPEED': 16, 'STOP': 16, 'SLOW': 15, 'ACCELERATE': 2}
INFO:__main__:step 22/200 reward -0.298 [ade 3.40 m decoded 1.00 kin +0.38 dir -0.02] fail 0.00 skip 0.00 kl 0.0003 ce 0.210 |g| 0.18  279s  {'NUDGE': 33, 'TURN': 25, 'KEEP': 25, 'STOP': 19, 'YIELD': 15, 'ADAPT_SPEED': 6}
INFO:__main__:step 23/200 reward -0.282 [ade 2.97 m decoded 1.00 kin +0.10 dir +0.07] fail 0.00 skip 0.00 kl 0.0003 ce 0.130 |g| 0.12  276s  {'FOLLOW': 34, 'STOP': 32, 'ADAPT_SPEED': 19, 'YIELD': 17, 'KEEP': 12, None: 7}
INFO:__main__:step 24/200 reward -0.446 [ade 4.09 m decoded 1.00 kin +0.18 dir +0.02] fail 0.02 skip 0.00 kl 0.0004 ce 0.190 |g| 0.20  280s  {'ADAPT_SPEED': 31, 'FOLLOW': 28, 'KEEP': 28, 'TURN': 14, 'YIELD': 12, None: 9}
INFO:__main__:step 25/200 reward -0.330 [ade 2.83 m decoded 1.00 kin +0.08 dir +0.00] fail 0.00 skip 0.00 kl 0.0003 ce 0.193 |g| 0.09  269s  {'KEEP': 36, 'SLOW': 32, 'YIELD': 16, 'STOP': 16, 'ADAPT_SPEED': 16, 'ACCELERATE': 12}
INFO:__main__:step 25 val: {"n": 150, "traj_ade": 3.550177863983024, "neg_ade": -3.550177863983024, "traj_decoded": 1.0, "gt_score": 0.5153996101364523, "gt_consistent": 0.725925925925926, "gt_false_clear": 0.21052631578947367, "hazard_ungrounded": 0.14018691588785046, "direction_ok": 0.11764705882352941, "maneuver_acc": 0.625, "obj_precision": 0.8490566037735849, "termination": 1.0, "mix": {"FOLLOW": 55, "KEEP": 32, "STOP": 24, "NUDGE": 13, "ADAPT_SPEED": 11, "ACCELERATE": 5, "null": 3, "YIELD": 2, "TURN": 2, "SLOW": 2, "LANE_CHANGE": 1}}
INFO:distill.checkpoint:saved merged student -> /data/vla/alpamayo2edge/runs/stage1_rl/rl-run-3-traj-4cam/best (992 tensors)
INFO:__main__:  <- new best (val neg_ade -3.550), saved
INFO:__main__:step 26/200 reward -0.053 [ade 2.28 m decoded 1.00 kin +0.70 dir +0.10] fail 0.00 skip 0.00 kl 0.0003 ce 0.082 |g| 0.11  263s  {'KEEP': 50, 'STOP': 32, 'FOLLOW': 17, 'TURN': 14, 'SLOW': 8, 'ADAPT_SPEED': 6}
INFO:__main__:step 27/200 reward -0.376 [ade 2.92 m decoded 1.00 kin +0.00 dir -0.06] fail 0.00 skip 0.00 kl 0.0003 ce 0.143 |g| 0.14  268s  {'FOLLOW': 30, 'KEEP': 29, 'YIELD': 25, 'STOP': 16, 'NUDGE': 14, 'ADAPT_SPEED': 8}
INFO:__main__:step 28/200 reward -0.459 [ade 3.65 m decoded 1.00 kin -0.06 dir -0.06] fail 0.00 skip 0.00 kl 0.0003 ce 0.192 |g| 0.14  255s  {'FOLLOW': 42, 'KEEP': 29, 'ADAPT_SPEED': 21, 'ACCELERATE': 13, 'NUDGE': 13, 'YIELD': 5}
INFO:__main__:step 29/200 reward -0.577 [ade 5.86 m decoded 1.00 kin -0.25 dir -0.05] fail 0.00 skip 0.00 kl 0.0003 ce 0.173 |g| 0.10  261s  {'ADAPT_SPEED': 49, 'KEEP': 43, 'FOLLOW': 16, 'TURN': 14, 'STOP': 3, 'SLOW': 2}
INFO:__main__:step 30/200 reward -0.281 [ade 4.08 m decoded 1.00 kin +0.54 dir +0.01] fail 0.02 skip 0.00 kl 0.0003 ce 0.164 |g| 0.11  253s  {'ACCELERATE': 44, 'KEEP': 33, 'FOLLOW': 16, 'STOP': 16, 'NUDGE': 16, None: 2}
INFO:__main__:step 31/200 reward -0.369 [ade 4.04 m decoded 1.00 kin +0.33 dir -0.02] fail 0.02 skip 0.00 kl 0.0003 ce 0.167 |g| 0.18  263s  {'ADAPT_SPEED': 41, 'KEEP': 30, 'ACCELERATE': 17, 'FOLLOW': 16, None: 8, 'STOP': 5}
INFO:__main__:step 32/200 reward -0.464 [ade 4.77 m decoded 1.00 kin +0.19 dir -0.09] fail 0.00 skip 0.12 kl 0.0003 ce 0.118 |g| 0.12  237s  {'KEEP': 49, 'ADAPT_SPEED': 27, 'YIELD': 19, 'FOLLOW': 16, 'TURN': 6, 'STOP': 6}
INFO:__main__:step 33/200 reward -0.224 [ade 1.90 m decoded 1.00 kin +0.05 dir +0.00] fail 0.00 skip 0.00 kl 0.0003 ce 0.135 |g| 0.21  264s  {'KEEP': 54, 'NUDGE': 33, 'FOLLOW': 17, 'STOP': 11, 'SLOW': 6, 'ADAPT_SPEED': 6}
INFO:__main__:step 34/200 reward -0.535 [ade 4.80 m decoded 1.00 kin +0.07 dir -0.06] fail 0.01 skip 0.00 kl 0.0004 ce 0.151 |g| 0.19  256s  {'KEEP': 38, 'FOLLOW': 24, 'NUDGE': 16, 'YIELD': 16, 'STOP': 14, None: 12}
INFO:__main__:step 35/200 reward -0.358 [ade 2.90 m decoded 1.00 kin -0.09 dir +0.00] fail 0.00 skip 0.00 kl 0.0003 ce 0.224 |g| 0.12  261s  {'STOP': 50, 'FOLLOW': 27, 'KEEP': 22, 'ADAPT_SPEED': 16, 'ACCELERATE': 7, 'LANE_CHANGE': 5}
INFO:__main__:step 36/200 reward -0.499 [ade 4.81 m decoded 1.00 kin +0.07 dir -0.11] fail 0.00 skip 0.00 kl 0.0003 ce 0.237 |g| 0.13  242s  {'KEEP': 77, 'YIELD': 16, 'NUDGE': 16, 'TURN': 11, 'FOLLOW': 3, 'ACCELERATE': 2}
INFO:__main__:step 37/200 reward -0.347 [ade 4.78 m decoded 1.00 kin +0.45 dir -0.00] fail 0.00 skip 0.00 kl 0.0003 ce 0.075 |g| 0.11  260s  {'STOP': 32, 'NUDGE': 27, 'ACCELERATE': 18, 'FOLLOW': 18, 'YIELD': 16, 'LANE_CHANGE': 15}
INFO:__main__:step 38/200 reward -0.508 [ade 5.43 m decoded 1.00 kin +0.23 dir -0.11] fail 0.00 skip 0.00 kl 0.0003 ce 0.143 |g| 0.13  257s  {'KEEP': 47, 'YIELD': 25, 'STOP': 20, 'ADAPT_SPEED': 17, 'SLOW': 16, 'FOLLOW': 3}
INFO:__main__:step 39/200 reward -0.305 [ade 4.30 m decoded 1.00 kin +0.56 dir +0.10] fail 0.00 skip 0.00 kl 0.0003 ce 0.303 |g| 0.14  252s  {'STOP': 32, 'ADAPT_SPEED': 20, 'NUDGE': 20, 'SLOW': 17, 'FOLLOW': 16, 'TURN': 14}
INFO:__main__:step 40/200 reward -0.345 [ade 3.90 m decoded 1.00 kin +0.50 dir -0.06] fail 0.01 skip 0.00 kl 0.0003 ce 0.103 |g| 0.15  258s  {'ADAPT_SPEED': 60, 'KEEP': 29, 'YIELD': 15, 'TURN': 12, 'SLOW': 6, 'FOLLOW': 5}
INFO:__main__:step 41/200 reward -0.363 [ade 5.04 m decoded 1.00 kin +0.39 dir -0.11] fail 0.02 skip 0.00 kl 0.0004 ce 0.134 |g| 0.15  267s  {'FOLLOW': 33, 'KEEP': 31, 'ADAPT_SPEED': 16, 'STOP': 15, 'NUDGE': 14, 'YIELD': 12}
INFO:__main__:step 42/200 reward -0.197 [ade 2.91 m decoded 1.00 kin +0.50 dir +0.12] fail 0.00 skip 0.00 kl 0.0003 ce 0.066 |g| 0.07  268s  {'KEEP': 39, 'STOP': 17, 'YIELD': 16, 'NUDGE': 16, 'LANE_CHANGE': 15, None: 13}
INFO:__main__:step 43/200 reward -0.573 [ade 7.42 m decoded 1.00 kin +0.21 dir -0.09] fail 0.00 skip 0.00 kl 0.0003 ce 0.169 |g| 0.17  250s  {'ADAPT_SPEED': 49, 'KEEP': 28, 'SLOW': 19, 'FOLLOW': 17, 'STOP': 8, 'LANE_CHANGE': 6}
INFO:__main__:step 44/200 reward -0.068 [ade 1.70 m decoded 1.00 kin +0.57 dir +0.00] fail 0.00 skip 0.00 kl 0.0004 ce 0.168 |g| 0.20  257s  {'KEEP': 47, 'STOP': 42, 'NUDGE': 16, 'TURN': 11, 'ADAPT_SPEED': 7, 'YIELD': 2}
INFO:__main__:step 45/200 reward -0.325 [ade 4.28 m decoded 1.00 kin +0.43 dir +0.05] fail 0.00 skip 0.00 kl 0.0004 ce 0.162 |g| 0.12  260s  {'FOLLOW': 61, 'ACCELERATE': 19, 'NUDGE': 16, 'KEEP': 14, 'LANE_CHANGE': 11, 'SLOW': 4}
INFO:__main__:step 46/200 reward -0.651 [ade 5.84 m decoded 1.00 kin +0.06 dir -0.20] fail 0.01 skip 0.00 kl 0.0004 ce 0.208 |g| 0.20  262s  {'FOLLOW': 45, 'ADAPT_SPEED': 38, 'NUDGE': 16, 'STOP': 12, None: 7, 'TURN': 4}
INFO:__main__:step 47/200 reward -0.451 [ade 5.58 m decoded 1.00 kin +0.26 dir -0.02] fail 0.03 skip 0.00 kl 0.0004 ce 0.189 |g| 0.17  260s  {'FOLLOW': 48, 'KEEP': 42, 'ACCELERATE': 11, 'YIELD': 10, 'ADAPT_SPEED': 9, None: 7}
INFO:__main__:step 48/200 reward -0.491 [ade 5.52 m decoded 1.00 kin +0.37 dir -0.07] fail 0.01 skip 0.00 kl 0.0004 ce 0.164 |g| 0.21  274s  {'FOLLOW': 30, 'ADAPT_SPEED': 25, 'KEEP': 20, 'YIELD': 16, 'STOP': 11, None: 7}
INFO:__main__:step 49/200 reward -0.477 [ade 3.59 m decoded 1.00 kin -0.31 dir +0.00] fail 0.00 skip 0.00 kl 0.0003 ce 0.152 |g| 0.11  285s  {'KEEP': 77, 'FOLLOW': 22, 'STOP': 12, 'ACCELERATE': 9, 'NUDGE': 6, 'ADAPT_SPEED': 2}
INFO:__main__:step 50/200 reward -0.321 [ade 3.14 m decoded 1.00 kin +0.24 dir -0.12] fail 0.01 skip 0.00 kl 0.0004 ce 0.239 |g| 0.18  277s  {'NUDGE': 44, 'STOP': 38, 'FOLLOW': 17, 'ADAPT_SPEED': 15, 'KEEP': 6, None: 6}
INFO:__main__:step 50 val: {"n": 150, "traj_ade": 3.741044712149028, "neg_ade": -3.741044712149028, "traj_decoded": 1.0, "gt_score": 0.5003841721091049, "gt_consistent": 0.7372262773722628, "gt_false_clear": 0.23684210526315788, "hazard_ungrounded": 0.14545454545454545, "direction_ok": 0.23529411764705882, "maneuver_acc": 0.6527777777777778, "obj_precision": 0.8379204892966361, "termination": 1.0, "mix": {"FOLLOW": 60, "KEEP": 32, "STOP": 23, "NUDGE": 11, "ADAPT_SPEED": 10, "TURN": 6, "YIELD": 3, "null": 2, "ACCELERATE": 2, "SLOW": 1}}
INFO:__main__:step 51/200 reward -0.149 [ade 2.59 m decoded 1.00 kin +0.54 dir +0.05] fail 0.01 skip 0.00 kl 0.0004 ce 0.134 |g| 0.18  270s  {'FOLLOW': 43, 'KEEP': 26, 'STOP': 24, 'NUDGE': 19, 'TURN': 14, 'ADAPT_SPEED': 1}
INFO:__main__:step 52/200 reward -0.150 [ade 1.77 m decoded 1.00 kin +0.27 dir +0.00] fail 0.00 skip 0.00 kl 0.0004 ce 0.229 |g| 0.11  261s  {'KEEP': 61, 'FOLLOW': 31, 'STOP': 10, 'YIELD': 8, None: 7, 'LANE_CHANGE': 5}
INFO:__main__:step 53/200 reward -0.276 [ade 4.74 m decoded 1.00 kin +0.66 dir +0.07] fail 0.00 skip 0.12 kl 0.0004 ce 0.100 |g| 0.13  260s  {'ADAPT_SPEED': 26, 'SLOW': 18, 'STOP': 18, 'KEEP': 17, 'LANE_CHANGE': 16, 'YIELD': 16}
INFO:__main__:step 54/200 reward -0.249 [ade 2.21 m decoded 1.00 kin +0.05 dir +0.09] fail 0.01 skip 0.00 kl 0.0004 ce 0.240 |g| 0.15  271s  {'FOLLOW': 29, 'YIELD': 28, 'KEEP': 20, 'ADAPT_SPEED': 19, 'LANE_CHANGE': 13, 'SLOW': 9}
INFO:__main__:step 55/200 reward -0.370 [ade 2.48 m decoded 0.99 kin -0.15 dir +0.09] fail 0.02 skip 0.00 kl 0.0004 ce 0.276 |g| 0.23  292s  {'STOP': 38, 'FOLLOW': 26, 'KEEP': 14, 'LANE_CHANGE': 12, 'TURN': 10, 'SLOW': 10}
INFO:__main__:step 56/200 reward -0.359 [ade 3.96 m decoded 1.00 kin +0.37 dir +0.05] fail 0.00 skip 0.00 kl 0.0004 ce 0.123 |g| 0.14  277s  {'KEEP': 59, 'ACCELERATE': 25, 'NUDGE': 19, 'FOLLOW': 11, 'TURN': 10, 'SLOW': 3}
INFO:__main__:step 57/200 reward -0.350 [ade 3.50 m decoded 1.00 kin +0.22 dir -0.06] fail 0.00 skip 0.00 kl 0.0004 ce 0.200 |g| 0.12  270s  {'NUDGE': 41, 'STOP': 30, 'KEEP': 24, 'FOLLOW': 16, 'ACCELERATE': 9, 'ADAPT_SPEED': 8}
INFO:__main__:step 58/200 reward -0.188 [ade 2.03 m decoded 1.00 kin +0.32 dir -0.06] fail 0.00 skip 0.00 kl 0.0004 ce 0.083 |g| 0.10  272s  {'KEEP': 52, 'NUDGE': 30, 'FOLLOW': 17, 'LANE_CHANGE': 15, 'STOP': 11, 'ADAPT_SPEED': 3}
INFO:__main__:step 59/200 reward -0.539 [ade 4.01 m decoded 1.00 kin -0.21 dir +0.04] fail 0.01 skip 0.00 kl 0.0005 ce 0.212 |g| 0.16  284s  {'FOLLOW': 48, 'YIELD': 19, 'STOP': 16, 'TURN': 13, 'NUDGE': 11, 'SLOW': 9}
INFO:__main__:step 60/200 reward -0.395 [ade 3.84 m decoded 1.00 kin +0.28 dir +0.01] fail 0.00 skip 0.00 kl 0.0004 ce 0.121 |g| 0.16  269s  {'ADAPT_SPEED': 29, 'NUDGE': 23, 'FOLLOW': 22, 'STOP': 20, 'KEEP': 18, 'ACCELERATE': 16}
INFO:__main__:step 61/200 reward -0.315 [ade 3.31 m decoded 1.00 kin +0.49 dir -0.08] fail 0.01 skip 0.00 kl 0.0005 ce 0.256 |g| 0.21  270s  {'STOP': 36, 'KEEP': 30, 'ADAPT_SPEED': 18, 'YIELD': 17, 'NUDGE': 14, None: 6}
INFO:__main__:step 62/200 reward -0.349 [ade 4.54 m decoded 1.00 kin +0.32 dir -0.02] fail 0.01 skip 0.00 kl 0.0004 ce 0.156 |g| 0.13  288s  {'FOLLOW': 49, 'KEEP': 45, 'LANE_CHANGE': 16, None: 9, 'ADAPT_SPEED': 6, 'SLOW': 2}
INFO:__main__:step 63/200 reward -0.260 [ade 2.17 m decoded 1.00 kin +0.01 dir -0.01] fail 0.00 skip 0.00 kl 0.0005 ce 0.198 |g| 0.19  280s  {'FOLLOW': 32, 'KEEP': 31, 'STOP': 31, 'NUDGE': 19, 'ACCELERATE': 9, 'YIELD': 4}
INFO:__main__:step 64/200 reward 0.012 [ade 1.39 m decoded 1.00 kin +0.79 dir -0.11] fail 0.00 skip 0.00 kl 0.0004 ce 0.109 |g| 0.10  282s  {'STOP': 35, 'KEEP': 33, 'YIELD': 28, 'FOLLOW': 17, 'LANE_CHANGE': 14, None: 1}
INFO:__main__:step 65/200 reward -0.379 [ade 3.43 m decoded 1.00 kin +0.12 dir -0.06] fail 0.00 skip 0.00 kl 0.0004 ce 0.197 |g| 0.19  262s  {'KEEP': 51, 'STOP': 42, 'ACCELERATE': 15, 'FOLLOW': 11, 'ADAPT_SPEED': 6, 'NUDGE': 2}
INFO:__main__:step 66/200 reward -0.482 [ade 6.70 m decoded 1.00 kin +0.09 dir -0.07] fail 0.00 skip 0.00 kl 0.0004 ce 0.255 |g| 0.14  279s  {'KEEP': 32, 'FOLLOW': 32, 'ADAPT_SPEED': 29, 'LANE_CHANGE': 16, 'SLOW': 10, 'YIELD': 5}
INFO:__main__:step 67/200 reward -0.283 [ade 3.06 m decoded 1.00 kin +0.29 dir -0.05] fail 0.00 skip 0.00 kl 0.0005 ce 0.163 |g| 0.14  287s  {'FOLLOW': 53, 'ADAPT_SPEED': 28, 'ACCELERATE': 15, 'NUDGE': 12, 'SLOW': 8, None: 4}
INFO:__main__:step 68/200 reward -0.733 [ade 5.51 m decoded 1.00 kin -0.30 dir -0.16] fail 0.00 skip 0.00 kl 0.0005 ce 0.204 |g| 0.16  277s  {'YIELD': 52, 'FOLLOW': 32, 'STOP': 21, 'ADAPT_SPEED': 16, 'TURN': 7}
INFO:__main__:step 69/200 reward -0.204 [ade 2.81 m decoded 1.00 kin +0.35 dir +0.08] fail 0.00 skip 0.00 kl 0.0004 ce 0.097 |g| 0.10  270s  {'FOLLOW': 33, 'KEEP': 30, 'NUDGE': 29, 'ACCELERATE': 16, 'STOP': 16, 'ADAPT_SPEED': 4}
INFO:__main__:step 70/200 reward -0.442 [ade 7.06 m decoded 1.00 kin +0.43 dir +0.00] fail 0.00 skip 0.00 kl 0.0004 ce 0.120 |g| 0.16  283s  {'FOLLOW': 37, 'KEEP': 35, 'ADAPT_SPEED': 21, 'ACCELERATE': 16, 'SLOW': 14, 'YIELD': 5}
INFO:__main__:step 71/200 reward -0.519 [ade 5.02 m decoded 1.00 kin +0.11 dir -0.05] fail 0.00 skip 0.00 kl 0.0005 ce 0.136 |g| 0.18  263s  {'NUDGE': 72, 'STOP': 33, 'FOLLOW': 19, 'SLOW': 4}
INFO:__main__:step 72/200 reward -0.241 [ade 1.77 m decoded 1.00 kin +0.00 dir -0.08] fail 0.00 skip 0.00 kl 0.0005 ce 0.293 |g| 0.18  262s  {'STOP': 47, 'FOLLOW': 46, 'KEEP': 15, 'YIELD': 15, 'NUDGE': 3, 'ADAPT_SPEED': 1}
INFO:__main__:step 73/200 reward -0.137 [ade 2.57 m decoded 1.00 kin +0.68 dir +0.00] fail 0.00 skip 0.00 kl 0.0004 ce 0.078 |g| 0.11  249s  {'KEEP': 54, 'STOP': 31, 'FOLLOW': 27, 'ADAPT_SPEED': 16}
INFO:__main__:step 74/200 reward -0.198 [ade 2.27 m decoded 1.00 kin +0.30 dir -0.06] fail 0.00 skip 0.00 kl 0.0005 ce 0.176 |g| 0.09  251s  {'FOLLOW': 33, 'ADAPT_SPEED': 32, 'STOP': 27, 'KEEP': 20, 'NUDGE': 15, 'YIELD': 1}
INFO:__main__:step 75/200 reward -0.347 [ade 4.44 m decoded 1.00 kin +0.32 dir -0.11] fail 0.00 skip 0.00 kl 0.0006 ce 0.108 |g| 0.14  264s  {'STOP': 36, 'FOLLOW': 29, 'YIELD': 17, 'SLOW': 16, 'ADAPT_SPEED': 16, 'KEEP': 12}
INFO:__main__:step 75 val: {"n": 150, "traj_ade": 3.7588549909411766, "neg_ade": -3.7588549909411766, "traj_decoded": 1.0, "gt_score": 0.5530157510564733, "gt_consistent": 0.7372262773722628, "gt_false_clear": 0.18421052631578946, "hazard_ungrounded": 0.13592233009708737, "direction_ok": 0.17647058823529413, "maneuver_acc": 0.6319444444444444, "obj_precision": 0.8545751633986929, "termination": 1.0, "mix": {"FOLLOW": 53, "KEEP": 35, "STOP": 24, "ADAPT_SPEED": 12, "NUDGE": 11, "TURN": 4, "ACCELERATE": 3, "YIELD": 3, "null": 3, "SLOW": 2}}
INFO:__main__:step 76/200 reward -0.058 [ade 1.62 m decoded 1.00 kin +0.55 dir -0.01] fail 0.00 skip 0.00 kl 0.0004 ce 0.131 |g| 0.15  257s  {'KEEP': 46, 'FOLLOW': 38, 'ACCELERATE': 30, 'NUDGE': 10, 'TURN': 2, 'STOP': 1}
INFO:__main__:step 77/200 reward -0.137 [ade 2.59 m decoded 1.00 kin +0.56 dir +0.10] fail 0.00 skip 0.00 kl 0.0005 ce 0.102 |g| 0.14  258s  {'NUDGE': 29, 'STOP': 26, 'KEEP': 25, 'ACCELERATE': 16, 'SLOW': 13, 'FOLLOW': 13}
INFO:__main__:step 78/200 reward -0.217 [ade 2.26 m decoded 1.00 kin +0.23 dir +0.00] fail 0.00 skip 0.00 kl 0.0005 ce 0.173 |g| 0.17  251s  {'KEEP': 60, 'STOP': 35, 'YIELD': 15, 'ADAPT_SPEED': 7, 'ACCELERATE': 7, 'FOLLOW': 4}
INFO:__main__:step 79/200 reward -0.201 [ade 2.82 m decoded 1.00 kin +0.44 dir +0.05] fail 0.00 skip 0.00 kl 0.0005 ce 0.307 |g| 0.17  264s  {'FOLLOW': 44, 'ADAPT_SPEED': 29, 'STOP': 23, 'NUDGE': 12, 'LANE_CHANGE': 7, 'KEEP': 7}
INFO:__main__:step 80/200 reward -0.427 [ade 5.48 m decoded 1.00 kin +0.31 dir +0.00] fail 0.00 skip 0.12 kl 0.0008 ce 0.167 |g| 0.16  232s  {'FOLLOW': 41, 'YIELD': 21, 'KEEP': 17, 'ADAPT_SPEED': 16, 'STOP': 15, 'SLOW': 12}
INFO:__main__:step 81/200 reward -0.398 [ade 4.41 m decoded 1.00 kin +0.28 dir +0.00] fail 0.00 skip 0.00 kl 0.0007 ce 0.313 |g| 0.13  258s  {'NUDGE': 27, 'FOLLOW': 24, 'ACCELERATE': 20, 'ADAPT_SPEED': 18, 'STOP': 18, 'KEEP': 16}
INFO:__main__:step 82/200 reward -0.403 [ade 3.47 m decoded 1.00 kin +0.06 dir -0.03] fail 0.01 skip 0.00 kl 0.0006 ce 0.126 |g| 0.23  250s  {'FOLLOW': 31, 'KEEP': 19, None: 19, 'STOP': 16, 'ACCELERATE': 14, 'ADAPT_SPEED': 14}
INFO:__main__:step 83/200 reward -0.259 [ade 2.15 m decoded 1.00 kin +0.09 dir -0.06] fail 0.00 skip 0.00 kl 0.0005 ce 0.221 |g| 0.10  262s  {'FOLLOW': 50, 'SLOW': 18, 'STOP': 16, 'NUDGE': 16, 'ADAPT_SPEED': 15, 'ACCELERATE': 13}
INFO:__main__:step 84/200 reward -0.207 [ade 2.77 m decoded 1.00 kin +0.39 dir +0.16] fail 0.00 skip 0.00 kl 0.0006 ce 0.130 |g| 0.10  247s  {'KEEP': 32, 'NUDGE': 31, 'STOP': 16, 'ADAPT_SPEED': 16, 'FOLLOW': 16, 'ACCELERATE': 9}
INFO:__main__:step 85/200 reward -0.498 [ade 2.99 m decoded 1.00 kin -0.43 dir -0.06] fail 0.00 skip 0.00 kl 0.0005 ce 0.133 |g| 0.11  262s  {'FOLLOW': 71, 'ADAPT_SPEED': 19, 'KEEP': 17, 'STOP': 16, 'ACCELERATE': 5}
INFO:__main__:step 86/200 reward -0.369 [ade 2.53 m decoded 1.00 kin -0.25 dir -0.00] fail 0.01 skip 0.00 kl 0.0007 ce 0.170 |g| 0.17  252s  {'FOLLOW': 47, 'KEEP': 28, 'NUDGE': 21, 'STOP': 16, 'TURN': 7, None: 4}
INFO:__main__:step 87/200 reward -0.188 [ade 2.84 m decoded 1.00 kin +0.65 dir +0.00] fail 0.00 skip 0.00 kl 0.0006 ce 0.081 |g| 0.13  245s  {'KEEP': 40, 'ACCELERATE': 28, 'ADAPT_SPEED': 28, 'FOLLOW': 26, 'NUDGE': 6}
INFO:__main__:step 88/200 reward -0.328 [ade 3.16 m decoded 1.00 kin +0.17 dir -0.06] fail 0.00 skip 0.00 kl 0.0007 ce 0.124 |g| 0.14  248s  {'NUDGE': 41, 'FOLLOW': 37, 'STOP': 31, 'ADAPT_SPEED': 16, 'KEEP': 3}
INFO:__main__:step 89/200 reward -0.142 [ade 1.99 m decoded 1.00 kin +0.42 dir +0.00] fail 0.00 skip 0.00 kl 0.0006 ce 0.161 |g| 0.14  259s  {'FOLLOW': 54, 'STOP': 24, 'NUDGE': 17, None: 11, 'ACCELERATE': 10, 'KEEP': 8}
INFO:__main__:step 90/200 reward -0.366 [ade 3.70 m decoded 1.00 kin +0.23 dir -0.24] fail 0.00 skip 0.00 kl 0.0006 ce 0.264 |g| 0.20  264s  {'ADAPT_SPEED': 24, 'FOLLOW': 19, 'NUDGE': 19, 'STOP': 18, 'TURN': 16, 'KEEP': 15}
INFO:__main__:step 91/200 reward -0.413 [ade 4.66 m decoded 1.00 kin +0.38 dir -0.11] fail 0.00 skip 0.00 kl 0.0006 ce 0.203 |g| 0.11  261s  {'FOLLOW': 34, 'ADAPT_SPEED': 17, 'STOP': 16, 'KEEP': 16, 'NUDGE': 16, 'ACCELERATE': 13}
INFO:__main__:step 92/200 reward -0.318 [ade 4.22 m decoded 1.00 kin +0.35 dir -0.06] fail 0.00 skip 0.00 kl 0.0006 ce 0.118 |g| 0.09  249s  {'STOP': 32, 'NUDGE': 29, 'FOLLOW': 25, 'KEEP': 17, 'ADAPT_SPEED': 16, 'SLOW': 4}
INFO:__main__:step 93/200 reward -0.366 [ade 3.89 m decoded 1.00 kin +0.24 dir -0.06] fail 0.00 skip 0.00 kl 0.0007 ce 0.151 |g| 0.10  261s  {'FOLLOW': 54, 'ADAPT_SPEED': 37, 'KEEP': 13, 'YIELD': 13, 'ACCELERATE': 9, 'LANE_CHANGE': 1}
INFO:__main__:step 94/200 reward -0.306 [ade 2.47 m decoded 1.00 kin +0.05 dir -0.06] fail 0.00 skip 0.00 kl 0.0006 ce 0.148 |g| 0.12  273s  {'FOLLOW': 59, 'KEEP': 29, 'NUDGE': 16, 'LANE_CHANGE': 9, 'ACCELERATE': 8, 'ADAPT_SPEED': 3}
INFO:__main__:step 95/200 reward -0.299 [ade 3.46 m decoded 1.00 kin +0.33 dir -0.01] fail 0.00 skip 0.00 kl 0.0006 ce 0.138 |g| 0.12  270s  {'KEEP': 37, 'ADAPT_SPEED': 36, 'YIELD': 27, 'STOP': 18, 'NUDGE': 6, 'FOLLOW': 2}
INFO:__main__:step 96/200 reward -0.200 [ade 2.19 m decoded 0.98 kin +0.44 dir -0.09] fail 0.02 skip 0.00 kl 0.0006 ce 0.088 |g| 0.18  280s  {'KEEP': 40, 'FOLLOW': 28, 'STOP': 20, 'ADAPT_SPEED': 13, None: 8, 'TURN': 7}
INFO:__main__:step 97/200 reward -0.233 [ade 2.27 m decoded 1.00 kin +0.07 dir +0.12] fail 0.00 skip 0.00 kl 0.0010 ce 0.085 |g| 0.15  288s  {'KEEP': 51, 'NUDGE': 32, 'FOLLOW': 18, 'SLOW': 14, 'STOP': 13}
INFO:__main__:step 98/200 reward -0.337 [ade 4.63 m decoded 1.00 kin +0.57 dir -0.16] fail 0.00 skip 0.00 kl 0.0007 ce 0.156 |g| 0.13  266s  {'KEEP': 49, 'ADAPT_SPEED': 18, 'STOP': 18, 'FOLLOW': 17, 'NUDGE': 13, 'LANE_CHANGE': 12}
INFO:__main__:step 99/200 reward -0.206 [ade 3.83 m decoded 1.00 kin +0.61 dir +0.07] fail 0.00 skip 0.00 kl 0.0009 ce 0.182 |g| 0.12  275s  {'FOLLOW': 53, 'KEEP': 30, 'ACCELERATE': 17, 'TURN': 15, 'STOP': 9, 'NUDGE': 2}
INFO:__main__:step 100/200 reward -0.439 [ade 4.35 m decoded 1.00 kin +0.18 dir +0.00] fail 0.00 skip 0.12 kl 0.0007 ce 0.106 |g| 0.12  245s  {'ADAPT_SPEED': 49, 'FOLLOW': 38, 'YIELD': 16, 'KEEP': 15, 'NUDGE': 8, 'ACCELERATE': 2}
INFO:__main__:step 100 val: {"n": 150, "traj_ade": 3.719663687717711, "neg_ade": -3.719663687717711, "traj_decoded": 1.0, "gt_score": 0.5809112333071484, "gt_consistent": 0.7388059701492538, "gt_false_clear": 0.15789473684210525, "hazard_ungrounded": 0.13636363636363635, "direction_ok": 0.17647058823529413, "maneuver_acc": 0.6111111111111112, "obj_precision": 0.8516819571865443, "termination": 1.0, "mix": {"FOLLOW": 53, "KEEP": 29, "STOP": 27, "NUDGE": 13, "ADAPT_SPEED": 11, "ACCELERATE": 4, "TURN": 4, "YIELD": 4, "SLOW": 2, "null": 2, "LANE_CHANGE": 1}}
INFO:__main__:step 101/200 reward -0.170 [ade 2.52 m decoded 1.00 kin +0.41 dir +0.10] fail 0.00 skip 0.00 kl 0.0011 ce 0.119 |g| 0.11  261s  {'FOLLOW': 42, 'STOP': 36, 'KEEP': 24, 'TURN': 14, 'ACCELERATE': 10, 'ADAPT_SPEED': 2}
INFO:__main__:step 102/200 reward -0.401 [ade 3.45 m decoded 1.00 kin +0.08 dir +0.00] fail 0.01 skip 0.00 kl 0.0011 ce 0.166 |g| 0.15  279s  {'KEEP': 62, 'FOLLOW': 15, 'YIELD': 14, 'ADAPT_SPEED': 11, 'STOP': 10, 'NUDGE': 7}
INFO:__main__:step 103/200 reward -0.344 [ade 3.68 m decoded 1.00 kin +0.09 dir -0.06] fail 0.00 skip 0.00 kl 0.0008 ce 0.211 |g| 0.16  266s  {'KEEP': 31, 'ADAPT_SPEED': 28, 'FOLLOW': 24, 'YIELD': 16, 'STOP': 13, 'SLOW': 8}
INFO:__main__:step 104/200 reward -0.267 [ade 2.27 m decoded 1.00 kin +0.18 dir -0.16] fail 0.00 skip 0.00 kl 0.0008 ce 0.271 |g| 0.17  283s  {'STOP': 45, 'FOLLOW': 36, 'NUDGE': 23, 'ADAPT_SPEED': 12, 'KEEP': 6, 'ACCELERATE': 5}
INFO:__main__:step 105/200 reward -0.355 [ade 2.56 m decoded 1.00 kin +0.09 dir -0.23] fail 0.00 skip 0.00 kl 0.0009 ce 0.153 |g| 0.20  264s  {'NUDGE': 35, 'FOLLOW': 33, 'KEEP': 16, 'ADAPT_SPEED': 16, 'YIELD': 14, 'STOP': 11}
INFO:__main__:step 106/200 reward -0.142 [ade 1.52 m decoded 1.00 kin +0.16 dir +0.00] fail 0.00 skip 0.00 kl 0.0007 ce 0.086 |g| 0.11  280s  {'NUDGE': 44, 'KEEP': 38, 'FOLLOW': 30, 'STOP': 16}
INFO:__main__:step 107/200 reward -0.382 [ade 3.10 m decoded 1.00 kin +0.12 dir -0.11] fail 0.00 skip 0.00 kl 0.0008 ce 0.112 |g| 0.13  271s  {'KEEP': 43, 'STOP': 28, 'ACCELERATE': 16, 'NUDGE': 16, 'ADAPT_SPEED': 13, 'FOLLOW': 5}
INFO:__main__:step 108/200 reward -0.315 [ade 2.54 m decoded 1.00 kin +0.01 dir +0.00] fail 0.00 skip 0.00 kl 0.0010 ce 0.067 |g| 0.19  267s  {'FOLLOW': 46, 'KEEP': 34, 'STOP': 17, 'ADAPT_SPEED': 17, 'SLOW': 8, 'NUDGE': 6}
INFO:__main__:step 109/200 reward -0.451 [ade 4.54 m decoded 1.00 kin +0.25 dir -0.06] fail 0.00 skip 0.00 kl 0.0008 ce 0.089 |g| 0.15  276s  {'FOLLOW': 63, 'ADAPT_SPEED': 27, 'ACCELERATE': 17, 'KEEP': 11, 'TURN': 7, 'STOP': 3}
INFO:__main__:step 110/200 reward -0.344 [ade 3.14 m decoded 1.00 kin +0.23 dir +0.01] fail 0.01 skip 0.00 kl 0.0008 ce 0.103 |g| 0.12  279s  {'KEEP': 58, 'FOLLOW': 33, 'STOP': 16, 'SLOW': 15, None: 4, 'ADAPT_SPEED': 1}
INFO:__main__:step 111/200 reward -0.498 [ade 3.60 m decoded 1.00 kin +0.04 dir -0.24] fail 0.00 skip 0.00 kl 0.0007 ce 0.230 |g| 0.16  264s  {'FOLLOW': 30, 'STOP': 18, 'SLOW': 17, 'KEEP': 17, 'YIELD': 16, 'LANE_CHANGE': 16}
INFO:__main__:step 112/200 reward -0.329 [ade 3.02 m decoded 1.00 kin +0.17 dir +0.00] fail 0.00 skip 0.00 kl 0.0009 ce 0.097 |g| 0.13  272s  {'FOLLOW': 58, 'KEEP': 24, 'ACCELERATE': 22, 'NUDGE': 10, 'ADAPT_SPEED': 6, 'STOP': 4}
INFO:__main__:step 113/200 reward -0.337 [ade 3.32 m decoded 1.00 kin +0.20 dir -0.04] fail 0.00 skip 0.00 kl 0.0007 ce 0.263 |g| 0.13  276s  {'FOLLOW': 53, 'KEEP': 49, 'ADAPT_SPEED': 15, 'ACCELERATE': 9, 'TURN': 2}
INFO:__main__:step 114/200 reward -0.217 [ade 2.22 m decoded 1.00 kin +0.20 dir -0.03] fail 0.00 skip 0.00 kl 0.0008 ce 0.171 |g| 0.14  284s  {'NUDGE': 36, 'FOLLOW': 33, 'STOP': 32, 'KEEP': 16, 'YIELD': 7, 'ADAPT_SPEED': 2}
INFO:__main__:step 115/200 reward -0.465 [ade 4.63 m decoded 1.00 kin +0.27 dir -0.05] fail 0.00 skip 0.00 kl 0.0010 ce 0.244 |g| 0.21  290s  {'SLOW': 26, 'YIELD': 25, 'ADAPT_SPEED': 19, 'KEEP': 19, 'TURN': 16, 'NUDGE': 13}
INFO:__main__:step 116/200 reward -0.136 [ade 2.47 m decoded 1.00 kin +0.66 dir +0.00] fail 0.00 skip 0.00 kl 0.0007 ce 0.076 |g| 0.08  263s  {'ADAPT_SPEED': 34, 'STOP': 32, 'FOLLOW': 32, 'SLOW': 25, 'NUDGE': 2, 'KEEP': 2}
INFO:__main__:step 117/200 reward -0.575 [ade 4.09 m decoded 1.00 kin -0.37 dir -0.06] fail 0.00 skip 0.00 kl 0.0007 ce 0.118 |g| 0.16  275s  {'FOLLOW': 34, 'ADAPT_SPEED': 27, 'KEEP': 23, 'STOP': 16, 'SLOW': 16, 'NUDGE': 12}
INFO:__main__:step 118/200 reward -0.253 [ade 2.11 m decoded 1.00 kin +0.14 dir -0.06] fail 0.01 skip 0.00 kl 0.0009 ce 0.276 |g| 0.22  259s  {'KEEP': 50, 'FOLLOW': 38, 'ADAPT_SPEED': 17, 'YIELD': 16, 'TURN': 5, None: 1}
INFO:__main__:step 119/200 reward -0.273 [ade 3.30 m decoded 1.00 kin +0.17 dir +0.13] fail 0.00 skip 0.00 kl 0.0009 ce 0.188 |g| 0.12  283s  {'FOLLOW': 61, 'KEEP': 23, 'LANE_CHANGE': 19, 'STOP': 15, 'ADAPT_SPEED': 9, 'SLOW': 1}
INFO:__main__:step 120/200 reward -0.392 [ade 3.44 m decoded 1.00 kin +0.30 dir -0.07] fail 0.02 skip 0.00 kl 0.0013 ce 0.215 |g| 0.13  263s  {'SLOW': 33, 'FOLLOW': 32, None: 16, 'STOP': 12, 'KEEP': 11, 'ACCELERATE': 9}
INFO:__main__:step 121/200 reward -0.449 [ade 4.82 m decoded 1.00 kin +0.48 dir -0.05] fail 0.00 skip 0.00 kl 0.0010 ce 0.149 |g| 0.17  282s  {'ADAPT_SPEED': 43, 'FOLLOW': 42, 'KEEP': 18, 'ACCELERATE': 15, 'NUDGE': 3, 'LANE_CHANGE': 2}
INFO:__main__:step 122/200 reward -0.499 [ade 3.76 m decoded 1.00 kin -0.18 dir -0.06] fail 0.00 skip 0.00 kl 0.0009 ce 0.154 |g| 0.12  274s  {'KEEP': 43, 'YIELD': 32, 'SLOW': 26, 'NUDGE': 16, 'ACCELERATE': 6, 'STOP': 3}
INFO:__main__:step 123/200 reward -0.272 [ade 2.50 m decoded 1.00 kin +0.21 dir -0.06] fail 0.00 skip 0.00 kl 0.0008 ce 0.078 |g| 0.09  267s  {'FOLLOW': 60, 'STOP': 32, 'ACCELERATE': 16, 'KEEP': 16, None: 2, 'YIELD': 2}
INFO:__main__:step 124/200 reward -0.317 [ade 3.13 m decoded 1.00 kin +0.29 dir -0.02] fail 0.00 skip 0.00 kl 0.0009 ce 0.183 |g| 0.13  269s  {'FOLLOW': 32, 'KEEP': 22, 'NUDGE': 17, 'STOP': 17, 'SLOW': 17, 'ADAPT_SPEED': 10}
INFO:__main__:step 125/200 reward -0.217 [ade 2.49 m decoded 1.00 kin +0.24 dir +0.11] fail 0.00 skip 0.00 kl 0.0017 ce 0.183 |g| 0.15  299s  {'NUDGE': 31, 'STOP': 29, 'KEEP': 20, 'LANE_CHANGE': 17, 'ADAPT_SPEED': 16, 'FOLLOW': 14}
INFO:__main__:step 125 val: {"n": 150, "traj_ade": 3.442088561302033, "neg_ade": -3.442088561302033, "traj_decoded": 1.0, "gt_score": 0.4661654135338346, "gt_consistent": 0.7293233082706767, "gt_false_clear": 0.2631578947368421, "hazard_ungrounded": 0.14285714285714285, "direction_ok": 0.17647058823529413, "maneuver_acc": 0.6041666666666666, "obj_precision": 0.8605769230769231, "termination": 1.0, "mix": {"FOLLOW": 53, "KEEP": 30, "STOP": 25, "NUDGE": 13, "ADAPT_SPEED": 11, "SLOW": 5, "YIELD": 4, "TURN": 3, "null": 3, "ACCELERATE": 2, "LANE_CHANGE": 1}}
INFO:distill.checkpoint:saved merged student -> /data/vla/alpamayo2edge/runs/stage1_rl/rl-run-3-traj-4cam/best (992 tensors)
INFO:__main__:  <- new best (val neg_ade -3.442), saved
INFO:__main__:step 126/200 reward -0.120 [ade 2.75 m decoded 1.00 kin +0.52 dir +0.12] fail 0.00 skip 0.00 kl 0.0008 ce 0.095 |g| 0.12  269s  {'KEEP': 36, 'STOP': 30, 'FOLLOW': 22, 'YIELD': 17, 'LANE_CHANGE': 16, 'ACCELERATE': 7}
INFO:__main__:step 127/200 reward -0.134 [ade 2.96 m decoded 1.00 kin +0.72 dir +0.11] fail 0.00 skip 0.00 kl 0.0012 ce 0.114 |g| 0.08  289s  {'FOLLOW': 60, 'STOP': 32, 'ADAPT_SPEED': 16, 'LANE_CHANGE': 14, 'KEEP': 3, None: 2}
INFO:__main__:step 128/200 reward -0.470 [ade 4.62 m decoded 1.00 kin +0.02 dir +0.04] fail 0.00 skip 0.00 kl 0.0011 ce 0.226 |g| 0.18  273s  {'FOLLOW': 27, 'KEEP': 23, 'STOP': 19, 'LANE_CHANGE': 15, 'NUDGE': 13, 'ADAPT_SPEED': 10}
INFO:__main__:step 129/200 reward -0.342 [ade 3.84 m decoded 0.99 kin +0.34 dir -0.03] fail 0.01 skip 0.00 kl 0.0011 ce 0.199 |g| 0.20  270s  {'STOP': 40, 'NUDGE': 21, 'FOLLOW': 18, 'YIELD': 16, 'ACCELERATE': 15, 'SLOW': 10}
INFO:__main__:step 130/200 reward -0.351 [ade 4.26 m decoded 1.00 kin +0.36 dir -0.07] fail 0.00 skip 0.12 kl 0.0009 ce 0.103 |g| 0.08  263s  {'FOLLOW': 48, 'KEEP': 20, 'YIELD': 16, 'ADAPT_SPEED': 15, 'NUDGE': 15, 'LANE_CHANGE': 9}
INFO:__main__:step 131/200 reward -0.319 [ade 3.58 m decoded 1.00 kin +0.29 dir -0.06] fail 0.00 skip 0.00 kl 0.0011 ce 0.145 |g| 0.17  286s  {'KEEP': 44, 'FOLLOW': 41, 'YIELD': 16, 'STOP': 14, 'NUDGE': 8, 'ADAPT_SPEED': 3}
INFO:__main__:step 132/200 reward -0.382 [ade 4.38 m decoded 1.00 kin +0.02 dir +0.25] fail 0.00 skip 0.00 kl 0.0015 ce 0.264 |g| 0.17  299s  {'FOLLOW': 31, 'YIELD': 30, 'TURN': 21, 'KEEP': 17, None: 10, 'LANE_CHANGE': 9}
INFO:__main__:step 133/200 reward -0.438 [ade 8.73 m decoded 1.00 kin +0.25 dir +0.00] fail 0.00 skip 0.00 kl 0.0014 ce 0.144 |g| 0.16  277s  {'ADAPT_SPEED': 27, 'YIELD': 22, 'STOP': 21, 'FOLLOW': 20, 'KEEP': 18, 'NUDGE': 13}
INFO:__main__:step 134/200 reward -0.466 [ade 4.28 m decoded 1.00 kin +0.27 dir +0.04] fail 0.03 skip 0.00 kl 0.0017 ce 0.257 |g| 0.25  284s  {'STOP': 45, 'ACCELERATE': 20, 'NUDGE': 15, 'TURN': 11, 'KEEP': 8, 'FOLLOW': 7}
INFO:__main__:step 135/200 reward -0.130 [ade 2.15 m decoded 1.00 kin +0.64 dir -0.12] fail 0.00 skip 0.00 kl 0.0014 ce 0.208 |g| 0.10  272s  {'FOLLOW': 38, 'KEEP': 36, 'STOP': 27, 'ADAPT_SPEED': 16, 'ACCELERATE': 5, 'NUDGE': 4}
INFO:__main__:step 136/200 reward -0.276 [ade 3.00 m decoded 1.00 kin +0.18 dir +0.07] fail 0.00 skip 0.00 kl 0.0015 ce 0.146 |g| 0.16  274s  {'NUDGE': 33, 'KEEP': 28, 'SLOW': 18, 'FOLLOW': 17, 'ADAPT_SPEED': 16, 'STOP': 7}
INFO:__main__:step 137/200 reward -0.514 [ade 5.53 m decoded 1.00 kin +0.39 dir -0.05] fail 0.01 skip 0.12 kl 0.0012 ce 0.124 |g| 0.14  261s  {'FOLLOW': 51, 'NUDGE': 17, 'KEEP': 15, 'SLOW': 13, 'TURN': 12, 'LANE_CHANGE': 9}
INFO:__main__:step 138/200 reward -0.213 [ade 2.32 m decoded 1.00 kin +0.37 dir -0.02] fail 0.01 skip 0.00 kl 0.0014 ce 0.172 |g| 0.17  277s  {'KEEP': 48, 'FOLLOW': 31, 'TURN': 24, 'STOP': 15, None: 5, 'ADAPT_SPEED': 2}
INFO:__main__:step 139/200 reward -0.215 [ade 2.51 m decoded 1.00 kin +0.37 dir +0.02] fail 0.00 skip 0.00 kl 0.0012 ce 0.188 |g| 0.15  287s  {'KEEP': 41, 'FOLLOW': 32, 'YIELD': 14, 'SLOW': 13, 'NUDGE': 9, None: 6}
INFO:__main__:step 140/200 reward -0.710 [ade 5.51 m decoded 1.00 kin -0.22 dir -0.02] fail 0.00 skip 0.00 kl 0.0013 ce 0.126 |g| 0.14  267s  {'ACCELERATE': 47, 'ADAPT_SPEED': 27, 'STOP': 18, 'TURN': 17, 'SLOW': 16, None: 1}
INFO:__main__:step 141/200 reward -0.352 [ade 2.29 m decoded 1.00 kin -0.30 dir +0.00] fail 0.00 skip 0.00 kl 0.0010 ce 0.133 |g| 0.12  277s  {'FOLLOW': 63, 'KEEP': 27, 'STOP': 21, 'NUDGE': 16, 'SLOW': 1}
INFO:__main__:step 142/200 reward -0.423 [ade 3.67 m decoded 1.00 kin +0.27 dir -0.18] fail 0.00 skip 0.00 kl 0.0014 ce 0.077 |g| 0.13  250s  {'FOLLOW': 47, 'KEEP': 25, 'NUDGE': 23, 'ACCELERATE': 16, 'SLOW': 12, 'ADAPT_SPEED': 5}
INFO:__main__:step 143/200 reward -0.380 [ade 3.50 m decoded 1.00 kin +0.25 dir -0.12] fail 0.00 skip 0.00 kl 0.0021 ce 0.131 |g| 0.17  267s  {'KEEP': 30, 'STOP': 29, 'TURN': 16, 'ADAPT_SPEED': 16, 'NUDGE': 13, 'YIELD': 10}
INFO:__main__:step 144/200 reward -0.270 [ade 2.23 m decoded 1.00 kin +0.11 dir -0.08] fail 0.00 skip 0.00 kl 0.0010 ce 0.209 |g| 0.13  283s  {'KEEP': 51, 'FOLLOW': 48, 'ADAPT_SPEED': 12, 'SLOW': 11, 'TURN': 4, None: 2}
INFO:__main__:step 145/200 reward -0.169 [ade 2.35 m decoded 1.00 kin +0.50 dir +0.00] fail 0.00 skip 0.00 kl 0.0012 ce 0.239 |g| 0.14  267s  {'KEEP': 50, 'SLOW': 18, 'FOLLOW': 16, 'NUDGE': 16, 'YIELD': 16, 'ACCELERATE': 11}
INFO:__main__:step 146/200 reward -0.335 [ade 3.17 m decoded 1.00 kin +0.18 dir +0.00] fail 0.00 skip 0.00 kl 0.0011 ce 0.044 |g| 0.10  282s  {'FOLLOW': 71, 'KEEP': 26, 'STOP': 12, 'YIELD': 11, 'ACCELERATE': 4, 'NUDGE': 2}
INFO:__main__:step 147/200 reward -0.322 [ade 3.26 m decoded 1.00 kin +0.30 dir +0.00] fail 0.00 skip 0.00 kl 0.0013 ce 0.048 |g| 0.14  270s  {'FOLLOW': 48, 'NUDGE': 30, 'STOP': 21, 'ADAPT_SPEED': 15, 'TURN': 11, 'KEEP': 2}
INFO:__main__:step 148/200 reward -0.270 [ade 2.43 m decoded 1.00 kin +0.09 dir +0.10] fail 0.01 skip 0.00 kl 0.0013 ce 0.126 |g| 0.13  282s  {'NUDGE': 37, 'YIELD': 31, 'KEEP': 16, 'LANE_CHANGE': 15, 'STOP': 15, 'FOLLOW': 13}
INFO:__main__:step 149/200 reward -0.246 [ade 2.71 m decoded 1.00 kin +0.19 dir +0.10] fail 0.00 skip 0.00 kl 0.0012 ce 0.151 |g| 0.14  262s  {'FOLLOW': 48, 'KEEP': 32, 'NUDGE': 20, 'ADAPT_SPEED': 18, 'TURN': 6, 'ACCELERATE': 3}
INFO:__main__:step 150/200 reward -0.187 [ade 3.47 m decoded 1.00 kin +0.70 dir +0.09] fail 0.00 skip 0.00 kl 0.0015 ce 0.104 |g| 0.13  276s  {'STOP': 49, 'KEEP': 24, 'FOLLOW': 16, 'YIELD': 15, 'TURN': 13, 'ADAPT_SPEED': 8}
INFO:__main__:step 150 val: {"n": 150, "traj_ade": 3.6947973530983185, "neg_ade": -3.6947973530983185, "traj_decoded": 1.0, "gt_score": 0.4763931888544892, "gt_consistent": 0.7132352941176471, "gt_false_clear": 0.23684210526315788, "hazard_ungrounded": 0.14018691588785046, "direction_ok": 0.11764705882352941, "maneuver_acc": 0.6180555555555556, "obj_precision": 0.8679245283018868, "termination": 1.0, "mix": {"FOLLOW": 57, "KEEP": 33, "STOP": 22, "NUDGE": 11, "ADAPT_SPEED": 9, "TURN": 5, "ACCELERATE": 4, "YIELD": 3, "null": 3, "SLOW": 2, "LANE_CHANGE": 1}}
INFO:__main__:step 151/200 reward -0.488 [ade 4.93 m decoded 1.00 kin +0.05 dir -0.05] fail 0.00 skip 0.12 kl 0.0026 ce 0.098 |g| 0.17  249s  {'FOLLOW': 66, 'STOP': 30, 'YIELD': 10, 'TURN': 8, 'ACCELERATE': 5, 'NUDGE': 4}
INFO:__main__:step 152/200 reward -0.277 [ade 3.36 m decoded 1.00 kin +0.23 dir +0.04] fail 0.00 skip 0.00 kl 0.0011 ce 0.069 |g| 0.13  279s  {'FOLLOW': 22, 'KEEP': 20, 'ADAPT_SPEED': 16, 'NUDGE': 16, 'STOP': 16, 'ACCELERATE': 13}
INFO:__main__:step 153/200 reward -0.296 [ade 2.70 m decoded 1.00 kin +0.06 dir +0.00] fail 0.00 skip 0.00 kl 0.0027 ce 0.259 |g| 0.15  284s  {'KEEP': 33, 'NUDGE': 32, 'STOP': 25, 'SLOW': 16, 'FOLLOW': 13, 'ACCELERATE': 9}
INFO:__main__:step 154/200 reward -0.484 [ade 4.38 m decoded 1.00 kin +0.05 dir +0.10] fail 0.00 skip 0.00 kl 0.0015 ce 0.104 |g| 0.16  275s  {'FOLLOW': 43, 'STOP': 30, 'KEEP': 18, 'ADAPT_SPEED': 16, 'TURN': 11, 'NUDGE': 9}
INFO:__main__:step 155/200 reward -0.415 [ade 5.52 m decoded 1.00 kin -0.03 dir -0.08] fail 0.00 skip 0.12 kl 0.0017 ce 0.127 |g| 0.20  257s  {'STOP': 37, 'ACCELERATE': 31, 'YIELD': 16, 'ADAPT_SPEED': 15, 'FOLLOW': 14, 'KEEP': 8}
INFO:__main__:step 156/200 reward -0.220 [ade 2.41 m decoded 1.00 kin +0.42 dir -0.11] fail 0.00 skip 0.00 kl 0.0019 ce 0.184 |g| 0.15  284s  {'KEEP': 26, 'FOLLOW': 23, 'STOP': 18, 'ADAPT_SPEED': 17, 'NUDGE': 16, 'YIELD': 16}
INFO:__main__:step 157/200 reward -0.433 [ade 3.57 m decoded 1.00 kin +0.03 dir -0.12] fail 0.00 skip 0.00 kl 0.0013 ce 0.253 |g| 0.10  283s  {'YIELD': 37, 'FOLLOW': 34, 'KEEP': 33, 'TURN': 15, 'ACCELERATE': 7, 'SLOW': 2}
INFO:__main__:step 158/200 reward -0.400 [ade 3.80 m decoded 1.00 kin +0.27 dir -0.06] fail 0.01 skip 0.00 kl 0.0024 ce 0.200 |g| 0.17  278s  {'YIELD': 30, 'FOLLOW': 20, 'ACCELERATE': 16, 'TURN': 16, 'KEEP': 14, 'STOP': 13}
INFO:__main__:step 159/200 reward -0.273 [ade 3.17 m decoded 1.00 kin +0.21 dir +0.09] fail 0.00 skip 0.00 kl 0.0019 ce 0.148 |g| 0.19  279s  {'ADAPT_SPEED': 40, 'KEEP': 36, 'STOP': 19, 'FOLLOW': 16, 'LANE_CHANGE': 11, None: 5}
INFO:__main__:step 160/200 reward -0.413 [ade 5.80 m decoded 1.00 kin +0.26 dir -0.04] fail 0.00 skip 0.00 kl 0.0019 ce 0.162 |g| 0.23  270s  {'FOLLOW': 46, 'NUDGE': 23, 'KEEP': 22, 'STOP': 16, 'SLOW': 13, 'LANE_CHANGE': 3}
INFO:__main__:step 161/200 reward -0.512 [ade 4.05 m decoded 1.00 kin +0.10 dir -0.12] fail 0.03 skip 0.00 kl 0.0018 ce 0.178 |g| 0.16  260s  {'FOLLOW': 52, 'KEEP': 25, 'ADAPT_SPEED': 17, 'TURN': 15, None: 7, 'NUDGE': 5}
INFO:__main__:step 162/200 reward -0.217 [ade 2.73 m decoded 0.99 kin +0.31 dir +0.18] fail 0.02 skip 0.00 kl 0.0028 ce 0.270 |g| 0.15  253s  {'STOP': 47, 'TURN': 23, 'ADAPT_SPEED': 16, 'FOLLOW': 15, 'NUDGE': 13, None: 5}
INFO:__main__:step 163/200 reward -0.209 [ade 2.73 m decoded 1.00 kin +0.59 dir -0.06] fail 0.00 skip 0.00 kl 0.0022 ce 0.250 |g| 0.17  251s  {'STOP': 68, 'FOLLOW': 25, 'KEEP': 18, 'ADAPT_SPEED': 14, 'ACCELERATE': 3}
INFO:__main__:step 164/200 reward -0.279 [ade 2.58 m decoded 1.00 kin +0.12 dir +0.02] fail 0.00 skip 0.00 kl 0.0018 ce 0.118 |g| 0.13  256s  {'FOLLOW': 77, 'KEEP': 16, 'NUDGE': 16, 'ADAPT_SPEED': 9, 'TURN': 7, 'LANE_CHANGE': 2}
INFO:__main__:step 165/200 reward -0.452 [ade 5.74 m decoded 1.00 kin +0.33 dir +0.01] fail 0.03 skip 0.00 kl 0.0020 ce 0.194 |g| 0.13  249s  {'FOLLOW': 37, 'ADAPT_SPEED': 16, 'KEEP': 16, 'ACCELERATE': 16, 'NUDGE': 10, 'LANE_CHANGE': 9}
INFO:__main__:step 166/200 reward -0.536 [ade 4.11 m decoded 1.00 kin -0.20 dir -0.09] fail 0.00 skip 0.00 kl 0.0016 ce 0.245 |g| 0.17  264s  {'FOLLOW': 43, 'KEEP': 33, 'ADAPT_SPEED': 16, 'NUDGE': 15, 'STOP': 10, 'TURN': 6}
INFO:__main__:step 167/200 reward -0.266 [ade 2.15 m decoded 1.00 kin +0.01 dir -0.06] fail 0.00 skip 0.00 kl 0.0012 ce 0.052 |g| 0.09  245s  {'KEEP': 50, 'STOP': 25, 'FOLLOW': 19, 'ADAPT_SPEED': 16, 'TURN': 16, 'YIELD': 1}
[2026-09-15T10:23:15.475] error: *** JOB 320 ON ProArt CANCELLED AT 2026-09-15T10:23:15 DUE to SIGNAL Terminated ***
wandb: [wandb.login()] Loaded credentials for https://api.wandb.ai from /home/vla/.netrc.
wandb: Currently logged in as: karmishthannauth27 (karmishthannauth27-technical-university-of-munich) to https://api.wandb.ai. Use `wandb login --relogin` to force relogin
wandb: setting up run stage1-job320
wandb: Tracking run with wandb version 0.25.0
wandb: Run data is saved locally in /home/vla/projects/alpamayo2edge/wandb/run-20260915_102316-stage1-job320
wandb: Run `wandb offline` to turn off syncing.
wandb: Resuming run stage1-job320
wandb: ⭐️ View project at https://wandb.ai/karmishthannauth27-technical-university-of-munich/alpamayo2edge
wandb: 🚀 View run at https://wandb.ai/karmishthannauth27-technical-university-of-munich/alpamayo2edge/runs/stage1-job320
wandb: updating run metadata
wandb: uploading wandb-summary.json; uploading config.yaml; uploading wandb-metadata.json; uploading requirements.txt
wandb: uploading data
wandb: 🚀 View run stage1-job320 at: https://wandb.ai/karmishthannauth27-technical-university-of-munich/alpamayo2edge/runs/stage1-job320
wandb: ⭐️ View project at: https://wandb.ai/karmishthannauth27-technical-university-of-munich/alpamayo2edge
wandb: Synced 4 W&B file(s), 0 media file(s), 0 artifact file(s) and 0 other file(s)
wandb: Find logs at: ./wandb/run-20260915_102316-stage1-job320/logs
