Job 351 on ProArt, started 2026-09-21T19:31:18+02:00
Submitted from: /home/vla/projects/alpamayo2edge
GPU:            NVIDIA RTX PRO 6000 Blackwell Workstation Edition,NVIDIA RTX 6000 Ada Generation
Commit:         ca5c454
Scratch:        /bulk/scratch/vla/351
----------------------------------------------------------------
   CUDA_VISIBLE_DEVICES = GPU-1e9d88da-6c84-dbf7-f179-fdca7207dae0
   CPUs allocated       = 8
   device 0             = NVIDIA RTX PRO 6000 Blackwell Workstation Edition  95.0 GiB total, 94.4 GiB free
wandb sidecar: run stage1-job351 (pid 2549723)
----------------------------------------------------------------
wandb: [wandb.login()] Loaded credentials for https://api.wandb.ai from /home/vla/.netrc.
wandb: Currently logged in as: karmishthannauth27 (karmishthannauth27-technical-university-of-munich) to https://api.wandb.ai. Use `wandb login --relogin` to force relogin
wandb: setting up run stage1-job351
wandb: Tracking run with wandb version 0.25.0
wandb: Run data is saved locally in /home/vla/projects/alpamayo2edge/wandb/run-20260921_193120-stage1-job351
wandb: Run `wandb offline` to turn off syncing.
wandb: Syncing run stage1-job351
wandb: ⭐️ View project at https://wandb.ai/karmishthannauth27-technical-university-of-munich/alpamayo2edge
wandb: 🚀 View run at https://wandb.ai/karmishthannauth27-technical-university-of-munich/alpamayo2edge/runs/stage1-job351
INFO:megatron.core.msc_utils:The multistorageclient package is available.
/home/vla/envs/alpamayo2edge/lib/python3.13/site-packages/megatron/core/distributed/fsdp/src/megatron_fsdp/utils.py:108: UserWarning: Transformer Engine and Apex are not installed. Falling back to local implementations of multi_tensor_applier and multi_tensor_scale
  warnings.warn(
INFO:megatron.core.distributed.fsdp.src.megatron_fsdp.megatron_fsdp:Detected Megatron Core, using Megatron-FSDP with Megatron.
INFO:megatron.core.distributed.fsdp.src.megatron_fsdp.param_and_grad_buffer:Detected Megatron Core, using Megatron-FSDP with Megatron.
/home/vla/envs/alpamayo2edge/lib/python3.13/site-packages/megatron/core/optimizer/__init__.py:24: UserWarning: Transformer Engine and Apex are not installed. Falling back to Torch optimizers.
  warnings.warn(
/home/vla/envs/alpamayo2edge/lib/python3.13/site-packages/megatron/core/optimizer/optimizer.py:28: UserWarning: Transformer Engine and Apex are not installed. Falling back to local implementations of multi_tensor_applier and multi_tensor_scale
  warnings.warn(
/home/vla/envs/alpamayo2edge/lib/python3.13/site-packages/megatron/core/optimizer/clip_grads.py:29: UserWarning: Transformer Engine and Apex are not installed. Falling back to local implementations of multi_tensor_applier, multi_tensor_l2norm, and multi_tensor_scale
  warnings.warn(
[09-21 19:31:23|INFO|cosmos_framework/model/generator/omni_mot_model.py:124:__init__] OmniMoTModel: config {'tokenizer': {'bucket_name': 'bucket', 'object_store_credential_path_pretrained': 'credentials/gcp_training.secret', 'vae_path': 'pretrained/tokenizers/video/wan2pt2/Wan2.2_VAE.pth', 'chunk_duration': 93, 'keep_decoder_cache': False, 'use_streaming_encode': False, 'encode_chunk_frames': {'256': 68, '480': 24, '720': 8, '768': 8}, 'encode_exact_durations': [17, 61, 73], 'spatial_compression_factor': 16, 'temporal_compression_factor': 4, 'temporal_window': None, 'encode_bucket_multiple': None, 'causal': True, '_target_': 'cosmos_framework.model.generator.tokenizers.wan2pt2_vae_4x16x16.Wan2pt2VAEInterface'}, 'load_vision_tokenizer': True, 'lidar_tokenizer': None, 'lidar_state_ch': None, 'lidar_fps': None, 'net': None, 'ema': {'enabled': False, 'rate': 0.1, 'iteration_shift': 0, '_type': 'cosmos_framework.configs.base.defaults.ema.EMAConfig'}, 'parallelism': {'data_parallel_shard_degree': -1, 'data_parallel_replicate_degree': 1, 'context_parallel_shard_degree': 1, 'cfg_parallel_shard_degree': 1, 'enable_inference_mode': True, 'fsdp_master_dtype': 'float32', 'fsdp_reduce_dtype': None, '_type': 'cosmos_framework.configs.base.defaults.parallelism.ParallelismConfig'}, 'attention_io_layout': 'sequence_sharded', 'compile': {'enabled': False, 'compiled_region': 'language', 'compile_dynamic': True, 'use_cuda_graphs': False, 'ar_post_saturation_mode': 'default', 'max_autotune_pointwise': False, 'coordinate_descent_tuning': False, '_type': 'cosmos_framework.configs.base.defaults.compile.CompileConfig'}, 'quantization': {'method': None, 'fp8_granularity': 'per_row', 'modelopt_fp8_checkpoint_path': None, 'mixed_precision_first_steps': 0, 'mixed_precision_last_steps': 0, 'mixed_precision_reasoner_policy': 'high_precision', 'mixed_precision_w8a16_cache': 'none', 'include_regex': [], 'exclude_regex': [], 'modelopt_fp8_target_fqns': [], '_type': 'cosmos_framework.configs.base.defaults.quantization.QuantizationConfig'}, 'activation_checkpointing': {'mode': 'none', 'preserve_rng_state': True, 'determinism_check': 'default', 'save_ops_regex': ['fmha'], '_type': 'cosmos_framework.configs.base.defaults.activation_checkpointing.ActivationCheckpointingConfig'}, 'precision': 'bfloat16', 'lora_enabled': False, 'lora_rank': 16, 'lora_alpha': 32, 'lora_target_modules': 'q_proj_moe_gen,k_proj_moe_gen,v_proj_moe_gen,o_proj_moe_gen', 'rectified_flow_training_config': {'shift': {'256': 3, '480': 5, '720': 10}, 'shift_image': None, 'use_dynamic_shift': False, 'train_time_image_distribution': 'logitnormal', 'train_time_video_distribution': 'waver', 'train_time_action_distribution': 'logitnormal', 'train_time_sound_distribution': 'logitnormal', 'train_time_weight': 'uniform', 'loss_scale': 10.0, 'image_loss_scale': None, 'sound_loss_scale': 2.0, 'lidar_loss_scale': None, 'use_discrete_rf': False, 'action_loss_weight': 10.0, 'independent_action_schedule': False, 'shift_action': None, 'independent_sound_schedule': False, 'shift_sound': None, 'normalize_loss_by_active': False, 'sample_level_loss_averaging': False, 'high_sigma_ratio': 0.05, 'high_sigma_timesteps_max': 1000, 'high_sigma_timesteps_min': 995, 'use_high_sigma_strategy': False, 'use_high_sigma_strategy_action': False, 'use_high_sigma_strategy_sound': False, '_type': 'cosmos_framework.configs.base.defaults.model_config.RectifiedFlowTrainingConfig'}, 'rectified_flow_inference_config': {'scheduler_type': 'unipc', 'num_train_timesteps': 1000, 'shift': 1, 'use_dynamic_shifting': False, '_type': 'cosmos_framework.configs.base.defaults.model_config.RectifiedFlowInferenceConfig'}, 'fixed_step_sampler_config': None, 'vlm_config': {'model_name': 'nvidia/Cosmos3-Edge-Reasoner', 'safetensors_path': '', 'pretrained_weights': {'enabled': False, 'backbone_path': 's3://bucket/cosmos3/pretrained/huggingface/nvidia/Cosmos3-Edge-Reasoner-590c1c0/', 'credentials_path': 'credentials/gcp_checkpoint.secret', 'enable_gcs_patch_in_boto3': True, 'checkpoint_format': None, '_type': 'cosmos_framework.configs.base.defaults.reasoner.PretrainedWeightsConfig'}, 'model_instance': {'_target_': 'cosmos_framework.model.generator.mot.unified_mot.Nemotron3DenseVLTextForCausalLM', 'config': {'_target_': 'cosmos_framework.configs.base.defaults.reasoner.create_vlm_config', 'base_config': {'_target_': 'cosmos_framework.model.generator.mot.unified_mot.Nemotron3DenseVLMoTConfig.from_json_file', 'json_file': 'cosmos_framework/model/generator/reasoner/nemotron_3_dense_vl/configs/Nemotron-2B-Dense-VL.json'}, 'include_visual': None, 'qk_norm_for_text': False, 'use_und_k_norm_for_gen': True}}, 'tokenizer': {'repository': None, 'revision': None, 'subdir': '', '_target_': 'cosmos_framework.data.generator.processors.build_processor_lazy', 'tokenizer_type': '/bulk/users/vla/alpamayo2edge/cosmos3-edge'}, 'layer_module': None, 'qk_norm': False, 'tie_word_embeddings': False, 'use_system_prompt': False, '_type': 'cosmos_framework.configs.base.defaults.reasoner.VLMConfig'}, 'diffusion_expert_config': {'timestep_range': 1.0, 'load_weights_from_pretrained': False, 'enable_vision_modality_embeddings': False, 'enable_media_modality_embedding': False, 'enable_sound_modality_embedding': True, 'patch_spatial': 2, 'max_vae_latent_side_after_patchify': 20, 'enable_fps_modulation': True, 'base_fps': 24, 'sound_base_temporal_compression_factor': None, 'vision_temporal_position_mode': 'latent_index', 'unified_3d_mrope_reset_spatial_ids': True, 'unified_3d_mrope_temporal_modality_margin': 15000, '_type': 'cosmos_framework.configs.base.defaults.model_config.DiffusionExpertConfig'}, 'input_video_key': 'video', 'input_image_key': 'images', 'input_caption_key': 'ai_caption', 'state_ch': 48, 'state_t': 300, 'latent_downsample_factor': 16, 'resolution': '480', 'max_num_tokens_after_packing': 74000, 'joint_attn_implementation': 'two_way', 'flex_attention': {'enabled': False, 'backend': 'auto', 'mask': {'attention_scope': 'all_views'}}, 'natten_parameter_list': None, 'video_temporal_causal': False, 'causal_training_strategy': 'none', 'lbl': {'method': 'local', 'coeff_und': None, 'coeff_gen': None, '_type': 'cosmos_framework.configs.base.defaults.model_config.LBLConfig'}, 'vision_gen': True, 'action_gen': True, 'max_action_dim': 64, 'num_embodiment_domains': 32, 'sound_gen': False, 'sound_tokenizer': None, 'sound_dim': None, 'sound_latent_fps': 25, 'enable_input_bias': True, 'log_enc_time_every_n': 100, 'exclude_reasoner_weights_from_checkpoint': False, '_type': 'cosmos_framework.configs.base.defaults.model_config.OmniMoTModelConfig'}
[09-21 19:31:23|WARNING|cosmos_framework/model/generator/omni_mot_model.py:150:set_precision] OmniMoTModel: precision torch.bfloat16
This processor does not use the `size` parameter. It will be ignored.
[09-21 19:31:23|INFO|cosmos_framework/data/generator/processors/base.py:131:__init__] Successfully loaded processor from local cache
[09-21 19:31:23|INFO|cosmos_framework/utils/checkpoint_db.py:338:download] Downloading checkpoint Wan2.2/vae(4ba508f2764c4065a9457b5e678cf293)
[09-21 19:31:23|INFO|cosmos_framework/utils/checkpoint_db.py:171:_hf_download] uv run --isolated --project /home/vla/projects/cosmos-framework/cosmos_framework/utils/hf_cli --locked --no-default-groups hf download --format=json Wan-AI/Wan2.2-TI2V-5B --repo-type model --revision 921dbaf3f1674a56f47e83fb80a34bac8a8f203e Wan2.2_VAE.pth
Installed 16 packages in 2ms
[09-21 19:31:25|INFO|cosmos_framework/model/generator/tokenizers/wan2pt2_vae_4x16x16.py:1056:_video_vae] loading /bulk/users/vla/alpamayo2edge/hf-cache/models--Wan-AI--Wan2.2-TI2V-5B/snapshots/921dbaf3f1674a56f47e83fb80a34bac8a8f203e/Wan2.2_VAE.pth
[09-21 19:31:25|INFO|cosmos_framework/utils/timer.py:138:_log] Time spent on OmniMoTModel: set_up_tokenizers: 2.30 s
[09-21 19:31:25|INFO|cosmos_framework/utils/generator/parallelism.py:110:_validate] dp_shard auto-inferred to world_size = 1
[09-21 19:31:25|INFO|cosmos_framework/utils/generator/parallelism.py:124:_validate] dp_replicate is set to -1, will be automatically determined based on world_size 1 // dp_shard 1.
[09-21 19:31:25|INFO|cosmos_framework/utils/generator/parallelism.py:129:_validate] dp_replicate is set to 1.
`torch_dtype` is deprecated! Use `dtype` instead!
[09-21 19:31:25|INFO|cosmos_framework/utils/timer.py:138:_log] Time spent on meta to cuda and broadcast model states: 0.04 s
[09-21 19:31:25|INFO|cosmos_framework/utils/timer.py:138:_log] Time spent on Creating PyTorch model and ema if enabled: 0.11 s
[09-21 19:31:25|INFO|cosmos_framework/utils/timer.py:138:_log] Time spent on OmniMoTModel: set_up_model: 0.11 s
/home/vla/envs/alpamayo2edge/lib/python3.13/site-packages/torch/distributed/checkpoint/utils.py:483: UserWarning: torch.distributed is disabled, unavailable or uninitialized, assuming the intent is to load in a single process.
  return func(*args, **kwargs)
INFO:distill.student.context:image processor: Siglip2ImageProcessorCustom (native Cosmos3-Edge port)
[09-21 19:31:27|INFO|../cosmos-framework/cosmos_framework/model/generator/mot/unified_mot.py:2656:_ensure_vision_tower] Edge vision tower: loading from checkpoint-local bundle /bulk/users/vla/alpamayo2edge/cosmos3-edge/vision_encoder
INFO:distill.data.grounding:grounding filter (D-043): kept 15381 / 18954 windows, dropped 3573 (18.9%)
INFO:distill.data.grounding:   dropped FOLLOW         1508
INFO:distill.data.grounding:   dropped KEEP            632
INFO:distill.data.grounding:   dropped STOP            571
INFO:distill.data.grounding:   dropped TURN            302
INFO:distill.data.grounding:   dropped ACCELERATE      162
INFO:distill.data.grounding:   dropped YIELD           126
INFO:distill.data.grounding:   dropped SLOW            104
INFO:distill.data.grounding:   dropped LANE_CHANGE      81
INFO:distill.data.grounding:   dropped NUDGE            79
INFO:distill.data.grounding:   dropped UNPARSED          8
INFO:__main__:context: traj_prefix=gt route_hint=True | train: image_dropout=0.00 filter_contradictions=True prefix_noise_bins=64.0 prefix_mask_prob=0.25 windows=15381
INFO:__main__:layer map (student -> teacher): {8: 3, 21: 8, 22: 12, 23: 17, 24: 21, 25: 26, 26: 30, 27: 35}
[09-21 19:31:44|INFO|../cosmos-framework/cosmos_framework/utils/generator/lora.py:164:inject_lora_pre_fsdp] Injecting LoRA on meta device: rank=48, alpha=96, targets=['q_proj', 'k_proj', 'v_proj', 'o_proj']
[09-21 19:31:44|INFO|../cosmos-framework/cosmos_framework/utils/generator/lora.py:184:inject_lora_pre_fsdp] LoRA injection successful: 112 modules wrapped, 19,267,584 trainable LoRA params, 2,818,812,416 frozen base params (0.679% trainable)
INFO:__main__:LoRA: {'wrapped': 112, 'by_leaf': {'q_proj': 28, 'k_proj': 28, 'v_proj': 28, 'o_proj': 28}, 'lora_params': 19267584, 'example': ['0.self_attn.q_proj', '0.self_attn.k_proj', '0.self_attn.v_proj']}
INFO:__main__:trainable 639.7M [group0(x1.0): 19.3M, group1(x8.0): 553.3M, group2(x8.0): 67.1M]
INFO:__main__:checkpoints -> /data/vla/alpamayo2edge/runs/stage1/run-351/best  (<stage>/best symlinks here)
/home/vla/projects/alpamayo2edge/src/distill/train_stage1.py:409: UserWarning: Converting a tensor with requires_grad=True to a scalar may lead to unexpected behavior.
Consider using tensor.detach() first. (Triggered internally at /pytorch/torch/csrc/autograd/generated/python_variable_methods.cpp:836.)
  breakdown = " ".join(f"{k} {float(v):.3f}" for k, v in terms.items())
INFO:__main__:epoch 0 step 20/5772 loss 18.0564 [traj 11.206 traj_accel 9.644 text 4.887 struct 1.921 feat 0.404 gt_soft 12.208 gt 12.033] drop 0/4
INFO:__main__:epoch 0 step 40/5772 loss 11.7268 [traj 7.386 traj_accel 4.962 text 3.013 struct 0.421 feat 0.389 gt_soft 8.503 gt 8.492] drop 0/4
INFO:__main__:epoch 0 step 60/5772 loss 6.1697 [traj 4.268 traj_accel 4.631 text 0.810 struct 0.062 feat 0.413 gt_soft 5.329 gt 5.229] drop 0/4
INFO:__main__:epoch 0 step 80/5772 loss 6.1367 [traj 4.232 traj_accel 5.225 text 0.162 struct 0.003 feat 0.426 gt_soft 5.973 gt 5.885] drop 0/4
INFO:__main__:epoch 0 step 100/5772 loss 5.9959 [traj 3.769 traj_accel 4.302 text 0.291 struct 0.004 feat 0.415 gt_soft 5.703 gt 5.621] drop 0/4
INFO:__main__:epoch 0 step 120/5772 loss 6.6023 [traj 4.789 traj_accel 5.715 text 1.575 struct 0.160 feat 0.411 gt_soft 4.947 gt 4.771] drop 0/4
INFO:__main__:epoch 0 step 140/5772 loss 6.2807 [traj 3.969 traj_accel 4.106 text 0.642 struct 0.009 feat 0.406 gt_soft 5.635 gt 5.593] drop 0/4
INFO:__main__:epoch 0 step 160/5772 loss 5.1682 [traj 3.209 traj_accel 5.337 text 0.333 struct 0.024 feat 0.419 gt_soft 4.823 gt 4.647] drop 0/4
INFO:__main__:epoch 0 step 180/5772 loss 6.2702 [traj 3.181 traj_accel 5.390 text 1.615 struct 0.055 feat 0.442 gt_soft 4.628 gt 4.387] drop 0/4
INFO:__main__:epoch 0 step 200/5772 loss 5.1072 [traj 3.165 traj_accel 5.089 text 0.093 struct 0.002 feat 0.423 gt_soft 5.013 gt 4.850] drop 0/4
INFO:__main__:epoch 0 step 220/5772 loss 4.7384 [traj 2.564 traj_accel 6.371 text 0.270 struct 0.052 feat 0.438 gt_soft 4.442 gt 4.249] drop 0/4
INFO:__main__:epoch 0 step 240/5772 loss 4.7839 [traj 2.818 traj_accel 4.916 text 0.156 struct 0.000 feat 0.402 gt_soft 4.627 gt 4.490] drop 0/4
INFO:__main__:epoch 0 step 260/5772 loss 6.4690 [traj 4.745 traj_accel 5.744 text 0.849 struct 0.003 feat 0.436 gt_soft 5.619 gt 5.565] drop 0/4
INFO:__main__:epoch 0 step 280/5772 loss 6.0248 [traj 5.022 traj_accel 6.392 text 1.155 struct 0.001 feat 0.419 gt_soft 4.869 gt 4.779] drop 0/4
INFO:__main__:epoch 0 step 300/5772 loss 5.1113 [traj 5.272 traj_accel 5.663 text 0.465 struct 0.010 feat 0.414 gt_soft 4.642 gt 4.442] drop 0/4
INFO:__main__:epoch 0 step 320/5772 loss 4.9743 [traj 2.705 traj_accel 5.567 text 0.402 struct 0.036 feat 0.424 gt_soft 4.554 gt 4.453] drop 0/4
INFO:__main__:epoch 0 step 340/5772 loss 4.9895 [traj 3.173 traj_accel 4.703 text 0.174 struct 0.001 feat 0.440 gt_soft 4.815 gt 4.737] drop 0/4
INFO:__main__:epoch 0 step 360/5772 loss 5.2832 [traj 3.059 traj_accel 5.797 text 0.795 struct 0.069 feat 0.416 gt_soft 4.454 gt 4.315] drop 0/4
INFO:__main__:epoch 0 step 380/5772 loss 4.5778 [traj 2.867 traj_accel 5.245 text 0.179 struct 0.007 feat 0.436 gt_soft 4.395 gt 4.247] drop 0/4
INFO:__main__:epoch 0 step 400/5772 loss 5.5309 [traj 4.388 traj_accel 3.713 text 0.125 struct 0.000 feat 0.438 gt_soft 5.405 gt 5.363] drop 0/4
INFO:__main__:epoch 0 step 420/5772 loss 5.4936 [traj 2.876 traj_accel 5.176 text 0.653 struct 0.003 feat 0.427 gt_soft 4.839 gt 4.722] drop 0/4
INFO:__main__:epoch 0 step 440/5772 loss 4.1814 [traj 2.635 traj_accel 6.096 text 0.349 struct 0.025 feat 0.423 gt_soft 3.820 gt 3.611] drop 0/4
INFO:__main__:epoch 0 step 460/5772 loss 5.1139 [traj 3.445 traj_accel 3.813 text 0.181 struct 0.000 feat 0.430 gt_soft 4.932 gt 4.732] drop 0/4
INFO:__main__:epoch 0 step 480/5772 loss 4.3323 [traj 2.988 traj_accel 6.020 text 0.169 struct 0.001 feat 0.433 gt_soft 4.163 gt 3.994] drop 0/4
INFO:distill.student.context:image processor: Siglip2ImageProcessorCustom (native Cosmos3-Edge port)
INFO:distill.eval.coarse_minade:coarse minADE_6 on challenging: 3.119 m (p90 5.906, n=60)
INFO:distill.student.context:image processor: Siglip2ImageProcessorCustom (native Cosmos3-Edge port)
INFO:distill.student.context:image processor: Siglip2ImageProcessorCustom (native Cosmos3-Edge port)
INFO:__main__:epoch 0 val CoC vs DRIVER (n=400): gt_score 0.501 | consistent 0.725 false_clear 0.223 direction_ok 0.547 maneuver_acc 0.581 termination 1.000 | mix {'FOLLOW': 112, 'KEEP': 88, 'NUDGE': 78, 'STOP': 42, 'ADAPT_SPEED': 29, 'TURN': 26, 'YIELD': 11, 'ACCELERATE': 9, 'SLOW': 5}
INFO:__main__:epoch 0 challenging coarse-minADE 3.119 m | val CoC NLL 0.605 struct NLL 0.022 | gt_ce_w 1.000 | select_on coc_gt=-0.501  <- new best
INFO:__main__:adapters -> /data/vla/alpamayo2edge/runs/stage1/run-351/epoch-00
INFO:distill.checkpoint:saved merged student -> /data/vla/alpamayo2edge/runs/stage1/run-351/best (992 tensors)
INFO:__main__:epoch 1 step 500/5772 loss 6.8668 [traj 6.151 traj_accel 5.635 text 0.954 struct 0.093 feat 0.443 gt_soft 5.866 gt 5.837] drop 0/4
INFO:__main__:epoch 1 step 520/5772 loss 4.8041 [traj 2.720 traj_accel 4.079 text 0.205 struct 0.001 feat 0.419 gt_soft 4.599 gt 4.462] drop 0/4
INFO:__main__:epoch 1 step 540/5772 loss 5.3340 [traj 3.323 traj_accel 4.556 text 0.375 struct 0.020 feat 0.436 gt_soft 4.949 gt 4.847] drop 0/4
INFO:__main__:epoch 1 step 560/5772 loss 4.9398 [traj 3.075 traj_accel 4.285 text 0.137 struct 0.000 feat 0.436 gt_soft 4.802 gt 4.647] drop 0/4
INFO:__main__:epoch 1 step 580/5772 loss 5.6233 [traj 4.336 traj_accel 4.366 text 1.132 struct 0.001 feat 0.406 gt_soft 4.491 gt 4.409] drop 0/4
INFO:__main__:epoch 1 step 600/5772 loss 5.7393 [traj 5.135 traj_accel 6.746 text 0.953 struct 0.013 feat 0.409 gt_soft 4.780 gt 4.513] drop 0/4
INFO:__main__:epoch 1 step 620/5772 loss 4.9030 [traj 3.237 traj_accel 5.535 text 0.094 struct 0.000 feat 0.443 gt_soft 4.809 gt 4.668] drop 0/4
INFO:__main__:epoch 1 step 640/5772 loss 4.4705 [traj 2.841 traj_accel 6.076 text 0.031 struct 0.001 feat 0.425 gt_soft 4.439 gt 4.270] drop 0/4
INFO:__main__:epoch 1 step 660/5772 loss 5.4368 [traj 3.527 traj_accel 5.339 text 0.155 struct 0.052 feat 0.431 gt_soft 5.256 gt 5.187] drop 0/4
INFO:__main__:epoch 1 step 680/5772 loss 5.2944 [traj 4.265 traj_accel 4.870 text 0.210 struct 0.000 feat 0.438 gt_soft 5.084 gt 5.023] drop 0/4
INFO:__main__:epoch 1 step 700/5772 loss 5.1249 [traj 4.489 traj_accel 7.038 text 0.692 struct 0.002 feat 0.419 gt_soft 4.432 gt 4.307] drop 0/4
INFO:__main__:epoch 1 step 720/5772 loss 4.9315 [traj 4.786 traj_accel 6.656 text 0.164 struct 0.004 feat 0.419 gt_soft 4.765 gt 4.624] drop 0/4
INFO:__main__:epoch 1 step 740/5772 loss 5.3974 [traj 3.690 traj_accel 4.218 text 0.277 struct 0.006 feat 0.413 gt_soft 5.117 gt 5.031] drop 0/4
INFO:__main__:epoch 1 step 760/5772 loss 4.8348 [traj 2.889 traj_accel 4.696 text 0.204 struct 0.000 feat 0.422 gt_soft 4.631 gt 4.512] drop 0/4
INFO:__main__:epoch 1 step 780/5772 loss 4.8313 [traj 2.499 traj_accel 5.793 text 0.677 struct 0.015 feat 0.412 gt_soft 4.146 gt 3.973] drop 0/4
INFO:__main__:epoch 1 step 800/5772 loss 4.6149 [traj 2.914 traj_accel 4.419 text 0.251 struct 0.001 feat 0.426 gt_soft 4.364 gt 4.156] drop 0/4
INFO:__main__:epoch 1 step 820/5772 loss 5.0677 [traj 3.013 traj_accel 5.771 text 0.834 struct 0.001 feat 0.416 gt_soft 4.233 gt 4.071] drop 0/4
INFO:__main__:epoch 1 step 840/5772 loss 5.6803 [traj 3.794 traj_accel 4.042 text 0.144 struct 0.000 feat 0.413 gt_soft 5.536 gt 5.487] drop 0/4
INFO:__main__:epoch 1 step 860/5772 loss 5.5985 [traj 3.875 traj_accel 5.654 text 0.376 struct 0.018 feat 0.419 gt_soft 5.213 gt 5.150] drop 0/4
INFO:__main__:epoch 1 step 880/5772 loss 4.4451 [traj 3.137 traj_accel 5.198 text 0.173 struct 0.029 feat 0.427 gt_soft 4.257 gt 4.022] drop 0/4
INFO:__main__:epoch 1 step 900/5772 loss 4.8188 [traj 3.684 traj_accel 4.702 text 0.318 struct 0.025 feat 0.439 gt_soft 4.488 gt 4.385] drop 0/4
INFO:__main__:epoch 1 step 920/5772 loss 5.0799 [traj 5.094 traj_accel 6.667 text 0.410 struct 0.003 feat 0.426 gt_soft 4.668 gt 4.552] drop 0/4
INFO:__main__:epoch 1 step 940/5772 loss 5.7095 [traj 3.403 traj_accel 4.623 text 1.097 struct 0.000 feat 0.431 gt_soft 4.612 gt 4.499] drop 0/4
INFO:__main__:epoch 1 step 960/5772 loss 5.6334 [traj 3.850 traj_accel 4.090 text 0.289 struct 0.092 feat 0.427 gt_soft 5.299 gt 5.214] drop 0/4
INFO:distill.student.context:image processor: Siglip2ImageProcessorCustom (native Cosmos3-Edge port)
INFO:distill.eval.coarse_minade:coarse minADE_6 on challenging: 3.186 m (p90 7.618, n=60)
INFO:distill.student.context:image processor: Siglip2ImageProcessorCustom (native Cosmos3-Edge port)
INFO:distill.student.context:image processor: Siglip2ImageProcessorCustom (native Cosmos3-Edge port)
INFO:__main__:epoch 1 val CoC vs DRIVER (n=400): gt_score 0.567 | consistent 0.746 false_clear 0.179 direction_ok 0.377 maneuver_acc 0.615 termination 0.998 | mix {'FOLLOW': 133, 'KEEP': 94, 'NUDGE': 57, 'STOP': 53, 'ADAPT_SPEED': 23, 'TURN': 17, 'YIELD': 11, 'ACCELERATE': 8, 'SLOW': 3, None: 1}
INFO:__main__:epoch 1 challenging coarse-minADE 3.186 m | val CoC NLL 0.519 struct NLL 0.022 | gt_ce_w 1.000 | select_on coc_gt=-0.567  <- new best
INFO:__main__:adapters -> /data/vla/alpamayo2edge/runs/stage1/run-351/epoch-01
INFO:distill.checkpoint:saved merged student -> /data/vla/alpamayo2edge/runs/stage1/run-351/best (992 tensors)
INFO:__main__:epoch 2 step 980/5772 loss 5.4649 [traj 3.966 traj_accel 6.722 text 1.031 struct 0.001 feat 0.418 gt_soft 4.434 gt 4.327] drop 0/4
INFO:__main__:epoch 2 step 1000/5772 loss 4.1675 [traj 3.813 traj_accel 7.695 text 0.414 struct 0.024 feat 0.425 gt_soft 3.741 gt 3.437] drop 0/4
INFO:__main__:epoch 2 step 1020/5772 loss 4.7450 [traj 3.407 traj_accel 5.578 text 0.221 struct 0.000 feat 0.410 gt_soft 4.524 gt 4.321] drop 0/4
INFO:__main__:epoch 2 step 1040/5772 loss 4.5851 [traj 5.657 traj_accel 4.974 text 0.448 struct 0.003 feat 0.417 gt_soft 4.135 gt 3.887] drop 0/4
INFO:__main__:epoch 2 step 1060/5772 loss 4.2923 [traj 2.413 traj_accel 4.139 text 0.022 struct 0.000 feat 0.422 gt_soft 4.271 gt 4.028] drop 0/4
INFO:__main__:epoch 2 step 1080/5772 loss 5.3504 [traj 3.351 traj_accel 5.869 text 0.381 struct 0.001 feat 0.435 gt_soft 4.968 gt 4.850] drop 0/4
INFO:__main__:epoch 2 step 1100/5772 loss 5.1189 [traj 3.325 traj_accel 4.795 text 0.534 struct 0.000 feat 0.430 gt_soft 4.585 gt 4.503] drop 0/4
INFO:__main__:epoch 2 step 1120/5772 loss 4.9671 [traj 6.249 traj_accel 4.067 text 0.202 struct 0.000 feat 0.419 gt_soft 4.765 gt 4.645] drop 0/4
INFO:__main__:epoch 2 step 1140/5772 loss 4.6488 [traj 5.308 traj_accel 6.481 text 0.557 struct 0.010 feat 0.415 gt_soft 4.087 gt 3.928] drop 0/4
INFO:__main__:epoch 2 step 1160/5772 loss 4.3095 [traj 3.371 traj_accel 5.397 text 0.037 struct 0.002 feat 0.404 gt_soft 4.271 gt 4.084] drop 0/4
INFO:__main__:epoch 2 step 1180/5772 loss 4.5501 [traj 5.152 traj_accel 6.643 text 0.425 struct 0.022 feat 0.416 gt_soft 4.114 gt 3.958] drop 0/4
INFO:__main__:epoch 2 step 1200/5772 loss 5.0131 [traj 4.185 traj_accel 5.224 text 0.325 struct 0.015 feat 0.428 gt_soft 4.681 gt 4.546] drop 0/4
INFO:__main__:epoch 2 step 1220/5772 loss 4.5737 [traj 3.346 traj_accel 3.966 text 0.139 struct 0.005 feat 0.413 gt_soft 4.432 gt 4.272] drop 0/4
INFO:__main__:epoch 2 step 1240/5772 loss 4.6179 [traj 3.383 traj_accel 5.622 text 0.101 struct 0.000 feat 0.429 gt_soft 4.517 gt 4.403] drop 0/4
INFO:__main__:epoch 2 step 1260/5772 loss 4.6588 [traj 3.601 traj_accel 4.134 text 0.267 struct 0.001 feat 0.407 gt_soft 4.391 gt 4.151] drop 0/4
INFO:__main__:epoch 2 step 1280/5772 loss 5.4089 [traj 3.527 traj_accel 5.918 text 0.260 struct 0.004 feat 0.409 gt_soft 5.147 gt 4.978] drop 0/4
INFO:__main__:epoch 2 step 1300/5772 loss 5.7531 [traj 3.521 traj_accel 4.594 text 0.722 struct 0.020 feat 0.407 gt_soft 5.021 gt 4.939] drop 0/4
INFO:__main__:epoch 2 step 1320/5772 loss 4.0370 [traj 4.447 traj_accel 9.209 text 0.086 struct 0.000 feat 0.415 gt_soft 3.951 gt 3.652] drop 0/4
INFO:__main__:epoch 2 step 1340/5772 loss 4.4401 [traj 6.066 traj_accel 6.673 text 0.204 struct 0.010 feat 0.409 gt_soft 4.231 gt 4.024] drop 0/4
INFO:__main__:epoch 2 step 1360/5772 loss 4.8735 [traj 5.331 traj_accel 6.658 text 0.331 struct 0.008 feat 0.418 gt_soft 4.538 gt 4.315] drop 0/4
INFO:__main__:epoch 2 step 1380/5772 loss 4.7785 [traj 4.896 traj_accel 4.406 text 0.420 struct 0.000 feat 0.417 gt_soft 4.359 gt 4.262] drop 0/4
INFO:__main__:epoch 2 step 1400/5772 loss 5.6605 [traj 3.054 traj_accel 4.519 text 0.881 struct 0.002 feat 0.430 gt_soft 4.778 gt 4.677] drop 0/4
INFO:__main__:epoch 2 step 1420/5772 loss 4.9128 [traj 2.607 traj_accel 7.033 text 0.504 struct 0.004 feat 0.417 gt_soft 4.407 gt 4.267] drop 0/4
INFO:__main__:epoch 2 step 1440/5772 loss 4.7365 [traj 2.768 traj_accel 5.370 text 0.534 struct 0.000 feat 0.425 gt_soft 4.202 gt 3.985] drop 0/4
INFO:distill.student.context:image processor: Siglip2ImageProcessorCustom (native Cosmos3-Edge port)
INFO:distill.eval.coarse_minade:coarse minADE_6 on challenging: 2.956 m (p90 6.570, n=60)
INFO:distill.student.context:image processor: Siglip2ImageProcessorCustom (native Cosmos3-Edge port)
INFO:distill.student.context:image processor: Siglip2ImageProcessorCustom (native Cosmos3-Edge port)
INFO:__main__:epoch 2 val CoC vs DRIVER (n=400): gt_score 0.537 | consistent 0.742 false_clear 0.205 direction_ok 0.170 maneuver_acc 0.633 termination 1.000 | mix {'FOLLOW': 147, 'KEEP': 94, 'STOP': 56, 'NUDGE': 46, 'ADAPT_SPEED': 20, 'ACCELERATE': 11, 'YIELD': 11, 'SLOW': 10, 'TURN': 5}
INFO:__main__:epoch 2 challenging coarse-minADE 2.956 m | val CoC NLL 0.515 struct NLL 0.020 | gt_ce_w 1.000 | select_on coc_gt=-0.537
INFO:__main__:adapters -> /data/vla/alpamayo2edge/runs/stage1/run-351/epoch-02
INFO:__main__:epoch 3 step 1460/5772 loss 4.5456 [traj 2.720 traj_accel 6.266 text 0.335 struct 0.001 feat 0.412 gt_soft 4.211 gt 4.071] drop 0/4
INFO:__main__:epoch 3 step 1480/5772 loss 5.1525 [traj 3.120 traj_accel 4.533 text 0.318 struct 0.086 feat 0.428 gt_soft 4.791 gt 4.665] drop 0/4
INFO:__main__:epoch 3 step 1500/5772 loss 4.6510 [traj 2.275 traj_accel 5.190 text 0.036 struct 0.001 feat 0.407 gt_soft 4.615 gt 4.470] drop 0/4
INFO:__main__:epoch 3 step 1520/5772 loss 4.7759 [traj 3.315 traj_accel 8.562 text 0.153 struct 0.000 feat 0.418 gt_soft 4.623 gt 4.527] drop 0/4
INFO:__main__:epoch 3 step 1540/5772 loss 4.6279 [traj 2.917 traj_accel 4.297 text 0.103 struct 0.000 feat 0.404 gt_soft 4.525 gt 4.348] drop 0/4
INFO:__main__:epoch 3 step 1560/5772 loss 4.1798 [traj 2.376 traj_accel 7.186 text 0.090 struct 0.000 feat 0.404 gt_soft 4.090 gt 3.897] drop 0/4
INFO:__main__:epoch 3 step 1580/5772 loss 5.6249 [traj 5.607 traj_accel 4.977 text 0.492 struct 0.001 feat 0.399 gt_soft 5.133 gt 5.069] drop 0/4
INFO:__main__:epoch 3 step 1600/5772 loss 3.8437 [traj 2.227 traj_accel 5.721 text 0.007 struct 0.000 feat 0.411 gt_soft 3.837 gt 3.586] drop 0/4
INFO:__main__:epoch 3 step 1620/5772 loss 5.5753 [traj 5.050 traj_accel 5.482 text 0.185 struct 0.030 feat 0.425 gt_soft 5.376 gt 5.349] drop 0/4
INFO:__main__:epoch 3 step 1640/5772 loss 4.2459 [traj 2.831 traj_accel 7.165 text 0.149 struct 0.007 feat 0.414 gt_soft 4.094 gt 3.831] drop 0/4
INFO:__main__:epoch 3 step 1660/5772 loss 4.4994 [traj 2.511 traj_accel 5.153 text 0.132 struct 0.016 feat 0.418 gt_soft 4.359 gt 4.206] drop 0/4
INFO:__main__:epoch 3 step 1680/5772 loss 4.2363 [traj 2.362 traj_accel 5.334 text 0.112 struct 0.003 feat 0.406 gt_soft 4.123 gt 3.904] drop 0/4
INFO:__main__:epoch 3 step 1700/5772 loss 4.6359 [traj 3.432 traj_accel 4.445 text 0.165 struct 0.000 feat 0.399 gt_soft 4.471 gt 4.322] drop 0/4
INFO:__main__:epoch 3 step 1720/5772 loss 4.7065 [traj 3.938 traj_accel 7.568 text 0.083 struct 0.002 feat 0.395 gt_soft 4.622 gt 4.495] drop 0/4
INFO:__main__:epoch 3 step 1740/5772 loss 5.4785 [traj 3.302 traj_accel 4.542 text 0.157 struct 0.074 feat 0.412 gt_soft 5.284 gt 5.212] drop 0/4
INFO:__main__:epoch 3 step 1760/5772 loss 4.3983 [traj 3.344 traj_accel 7.736 text 0.162 struct 0.000 feat 0.407 gt_soft 4.236 gt 4.066] drop 0/4
INFO:__main__:epoch 3 step 1780/5772 loss 4.6591 [traj 4.438 traj_accel 4.698 text 0.399 struct 0.005 feat 0.401 gt_soft 4.257 gt 4.120] drop 0/4
INFO:__main__:epoch 3 step 1800/5772 loss 4.1296 [traj 3.351 traj_accel 5.280 text 0.085 struct 0.012 feat 0.399 gt_soft 4.038 gt 3.758] drop 0/4
INFO:__main__:epoch 3 step 1820/5772 loss 4.6439 [traj 2.788 traj_accel 6.630 text 0.599 struct 0.009 feat 0.419 gt_soft 4.040 gt 3.860] drop 0/4
INFO:__main__:epoch 3 step 1840/5772 loss 4.8842 [traj 2.714 traj_accel 4.742 text 0.505 struct 0.038 feat 0.409 gt_soft 4.360 gt 4.196] drop 0/4
INFO:__main__:epoch 3 step 1860/5772 loss 4.3293 [traj 2.723 traj_accel 5.740 text 0.237 struct 0.001 feat 0.388 gt_soft 4.092 gt 3.882] drop 0/4
INFO:__main__:epoch 3 step 1880/5772 loss 5.9350 [traj 4.931 traj_accel 4.403 text 0.435 struct 0.019 feat 0.395 gt_soft 5.490 gt 5.389] drop 0/4
INFO:__main__:epoch 3 step 1900/5772 loss 5.0768 [traj 4.972 traj_accel 7.020 text 0.477 struct 0.008 feat 0.378 gt_soft 4.595 gt 4.389] drop 0/4
INFO:__main__:epoch 3 step 1920/5772 loss 4.5764 [traj 4.700 traj_accel 6.260 text 0.441 struct 0.058 feat 0.411 gt_soft 4.107 gt 3.893] drop 0/4
INFO:distill.student.context:image processor: Siglip2ImageProcessorCustom (native Cosmos3-Edge port)
INFO:distill.eval.coarse_minade:coarse minADE_6 on challenging: 2.775 m (p90 6.473, n=60)
INFO:distill.student.context:image processor: Siglip2ImageProcessorCustom (native Cosmos3-Edge port)
INFO:distill.student.context:image processor: Siglip2ImageProcessorCustom (native Cosmos3-Edge port)
INFO:__main__:epoch 3 val CoC vs DRIVER (n=400): gt_score 0.548 | consistent 0.745 false_clear 0.196 direction_ok 0.453 maneuver_acc 0.615 termination 1.000 | mix {'FOLLOW': 133, 'KEEP': 80, 'STOP': 61, 'NUDGE': 51, 'ADAPT_SPEED': 23, 'TURN': 19, 'SLOW': 12, 'YIELD': 10, 'ACCELERATE': 8, None: 2, 'LANE_CHANGE': 1}
INFO:__main__:epoch 3 challenging coarse-minADE 2.775 m | val CoC NLL 0.515 struct NLL 0.020 | gt_ce_w 1.000 | select_on coc_gt=-0.548
INFO:__main__:adapters -> /data/vla/alpamayo2edge/runs/stage1/run-351/epoch-03
INFO:__main__:epoch 4 step 1940/5772 loss 5.0268 [traj 4.480 traj_accel 6.415 text 0.832 struct 0.000 feat 0.403 gt_soft 4.195 gt 4.040] drop 0/4
INFO:__main__:epoch 4 step 1960/5772 loss 4.8778 [traj 2.671 traj_accel 4.368 text 0.067 struct 0.022 feat 0.388 gt_soft 4.800 gt 4.690] drop 0/4
INFO:__main__:epoch 4 step 1980/5772 loss 4.3239 [traj 2.755 traj_accel 4.547 text 0.027 struct 0.000 feat 0.404 gt_soft 4.297 gt 4.085] drop 0/4
INFO:__main__:epoch 4 step 2000/5772 loss 4.6129 [traj 3.047 traj_accel 4.273 text 0.073 struct 0.000 feat 0.387 gt_soft 4.540 gt 4.415] drop 0/4
INFO:__main__:epoch 4 step 2020/5772 loss 4.2206 [traj 2.628 traj_accel 10.406 text 0.165 struct 0.015 feat 0.418 gt_soft 4.048 gt 3.775] drop 0/4
INFO:__main__:epoch 4 step 2040/5772 loss 4.7304 [traj 3.822 traj_accel 7.501 text 0.221 struct 0.011 feat 0.387 gt_soft 4.504 gt 4.280] drop 0/4
INFO:__main__:epoch 4 step 2060/5772 loss 4.4223 [traj 2.855 traj_accel 4.909 text 0.093 struct 0.000 feat 0.403 gt_soft 4.329 gt 4.211] drop 0/4
INFO:__main__:epoch 4 step 2080/5772 loss 4.5010 [traj 3.300 traj_accel 3.919 text 0.105 struct 0.000 feat 0.391 gt_soft 4.396 gt 4.283] drop 0/4
INFO:__main__:epoch 4 step 2100/5772 loss 4.9276 [traj 3.064 traj_accel 6.078 text 0.367 struct 0.000 feat 0.411 gt_soft 4.561 gt 4.398] drop 0/4
INFO:__main__:epoch 4 step 2120/5772 loss 4.7877 [traj 2.498 traj_accel 5.375 text 0.615 struct 0.000 feat 0.401 gt_soft 4.173 gt 3.999] drop 0/4
INFO:__main__:epoch 4 step 2140/5772 loss 4.6655 [traj 6.248 traj_accel 6.685 text 0.200 struct 0.007 feat 0.384 gt_soft 4.462 gt 4.324] drop 0/4
INFO:__main__:epoch 4 step 2160/5772 loss 4.5996 [traj 3.266 traj_accel 4.492 text 0.061 struct 0.000 feat 0.418 gt_soft 4.538 gt 4.405] drop 0/4
INFO:__main__:epoch 4 step 2180/5772 loss 4.3593 [traj 4.757 traj_accel 6.361 text 0.130 struct 0.002 feat 0.396 gt_soft 4.229 gt 4.047] drop 0/4
INFO:__main__:epoch 4 step 2200/5772 loss 5.2011 [traj 4.874 traj_accel 4.407 text 0.648 struct 0.000 feat 0.395 gt_soft 4.553 gt 4.487] drop 0/4
INFO:__main__:epoch 4 step 2220/5772 loss 5.0532 [traj 2.669 traj_accel 4.502 text 0.276 struct 0.004 feat 0.414 gt_soft 4.775 gt 4.640] drop 0/4
INFO:__main__:epoch 4 step 2240/5772 loss 4.2802 [traj 2.395 traj_accel 3.085 text 0.218 struct 0.000 feat 0.410 gt_soft 4.062 gt 3.842] drop 0/4
INFO:__main__:epoch 4 step 2260/5772 loss 4.3113 [traj 2.578 traj_accel 6.393 text 0.098 struct 0.000 feat 0.404 gt_soft 4.213 gt 4.050] drop 0/4
INFO:__main__:epoch 4 step 2280/5772 loss 4.8787 [traj 3.199 traj_accel 6.693 text 0.420 struct 0.000 feat 0.404 gt_soft 4.458 gt 4.314] drop 0/4
INFO:__main__:epoch 4 step 2300/5772 loss 4.1963 [traj 2.378 traj_accel 4.993 text 0.047 struct 0.000 feat 0.418 gt_soft 4.149 gt 3.957] drop 0/4
INFO:__main__:epoch 4 step 2320/5772 loss 4.5128 [traj 3.778 traj_accel 5.712 text 0.134 struct 0.000 feat 0.391 gt_soft 4.378 gt 4.249] drop 0/4
INFO:__main__:epoch 4 step 2340/5772 loss 4.7294 [traj 2.677 traj_accel 7.831 text 0.329 struct 0.000 feat 0.398 gt_soft 4.400 gt 4.263] drop 0/4
INFO:__main__:epoch 4 step 2360/5772 loss 4.5897 [traj 2.901 traj_accel 5.827 text 0.162 struct 0.000 feat 0.401 gt_soft 4.428 gt 4.261] drop 0/4
INFO:__main__:epoch 4 step 2380/5772 loss 5.4110 [traj 4.338 traj_accel 6.328 text 0.602 struct 0.052 feat 0.392 gt_soft 4.783 gt 4.733] drop 0/4
INFO:__main__:epoch 4 step 2400/5772 loss 4.3663 [traj 2.444 traj_accel 4.469 text 0.048 struct 0.002 feat 0.401 gt_soft 4.317 gt 4.019] drop 0/4
INFO:distill.student.context:image processor: Siglip2ImageProcessorCustom (native Cosmos3-Edge port)
INFO:distill.eval.coarse_minade:coarse minADE_6 on challenging: 2.476 m (p90 6.864, n=60)
INFO:distill.student.context:image processor: Siglip2ImageProcessorCustom (native Cosmos3-Edge port)
INFO:distill.student.context:image processor: Siglip2ImageProcessorCustom (native Cosmos3-Edge port)
INFO:__main__:epoch 4 val CoC vs DRIVER (n=400): gt_score 0.536 | consistent 0.751 false_clear 0.214 direction_ok 0.415 maneuver_acc 0.625 termination 0.998 | mix {'FOLLOW': 138, 'KEEP': 77, 'NUDGE': 73, 'STOP': 50, 'ADAPT_SPEED': 19, 'TURN': 13, 'ACCELERATE': 12, 'SLOW': 11, 'YIELD': 4, 'LANE_CHANGE': 2, None: 1}
INFO:__main__:epoch 4 challenging coarse-minADE 2.476 m | val CoC NLL 0.529 struct NLL 0.021 | gt_ce_w 1.000 | select_on coc_gt=-0.536
INFO:__main__:adapters -> /data/vla/alpamayo2edge/runs/stage1/run-351/epoch-04
INFO:__main__:early stop: no coc_gt improvement for 3 evals
----------------------------------------------------------------
Finished 2026-09-22T06:17:02+02:00
Check what this actually used:  seff 351
wandb: [wandb.login()] Loaded credentials for https://api.wandb.ai from /home/vla/.netrc.
wandb: Currently logged in as: karmishthannauth27 (karmishthannauth27-technical-university-of-munich) to https://api.wandb.ai. Use `wandb login --relogin` to force relogin
wandb: setting up run stage1-job351
wandb: Tracking run with wandb version 0.25.0
wandb: Run data is saved locally in /home/vla/projects/alpamayo2edge/wandb/run-20260922_061704-stage1-job351
wandb: Run `wandb offline` to turn off syncing.
wandb: Resuming run stage1-job351
wandb: ⭐️ View project at https://wandb.ai/karmishthannauth27-technical-university-of-munich/alpamayo2edge
wandb: 🚀 View run at https://wandb.ai/karmishthannauth27-technical-university-of-munich/alpamayo2edge/runs/stage1-job351
wandb: uploading summary; updating run metadata
wandb: updating run metadata
wandb: uploading wandb-metadata.json; uploading requirements.txt; uploading wandb-summary.json; uploading config.yaml
wandb: uploading wandb-metadata.json; uploading requirements.txt; uploading wandb-summary.json
wandb: uploading history steps 119-119, summary
wandb: 
wandb: Run history:
wandb:                epoch ▁
wandb: gate/coarse_minADE_m ▁
wandb:           gate/epoch ▁
wandb:     gate/val_coc_nll ▁
wandb:  gate/val_struct_nll ▁
wandb:            loss/feat ▁
wandb:           loss/gt_ce ▁
wandb:      loss/gt_ce_soft ▁
wandb:       loss/struct_ce ▁
wandb:         loss/text_kl ▁
wandb:                   +4 ...
wandb: 
wandb: Run summary:
wandb:                epoch 4
wandb: gate/coarse_minADE_m 2.476
wandb:           gate/epoch 4
wandb:     gate/val_coc_nll 0.529
wandb:  gate/val_struct_nll 0.021
wandb:            loss/feat 0.401
wandb:           loss/gt_ce 4.019
wandb:      loss/gt_ce_soft 4.317
wandb:       loss/struct_ce 0.002
wandb:         loss/text_kl 0.048
wandb:                   +4 ...
wandb: 
wandb: 🚀 View run stage1-job351 at: https://wandb.ai/karmishthannauth27-technical-university-of-munich/alpamayo2edge/runs/stage1-job351
wandb: ⭐️ View project at: https://wandb.ai/karmishthannauth27-technical-university-of-munich/alpamayo2edge
wandb: Synced 4 W&B file(s), 0 media file(s), 0 artifact file(s) and 0 other file(s)
wandb: Find logs at: ./wandb/run-20260922_061704-stage1-job351/logs
wandb: WARNING Tried to log to step 20 that is less than the current step 2381. Steps must be monotonically increasing, so this data will be ignored. See https://wandb.me/define-metric to log data out of order.
wandb: WARNING Tried to log to step 40 that is less than the current step 2381. Steps must be monotonically increasing, so this data will be ignored. See https://wandb.me/define-metric to log data out of order.
wandb: WARNING Tried to log to step 60 that is less than the current step 2381. Steps must be monotonically increasing, so this data will be ignored. See https://wandb.me/define-metric to log data out of order.
wandb: WARNING Tried to log to step 80 that is less than the current step 2381. Steps must be monotonically increasing, so this data will be ignored. See https://wandb.me/define-metric to log data out of order.
wandb: WARNING Tried to log to step 100 that is less than the current step 2381. Steps must be monotonically increasing, so this data will be ignored. See https://wandb.me/define-metric to log data out of order.
wandb: WARNING Tried to log to step 120 that is less than the current step 2381. Steps must be monotonically increasing, so this data will be ignored. See https://wandb.me/define-metric to log data out of order.
wandb: WARNING Tried to log to step 140 that is less than the current step 2381. Steps must be monotonically increasing, so this data will be ignored. See https://wandb.me/define-metric to log data out of order.
wandb: WARNING Tried to log to step 160 that is less than the current step 2381. Steps must be monotonically increasing, so this data will be ignored. See https://wandb.me/define-metric to log data out of order.
wandb: WARNING Tried to log to step 180 that is less than the current step 2381. Steps must be monotonically increasing, so this data will be ignored. See https://wandb.me/define-metric to log data out of order.
wandb: WARNING Tried to log to step 200 that is less than the current step 2381. Steps must be monotonically increasing, so this data will be ignored. See https://wandb.me/define-metric to log data out of order.
wandb: WARNING Tried to log to step 220 that is less than the current step 2381. Steps must be monotonically increasing, so this data will be ignored. See https://wandb.me/define-metric to log data out of order.
wandb: WARNING Tried to log to step 240 that is less than the current step 2381. Steps must be monotonically increasing, so this data will be ignored. See https://wandb.me/define-metric to log data out of order.
wandb: WARNING Tried to log to step 260 that is less than the current step 2381. Steps must be monotonically increasing, so this data will be ignored. See https://wandb.me/define-metric to log data out of order.
wandb: WARNING Tried to log to step 280 that is less than the current step 2381. Steps must be monotonically increasing, so this data will be ignored. See https://wandb.me/define-metric to log data out of order.
wandb: WARNING Tried to log to step 300 that is less than the current step 2381. Steps must be monotonically increasing, so this data will be ignored. See https://wandb.me/define-metric to log data out of order.
wandb: WARNING Tried to log to step 320 that is less than the current step 2381. Steps must be monotonically increasing, so this data will be ignored. See https://wandb.me/define-metric to log data out of order.
wandb: WARNING Tried to log to step 340 that is less than the current step 2381. Steps must be monotonically increasing, so this data will be ignored. See https://wandb.me/define-metric to log data out of order.
wandb: WARNING Tried to log to step 360 that is less than the current step 2381. Steps must be monotonically increasing, so this data will be ignored. See https://wandb.me/define-metric to log data out of order.
wandb: WARNING Tried to log to step 380 that is less than the current step 2381. Steps must be monotonically increasing, so this data will be ignored. See https://wandb.me/define-metric to log data out of order.
wandb: WARNING Tried to log to step 400 that is less than the current step 2381. Steps must be monotonically increasing, so this data will be ignored. See https://wandb.me/define-metric to log data out of order.
wandb: WARNING Tried to log to step 420 that is less than the current step 2381. Steps must be monotonically increasing, so this data will be ignored. See https://wandb.me/define-metric to log data out of order.
wandb: WARNING Tried to log to step 440 that is less than the current step 2381. Steps must be monotonically increasing, so this data will be ignored. See https://wandb.me/define-metric to log data out of order.
wandb: WARNING Tried to log to step 460 that is less than the current step 2381. Steps must be monotonically increasing, so this data will be ignored. See https://wandb.me/define-metric to log data out of order.
wandb: WARNING Tried to log to step 480 that is less than the current step 2381. Steps must be monotonically increasing, so this data will be ignored. See https://wandb.me/define-metric to log data out of order.
wandb: WARNING Tried to log to step 480 that is less than the current step 2381. Steps must be monotonically increasing, so this data will be ignored. See https://wandb.me/define-metric to log data out of order.
wandb: WARNING Tried to log to step 500 that is less than the current step 2381. Steps must be monotonically increasing, so this data will be ignored. See https://wandb.me/define-metric to log data out of order.
wandb: WARNING Tried to log to step 520 that is less than the current step 2381. Steps must be monotonically increasing, so this data will be ignored. See https://wandb.me/define-metric to log data out of order.
wandb: WARNING Tried to log to step 540 that is less than the current step 2381. Steps must be monotonically increasing, so this data will be ignored. See https://wandb.me/define-metric to log data out of order.
wandb: WARNING Tried to log to step 560 that is less than the current step 2381. Steps must be monotonically increasing, so this data will be ignored. See https://wandb.me/define-metric to log data out of order.
wandb: WARNING Tried to log to step 580 that is less than the current step 2381. Steps must be monotonically increasing, so this data will be ignored. See https://wandb.me/define-metric to log data out of order.
wandb: WARNING Tried to log to step 600 that is less than the current step 2381. Steps must be monotonically increasing, so this data will be ignored. See https://wandb.me/define-metric to log data out of order.
wandb: WARNING Tried to log to step 620 that is less than the current step 2381. Steps must be monotonically increasing, so this data will be ignored. See https://wandb.me/define-metric to log data out of order.
wandb: WARNING Tried to log to step 640 that is less than the current step 2381. Steps must be monotonically increasing, so this data will be ignored. See https://wandb.me/define-metric to log data out of order.
wandb: WARNING Tried to log to step 660 that is less than the current step 2381. Steps must be monotonically increasing, so this data will be ignored. See https://wandb.me/define-metric to log data out of order.
wandb: WARNING Tried to log to step 680 that is less than the current step 2381. Steps must be monotonically increasing, so this data will be ignored. See https://wandb.me/define-metric to log data out of order.
wandb: WARNING Tried to log to step 700 that is less than the current step 2381. Steps must be monotonically increasing, so this data will be ignored. See https://wandb.me/define-metric to log data out of order.
wandb: WARNING Tried to log to step 720 that is less than the current step 2381. Steps must be monotonically increasing, so this data will be ignored. See https://wandb.me/define-metric to log data out of order.
wandb: WARNING Tried to log to step 740 that is less than the current step 2381. Steps must be monotonically increasing, so this data will be ignored. See https://wandb.me/define-metric to log data out of order.
wandb: WARNING Tried to log to step 760 that is less than the current step 2381. Steps must be monotonically increasing, so this data will be ignored. See https://wandb.me/define-metric to log data out of order.
wandb: WARNING Tried to log to step 780 that is less than the current step 2381. Steps must be monotonically increasing, so this data will be ignored. See https://wandb.me/define-metric to log data out of order.
wandb: WARNING Tried to log to step 800 that is less than the current step 2381. Steps must be monotonically increasing, so this data will be ignored. See https://wandb.me/define-metric to log data out of order.
wandb: WARNING Tried to log to step 820 that is less than the current step 2381. Steps must be monotonically increasing, so this data will be ignored. See https://wandb.me/define-metric to log data out of order.
wandb: WARNING Tried to log to step 840 that is less than the current step 2381. Steps must be monotonically increasing, so this data will be ignored. See https://wandb.me/define-metric to log data out of order.
wandb: WARNING Tried to log to step 860 that is less than the current step 2381. Steps must be monotonically increasing, so this data will be ignored. See https://wandb.me/define-metric to log data out of order.
wandb: WARNING Tried to log to step 880 that is less than the current step 2381. Steps must be monotonically increasing, so this data will be ignored. See https://wandb.me/define-metric to log data out of order.
wandb: WARNING Tried to log to step 900 that is less than the current step 2381. Steps must be monotonically increasing, so this data will be ignored. See https://wandb.me/define-metric to log data out of order.
wandb: WARNING Tried to log to step 920 that is less than the current step 2381. Steps must be monotonically increasing, so this data will be ignored. See https://wandb.me/define-metric to log data out of order.
wandb: WARNING Tried to log to step 940 that is less than the current step 2381. Steps must be monotonically increasing, so this data will be ignored. See https://wandb.me/define-metric to log data out of order.
wandb: WARNING Tried to log to step 960 that is less than the current step 2381. Steps must be monotonically increasing, so this data will be ignored. See https://wandb.me/define-metric to log data out of order.
wandb: WARNING Tried to log to step 960 that is less than the current step 2381. Steps must be monotonically increasing, so this data will be ignored. See https://wandb.me/define-metric to log data out of order.
wandb: WARNING Tried to log to step 980 that is less than the current step 2381. Steps must be monotonically increasing, so this data will be ignored. See https://wandb.me/define-metric to log data out of order.
wandb: WARNING Tried to log to step 1000 that is less than the current step 2381. Steps must be monotonically increasing, so this data will be ignored. See https://wandb.me/define-metric to log data out of order.
wandb: WARNING Tried to log to step 1020 that is less than the current step 2381. Steps must be monotonically increasing, so this data will be ignored. See https://wandb.me/define-metric to log data out of order.
wandb: WARNING Tried to log to step 1040 that is less than the current step 2381. Steps must be monotonically increasing, so this data will be ignored. See https://wandb.me/define-metric to log data out of order.
wandb: WARNING Tried to log to step 1060 that is less than the current step 2381. Steps must be monotonically increasing, so this data will be ignored. See https://wandb.me/define-metric to log data out of order.
wandb: WARNING Tried to log to step 1080 that is less than the current step 2381. Steps must be monotonically increasing, so this data will be ignored. See https://wandb.me/define-metric to log data out of order.
wandb: WARNING Tried to log to step 1100 that is less than the current step 2381. Steps must be monotonically increasing, so this data will be ignored. See https://wandb.me/define-metric to log data out of order.
wandb: WARNING Tried to log to step 1120 that is less than the current step 2381. Steps must be monotonically increasing, so this data will be ignored. See https://wandb.me/define-metric to log data out of order.
wandb: WARNING Tried to log to step 1140 that is less than the current step 2381. Steps must be monotonically increasing, so this data will be ignored. See https://wandb.me/define-metric to log data out of order.
wandb: WARNING Tried to log to step 1160 that is less than the current step 2381. Steps must be monotonically increasing, so this data will be ignored. See https://wandb.me/define-metric to log data out of order.
wandb: WARNING Tried to log to step 1180 that is less than the current step 2381. Steps must be monotonically increasing, so this data will be ignored. See https://wandb.me/define-metric to log data out of order.
wandb: WARNING Tried to log to step 1200 that is less than the current step 2381. Steps must be monotonically increasing, so this data will be ignored. See https://wandb.me/define-metric to log data out of order.
wandb: WARNING Tried to log to step 1220 that is less than the current step 2381. Steps must be monotonically increasing, so this data will be ignored. See https://wandb.me/define-metric to log data out of order.
wandb: WARNING Tried to log to step 1240 that is less than the current step 2381. Steps must be monotonically increasing, so this data will be ignored. See https://wandb.me/define-metric to log data out of order.
wandb: WARNING Tried to log to step 1260 that is less than the current step 2381. Steps must be monotonically increasing, so this data will be ignored. See https://wandb.me/define-metric to log data out of order.
wandb: WARNING Tried to log to step 1280 that is less than the current step 2381. Steps must be monotonically increasing, so this data will be ignored. See https://wandb.me/define-metric to log data out of order.
wandb: WARNING Tried to log to step 1300 that is less than the current step 2381. Steps must be monotonically increasing, so this data will be ignored. See https://wandb.me/define-metric to log data out of order.
wandb: WARNING Tried to log to step 1320 that is less than the current step 2381. Steps must be monotonically increasing, so this data will be ignored. See https://wandb.me/define-metric to log data out of order.
wandb: WARNING Tried to log to step 1340 that is less than the current step 2381. Steps must be monotonically increasing, so this data will be ignored. See https://wandb.me/define-metric to log data out of order.
wandb: WARNING Tried to log to step 1360 that is less than the current step 2381. Steps must be monotonically increasing, so this data will be ignored. See https://wandb.me/define-metric to log data out of order.
wandb: WARNING Tried to log to step 1380 that is less than the current step 2381. Steps must be monotonically increasing, so this data will be ignored. See https://wandb.me/define-metric to log data out of order.
wandb: WARNING Tried to log to step 1400 that is less than the current step 2381. Steps must be monotonically increasing, so this data will be ignored. See https://wandb.me/define-metric to log data out of order.
wandb: WARNING Tried to log to step 1420 that is less than the current step 2381. Steps must be monotonically increasing, so this data will be ignored. See https://wandb.me/define-metric to log data out of order.
wandb: WARNING Tried to log to step 1440 that is less than the current step 2381. Steps must be monotonically increasing, so this data will be ignored. See https://wandb.me/define-metric to log data out of order.
wandb: WARNING Tried to log to step 1440 that is less than the current step 2381. Steps must be monotonically increasing, so this data will be ignored. See https://wandb.me/define-metric to log data out of order.
wandb: WARNING Tried to log to step 1460 that is less than the current step 2381. Steps must be monotonically increasing, so this data will be ignored. See https://wandb.me/define-metric to log data out of order.
wandb: WARNING Tried to log to step 1480 that is less than the current step 2381. Steps must be monotonically increasing, so this data will be ignored. See https://wandb.me/define-metric to log data out of order.
wandb: WARNING Tried to log to step 1500 that is less than the current step 2381. Steps must be monotonically increasing, so this data will be ignored. See https://wandb.me/define-metric to log data out of order.
wandb: WARNING Tried to log to step 1520 that is less than the current step 2381. Steps must be monotonically increasing, so this data will be ignored. See https://wandb.me/define-metric to log data out of order.
wandb: WARNING Tried to log to step 1540 that is less than the current step 2381. Steps must be monotonically increasing, so this data will be ignored. See https://wandb.me/define-metric to log data out of order.
wandb: WARNING Tried to log to step 1560 that is less than the current step 2381. Steps must be monotonically increasing, so this data will be ignored. See https://wandb.me/define-metric to log data out of order.
wandb: WARNING Tried to log to step 1580 that is less than the current step 2381. Steps must be monotonically increasing, so this data will be ignored. See https://wandb.me/define-metric to log data out of order.
wandb: WARNING Tried to log to step 1600 that is less than the current step 2381. Steps must be monotonically increasing, so this data will be ignored. See https://wandb.me/define-metric to log data out of order.
wandb: WARNING Tried to log to step 1620 that is less than the current step 2381. Steps must be monotonically increasing, so this data will be ignored. See https://wandb.me/define-metric to log data out of order.
wandb: WARNING Tried to log to step 1640 that is less than the current step 2381. Steps must be monotonically increasing, so this data will be ignored. See https://wandb.me/define-metric to log data out of order.
wandb: WARNING Tried to log to step 1660 that is less than the current step 2381. Steps must be monotonically increasing, so this data will be ignored. See https://wandb.me/define-metric to log data out of order.
wandb: WARNING Tried to log to step 1680 that is less than the current step 2381. Steps must be monotonically increasing, so this data will be ignored. See https://wandb.me/define-metric to log data out of order.
wandb: WARNING Tried to log to step 1700 that is less than the current step 2381. Steps must be monotonically increasing, so this data will be ignored. See https://wandb.me/define-metric to log data out of order.
wandb: WARNING Tried to log to step 1720 that is less than the current step 2381. Steps must be monotonically increasing, so this data will be ignored. See https://wandb.me/define-metric to log data out of order.
wandb: WARNING Tried to log to step 1740 that is less than the current step 2381. Steps must be monotonically increasing, so this data will be ignored. See https://wandb.me/define-metric to log data out of order.
wandb: WARNING Tried to log to step 1760 that is less than the current step 2381. Steps must be monotonically increasing, so this data will be ignored. See https://wandb.me/define-metric to log data out of order.
wandb: WARNING Tried to log to step 1780 that is less than the current step 2381. Steps must be monotonically increasing, so this data will be ignored. See https://wandb.me/define-metric to log data out of order.
wandb: WARNING Tried to log to step 1800 that is less than the current step 2381. Steps must be monotonically increasing, so this data will be ignored. See https://wandb.me/define-metric to log data out of order.
wandb: WARNING Tried to log to step 1820 that is less than the current step 2381. Steps must be monotonically increasing, so this data will be ignored. See https://wandb.me/define-metric to log data out of order.
wandb: WARNING Tried to log to step 1840 that is less than the current step 2381. Steps must be monotonically increasing, so this data will be ignored. See https://wandb.me/define-metric to log data out of order.
wandb: WARNING Tried to log to step 1860 that is less than the current step 2381. Steps must be monotonically increasing, so this data will be ignored. See https://wandb.me/define-metric to log data out of order.
wandb: WARNING Tried to log to step 1880 that is less than the current step 2381. Steps must be monotonically increasing, so this data will be ignored. See https://wandb.me/define-metric to log data out of order.
wandb: WARNING Tried to log to step 1900 that is less than the current step 2381. Steps must be monotonically increasing, so this data will be ignored. See https://wandb.me/define-metric to log data out of order.
wandb: WARNING Tried to log to step 1920 that is less than the current step 2381. Steps must be monotonically increasing, so this data will be ignored. See https://wandb.me/define-metric to log data out of order.
wandb: WARNING Tried to log to step 1920 that is less than the current step 2381. Steps must be monotonically increasing, so this data will be ignored. See https://wandb.me/define-metric to log data out of order.
wandb: WARNING Tried to log to step 1940 that is less than the current step 2381. Steps must be monotonically increasing, so this data will be ignored. See https://wandb.me/define-metric to log data out of order.
wandb: WARNING Tried to log to step 1960 that is less than the current step 2381. Steps must be monotonically increasing, so this data will be ignored. See https://wandb.me/define-metric to log data out of order.
wandb: WARNING Tried to log to step 1980 that is less than the current step 2381. Steps must be monotonically increasing, so this data will be ignored. See https://wandb.me/define-metric to log data out of order.
wandb: WARNING Tried to log to step 2000 that is less than the current step 2381. Steps must be monotonically increasing, so this data will be ignored. See https://wandb.me/define-metric to log data out of order.
wandb: WARNING Tried to log to step 2020 that is less than the current step 2381. Steps must be monotonically increasing, so this data will be ignored. See https://wandb.me/define-metric to log data out of order.
wandb: WARNING Tried to log to step 2040 that is less than the current step 2381. Steps must be monotonically increasing, so this data will be ignored. See https://wandb.me/define-metric to log data out of order.
wandb: WARNING Tried to log to step 2060 that is less than the current step 2381. Steps must be monotonically increasing, so this data will be ignored. See https://wandb.me/define-metric to log data out of order.
wandb: WARNING Tried to log to step 2080 that is less than the current step 2381. Steps must be monotonically increasing, so this data will be ignored. See https://wandb.me/define-metric to log data out of order.
wandb: WARNING Tried to log to step 2100 that is less than the current step 2381. Steps must be monotonically increasing, so this data will be ignored. See https://wandb.me/define-metric to log data out of order.
wandb: WARNING Tried to log to step 2120 that is less than the current step 2381. Steps must be monotonically increasing, so this data will be ignored. See https://wandb.me/define-metric to log data out of order.
wandb: WARNING Tried to log to step 2140 that is less than the current step 2381. Steps must be monotonically increasing, so this data will be ignored. See https://wandb.me/define-metric to log data out of order.
wandb: WARNING Tried to log to step 2160 that is less than the current step 2381. Steps must be monotonically increasing, so this data will be ignored. See https://wandb.me/define-metric to log data out of order.
wandb: WARNING Tried to log to step 2180 that is less than the current step 2381. Steps must be monotonically increasing, so this data will be ignored. See https://wandb.me/define-metric to log data out of order.
wandb: WARNING Tried to log to step 2200 that is less than the current step 2381. Steps must be monotonically increasing, so this data will be ignored. See https://wandb.me/define-metric to log data out of order.
wandb: WARNING Tried to log to step 2220 that is less than the current step 2381. Steps must be monotonically increasing, so this data will be ignored. See https://wandb.me/define-metric to log data out of order.
wandb: WARNING Tried to log to step 2240 that is less than the current step 2381. Steps must be monotonically increasing, so this data will be ignored. See https://wandb.me/define-metric to log data out of order.
wandb: WARNING Tried to log to step 2260 that is less than the current step 2381. Steps must be monotonically increasing, so this data will be ignored. See https://wandb.me/define-metric to log data out of order.
wandb: WARNING Tried to log to step 2280 that is less than the current step 2381. Steps must be monotonically increasing, so this data will be ignored. See https://wandb.me/define-metric to log data out of order.
wandb: WARNING Tried to log to step 2300 that is less than the current step 2381. Steps must be monotonically increasing, so this data will be ignored. See https://wandb.me/define-metric to log data out of order.
wandb: WARNING Tried to log to step 2320 that is less than the current step 2381. Steps must be monotonically increasing, so this data will be ignored. See https://wandb.me/define-metric to log data out of order.
wandb: WARNING Tried to log to step 2340 that is less than the current step 2381. Steps must be monotonically increasing, so this data will be ignored. See https://wandb.me/define-metric to log data out of order.
wandb: WARNING Tried to log to step 2360 that is less than the current step 2381. Steps must be monotonically increasing, so this data will be ignored. See https://wandb.me/define-metric to log data out of order.
wandb: WARNING Tried to log to step 2380 that is less than the current step 2381. Steps must be monotonically increasing, so this data will be ignored. See https://wandb.me/define-metric to log data out of order.
