Job 317 on ProArt, started 2026-09-14T13:08:46+02:00
Submitted from: /home/vla/projects/alpamayo2edge
GPU:            NVIDIA RTX PRO 6000 Blackwell Workstation Edition,NVIDIA RTX 6000 Ada Generation
Commit:         f5d04fd
Scratch:        /bulk/scratch/vla/317
----------------------------------------------------------------
   CUDA_VISIBLE_DEVICES = GPU-1e9d88da-6c84-dbf7-f179-fdca7207dae0
   CPUs allocated       = 8
   device 0             = NVIDIA RTX PRO 6000 Blackwell Workstation Edition  95.0 GiB total, 93.2 GiB free
wandb sidecar: run stage1-job317 (pid 690323)
----------------------------------------------------------------
wandb: [wandb.login()] Loaded credentials for https://api.wandb.ai from /home/vla/.netrc.
wandb: Currently logged in as: karmishthannauth27 (karmishthannauth27-technical-university-of-munich) to https://api.wandb.ai. Use `wandb login --relogin` to force relogin
INFO:__main__:cameras: ['camera_front_wide_120fov']
INFO:__main__:reward mode: traj   route hint: True
wandb: setting up run stage1-job317
wandb: Tracking run with wandb version 0.25.0
wandb: Run data is saved locally in /home/vla/projects/alpamayo2edge/wandb/run-20260914_130849-stage1-job317
wandb: Run `wandb offline` to turn off syncing.
wandb: Syncing run stage1-job317
wandb: ⭐️ View project at https://wandb.ai/karmishthannauth27-technical-university-of-munich/alpamayo2edge
wandb: 🚀 View run at https://wandb.ai/karmishthannauth27-technical-university-of-munich/alpamayo2edge/runs/stage1-job317
INFO:megatron.core.msc_utils:The multistorageclient package is available.
/home/vla/envs/alpamayo2edge/lib/python3.13/site-packages/megatron/core/distributed/fsdp/src/megatron_fsdp/utils.py:108: UserWarning: Transformer Engine and Apex are not installed. Falling back to local implementations of multi_tensor_applier and multi_tensor_scale
  warnings.warn(
INFO:megatron.core.distributed.fsdp.src.megatron_fsdp.megatron_fsdp:Detected Megatron Core, using Megatron-FSDP with Megatron.
INFO:megatron.core.distributed.fsdp.src.megatron_fsdp.param_and_grad_buffer:Detected Megatron Core, using Megatron-FSDP with Megatron.
/home/vla/envs/alpamayo2edge/lib/python3.13/site-packages/megatron/core/optimizer/__init__.py:24: UserWarning: Transformer Engine and Apex are not installed. Falling back to Torch optimizers.
  warnings.warn(
/home/vla/envs/alpamayo2edge/lib/python3.13/site-packages/megatron/core/optimizer/optimizer.py:28: UserWarning: Transformer Engine and Apex are not installed. Falling back to local implementations of multi_tensor_applier and multi_tensor_scale
  warnings.warn(
/home/vla/envs/alpamayo2edge/lib/python3.13/site-packages/megatron/core/optimizer/clip_grads.py:29: UserWarning: Transformer Engine and Apex are not installed. Falling back to local implementations of multi_tensor_applier, multi_tensor_l2norm, and multi_tensor_scale
  warnings.warn(
[09-14 13:08:54|INFO|cosmos_framework/model/generator/omni_mot_model.py:124:__init__] OmniMoTModel: config {'tokenizer': {'bucket_name': 'bucket', 'object_store_credential_path_pretrained': 'credentials/gcp_training.secret', 'vae_path': 'pretrained/tokenizers/video/wan2pt2/Wan2.2_VAE.pth', 'chunk_duration': 93, 'keep_decoder_cache': False, 'use_streaming_encode': False, 'encode_chunk_frames': {'256': 68, '480': 24, '720': 8, '768': 8}, 'encode_exact_durations': [17, 61, 73], 'spatial_compression_factor': 16, 'temporal_compression_factor': 4, 'temporal_window': None, 'encode_bucket_multiple': None, 'causal': True, '_target_': 'cosmos_framework.model.generator.tokenizers.wan2pt2_vae_4x16x16.Wan2pt2VAEInterface'}, 'load_vision_tokenizer': True, 'lidar_tokenizer': None, 'lidar_state_ch': None, 'lidar_fps': None, 'net': None, 'ema': {'enabled': False, 'rate': 0.1, 'iteration_shift': 0, '_type': 'cosmos_framework.configs.base.defaults.ema.EMAConfig'}, 'parallelism': {'data_parallel_shard_degree': -1, 'data_parallel_replicate_degree': 1, 'context_parallel_shard_degree': 1, 'cfg_parallel_shard_degree': 1, 'enable_inference_mode': True, 'fsdp_master_dtype': 'float32', 'fsdp_reduce_dtype': None, '_type': 'cosmos_framework.configs.base.defaults.parallelism.ParallelismConfig'}, 'attention_io_layout': 'sequence_sharded', 'compile': {'enabled': False, 'compiled_region': 'language', 'compile_dynamic': True, 'use_cuda_graphs': False, 'ar_post_saturation_mode': 'default', 'max_autotune_pointwise': False, 'coordinate_descent_tuning': False, '_type': 'cosmos_framework.configs.base.defaults.compile.CompileConfig'}, 'quantization': {'method': None, 'fp8_granularity': 'per_row', 'modelopt_fp8_checkpoint_path': None, 'mixed_precision_first_steps': 0, 'mixed_precision_last_steps': 0, 'mixed_precision_reasoner_policy': 'high_precision', 'mixed_precision_w8a16_cache': 'none', 'include_regex': [], 'exclude_regex': [], 'modelopt_fp8_target_fqns': [], '_type': 'cosmos_framework.configs.base.defaults.quantization.QuantizationConfig'}, 'activation_checkpointing': {'mode': 'none', 'preserve_rng_state': True, 'determinism_check': 'default', 'save_ops_regex': ['fmha'], '_type': 'cosmos_framework.configs.base.defaults.activation_checkpointing.ActivationCheckpointingConfig'}, 'precision': 'bfloat16', 'lora_enabled': False, 'lora_rank': 16, 'lora_alpha': 32, 'lora_target_modules': 'q_proj_moe_gen,k_proj_moe_gen,v_proj_moe_gen,o_proj_moe_gen', 'rectified_flow_training_config': {'shift': {'256': 3, '480': 5, '720': 10}, 'shift_image': None, 'use_dynamic_shift': False, 'train_time_image_distribution': 'logitnormal', 'train_time_video_distribution': 'waver', 'train_time_action_distribution': 'logitnormal', 'train_time_sound_distribution': 'logitnormal', 'train_time_weight': 'uniform', 'loss_scale': 10.0, 'image_loss_scale': None, 'sound_loss_scale': 2.0, 'lidar_loss_scale': None, 'use_discrete_rf': False, 'action_loss_weight': 10.0, 'independent_action_schedule': False, 'shift_action': None, 'independent_sound_schedule': False, 'shift_sound': None, 'normalize_loss_by_active': False, 'sample_level_loss_averaging': False, 'high_sigma_ratio': 0.05, 'high_sigma_timesteps_max': 1000, 'high_sigma_timesteps_min': 995, 'use_high_sigma_strategy': False, 'use_high_sigma_strategy_action': False, 'use_high_sigma_strategy_sound': False, '_type': 'cosmos_framework.configs.base.defaults.model_config.RectifiedFlowTrainingConfig'}, 'rectified_flow_inference_config': {'scheduler_type': 'unipc', 'num_train_timesteps': 1000, 'shift': 1, 'use_dynamic_shifting': False, '_type': 'cosmos_framework.configs.base.defaults.model_config.RectifiedFlowInferenceConfig'}, 'fixed_step_sampler_config': None, 'vlm_config': {'model_name': 'nvidia/Cosmos3-Edge-Reasoner', 'safetensors_path': '', 'pretrained_weights': {'enabled': False, 'backbone_path': 's3://bucket/cosmos3/pretrained/huggingface/nvidia/Cosmos3-Edge-Reasoner-590c1c0/', 'credentials_path': 'credentials/gcp_checkpoint.secret', 'enable_gcs_patch_in_boto3': True, 'checkpoint_format': None, '_type': 'cosmos_framework.configs.base.defaults.reasoner.PretrainedWeightsConfig'}, 'model_instance': {'_target_': 'cosmos_framework.model.generator.mot.unified_mot.Nemotron3DenseVLTextForCausalLM', 'config': {'_target_': 'cosmos_framework.configs.base.defaults.reasoner.create_vlm_config', 'base_config': {'_target_': 'cosmos_framework.model.generator.mot.unified_mot.Nemotron3DenseVLMoTConfig.from_json_file', 'json_file': 'cosmos_framework/model/generator/reasoner/nemotron_3_dense_vl/configs/Nemotron-2B-Dense-VL.json'}, 'include_visual': None, 'qk_norm_for_text': False, 'use_und_k_norm_for_gen': True}}, 'tokenizer': {'repository': None, 'revision': None, 'subdir': '', '_target_': 'cosmos_framework.data.generator.processors.build_processor_lazy', 'tokenizer_type': '/bulk/users/vla/alpamayo2edge/cosmos3-edge'}, 'layer_module': None, 'qk_norm': False, 'tie_word_embeddings': False, 'use_system_prompt': False, '_type': 'cosmos_framework.configs.base.defaults.reasoner.VLMConfig'}, 'diffusion_expert_config': {'timestep_range': 1.0, 'load_weights_from_pretrained': False, 'enable_vision_modality_embeddings': False, 'enable_media_modality_embedding': False, 'enable_sound_modality_embedding': True, 'patch_spatial': 2, 'max_vae_latent_side_after_patchify': 20, 'enable_fps_modulation': True, 'base_fps': 24, 'sound_base_temporal_compression_factor': None, 'vision_temporal_position_mode': 'latent_index', 'unified_3d_mrope_reset_spatial_ids': True, 'unified_3d_mrope_temporal_modality_margin': 15000, '_type': 'cosmos_framework.configs.base.defaults.model_config.DiffusionExpertConfig'}, 'input_video_key': 'video', 'input_image_key': 'images', 'input_caption_key': 'ai_caption', 'state_ch': 48, 'state_t': 300, 'latent_downsample_factor': 16, 'resolution': '480', 'max_num_tokens_after_packing': 74000, 'joint_attn_implementation': 'two_way', 'flex_attention': {'enabled': False, 'backend': 'auto', 'mask': {'attention_scope': 'all_views'}}, 'natten_parameter_list': None, 'video_temporal_causal': False, 'causal_training_strategy': 'none', 'lbl': {'method': 'local', 'coeff_und': None, 'coeff_gen': None, '_type': 'cosmos_framework.configs.base.defaults.model_config.LBLConfig'}, 'vision_gen': True, 'action_gen': True, 'max_action_dim': 64, 'num_embodiment_domains': 32, 'sound_gen': False, 'sound_tokenizer': None, 'sound_dim': None, 'sound_latent_fps': 25, 'enable_input_bias': True, 'log_enc_time_every_n': 100, 'exclude_reasoner_weights_from_checkpoint': False, '_type': 'cosmos_framework.configs.base.defaults.model_config.OmniMoTModelConfig'}
[09-14 13:08:54|WARNING|cosmos_framework/model/generator/omni_mot_model.py:150:set_precision] OmniMoTModel: precision torch.bfloat16
This processor does not use the `size` parameter. It will be ignored.
[09-14 13:08:55|INFO|cosmos_framework/data/generator/processors/base.py:131:__init__] Successfully loaded processor from local cache
[09-14 13:08:55|INFO|cosmos_framework/utils/checkpoint_db.py:338:download] Downloading checkpoint Wan2.2/vae(d4107f13b85b4cf3bba03e02470965f6)
[09-14 13:08:55|INFO|cosmos_framework/utils/checkpoint_db.py:171:_hf_download] uv run --isolated --project /home/vla/projects/cosmos-framework/cosmos_framework/utils/hf_cli --locked --no-default-groups hf download --format=json Wan-AI/Wan2.2-TI2V-5B --repo-type model --revision 921dbaf3f1674a56f47e83fb80a34bac8a8f203e Wan2.2_VAE.pth
Installed 16 packages in 4ms
[09-14 13:08:58|INFO|cosmos_framework/model/generator/tokenizers/wan2pt2_vae_4x16x16.py:1056:_video_vae] loading /bulk/users/vla/alpamayo2edge/hf-cache/models--Wan-AI--Wan2.2-TI2V-5B/snapshots/921dbaf3f1674a56f47e83fb80a34bac8a8f203e/Wan2.2_VAE.pth
[09-14 13:08:58|INFO|cosmos_framework/utils/timer.py:138:_log] Time spent on OmniMoTModel: set_up_tokenizers: 3.93 s
[09-14 13:08:58|INFO|cosmos_framework/utils/generator/parallelism.py:110:_validate] dp_shard auto-inferred to world_size = 1
[09-14 13:08:58|INFO|cosmos_framework/utils/generator/parallelism.py:124:_validate] dp_replicate is set to -1, will be automatically determined based on world_size 1 // dp_shard 1.
[09-14 13:08:58|INFO|cosmos_framework/utils/generator/parallelism.py:129:_validate] dp_replicate is set to 1.
`torch_dtype` is deprecated! Use `dtype` instead!
[09-14 13:08:58|INFO|cosmos_framework/utils/timer.py:138:_log] Time spent on meta to cuda and broadcast model states: 0.06 s
[09-14 13:08:58|INFO|cosmos_framework/utils/timer.py:138:_log] Time spent on Creating PyTorch model and ema if enabled: 0.14 s
[09-14 13:08:58|INFO|cosmos_framework/utils/timer.py:138:_log] Time spent on OmniMoTModel: set_up_model: 0.14 s
/home/vla/envs/alpamayo2edge/lib/python3.13/site-packages/torch/distributed/checkpoint/utils.py:483: UserWarning: torch.distributed is disabled, unavailable or uninitialized, assuming the intent is to load in a single process.
  return func(*args, **kwargs)
[09-14 13:09:00|INFO|../cosmos-framework/cosmos_framework/model/generator/mot/unified_mot.py:2656:_ensure_vision_tower] Edge vision tower: loading from checkpoint-local bundle /bulk/users/vla/alpamayo2edge/cosmos3-edge/vision_encoder
INFO:distill.checkpoint:loaded merged student <- /data/vla/alpamayo2edge/runs/stage1/run-314/best
INFO:__main__:init policy <- /data/vla/alpamayo2edge/runs/stage1/run-314/best (epoch=1 coc_nll=0.5657465898742279)
[09-14 13:09:04|INFO|../cosmos-framework/cosmos_framework/utils/generator/lora.py:164:inject_lora_pre_fsdp] Injecting LoRA on meta device: rank=48, alpha=96, targets=['q_proj', 'k_proj', 'v_proj', 'o_proj']
[09-14 13:09:04|INFO|../cosmos-framework/cosmos_framework/utils/generator/lora.py:184:inject_lora_pre_fsdp] LoRA injection successful: 112 modules wrapped, 19,267,584 trainable LoRA params, 2,818,812,416 frozen base params (0.679% trainable)
INFO:__main__:LoRA: {'wrapped': 112, 'by_leaf': {'q_proj': 28, 'k_proj': 28, 'v_proj': 28, 'o_proj': 28}, 'lora_params': 19267584, 'example': ['0.self_attn.q_proj', '0.self_attn.k_proj', '0.self_attn.v_proj']}
INFO:distill.student.context:image processor: Siglip2ImageProcessorCustom (native Cosmos3-Edge port)
INFO:distill.student.context:image processor: Siglip2ImageProcessorCustom (native Cosmos3-Edge port)
INFO:__main__:train prompts: 18954   val eval windows: 200
INFO:distill.data.sampling:maneuver-stratified sampling, alpha=0.50 (D-036):
INFO:distill.data.sampling:   class              n  uniform  effective
INFO:distill.data.sampling:   FOLLOW          6249    33.0%      20.1%
INFO:distill.data.sampling:   KEEP            3942    20.8%      16.0%
INFO:distill.data.sampling:   STOP            2131    11.2%      11.7%
INFO:distill.data.sampling:   NUDGE           1960    10.3%      11.3%
INFO:distill.data.sampling:   ADAPT_SPEED     1870     9.9%      11.0%
INFO:distill.data.sampling:   TURN             626     3.3%       6.4%
INFO:distill.data.sampling:   ACCELERATE       573     3.0%       6.1%
INFO:distill.data.sampling:   SLOW             494     2.6%       5.7%
INFO:distill.data.sampling:   YIELD            451     2.4%       5.4%
INFO:distill.data.sampling:   LANE_CHANGE      382     2.0%       5.0%
INFO:distill.data.sampling:   UNASSIGNED       276     1.5%       1.5%
INFO:__main__:step 0 val: {"n": 200, "traj_ade": 5.264732220947878, "neg_ade": -5.264732220947878, "traj_decoded": 1.0, "gt_score": 0.4794352363413137, "gt_consistent": 0.7016574585635359, "gt_false_clear": 0.2222222222222222, "hazard_ungrounded": 0.22, "direction_ok": 0.07920792079207921, "maneuver_acc": 0.5721649484536082, "obj_precision": 0.7837837837837838, "termination": 1.0, "mix": {"FOLLOW": 79, "KEEP": 40, "STOP": 28, "NUDGE": 15, "ADAPT_SPEED": 9, "SLOW": 8, "YIELD": 8, "TURN": 7, "ACCELERATE": 4, "LANE_CHANGE": 2}}
/home/vla/projects/alpamayo2edge/src/distill/train_grpo_coc.py:415: UserWarning: Converting a tensor with requires_grad=True to a scalar may lead to unexpected behavior.
Consider using tensor.detach() first. (Triggered internally at /pytorch/torch/csrc/autograd/generated/python_variable_methods.cpp:836.)
  kl_all.append(float((kl * okf).sum() / okf.sum().clamp_min(1)))
INFO:__main__:step 1/200 reward -0.548 [ade 6.25 m decoded 0.99 kin +0.34 dir +0.17] fail 0.02 skip 0.00 kl 0.0000 ce 0.301 |g| 0.63  103s  {'STOP': 32, 'YIELD': 32, 'NUDGE': 20, 'KEEP': 18, 'FOLLOW': 11, None: 5}
INFO:__main__:step 2/200 reward -0.496 [ade 3.89 m decoded 1.00 kin +0.15 dir -0.25] fail 0.00 skip 0.00 kl 0.0003 ce 0.307 |g| 0.24  98s  {'FOLLOW': 71, 'STOP': 27, 'KEEP': 16, 'NUDGE': 6, 'ADAPT_SPEED': 4, 'LANE_CHANGE': 3}
INFO:__main__:step 3/200 reward -0.475 [ade 4.82 m decoded 1.00 kin +0.47 dir -0.13] fail 0.00 skip 0.00 kl 0.0003 ce 0.328 |g| 0.23  99s  {'FOLLOW': 37, 'KEEP': 24, 'SLOW': 20, 'ADAPT_SPEED': 17, 'STOP': 17, 'YIELD': 11}
INFO:__main__:step 4/200 reward -0.373 [ade 3.33 m decoded 1.00 kin +0.44 dir -0.25] fail 0.01 skip 0.00 kl 0.0003 ce 0.246 |g| 0.35  103s  {'STOP': 32, 'KEEP': 24, 'ADAPT_SPEED': 23, 'FOLLOW': 23, 'NUDGE': 16, 'LANE_CHANGE': 6}
INFO:__main__:step 5/200 reward -0.521 [ade 4.70 m decoded 1.00 kin +0.15 dir -0.25] fail 0.00 skip 0.00 kl 0.0003 ce 0.136 |g| 0.25  101s  {'KEEP': 44, 'FOLLOW': 27, 'SLOW': 22, 'STOP': 16, 'NUDGE': 12, 'ADAPT_SPEED': 4}
INFO:__main__:step 6/200 reward -0.597 [ade 4.28 m decoded 1.00 kin -0.09 dir -0.05] fail 0.03 skip 0.00 kl 0.0003 ce 0.326 |g| 0.32  100s  {'FOLLOW': 60, 'KEEP': 44, None: 7, 'NUDGE': 5, 'STOP': 4, 'ACCELERATE': 3}
INFO:__main__:step 7/200 reward -0.544 [ade 4.16 m decoded 1.00 kin -0.04 dir -0.18] fail 0.00 skip 0.00 kl 0.0002 ce 0.237 |g| 0.26  101s  {'FOLLOW': 50, 'STOP': 24, 'ADAPT_SPEED': 22, 'YIELD': 14, 'SLOW': 13, 'KEEP': 3}
INFO:__main__:step 8/200 reward -0.831 [ade 7.69 m decoded 1.00 kin +0.25 dir -0.50] fail 0.00 skip 0.12 kl 0.0003 ce 0.094 |g| 0.21  89s  {'FOLLOW': 44, 'ADAPT_SPEED': 23, 'NUDGE': 19, 'STOP': 16, 'KEEP': 14, 'SLOW': 9}
INFO:__main__:step 9/200 reward -0.789 [ade 7.61 m decoded 1.00 kin -0.04 dir -0.13] fail 0.02 skip 0.00 kl 0.0003 ce 0.409 |g| 0.42  98s  {'TURN': 25, 'ADAPT_SPEED': 23, 'FOLLOW': 21, 'KEEP': 18, 'SLOW': 12, 'STOP': 11}
INFO:__main__:step 10/200 reward -0.562 [ade 3.72 m decoded 1.00 kin -0.19 dir -0.16] fail 0.02 skip 0.00 kl 0.0003 ce 0.261 |g| 0.36  102s  {'FOLLOW': 36, 'KEEP': 31, 'YIELD': 21, 'ACCELERATE': 17, 'TURN': 11, 'ADAPT_SPEED': 10}
INFO:__main__:step 11/200 reward -0.524 [ade 7.77 m decoded 1.00 kin -0.00 dir -0.10] fail 0.00 skip 0.00 kl 0.0003 ce 0.219 |g| 0.26  100s  {'FOLLOW': 37, 'STOP': 32, 'ADAPT_SPEED': 18, 'KEEP': 15, 'TURN': 13, 'NUDGE': 10}
INFO:__main__:step 12/200 reward -0.414 [ade 3.42 m decoded 1.00 kin +0.19 dir -0.19] fail 0.00 skip 0.00 kl 0.0003 ce 0.377 |g| 0.31  99s  {'FOLLOW': 48, 'YIELD': 32, 'ADAPT_SPEED': 19, 'SLOW': 14, 'KEEP': 12, 'STOP': 3}
INFO:__main__:step 13/200 reward -0.502 [ade 3.62 m decoded 1.00 kin -0.15 dir -0.14] fail 0.00 skip 0.00 kl 0.0003 ce 0.131 |g| 0.22  101s  {'KEEP': 40, 'ADAPT_SPEED': 28, 'NUDGE': 22, 'FOLLOW': 18, 'ACCELERATE': 14, None: 2}
INFO:__main__:step 14/200 reward -0.766 [ade 7.33 m decoded 1.00 kin +0.21 dir -0.23] fail 0.01 skip 0.00 kl 0.0004 ce 0.441 |g| 0.38  103s  {'FOLLOW': 64, 'ADAPT_SPEED': 19, 'STOP': 16, 'KEEP': 13, 'NUDGE': 13, 'LANE_CHANGE': 2}
INFO:__main__:step 15/200 reward -0.519 [ade 5.52 m decoded 1.00 kin +0.13 dir -0.04] fail 0.00 skip 0.12 kl 0.0003 ce 0.268 |g| 0.24  92s  {'FOLLOW': 47, 'STOP': 32, 'KEEP': 31, 'ADAPT_SPEED': 13, 'NUDGE': 3, 'SLOW': 2}
INFO:__main__:step 16/200 reward -0.494 [ade 5.30 m decoded 1.00 kin +0.23 dir -0.30] fail 0.00 skip 0.00 kl 0.0003 ce 0.351 |g| 0.39  105s  {'KEEP': 44, 'ADAPT_SPEED': 21, 'FOLLOW': 16, 'STOP': 16, 'NUDGE': 16, 'TURN': 15}
INFO:__main__:step 17/200 reward -0.417 [ade 3.51 m decoded 1.00 kin +0.23 dir -0.17] fail 0.00 skip 0.00 kl 0.0003 ce 0.210 |g| 0.22  101s  {'FOLLOW': 68, 'STOP': 22, 'ACCELERATE': 14, 'YIELD': 12, 'NUDGE': 11, 'KEEP': 1}
INFO:__main__:step 18/200 reward -0.628 [ade 6.11 m decoded 1.00 kin +0.24 dir -0.25] fail 0.01 skip 0.00 kl 0.0004 ce 0.312 |g| 0.34  100s  {'FOLLOW': 36, 'NUDGE': 28, 'KEEP': 19, 'STOP': 17, 'YIELD': 16, 'ADAPT_SPEED': 6}
INFO:__main__:step 19/200 reward -0.624 [ade 6.36 m decoded 1.00 kin +0.02 dir -0.10] fail 0.00 skip 0.00 kl 0.0003 ce 0.220 |g| 0.31  103s  {'FOLLOW': 36, 'STOP': 32, 'KEEP': 23, 'ADAPT_SPEED': 16, 'YIELD': 9, 'NUDGE': 7}
INFO:__main__:step 20/200 reward -0.424 [ade 3.73 m decoded 1.00 kin +0.22 dir -0.20] fail 0.00 skip 0.00 kl 0.0003 ce 0.199 |g| 0.35  103s  {'KEEP': 39, 'NUDGE': 22, 'FOLLOW': 18, 'STOP': 16, 'YIELD': 16, 'SLOW': 15}
INFO:__main__:step 21/200 reward -0.352 [ade 3.68 m decoded 1.00 kin +0.49 dir -0.14] fail 0.00 skip 0.00 kl 0.0004 ce 0.507 |g| 0.29  97s  {'KEEP': 33, 'STOP': 32, 'FOLLOW': 30, 'NUDGE': 13, 'SLOW': 11, 'YIELD': 5}
INFO:__main__:step 22/200 reward -0.603 [ade 6.57 m decoded 1.00 kin +0.26 dir +0.04] fail 0.01 skip 0.00 kl 0.0004 ce 0.165 |g| 0.28  100s  {'ADAPT_SPEED': 26, 'FOLLOW': 22, 'NUDGE': 18, 'KEEP': 16, 'TURN': 15, 'ACCELERATE': 11}
INFO:__main__:step 23/200 reward -0.308 [ade 2.79 m decoded 1.00 kin +0.24 dir -0.12] fail 0.00 skip 0.00 kl 0.0004 ce 0.314 |g| 0.26  102s  {'FOLLOW': 98, 'STOP': 16, 'KEEP': 5, 'SLOW': 4, 'NUDGE': 3, 'YIELD': 2}
INFO:__main__:step 24/200 reward -0.551 [ade 5.82 m decoded 1.00 kin +0.38 dir -0.09] fail 0.00 skip 0.00 kl 0.0004 ce 0.289 |g| 0.36  103s  {'KEEP': 62, 'FOLLOW': 26, 'ADAPT_SPEED': 17, 'YIELD': 16, 'NUDGE': 5, 'SLOW': 2}
INFO:__main__:step 25/200 reward -0.528 [ade 3.91 m decoded 1.00 kin -0.12 dir -0.21] fail 0.01 skip 0.00 kl 0.0005 ce 0.300 |g| 0.37  98s  {'KEEP': 38, 'FOLLOW': 30, 'SLOW': 21, 'YIELD': 16, 'ADAPT_SPEED': 12, 'NUDGE': 5}
INFO:__main__:step 25 val: {"n": 200, "traj_ade": 5.345209764958022, "neg_ade": -5.345209764958022, "traj_decoded": 1.0, "gt_score": 0.6086691086691087, "gt_consistent": 0.7197802197802198, "gt_false_clear": 0.1111111111111111, "hazard_ungrounded": 0.22929936305732485, "direction_ok": 0.06930693069306931, "maneuver_acc": 0.5979381443298969, "obj_precision": 0.7645161290322581, "termination": 1.0, "mix": {"FOLLOW": 85, "KEEP": 36, "STOP": 26, "NUDGE": 15, "ADAPT_SPEED": 12, "YIELD": 10, "TURN": 6, "SLOW": 5, "LANE_CHANGE": 2, "null": 2, "ACCELERATE": 1}}
INFO:__main__:step 26/200 reward -0.598 [ade 5.34 m decoded 1.00 kin +0.41 dir -0.12] fail 0.02 skip 0.00 kl 0.0006 ce 0.399 |g| 0.53  102s  {'FOLLOW': 26, 'SLOW': 23, 'ADAPT_SPEED': 16, 'STOP': 16, 'NUDGE': 14, 'TURN': 14}
INFO:__main__:step 27/200 reward -0.471 [ade 4.47 m decoded 1.00 kin +0.25 dir -0.25] fail 0.00 skip 0.12 kl 0.0004 ce 0.279 |g| 0.21  96s  {'KEEP': 61, 'FOLLOW': 35, 'ADAPT_SPEED': 16, 'YIELD': 15, 'STOP': 1}
INFO:__main__:step 28/200 reward -0.551 [ade 5.44 m decoded 1.00 kin +0.38 dir -0.23] fail 0.00 skip 0.00 kl 0.0006 ce 0.499 |g| 0.27  104s  {'KEEP': 64, 'FOLLOW': 24, 'STOP': 13, 'ADAPT_SPEED': 10, 'SLOW': 6, 'NUDGE': 6}
INFO:__main__:step 29/200 reward -0.420 [ade 3.71 m decoded 1.00 kin +0.09 dir -0.03] fail 0.00 skip 0.00 kl 0.0005 ce 0.519 |g| 0.29  104s  {'FOLLOW': 50, 'KEEP': 36, 'NUDGE': 15, 'STOP': 15, 'ADAPT_SPEED': 7, 'LANE_CHANGE': 3}
INFO:__main__:step 30/200 reward -0.680 [ade 6.25 m decoded 1.00 kin +0.13 dir -0.18] fail 0.05 skip 0.00 kl 0.0006 ce 0.268 |g| 0.34  100s  {'KEEP': 33, 'ADAPT_SPEED': 24, 'NUDGE': 16, 'STOP': 16, 'SLOW': 15, None: 8}
INFO:__main__:step 31/200 reward -0.712 [ade 7.42 m decoded 1.00 kin -0.12 dir -0.16] fail 0.00 skip 0.00 kl 0.0007 ce 0.315 |g| 0.30  99s  {'ADAPT_SPEED': 29, 'FOLLOW': 20, 'STOP': 20, 'KEEP': 19, 'YIELD': 16, 'ACCELERATE': 11}
INFO:__main__:step 32/200 reward -0.620 [ade 3.62 m decoded 0.99 kin -0.30 dir -0.33] fail 0.01 skip 0.00 kl 0.0009 ce 0.591 |g| 0.38  100s  {'SLOW': 28, 'KEEP': 25, 'NUDGE': 23, 'ACCELERATE': 23, 'YIELD': 10, 'FOLLOW': 8}
INFO:__main__:step 33/200 reward -0.553 [ade 7.66 m decoded 1.00 kin +0.47 dir -0.16] fail 0.00 skip 0.12 kl 0.0008 ce 0.130 |g| 0.33  93s  {'FOLLOW': 77, 'STOP': 16, 'ACCELERATE': 14, 'SLOW': 14, 'KEEP': 5, 'TURN': 2}
INFO:__main__:step 34/200 reward -0.627 [ade 4.64 m decoded 1.00 kin -0.19 dir -0.25] fail 0.01 skip 0.00 kl 0.0008 ce 0.244 |g| 0.33  101s  {'STOP': 38, 'FOLLOW': 33, 'ADAPT_SPEED': 15, 'SLOW': 15, 'KEEP': 11, 'YIELD': 9}
INFO:__main__:step 35/200 reward -0.541 [ade 5.14 m decoded 1.00 kin +0.15 dir -0.12] fail 0.00 skip 0.12 kl 0.0009 ce 0.150 |g| 0.27  96s  {'TURN': 28, 'NUDGE': 27, 'FOLLOW': 20, 'STOP': 17, 'KEEP': 15, 'YIELD': 15}
INFO:__main__:step 36/200 reward -0.458 [ade 4.59 m decoded 1.00 kin +0.33 dir -0.24] fail 0.00 skip 0.12 kl 0.0007 ce 0.451 |g| 0.33  90s  {'KEEP': 58, 'FOLLOW': 31, 'ADAPT_SPEED': 20, 'YIELD': 15, 'SLOW': 2, 'STOP': 1}
INFO:__main__:step 37/200 reward -0.569 [ade 4.95 m decoded 1.00 kin +0.06 dir -0.26] fail 0.00 skip 0.00 kl 0.0010 ce 0.291 |g| 0.27  101s  {'KEEP': 36, 'FOLLOW': 36, 'ACCELERATE': 31, 'STOP': 16, 'TURN': 5, 'ADAPT_SPEED': 2}
INFO:__main__:step 38/200 reward -0.693 [ade 6.11 m decoded 1.00 kin +0.07 dir -0.27] fail 0.02 skip 0.12 kl 0.0009 ce 0.231 |g| 0.35  97s  {'KEEP': 40, 'FOLLOW': 34, 'NUDGE': 16, 'STOP': 12, 'ADAPT_SPEED': 7, 'TURN': 7}
INFO:__main__:step 39/200 reward -0.381 [ade 4.75 m decoded 1.00 kin +0.25 dir -0.10] fail 0.01 skip 0.00 kl 0.0011 ce 0.393 |g| 0.42  106s  {'FOLLOW': 51, 'NUDGE': 36, 'KEEP': 15, 'ADAPT_SPEED': 11, 'SLOW': 5, None: 3}
INFO:__main__:step 40/200 reward -0.692 [ade 7.05 m decoded 0.98 kin -0.01 dir -0.02] fail 0.02 skip 0.00 kl 0.0013 ce 0.320 |g| 0.38  106s  {'YIELD': 35, 'NUDGE': 25, 'ADAPT_SPEED': 18, 'KEEP': 17, 'TURN': 14, 'FOLLOW': 11}
INFO:__main__:step 41/200 reward -0.555 [ade 4.87 m decoded 1.00 kin +0.31 dir -0.12] fail 0.02 skip 0.12 kl 0.0010 ce 0.172 |g| 0.30  93s  {'KEEP': 57, 'FOLLOW': 36, 'NUDGE': 16, 'LANE_CHANGE': 6, None: 5, 'ADAPT_SPEED': 4}
INFO:__main__:step 42/200 reward -0.485 [ade 4.13 m decoded 1.00 kin +0.18 dir -0.12] fail 0.00 skip 0.00 kl 0.0010 ce 0.459 |g| 0.32  97s  {'SLOW': 44, 'FOLLOW': 35, 'KEEP': 20, 'NUDGE': 18, 'YIELD': 11}
INFO:__main__:step 43/200 reward -0.608 [ade 7.05 m decoded 1.00 kin -0.00 dir -0.12] fail 0.00 skip 0.12 kl 0.0011 ce 0.154 |g| 0.26  90s  {'STOP': 32, 'FOLLOW': 22, 'ADAPT_SPEED': 22, 'NUDGE': 17, 'SLOW': 15, 'KEEP': 14}
INFO:__main__:step 44/200 reward -0.499 [ade 5.36 m decoded 1.00 kin +0.36 dir -0.31] fail 0.01 skip 0.00 kl 0.0011 ce 0.461 |g| 0.29  101s  {'STOP': 32, 'FOLLOW': 32, 'KEEP': 30, 'ADAPT_SPEED': 19, 'ACCELERATE': 13, 'SLOW': 1}
INFO:__main__:step 45/200 reward -0.209 [ade 2.41 m decoded 1.00 kin +0.36 dir +0.00] fail 0.00 skip 0.00 kl 0.0012 ce 0.126 |g| 0.30  97s  {'KEEP': 37, 'STOP': 32, 'FOLLOW': 28, 'YIELD': 15, 'NUDGE': 9, 'SLOW': 7}
INFO:__main__:step 46/200 reward -0.572 [ade 6.12 m decoded 0.99 kin +0.35 dir -0.18] fail 0.02 skip 0.00 kl 0.0019 ce 0.327 |g| 0.47  106s  {'KEEP': 48, 'STOP': 18, 'SLOW': 16, 'ACCELERATE': 14, 'TURN': 12, 'NUDGE': 7}
INFO:__main__:step 47/200 reward -0.741 [ade 8.36 m decoded 0.99 kin +0.15 dir -0.02] fail 0.02 skip 0.25 kl 0.0015 ce 0.204 |g| 0.36  88s  {'FOLLOW': 48, 'STOP': 25, 'ACCELERATE': 17, 'TURN': 14, 'ADAPT_SPEED': 9, 'SLOW': 5}
INFO:__main__:step 48/200 reward -0.388 [ade 4.53 m decoded 1.00 kin +0.48 dir -0.13] fail 0.00 skip 0.12 kl 0.0011 ce 0.131 |g| 0.24  94s  {'STOP': 44, 'FOLLOW': 31, 'ADAPT_SPEED': 24, 'NUDGE': 16, 'ACCELERATE': 6, 'KEEP': 5}
INFO:__main__:step 49/200 reward -0.708 [ade 6.44 m decoded 1.00 kin +0.04 dir -0.30] fail 0.02 skip 0.00 kl 0.0013 ce 0.531 |g| 0.38  98s  {'KEEP': 68, 'NUDGE': 20, 'ADAPT_SPEED': 18, 'FOLLOW': 11, 'SLOW': 3, None: 3}
INFO:__main__:step 50/200 reward -0.437 [ade 6.01 m decoded 1.00 kin +0.43 dir -0.12] fail 0.00 skip 0.00 kl 0.0013 ce 0.273 |g| 0.31  99s  {'FOLLOW': 46, 'STOP': 26, 'KEEP': 21, 'NUDGE': 13, 'ADAPT_SPEED': 13, 'SLOW': 5}
INFO:__main__:step 50 val: {"n": 200, "traj_ade": 5.03038643118746, "neg_ade": -5.03038643118746, "traj_decoded": 1.0, "gt_score": 0.5875968992248062, "gt_consistent": 0.7209302325581395, "gt_false_clear": 0.13333333333333333, "hazard_ungrounded": 0.2080536912751678, "direction_ok": 0.10891089108910891, "maneuver_acc": 0.5927835051546392, "obj_precision": 0.8038548752834468, "termination": 1.0, "mix": {"FOLLOW": 75, "KEEP": 38, "STOP": 24, "NUDGE": 23, "ADAPT_SPEED": 9, "YIELD": 9, "TURN": 8, "SLOW": 8, "LANE_CHANGE": 3, "ACCELERATE": 3}}
INFO:__main__:step 51/200 reward -0.409 [ade 3.81 m decoded 1.00 kin +0.48 dir -0.22] fail 0.01 skip 0.00 kl 0.0015 ce 0.372 |g| 0.36  104s  {'KEEP': 46, 'STOP': 31, 'SLOW': 18, 'FOLLOW': 15, 'ADAPT_SPEED': 6, 'NUDGE': 5}
INFO:__main__:step 52/200 reward -0.561 [ade 4.24 m decoded 1.00 kin -0.13 dir -0.19] fail 0.00 skip 0.00 kl 0.0015 ce 0.226 |g| 0.27  102s  {'KEEP': 26, 'SLOW': 26, 'ADAPT_SPEED': 20, 'FOLLOW': 17, 'TURN': 16, 'NUDGE': 16}
INFO:__main__:step 53/200 reward -0.424 [ade 3.94 m decoded 1.00 kin +0.34 dir -0.13] fail 0.00 skip 0.00 kl 0.0016 ce 0.144 |g| 0.23  102s  {'ADAPT_SPEED': 32, 'YIELD': 26, 'FOLLOW': 18, 'STOP': 17, 'KEEP': 16, 'ACCELERATE': 14}
INFO:__main__:step 54/200 reward -0.517 [ade 5.75 m decoded 1.00 kin +0.45 dir -0.05] fail 0.00 skip 0.00 kl 0.0021 ce 0.324 |g| 0.44  98s  {'STOP': 48, 'ACCELERATE': 16, 'TURN': 16, 'FOLLOW': 14, 'NUDGE': 13, 'YIELD': 11}
INFO:__main__:step 55/200 reward -0.555 [ade 7.79 m decoded 1.00 kin +0.55 dir -0.01] fail 0.00 skip 0.00 kl 0.0028 ce 0.317 |g| 0.38  98s  {'FOLLOW': 50, 'STOP': 25, 'ADAPT_SPEED': 16, 'KEEP': 16, 'TURN': 15, 'NUDGE': 4}
INFO:__main__:step 56/200 reward -0.810 [ade 8.48 m decoded 1.00 kin -0.06 dir -0.30] fail 0.00 skip 0.25 kl 0.0017 ce 0.276 |g| 0.29  87s  {'KEEP': 32, 'STOP': 31, 'NUDGE': 28, 'FOLLOW': 18, 'SLOW': 13, 'YIELD': 6}
INFO:__main__:step 57/200 reward -0.742 [ade 6.95 m decoded 1.00 kin +0.16 dir -0.28] fail 0.01 skip 0.00 kl 0.0017 ce 0.065 |g| 0.34  101s  {'FOLLOW': 44, 'KEEP': 42, 'ADAPT_SPEED': 15, 'YIELD': 12, 'ACCELERATE': 10, None: 3}
INFO:__main__:step 58/200 reward -0.312 [ade 3.29 m decoded 1.00 kin +0.46 dir -0.07] fail 0.00 skip 0.00 kl 0.0022 ce 0.190 |g| 0.34  100s  {'FOLLOW': 54, 'ACCELERATE': 18, 'KEEP': 13, 'ADAPT_SPEED': 12, 'NUDGE': 10, 'SLOW': 9}
INFO:__main__:step 59/200 reward -0.402 [ade 3.70 m decoded 1.00 kin +0.11 dir -0.04] fail 0.00 skip 0.00 kl 0.0019 ce 0.159 |g| 0.41  94s  {'FOLLOW': 46, 'STOP': 24, 'NUDGE': 16, None: 16, 'ACCELERATE': 10, 'KEEP': 10}
INFO:__main__:step 60/200 reward -0.613 [ade 5.19 m decoded 1.00 kin +0.02 dir +0.02] fail 0.00 skip 0.00 kl 0.0019 ce 0.429 |g| 0.26  103s  {'FOLLOW': 46, 'STOP': 34, 'KEEP': 18, 'SLOW': 16, 'ADAPT_SPEED': 6, 'TURN': 4}
INFO:__main__:step 61/200 reward -0.352 [ade 3.32 m decoded 0.98 kin +0.37 dir -0.06] fail 0.05 skip 0.00 kl 0.0018 ce 0.345 |g| 0.34  104s  {'FOLLOW': 54, 'KEEP': 47, None: 12, 'NUDGE': 9, 'SLOW': 2, 'LANE_CHANGE': 2}
INFO:__main__:step 62/200 reward -0.329 [ade 2.59 m decoded 1.00 kin +0.27 dir -0.30] fail 0.00 skip 0.00 kl 0.0020 ce 0.474 |g| 0.32  101s  {'FOLLOW': 48, 'KEEP': 40, 'NUDGE': 15, 'STOP': 11, 'ADAPT_SPEED': 8, 'YIELD': 5}
INFO:__main__:step 63/200 reward -0.551 [ade 5.31 m decoded 1.00 kin +0.10 dir -0.09] fail 0.00 skip 0.12 kl 0.0022 ce 0.205 |g| 0.23  91s  {'FOLLOW': 58, 'STOP': 32, 'ADAPT_SPEED': 16, 'TURN': 11, 'LANE_CHANGE': 9, 'NUDGE': 2}
INFO:__main__:step 64/200 reward -0.539 [ade 5.19 m decoded 1.00 kin +0.29 dir -0.34] fail 0.01 skip 0.00 kl 0.0023 ce 0.245 |g| 0.33  100s  {'FOLLOW': 85, 'NUDGE': 18, 'STOP': 11, 'ADAPT_SPEED': 5, 'YIELD': 3, 'SLOW': 3}
INFO:__main__:step 65/200 reward -0.524 [ade 6.25 m decoded 0.99 kin +0.46 dir +0.02] fail 0.02 skip 0.12 kl 0.0033 ce 0.266 |g| 0.42  96s  {'FOLLOW': 52, 'NUDGE': 31, 'STOP': 17, 'KEEP': 8, 'ACCELERATE': 5, 'TURN': 4}
INFO:__main__:step 66/200 reward -0.488 [ade 4.31 m decoded 1.00 kin +0.29 dir -0.09] fail 0.02 skip 0.00 kl 0.0031 ce 0.383 |g| 0.39  101s  {'FOLLOW': 35, 'YIELD': 17, 'TURN': 17, 'STOP': 17, 'SLOW': 16, 'NUDGE': 9}
INFO:__main__:step 67/200 reward -0.412 [ade 3.42 m decoded 1.00 kin -0.05 dir -0.09] fail 0.01 skip 0.00 kl 0.0027 ce 0.227 |g| 0.45  98s  {'KEEP': 34, 'FOLLOW': 28, 'ACCELERATE': 17, 'STOP': 16, 'TURN': 14, 'SLOW': 12}
INFO:__main__:step 68/200 reward -0.379 [ade 3.60 m decoded 1.00 kin +0.46 dir -0.36] fail 0.00 skip 0.00 kl 0.0029 ce 0.226 |g| 0.36  98s  {'KEEP': 40, 'FOLLOW': 36, 'ACCELERATE': 18, 'STOP': 13, 'NUDGE': 11, 'ADAPT_SPEED': 10}
INFO:__main__:step 69/200 reward -0.328 [ade 2.65 m decoded 1.00 kin +0.14 dir +0.05] fail 0.03 skip 0.00 kl 0.0026 ce 0.372 |g| 0.42  101s  {'KEEP': 48, 'FOLLOW': 42, 'YIELD': 18, None: 6, 'ADAPT_SPEED': 5, 'ACCELERATE': 4}
INFO:__main__:step 70/200 reward -0.331 [ade 3.20 m decoded 1.00 kin +0.23 dir -0.12] fail 0.01 skip 0.00 kl 0.0027 ce 0.535 |g| 0.45  104s  {'KEEP': 68, 'YIELD': 19, 'ADAPT_SPEED': 12, 'FOLLOW': 8, 'NUDGE': 6, 'SLOW': 5}
INFO:__main__:step 71/200 reward -0.299 [ade 3.40 m decoded 1.00 kin +0.41 dir +0.14] fail 0.01 skip 0.00 kl 0.0051 ce 0.381 |g| 0.45  98s  {'FOLLOW': 34, 'TURN': 32, 'KEEP': 26, 'ADAPT_SPEED': 15, 'ACCELERATE': 5, 'NUDGE': 4}
INFO:__main__:step 72/200 reward -0.597 [ade 4.26 m decoded 1.00 kin -0.18 dir -0.21] fail 0.00 skip 0.00 kl 0.0032 ce 0.255 |g| 0.31  104s  {'FOLLOW': 33, 'ADAPT_SPEED': 29, 'STOP': 16, 'KEEP': 14, 'LANE_CHANGE': 14, 'NUDGE': 13}
INFO:__main__:step 73/200 reward -0.401 [ade 4.25 m decoded 1.00 kin +0.37 dir -0.07] fail 0.00 skip 0.00 kl 0.0035 ce 0.457 |g| 0.19  100s  {'FOLLOW': 74, 'KEEP': 20, 'STOP': 17, 'ACCELERATE': 11, 'NUDGE': 4, 'TURN': 1}
INFO:__main__:step 74/200 reward -0.336 [ade 3.49 m decoded 1.00 kin +0.29 dir -0.04] fail 0.00 skip 0.00 kl 0.0034 ce 0.229 |g| 0.27  102s  {'FOLLOW': 69, 'NUDGE': 16, 'YIELD': 14, 'STOP': 12, 'KEEP': 7, 'ACCELERATE': 6}
INFO:__main__:step 75/200 reward -0.395 [ade 5.57 m decoded 1.00 kin +0.50 dir -0.15] fail 0.00 skip 0.12 kl 0.0036 ce 0.269 |g| 0.29  95s  {'KEEP': 34, 'FOLLOW': 32, 'NUDGE': 26, 'STOP': 16, 'ADAPT_SPEED': 16, 'LANE_CHANGE': 2}
INFO:__main__:step 75 val: {"n": 200, "traj_ade": 4.654668875181434, "neg_ade": -4.654668875181434, "traj_decoded": 1.0, "gt_score": 0.5159090909090909, "gt_consistent": 0.7159090909090909, "gt_false_clear": 0.2, "hazard_ungrounded": 0.2348993288590604, "direction_ok": 0.0891089108910891, "maneuver_acc": 0.6082474226804123, "obj_precision": 0.8049886621315192, "termination": 1.0, "mix": {"FOLLOW": 80, "KEEP": 35, "STOP": 24, "NUDGE": 18, "YIELD": 10, "ADAPT_SPEED": 9, "TURN": 8, "SLOW": 8, "ACCELERATE": 5, "LANE_CHANGE": 3}}
INFO:__main__:step 76/200 reward -0.632 [ade 5.81 m decoded 1.00 kin +0.14 dir -0.25] fail 0.00 skip 0.00 kl 0.0046 ce 0.464 |g| 0.47  104s  {'YIELD': 34, 'ADAPT_SPEED': 21, 'FOLLOW': 20, 'KEEP': 20, 'SLOW': 17, 'TURN': 8}
INFO:__main__:step 77/200 reward -0.457 [ade 3.54 m decoded 1.00 kin +0.25 dir -0.35] fail 0.01 skip 0.00 kl 0.0069 ce 0.298 |g| 0.47  102s  {'FOLLOW': 37, 'TURN': 33, 'NUDGE': 30, 'KEEP': 10, None: 9, 'ADAPT_SPEED': 5}
INFO:__main__:step 78/200 reward -0.287 [ade 2.68 m decoded 1.00 kin +0.37 dir -0.20] fail 0.00 skip 0.00 kl 0.0041 ce 0.143 |g| 0.32  95s  {'KEEP': 37, 'FOLLOW': 28, 'TURN': 24, 'ADAPT_SPEED': 16, 'SLOW': 15, 'ACCELERATE': 7}
INFO:__main__:step 79/200 reward -0.814 [ade 6.67 m decoded 1.00 kin +0.21 dir -0.23] fail 0.02 skip 0.00 kl 0.0064 ce 0.189 |g| 0.57  101s  {'FOLLOW': 38, 'NUDGE': 30, 'KEEP': 19, 'STOP': 13, 'ACCELERATE': 10, 'TURN': 7}
INFO:__main__:step 80/200 reward -0.494 [ade 4.59 m decoded 1.00 kin +0.20 dir -0.10] fail 0.00 skip 0.00 kl 0.0039 ce 0.302 |g| 0.42  104s  {'KEEP': 40, 'FOLLOW': 38, 'STOP': 19, 'ADAPT_SPEED': 19, 'LANE_CHANGE': 8, 'NUDGE': 3}
INFO:__main__:step 81/200 reward -0.448 [ade 3.61 m decoded 0.99 kin +0.17 dir -0.17] fail 0.01 skip 0.00 kl 0.0042 ce 0.333 |g| 0.30  97s  {'FOLLOW': 57, 'KEEP': 32, 'NUDGE': 16, 'YIELD': 14, 'STOP': 3, 'ADAPT_SPEED': 3}
INFO:__main__:step 82/200 reward -0.605 [ade 4.56 m decoded 1.00 kin -0.14 dir -0.25] fail 0.01 skip 0.00 kl 0.0053 ce 0.338 |g| 0.45  107s  {'FOLLOW': 58, 'STOP': 16, 'ACCELERATE': 16, 'TURN': 13, 'KEEP': 9, 'SLOW': 8}
INFO:__main__:step 83/200 reward -0.458 [ade 3.64 m decoded 1.00 kin +0.13 dir -0.31] fail 0.00 skip 0.00 kl 0.0036 ce 0.474 |g| 0.25  95s  {'FOLLOW': 48, 'ADAPT_SPEED': 31, 'KEEP': 17, 'SLOW': 16, 'NUDGE': 16}
INFO:__main__:step 84/200 reward -0.552 [ade 4.62 m decoded 1.00 kin +0.25 dir -0.25] fail 0.00 skip 0.00 kl 0.0041 ce 0.407 |g| 0.30  98s  {'YIELD': 42, 'ADAPT_SPEED': 31, 'FOLLOW': 22, 'KEEP': 16, 'NUDGE': 15, 'SLOW': 2}
INFO:__main__:step 85/200 reward -0.692 [ade 7.77 m decoded 1.00 kin +0.04 dir -0.34] fail 0.01 skip 0.00 kl 0.0046 ce 0.297 |g| 0.36  104s  {'FOLLOW': 43, 'ADAPT_SPEED': 43, 'KEEP': 22, 'NUDGE': 16, 'SLOW': 2, None: 1}
INFO:__main__:step 86/200 reward -0.690 [ade 6.94 m decoded 1.00 kin +0.09 dir -0.19] fail 0.01 skip 0.12 kl 0.0040 ce 0.426 |g| 0.35  95s  {'FOLLOW': 34, 'STOP': 32, 'KEEP': 29, 'ADAPT_SPEED': 15, 'YIELD': 12, 'NUDGE': 3}
INFO:__main__:step 87/200 reward -0.699 [ade 6.68 m decoded 1.00 kin +0.26 dir -0.29] fail 0.00 skip 0.00 kl 0.0050 ce 0.145 |g| 0.40  95s  {'KEEP': 38, 'ADAPT_SPEED': 35, 'FOLLOW': 27, 'TURN': 17, 'SLOW': 6, 'ACCELERATE': 4}
INFO:__main__:step 88/200 reward -0.543 [ade 5.64 m decoded 1.00 kin +0.18 dir -0.29] fail 0.00 skip 0.12 kl 0.0055 ce 0.148 |g| 0.37  91s  {'YIELD': 32, 'ADAPT_SPEED': 21, 'ACCELERATE': 16, 'STOP': 16, 'FOLLOW': 15, 'KEEP': 13}
INFO:__main__:step 89/200 reward -0.589 [ade 5.72 m decoded 1.00 kin +0.25 dir -0.07] fail 0.02 skip 0.00 kl 0.0052 ce 0.287 |g| 0.36  101s  {'KEEP': 47, 'FOLLOW': 19, 'ADAPT_SPEED': 18, 'ACCELERATE': 15, 'STOP': 13, 'NUDGE': 7}
INFO:__main__:step 90/200 reward -0.626 [ade 4.59 m decoded 0.99 kin -0.04 dir -0.25] fail 0.02 skip 0.00 kl 0.0063 ce 0.322 |g| 0.48  100s  {'KEEP': 38, 'FOLLOW': 38, 'YIELD': 31, 'ADAPT_SPEED': 8, None: 4, 'SLOW': 3}
INFO:__main__:step 91/200 reward -0.349 [ade 2.90 m decoded 1.00 kin +0.24 dir -0.15] fail 0.02 skip 0.00 kl 0.0044 ce 0.273 |g| 0.30  101s  {'FOLLOW': 59, 'SLOW': 25, 'KEEP': 14, 'YIELD': 14, None: 4, 'LANE_CHANGE': 4}
INFO:__main__:step 92/200 reward -0.618 [ade 4.03 m decoded 1.00 kin -0.24 dir -0.23] fail 0.01 skip 0.00 kl 0.0054 ce 0.247 |g| 0.39  105s  {'FOLLOW': 45, 'STOP': 30, 'KEEP': 20, 'ADAPT_SPEED': 17, 'SLOW': 10, 'TURN': 2}
INFO:__main__:step 93/200 reward -0.269 [ade 2.59 m decoded 1.00 kin +0.18 dir +0.00] fail 0.00 skip 0.00 kl 0.0058 ce 0.298 |g| 0.28  103s  {'NUDGE': 45, 'STOP': 28, 'KEEP': 28, 'FOLLOW': 27}
INFO:__main__:step 94/200 reward -0.227 [ade 2.97 m decoded 1.00 kin +0.45 dir -0.02] fail 0.00 skip 0.00 kl 0.0065 ce 0.166 |g| 0.21  100s  {'FOLLOW': 53, 'KEEP': 19, 'ADAPT_SPEED': 16, 'STOP': 16, 'TURN': 14, 'NUDGE': 10}
INFO:__main__:step 95/200 reward -0.732 [ade 7.93 m decoded 1.00 kin +0.03 dir -0.19] fail 0.02 skip 0.00 kl 0.0083 ce 0.283 |g| 0.42  102s  {'STOP': 22, 'FOLLOW': 18, 'ACCELERATE': 17, 'KEEP': 17, 'TURN': 15, 'ADAPT_SPEED': 14}
INFO:__main__:step 96/200 reward -0.594 [ade 4.86 m decoded 1.00 kin +0.20 dir -0.20] fail 0.02 skip 0.00 kl 0.0064 ce 0.368 |g| 0.33  103s  {'FOLLOW': 67, 'NUDGE': 20, 'YIELD': 16, 'KEEP': 12, 'SLOW': 3, 'ADAPT_SPEED': 3}
INFO:__main__:step 97/200 reward -0.510 [ade 5.20 m decoded 1.00 kin +0.24 dir +0.00] fail 0.00 skip 0.00 kl 0.0071 ce 0.187 |g| 0.25  96s  {'FOLLOW': 32, 'KEEP': 28, 'STOP': 26, 'NUDGE': 16, 'TURN': 16, 'ADAPT_SPEED': 9}
INFO:__main__:step 98/200 reward -0.489 [ade 5.18 m decoded 1.00 kin +0.42 dir -0.06] fail 0.00 skip 0.00 kl 0.0063 ce 0.212 |g| 0.33  94s  {'KEEP': 31, 'ADAPT_SPEED': 27, 'FOLLOW': 21, 'STOP': 17, 'LANE_CHANGE': 11, 'ACCELERATE': 9}
INFO:__main__:step 99/200 reward -0.530 [ade 4.16 m decoded 0.98 kin +0.23 dir -0.19] fail 0.02 skip 0.00 kl 0.0061 ce 0.196 |g| 0.46  106s  {'KEEP': 54, 'ACCELERATE': 31, 'ADAPT_SPEED': 17, 'NUDGE': 8, 'SLOW': 6, 'YIELD': 5}
INFO:__main__:step 100/200 reward -0.433 [ade 4.88 m decoded 1.00 kin +0.45 dir -0.10] fail 0.01 skip 0.00 kl 0.0075 ce 0.289 |g| 0.33  104s  {'FOLLOW': 47, 'LANE_CHANGE': 25, 'NUDGE': 18, 'STOP': 17, 'KEEP': 16, None: 5}
INFO:__main__:step 100 val: {"n": 200, "traj_ade": 4.783433224544001, "neg_ade": -4.783433224544001, "traj_decoded": 1.0, "gt_score": 0.6108527131782946, "gt_consistent": 0.7441860465116279, "gt_false_clear": 0.13333333333333333, "hazard_ungrounded": 0.22448979591836735, "direction_ok": 0.1782178217821782, "maneuver_acc": 0.5876288659793815, "obj_precision": 0.7971264367816092, "termination": 1.0, "mix": {"FOLLOW": 65, "KEEP": 36, "STOP": 24, "NUDGE": 24, "TURN": 16, "ADAPT_SPEED": 11, "SLOW": 9, "YIELD": 9, "ACCELERATE": 3, "LANE_CHANGE": 3}}
INFO:__main__:step 101/200 reward -0.442 [ade 6.99 m decoded 1.00 kin +0.30 dir -0.03] fail 0.02 skip 0.12 kl 0.0066 ce 0.277 |g| 0.35  96s  {'FOLLOW': 41, 'YIELD': 25, 'NUDGE': 20, 'LANE_CHANGE': 13, 'TURN': 11, 'KEEP': 9}
INFO:__main__:step 102/200 reward -0.491 [ade 6.88 m decoded 1.00 kin +0.50 dir -0.03] fail 0.01 skip 0.12 kl 0.0081 ce 0.454 |g| 0.35  96s  {'FOLLOW': 31, 'KEEP': 25, 'TURN': 17, 'STOP': 16, 'ACCELERATE': 16, 'YIELD': 12}
INFO:__main__:step 103/200 reward -0.325 [ade 2.02 m decoded 1.00 kin -0.01 dir -0.05] fail 0.04 skip 0.00 kl 0.0065 ce 0.344 |g| 0.44  103s  {'KEEP': 54, 'STOP': 22, 'ACCELERATE': 17, 'FOLLOW': 15, None: 9, 'LANE_CHANGE': 4}
INFO:__main__:step 104/200 reward -0.663 [ade 4.59 m decoded 1.00 kin -0.23 dir -0.25] fail 0.00 skip 0.00 kl 0.0070 ce 0.316 |g| 0.38  102s  {'ADAPT_SPEED': 39, 'FOLLOW': 30, 'STOP': 16, 'SLOW': 14, 'YIELD': 12, 'KEEP': 10}
INFO:__main__:step 105/200 reward -0.626 [ade 5.10 m decoded 1.00 kin +0.12 dir -0.34] fail 0.00 skip 0.00 kl 0.0062 ce 0.239 |g| 0.27  102s  {'FOLLOW': 71, 'KEEP': 22, 'TURN': 16, 'YIELD': 15, 'NUDGE': 3, 'ADAPT_SPEED': 1}
INFO:__main__:step 106/200 reward -0.383 [ade 4.78 m decoded 1.00 kin +0.57 dir -0.19] fail 0.01 skip 0.12 kl 0.0088 ce 0.241 |g| 0.34  94s  {'FOLLOW': 64, 'YIELD': 18, 'TURN': 13, 'LANE_CHANGE': 12, 'KEEP': 7, 'ADAPT_SPEED': 6}
INFO:__main__:step 107/200 reward -0.581 [ade 5.22 m decoded 1.00 kin +0.14 dir -0.20] fail 0.00 skip 0.12 kl 0.0077 ce 0.211 |g| 0.38  92s  {'KEEP': 36, 'SLOW': 34, 'NUDGE': 19, 'FOLLOW': 12, 'ACCELERATE': 12, 'ADAPT_SPEED': 6}
INFO:__main__:step 108/200 reward -0.399 [ade 3.17 m decoded 1.00 kin +0.19 dir -0.18] fail 0.01 skip 0.00 kl 0.0067 ce 0.316 |g| 0.39  104s  {'STOP': 31, 'ADAPT_SPEED': 28, 'NUDGE': 24, 'FOLLOW': 20, 'SLOW': 12, 'KEEP': 9}
INFO:__main__:step 109/200 reward -0.175 [ade 1.80 m decoded 1.00 kin +0.35 dir -0.15] fail 0.00 skip 0.00 kl 0.0072 ce 0.301 |g| 0.28  104s  {'FOLLOW': 53, 'NUDGE': 36, 'KEEP': 27, 'STOP': 11, 'SLOW': 1}
INFO:__main__:step 110/200 reward -0.607 [ade 5.32 m decoded 1.00 kin +0.06 dir -0.24] fail 0.00 skip 0.00 kl 0.0066 ce 0.357 |g| 0.46  99s  {'KEEP': 36, 'FOLLOW': 35, 'ADAPT_SPEED': 22, 'STOP': 15, 'SLOW': 12, 'YIELD': 6}
INFO:__main__:step 111/200 reward -0.275 [ade 3.82 m decoded 1.00 kin +0.38 dir -0.07] fail 0.00 skip 0.00 kl 0.0064 ce 0.310 |g| 0.26  101s  {'KEEP': 43, 'STOP': 31, 'FOLLOW': 29, 'ACCELERATE': 19, 'ADAPT_SPEED': 4, 'TURN': 1}
INFO:__main__:step 112/200 reward -0.789 [ade 7.63 m decoded 1.00 kin +0.38 dir -0.16] fail 0.00 skip 0.00 kl 0.0094 ce 0.425 |g| 0.40  100s  {'STOP': 44, 'ADAPT_SPEED': 32, 'FOLLOW': 27, 'TURN': 10, 'LANE_CHANGE': 9, 'NUDGE': 4}
INFO:__main__:step 113/200 reward -0.322 [ade 4.62 m decoded 1.00 kin +0.61 dir -0.19] fail 0.00 skip 0.00 kl 0.0065 ce 0.210 |g| 0.19  102s  {'FOLLOW': 32, 'ADAPT_SPEED': 32, 'STOP': 32, 'KEEP': 17, 'SLOW': 15}
INFO:__main__:step 114/200 reward -0.328 [ade 2.89 m decoded 1.00 kin +0.33 dir -0.09] fail 0.02 skip 0.00 kl 0.0076 ce 0.360 |g| 0.40  105s  {'KEEP': 61, 'FOLLOW': 17, 'SLOW': 16, 'STOP': 16, 'NUDGE': 7, 'YIELD': 4}
INFO:__main__:step 115/200 reward -0.524 [ade 4.20 m decoded 1.00 kin +0.09 dir -0.15] fail 0.00 skip 0.00 kl 0.0116 ce 0.393 |g| 0.41  97s  {'KEEP': 28, 'YIELD': 25, 'NUDGE': 20, 'STOP': 16, 'SLOW': 10, 'TURN': 10}
INFO:__main__:step 116/200 reward -0.511 [ade 5.68 m decoded 1.00 kin +0.43 dir -0.06] fail 0.00 skip 0.00 kl 0.0115 ce 0.206 |g| 0.44  100s  {'STOP': 41, 'TURN': 29, 'SLOW': 17, 'KEEP': 15, 'ADAPT_SPEED': 13, 'ACCELERATE': 8}
INFO:__main__:step 117/200 reward -0.687 [ade 10.32 m decoded 1.00 kin +0.32 dir -0.08] fail 0.00 skip 0.00 kl 0.0109 ce 0.451 |g| 0.39  98s  {'ADAPT_SPEED': 31, 'FOLLOW': 26, 'ACCELERATE': 19, 'NUDGE': 18, 'KEEP': 16, 'TURN': 10}
INFO:__main__:step 118/200 reward -0.219 [ade 3.34 m decoded 0.99 kin +0.56 dir +0.15] fail 0.03 skip 0.00 kl 0.0100 ce 0.281 |g| 0.39  99s  {'FOLLOW': 33, 'STOP': 30, 'LANE_CHANGE': 20, 'KEEP': 17, 'YIELD': 11, None: 6}
INFO:__main__:step 119/200 reward -0.477 [ade 3.58 m decoded 1.00 kin +0.33 dir -0.04] fail 0.09 skip 0.00 kl 0.0093 ce 0.260 |g| 0.37  101s  {'ADAPT_SPEED': 27, 'KEEP': 23, 'FOLLOW': 19, 'STOP': 16, 'NUDGE': 15, 'LANE_CHANGE': 15}
INFO:__main__:step 120/200 reward -0.535 [ade 5.37 m decoded 0.99 kin +0.49 dir -0.17] fail 0.02 skip 0.00 kl 0.0096 ce 0.267 |g| 0.34  106s  {'FOLLOW': 46, 'ADAPT_SPEED': 37, 'STOP': 19, 'KEEP': 7, 'LANE_CHANGE': 6, 'TURN': 5}
INFO:__main__:step 121/200 reward -0.608 [ade 4.16 m decoded 1.00 kin -0.07 dir -0.30] fail 0.00 skip 0.00 kl 0.0092 ce 0.338 |g| 0.35  102s  {'FOLLOW': 31, 'KEEP': 27, 'NUDGE': 19, 'ADAPT_SPEED': 16, 'SLOW': 16, 'ACCELERATE': 16}
INFO:__main__:step 122/200 reward -0.253 [ade 3.08 m decoded 1.00 kin +0.39 dir -0.05] fail 0.00 skip 0.00 kl 0.0074 ce 0.342 |g| 0.36  97s  {'FOLLOW': 45, 'KEEP': 37, 'STOP': 19, 'SLOW': 10, 'ADAPT_SPEED': 9, 'ACCELERATE': 6}
INFO:__main__:step 123/200 reward -0.230 [ade 2.68 m decoded 1.00 kin +0.36 dir +0.06] fail 0.00 skip 0.00 kl 0.0078 ce 0.195 |g| 0.29  100s  {'FOLLOW': 46, 'KEEP': 27, 'YIELD': 16, 'LANE_CHANGE': 16, 'ADAPT_SPEED': 14, 'NUDGE': 9}
INFO:__main__:step 124/200 reward -0.492 [ade 7.82 m decoded 0.98 kin +0.24 dir -0.09] fail 0.04 skip 0.00 kl 0.0090 ce 0.278 |g| 0.40  103s  {'ADAPT_SPEED': 49, 'FOLLOW': 31, 'STOP': 10, 'KEEP': 10, 'TURN': 9, None: 7}
INFO:__main__:step 125/200 reward -0.455 [ade 4.59 m decoded 1.00 kin +0.42 dir -0.22] fail 0.00 skip 0.00 kl 0.0097 ce 0.162 |g| 0.35  98s  {'FOLLOW': 45, 'YIELD': 35, 'KEEP': 17, 'ADAPT_SPEED': 10, 'ACCELERATE': 7, None: 5}
INFO:__main__:step 125 val: {"n": 200, "traj_ade": 4.665311042799931, "neg_ade": -4.665311042799931, "traj_decoded": 1.0, "gt_score": 0.5773989898989899, "gt_consistent": 0.7329545454545454, "gt_false_clear": 0.15555555555555556, "hazard_ungrounded": 0.20945945945945946, "direction_ok": 0.2871287128712871, "maneuver_acc": 0.5824742268041238, "obj_precision": 0.8059360730593608, "termination": 1.0, "mix": {"FOLLOW": 61, "KEEP": 31, "STOP": 29, "NUDGE": 19, "TURN": 17, "ADAPT_SPEED": 13, "LANE_CHANGE": 11, "YIELD": 7, "SLOW": 6, "ACCELERATE": 4, "null": 2}}
INFO:__main__:step 126/200 reward -0.481 [ade 4.48 m decoded 1.00 kin +0.21 dir -0.24] fail 0.00 skip 0.12 kl 0.0080 ce 0.151 |g| 0.37  92s  {'FOLLOW': 49, 'KEEP': 26, 'NUDGE': 17, 'SLOW': 15, 'YIELD': 11, 'STOP': 7}
INFO:__main__:step 127/200 reward -0.476 [ade 5.72 m decoded 0.98 kin +0.34 dir +0.09] fail 0.02 skip 0.00 kl 0.0100 ce 0.325 |g| 0.32  100s  {'KEEP': 48, 'NUDGE': 24, 'TURN': 16, 'LANE_CHANGE': 14, 'STOP': 8, 'FOLLOW': 6}
INFO:__main__:step 128/200 reward -0.245 [ade 2.81 m decoded 1.00 kin +0.50 dir -0.07] fail 0.01 skip 0.00 kl 0.0098 ce 0.427 |g| 0.30  103s  {'STOP': 48, 'NUDGE': 28, 'FOLLOW': 19, 'YIELD': 16, 'LANE_CHANGE': 14, None: 2}
INFO:__main__:step 129/200 reward -0.565 [ade 4.71 m decoded 1.00 kin +0.26 dir -0.30] fail 0.00 skip 0.00 kl 0.0095 ce 0.236 |g| 0.34  99s  {'KEEP': 69, 'FOLLOW': 26, 'STOP': 16, 'ADAPT_SPEED': 10, 'NUDGE': 5, 'SLOW': 2}
INFO:__main__:step 130/200 reward -0.301 [ade 2.57 m decoded 1.00 kin +0.33 dir -0.26] fail 0.00 skip 0.00 kl 0.0085 ce 0.271 |g| 0.35  96s  {'FOLLOW': 50, 'ADAPT_SPEED': 34, 'NUDGE': 21, 'KEEP': 10, 'YIELD': 7, 'SLOW': 4}
INFO:__main__:step 131/200 reward -0.398 [ade 4.14 m decoded 1.00 kin +0.06 dir +0.06] fail 0.00 skip 0.00 kl 0.0120 ce 0.334 |g| 0.49  101s  {'FOLLOW': 42, 'KEEP': 30, 'NUDGE': 23, 'SLOW': 8, 'ADAPT_SPEED': 7, 'LANE_CHANGE': 7}
INFO:__main__:step 132/200 reward -0.554 [ade 3.71 m decoded 1.00 kin -0.14 dir -0.23] fail 0.00 skip 0.00 kl 0.0086 ce 0.470 |g| 0.38  98s  {'STOP': 31, 'FOLLOW': 28, 'KEEP': 25, 'YIELD': 16, 'NUDGE': 14, 'SLOW': 13}
INFO:__main__:step 133/200 reward -0.654 [ade 4.68 m decoded 1.00 kin -0.11 dir -0.29] fail 0.01 skip 0.00 kl 0.0107 ce 0.150 |g| 0.45  101s  {'FOLLOW': 44, 'KEEP': 27, 'ACCELERATE': 25, 'TURN': 15, 'ADAPT_SPEED': 10, 'STOP': 3}
INFO:__main__:step 134/200 reward -0.366 [ade 3.46 m decoded 1.00 kin +0.19 dir -0.01] fail 0.00 skip 0.00 kl 0.0117 ce 0.363 |g| 0.49  101s  {'NUDGE': 54, 'ADAPT_SPEED': 21, 'KEEP': 17, 'YIELD': 16, 'SLOW': 9, 'TURN': 4}
INFO:__main__:step 135/200 reward -0.569 [ade 4.58 m decoded 1.00 kin -0.08 dir -0.04] fail 0.03 skip 0.00 kl 0.0102 ce 0.314 |g| 0.40  99s  {'FOLLOW': 33, 'NUDGE': 26, 'KEEP': 23, 'STOP': 23, 'TURN': 5, 'ACCELERATE': 5}
INFO:__main__:step 136/200 reward -0.482 [ade 4.23 m decoded 0.92 kin +0.34 dir +0.07] fail 0.09 skip 0.00 kl 0.0157 ce 0.230 |g| 0.33  101s  {'FOLLOW': 37, 'SLOW': 17, 'TURN': 14, 'NUDGE': 14, None: 12, 'ADAPT_SPEED': 9}
INFO:__main__:step 137/200 reward -0.520 [ade 4.21 m decoded 1.00 kin +0.40 dir -0.25] fail 0.03 skip 0.00 kl 0.0132 ce 0.252 |g| 0.44  102s  {'FOLLOW': 45, 'ADAPT_SPEED': 21, 'KEEP': 17, 'ACCELERATE': 16, 'SLOW': 12, 'NUDGE': 6}
INFO:__main__:step 138/200 reward -0.487 [ade 6.00 m decoded 1.00 kin +0.24 dir -0.00] fail 0.00 skip 0.12 kl 0.0154 ce 0.200 |g| 0.37  92s  {'NUDGE': 28, 'KEEP': 26, 'STOP': 17, 'ADAPT_SPEED': 16, 'TURN': 14, 'FOLLOW': 13}
INFO:__main__:step 139/200 reward -0.260 [ade 3.39 m decoded 1.00 kin +0.50 dir -0.09] fail 0.00 skip 0.00 kl 0.0124 ce 0.109 |g| 0.35  102s  {'KEEP': 62, 'FOLLOW': 39, 'ADAPT_SPEED': 8, 'SLOW': 7, 'TURN': 7, 'YIELD': 2}
INFO:__main__:step 140/200 reward -0.655 [ade 7.42 m decoded 1.00 kin +0.02 dir -0.09] fail 0.00 skip 0.12 kl 0.0133 ce 0.234 |g| 0.40  95s  {'STOP': 31, 'TURN': 17, 'FOLLOW': 16, 'KEEP': 16, 'NUDGE': 15, 'ACCELERATE': 13}
INFO:__main__:step 141/200 reward -0.489 [ade 5.02 m decoded 1.00 kin +0.34 dir -0.20] fail 0.01 skip 0.12 kl 0.0171 ce 0.335 |g| 0.49  93s  {'FOLLOW': 37, 'NUDGE': 19, 'STOP': 18, 'SLOW': 15, 'TURN': 14, 'ACCELERATE': 11}
INFO:__main__:step 142/200 reward -0.425 [ade 4.73 m decoded 1.00 kin +0.23 dir -0.03] fail 0.00 skip 0.00 kl 0.0116 ce 0.339 |g| 0.43  103s  {'STOP': 39, 'FOLLOW': 26, 'ADAPT_SPEED': 16, 'ACCELERATE': 16, 'YIELD': 16, 'KEEP': 10}
INFO:__main__:step 143/200 reward -0.339 [ade 4.65 m decoded 1.00 kin +0.38 dir +0.09] fail 0.01 skip 0.00 kl 0.0113 ce 0.362 |g| 0.44  97s  {'FOLLOW': 43, 'STOP': 32, 'LANE_CHANGE': 21, 'SLOW': 8, 'YIELD': 7, 'TURN': 6}
INFO:__main__:step 144/200 reward -0.488 [ade 4.57 m decoded 1.00 kin -0.10 dir -0.05] fail 0.00 skip 0.12 kl 0.0114 ce 0.228 |g| 0.35  93s  {'FOLLOW': 38, 'KEEP': 30, 'NUDGE': 28, 'STOP': 16, 'SLOW': 10, 'YIELD': 2}
INFO:__main__:step 145/200 reward -0.415 [ade 5.07 m decoded 1.00 kin +0.16 dir -0.16] fail 0.00 skip 0.00 kl 0.0109 ce 0.303 |g| 0.33  103s  {'ADAPT_SPEED': 50, 'FOLLOW': 26, 'STOP': 21, 'KEEP': 17, 'LANE_CHANGE': 6, 'ACCELERATE': 6}
INFO:__main__:step 146/200 reward -0.357 [ade 4.48 m decoded 1.00 kin +0.39 dir +0.04] fail 0.00 skip 0.25 kl 0.0105 ce 0.206 |g| 0.29  83s  {'FOLLOW': 56, 'SLOW': 31, 'LANE_CHANGE': 18, 'NUDGE': 11, 'STOP': 6, 'ADAPT_SPEED': 5}
INFO:__main__:step 147/200 reward -0.438 [ade 4.07 m decoded 1.00 kin +0.07 dir +0.14] fail 0.02 skip 0.00 kl 0.0162 ce 0.191 |g| 0.39  96s  {'FOLLOW': 27, 'KEEP': 26, 'TURN': 18, 'STOP': 16, 'NUDGE': 12, 'LANE_CHANGE': 12}
INFO:__main__:step 148/200 reward -0.617 [ade 5.71 m decoded 1.00 kin +0.13 dir -0.09] fail 0.02 skip 0.12 kl 0.0143 ce 0.337 |g| 0.28  93s  {'KEEP': 36, 'STOP': 23, 'FOLLOW': 22, 'YIELD': 18, 'NUDGE': 17, None: 3}
INFO:__main__:step 149/200 reward -0.216 [ade 2.24 m decoded 1.00 kin +0.21 dir -0.14] fail 0.00 skip 0.00 kl 0.0114 ce 0.143 |g| 0.33  96s  {'STOP': 36, 'KEEP': 28, 'FOLLOW': 22, 'SLOW': 16, 'NUDGE': 12, 'YIELD': 7}
INFO:__main__:step 150/200 reward -0.390 [ade 3.26 m decoded 1.00 kin -0.02 dir -0.05] fail 0.00 skip 0.00 kl 0.0115 ce 0.217 |g| 0.29  94s  {'FOLLOW': 51, 'STOP': 48, 'ACCELERATE': 16, 'KEEP': 9, 'NUDGE': 3, 'LANE_CHANGE': 1}
INFO:__main__:step 150 val: {"n": 200, "traj_ade": 4.700850032410257, "neg_ade": -4.700850032410257, "traj_decoded": 1.0, "gt_score": 0.4846743295019157, "gt_consistent": 0.7068965517241379, "gt_false_clear": 0.2222222222222222, "hazard_ungrounded": 0.21621621621621623, "direction_ok": 0.36633663366336633, "maneuver_acc": 0.5773195876288659, "obj_precision": 0.791095890410959, "termination": 1.0, "mix": {"FOLLOW": 50, "KEEP": 29, "STOP": 27, "TURN": 21, "NUDGE": 19, "LANE_CHANGE": 15, "ADAPT_SPEED": 13, "SLOW": 11, "YIELD": 9, "ACCELERATE": 4, "null": 2}}
INFO:__main__:step 151/200 reward -0.459 [ade 3.57 m decoded 1.00 kin +0.04 dir -0.02] fail 0.02 skip 0.00 kl 0.0143 ce 0.422 |g| 0.56  103s  {'STOP': 37, 'ADAPT_SPEED': 23, 'FOLLOW': 23, 'KEEP': 16, 'SLOW': 14, 'NUDGE': 7}
INFO:__main__:step 152/200 reward -0.426 [ade 4.51 m decoded 1.00 kin +0.22 dir +0.09] fail 0.00 skip 0.00 kl 0.0143 ce 0.170 |g| 0.32  105s  {'FOLLOW': 32, 'ADAPT_SPEED': 28, 'TURN': 20, 'STOP': 16, 'NUDGE': 14, 'SLOW': 11}
INFO:__main__:step 153/200 reward -0.392 [ade 3.36 m decoded 1.00 kin +0.18 dir -0.33] fail 0.00 skip 0.00 kl 0.0137 ce 0.180 |g| 0.50  102s  {'KEEP': 53, 'FOLLOW': 35, 'NUDGE': 32, 'ACCELERATE': 3, 'SLOW': 2, 'ADAPT_SPEED': 2}
INFO:__main__:step 154/200 reward -0.583 [ade 4.84 m decoded 1.00 kin +0.01 dir -0.04] fail 0.00 skip 0.00 kl 0.0154 ce 0.319 |g| 0.43  96s  {'KEEP': 34, 'FOLLOW': 28, 'NUDGE': 24, 'ADAPT_SPEED': 14, 'SLOW': 10, 'ACCELERATE': 9}
INFO:__main__:step 155/200 reward -0.358 [ade 3.68 m decoded 1.00 kin +0.21 dir +0.11] fail 0.00 skip 0.00 kl 0.0196 ce 0.621 |g| 0.49  103s  {'FOLLOW': 24, 'LANE_CHANGE': 24, 'KEEP': 21, 'NUDGE': 18, 'ADAPT_SPEED': 18, 'YIELD': 11}
INFO:__main__:step 156/200 reward -0.399 [ade 4.06 m decoded 1.00 kin +0.41 dir +0.10] fail 0.02 skip 0.00 kl 0.0274 ce 0.818 |g| 0.49  100s  {'FOLLOW': 33, 'TURN': 28, 'NUDGE': 24, 'KEEP': 20, 'ACCELERATE': 7, 'ADAPT_SPEED': 5}
INFO:__main__:step 157/200 reward -0.378 [ade 4.01 m decoded 0.99 kin +0.32 dir +0.16] fail 0.02 skip 0.00 kl 0.0146 ce 0.365 |g| 0.38  95s  {'FOLLOW': 38, 'KEEP': 35, 'STOP': 16, 'TURN': 11, None: 8, 'YIELD': 6}
INFO:__main__:step 158/200 reward -0.407 [ade 3.58 m decoded 1.00 kin +0.01 dir -0.08] fail 0.00 skip 0.00 kl 0.0132 ce 0.287 |g| 0.37  103s  {'KEEP': 50, 'FOLLOW': 50, 'TURN': 9, 'NUDGE': 7, 'ACCELERATE': 4, 'ADAPT_SPEED': 3}
INFO:__main__:step 159/200 reward -0.412 [ade 3.56 m decoded 1.00 kin +0.28 dir -0.17] fail 0.00 skip 0.00 kl 0.0129 ce 0.190 |g| 0.29  100s  {'STOP': 37, 'ADAPT_SPEED': 16, 'FOLLOW': 16, 'YIELD': 16, 'NUDGE': 13, 'ACCELERATE': 12}
INFO:__main__:step 160/200 reward -0.328 [ade 3.09 m decoded 1.00 kin +0.22 dir -0.04] fail 0.00 skip 0.00 kl 0.0126 ce 0.364 |g| 0.29  103s  {'KEEP': 69, 'NUDGE': 33, 'SLOW': 11, 'ADAPT_SPEED': 8, None: 6, 'FOLLOW': 1}
INFO:__main__:step 161/200 reward -0.350 [ade 3.34 m decoded 1.00 kin +0.32 dir -0.01] fail 0.02 skip 0.00 kl 0.0175 ce 0.257 |g| 0.50  105s  {'KEEP': 46, 'ADAPT_SPEED': 41, 'LANE_CHANGE': 15, 'NUDGE': 13, None: 4, 'YIELD': 3}
INFO:__main__:step 162/200 reward -0.534 [ade 4.91 m decoded 1.00 kin +0.38 dir -0.23] fail 0.01 skip 0.00 kl 0.0170 ce 0.469 |g| 0.44  102s  {'NUDGE': 41, 'TURN': 16, 'STOP': 15, 'KEEP': 14, 'FOLLOW': 14, 'YIELD': 13}
INFO:__main__:step 163/200 reward -0.545 [ade 6.39 m decoded 1.00 kin +0.28 dir -0.26] fail 0.01 skip 0.00 kl 0.0177 ce 0.174 |g| 0.45  100s  {'KEEP': 37, 'FOLLOW': 29, 'ADAPT_SPEED': 28, 'NUDGE': 23, 'SLOW': 4, 'TURN': 4}
INFO:__main__:step 164/200 reward -0.469 [ade 3.01 m decoded 1.00 kin -0.00 dir -0.19] fail 0.02 skip 0.00 kl 0.0132 ce 0.230 |g| 0.35  97s  {'SLOW': 30, 'KEEP': 28, 'FOLLOW': 27, 'STOP': 19, 'ADAPT_SPEED': 16, None: 3}
INFO:__main__:step 165/200 reward -0.381 [ade 3.47 m decoded 0.99 kin +0.13 dir -0.10] fail 0.01 skip 0.00 kl 0.0160 ce 0.520 |g| 0.40  99s  {'KEEP': 29, 'NUDGE': 24, 'ADAPT_SPEED': 23, 'SLOW': 16, 'STOP': 16, 'FOLLOW': 13}
INFO:__main__:step 166/200 reward -0.475 [ade 4.65 m decoded 0.99 kin +0.31 dir -0.09] fail 0.04 skip 0.00 kl 0.0158 ce 0.243 |g| 0.43  100s  {'ACCELERATE': 21, 'KEEP': 18, 'STOP': 18, 'SLOW': 16, 'YIELD': 15, 'ADAPT_SPEED': 15}
INFO:__main__:step 167/200 reward -0.419 [ade 4.56 m decoded 1.00 kin +0.46 dir -0.22] fail 0.00 skip 0.12 kl 0.0194 ce 0.397 |g| 0.29  96s  {'NUDGE': 47, 'FOLLOW': 26, 'LANE_CHANGE': 19, 'STOP': 16, 'ADAPT_SPEED': 12, 'TURN': 3}
INFO:__main__:step 168/200 reward -0.427 [ade 3.31 m decoded 1.00 kin +0.09 dir -0.22] fail 0.00 skip 0.00 kl 0.0145 ce 0.102 |g| 0.21  95s  {'FOLLOW': 65, 'YIELD': 19, 'ACCELERATE': 15, 'KEEP': 11, 'STOP': 10, 'TURN': 3}
INFO:__main__:step 169/200 reward -0.594 [ade 4.55 m decoded 1.00 kin -0.11 dir -0.06] fail 0.00 skip 0.12 kl 0.0102 ce 0.254 |g| 0.21  87s  {'FOLLOW': 47, 'YIELD': 32, 'STOP': 32, 'SLOW': 15, 'ADAPT_SPEED': 2}
INFO:__main__:step 170/200 reward -0.726 [ade 5.61 m decoded 0.99 kin -0.18 dir -0.09] fail 0.03 skip 0.12 kl 0.0195 ce 0.349 |g| 0.45  98s  {'STOP': 45, 'FOLLOW': 26, 'KEEP': 17, 'NUDGE': 13, 'SLOW': 9, None: 4}
INFO:__main__:step 171/200 reward -0.358 [ade 3.35 m decoded 1.00 kin +0.21 dir +0.05] fail 0.01 skip 0.00 kl 0.0171 ce 0.206 |g| 0.47  102s  {'FOLLOW': 54, 'ADAPT_SPEED': 29, 'LANE_CHANGE': 18, 'SLOW': 14, None: 9, 'YIELD': 2}
INFO:__main__:step 172/200 reward -0.307 [ade 2.56 m decoded 0.99 kin +0.16 dir -0.06] fail 0.01 skip 0.00 kl 0.0208 ce 0.740 |g| 0.53  97s  {'STOP': 59, 'KEEP': 18, 'SLOW': 16, 'FOLLOW': 15, 'TURN': 14, 'ACCELERATE': 2}
INFO:__main__:step 173/200 reward -0.207 [ade 2.15 m decoded 0.99 kin +0.46 dir +0.04] fail 0.04 skip 0.00 kl 0.0188 ce 0.450 |g| 0.45  101s  {'FOLLOW': 41, 'KEEP': 30, 'STOP': 17, 'LANE_CHANGE': 15, 'SLOW': 11, None: 6}
INFO:__main__:step 174/200 reward -0.222 [ade 2.85 m decoded 1.00 kin +0.40 dir +0.12] fail 0.00 skip 0.00 kl 0.0173 ce 0.217 |g| 0.34  101s  {'KEEP': 46, 'SLOW': 22, 'FOLLOW': 20, 'STOP': 16, 'TURN': 9, 'LANE_CHANGE': 6}
INFO:__main__:step 175/200 reward -0.500 [ade 5.52 m decoded 1.00 kin +0.45 dir +0.06] fail 0.01 skip 0.00 kl 0.0165 ce 0.210 |g| 0.46  92s  {'FOLLOW': 30, 'ADAPT_SPEED': 25, 'KEEP': 20, 'SLOW': 18, 'LANE_CHANGE': 17, 'NUDGE': 15}
INFO:__main__:step 175 val: {"n": 200, "traj_ade": 4.602311796677687, "neg_ade": -4.602311796677687, "traj_decoded": 1.0, "gt_score": 0.6095238095238096, "gt_consistent": 0.7428571428571429, "gt_false_clear": 0.13333333333333333, "hazard_ungrounded": 0.21656050955414013, "direction_ok": 0.40594059405940597, "maneuver_acc": 0.5618556701030928, "obj_precision": 0.7548387096774194, "termination": 1.0, "mix": {"FOLLOW": 54, "STOP": 29, "KEEP": 27, "TURN": 22, "NUDGE": 20, "LANE_CHANGE": 14, "SLOW": 13, "ADAPT_SPEED": 11, "YIELD": 6, "ACCELERATE": 3, "null": 1}}
INFO:__main__:step 176/200 reward -0.497 [ade 5.51 m decoded 1.00 kin +0.22 dir +0.02] fail 0.02 skip 0.00 kl 0.0219 ce 0.240 |g| 0.42  95s  {'ADAPT_SPEED': 22, 'KEEP': 20, 'FOLLOW': 18, 'TURN': 16, 'SLOW': 16, 'NUDGE': 16}
INFO:__main__:step 177/200 reward -0.488 [ade 4.69 m decoded 1.00 kin +0.55 dir -0.04] fail 0.03 skip 0.00 kl 0.0264 ce 0.409 |g| 0.38  104s  {'FOLLOW': 45, 'ADAPT_SPEED': 29, 'STOP': 18, 'SLOW': 11, 'NUDGE': 11, 'TURN': 6}
INFO:__main__:step 178/200 reward -0.523 [ade 4.92 m decoded 1.00 kin +0.07 dir -0.02] fail 0.02 skip 0.00 kl 0.0218 ce 0.563 |g| 0.41  95s  {'FOLLOW': 40, 'STOP': 30, 'YIELD': 16, None: 8, 'SLOW': 8, 'TURN': 7}
INFO:__main__:step 179/200 reward -0.463 [ade 4.56 m decoded 1.00 kin +0.46 dir -0.11] fail 0.00 skip 0.00 kl 0.0206 ce 0.165 |g| 0.48  100s  {'FOLLOW': 56, 'STOP': 20, 'KEEP': 14, 'NUDGE': 14, 'TURN': 14, 'LANE_CHANGE': 5}
INFO:__main__:step 180/200 reward -0.535 [ade 6.31 m decoded 1.00 kin +0.31 dir -0.03] fail 0.00 skip 0.00 kl 0.0171 ce 0.482 |g| 0.39  94s  {'FOLLOW': 48, 'KEEP': 31, 'TURN': 11, 'NUDGE': 11, 'YIELD': 8, 'ADAPT_SPEED': 7}
INFO:__main__:step 181/200 reward -0.382 [ade 4.23 m decoded 1.00 kin +0.41 dir -0.13] fail 0.01 skip 0.00 kl 0.0153 ce 0.314 |g| 0.38  98s  {'FOLLOW': 31, 'ADAPT_SPEED': 24, 'STOP': 17, 'YIELD': 16, 'SLOW': 14, 'LANE_CHANGE': 11}
INFO:__main__:step 182/200 reward -0.518 [ade 5.71 m decoded 1.00 kin +0.18 dir +0.39] fail 0.05 skip 0.12 kl 0.0287 ce 0.503 |g| 0.41  94s  {'TURN': 32, 'FOLLOW': 22, 'STOP': 16, 'KEEP': 14, None: 13, 'LANE_CHANGE': 12}
INFO:__main__:step 183/200 reward -0.436 [ade 4.46 m decoded 1.00 kin +0.31 dir -0.12] fail 0.00 skip 0.00 kl 0.0129 ce 0.143 |g| 0.28  99s  {'FOLLOW': 59, 'STOP': 25, 'KEEP': 16, 'YIELD': 16, 'ADAPT_SPEED': 9, 'NUDGE': 3}
INFO:__main__:step 184/200 reward -0.258 [ade 2.91 m decoded 1.00 kin +0.33 dir +0.16] fail 0.02 skip 0.00 kl 0.0269 ce 0.325 |g| 0.46  105s  {'FOLLOW': 43, 'STOP': 19, 'LANE_CHANGE': 14, 'KEEP': 13, 'SLOW': 10, 'ADAPT_SPEED': 8}
INFO:__main__:step 185/200 reward -0.347 [ade 4.35 m decoded 1.00 kin +0.45 dir +0.13] fail 0.00 skip 0.00 kl 0.0345 ce 0.308 |g| 0.35  100s  {'STOP': 30, 'TURN': 20, 'KEEP': 15, 'YIELD': 15, 'ADAPT_SPEED': 14, 'FOLLOW': 14}
INFO:__main__:step 186/200 reward -0.421 [ade 3.89 m decoded 1.00 kin +0.41 dir -0.04] fail 0.02 skip 0.00 kl 0.0221 ce 0.339 |g| 0.42  102s  {'NUDGE': 27, 'KEEP': 27, 'ADAPT_SPEED': 20, 'FOLLOW': 16, 'YIELD': 16, 'STOP': 8}
INFO:__main__:step 187/200 reward -0.636 [ade 6.17 m decoded 1.00 kin -0.08 dir +0.15] fail 0.02 skip 0.25 kl 0.0246 ce 0.133 |g| 0.48  86s  {'SLOW': 33, 'LANE_CHANGE': 18, 'TURN': 17, 'ADAPT_SPEED': 14, 'NUDGE': 13, 'YIELD': 12}
INFO:__main__:step 188/200 reward -0.446 [ade 5.24 m decoded 1.00 kin +0.54 dir +0.02] fail 0.00 skip 0.00 kl 0.0216 ce 0.377 |g| 0.42  98s  {'STOP': 42, 'FOLLOW': 24, 'KEEP': 21, 'ADAPT_SPEED': 15, 'TURN': 10, 'ACCELERATE': 7}
INFO:__main__:step 189/200 reward -0.564 [ade 5.00 m decoded 0.98 kin -0.01 dir +0.09] fail 0.05 skip 0.00 kl 0.0266 ce 0.457 |g| 0.49  104s  {'KEEP': 47, 'LANE_CHANGE': 17, 'SLOW': 14, 'FOLLOW': 13, 'YIELD': 9, None: 7}
INFO:__main__:step 190/200 reward -0.629 [ade 5.94 m decoded 0.99 kin +0.07 dir +0.13] fail 0.03 skip 0.12 kl 0.0223 ce 0.233 |g| 0.42  94s  {'KEEP': 28, 'FOLLOW': 27, 'SLOW': 26, 'TURN': 14, 'ADAPT_SPEED': 12, None: 10}
INFO:__main__:step 191/200 reward -0.580 [ade 5.61 m decoded 1.00 kin -0.02 dir +0.20] fail 0.02 skip 0.00 kl 0.0224 ce 0.326 |g| 0.46  99s  {'FOLLOW': 29, 'SLOW': 19, 'TURN': 15, 'STOP': 15, 'NUDGE': 14, 'YIELD': 11}
INFO:__main__:step 192/200 reward -0.480 [ade 4.67 m decoded 1.00 kin +0.45 dir -0.04] fail 0.00 skip 0.00 kl 0.0189 ce 0.331 |g| 0.36  101s  {'KEEP': 34, 'SLOW': 30, 'STOP': 16, 'FOLLOW': 13, 'ADAPT_SPEED': 9, 'ACCELERATE': 9}
INFO:__main__:step 193/200 reward -0.222 [ade 2.83 m decoded 0.99 kin +0.21 dir +0.27] fail 0.01 skip 0.00 kl 0.0290 ce 0.518 |g| 0.46  98s  {'FOLLOW': 33, 'TURN': 17, 'YIELD': 15, 'LANE_CHANGE': 14, 'SLOW': 13, None: 9}
INFO:__main__:step 194/200 reward -0.439 [ade 4.45 m decoded 1.00 kin +0.52 dir -0.15] fail 0.00 skip 0.12 kl 0.0184 ce 0.163 |g| 0.18  93s  {'STOP': 48, 'FOLLOW': 18, 'TURN': 17, 'ADAPT_SPEED': 16, 'NUDGE': 16, 'LANE_CHANGE': 13}
INFO:__main__:step 195/200 reward -0.393 [ade 5.32 m decoded 1.00 kin +0.46 dir +0.08] fail 0.02 skip 0.00 kl 0.0395 ce 0.208 |g| 0.54  95s  {'KEEP': 32, 'TURN': 24, 'STOP': 22, 'ADAPT_SPEED': 21, 'FOLLOW': 16, 'SLOW': 6}
INFO:__main__:step 196/200 reward -0.215 [ade 2.80 m decoded 1.00 kin +0.32 dir +0.18] fail 0.00 skip 0.00 kl 0.0241 ce 0.428 |g| 0.35  102s  {'KEEP': 34, 'STOP': 29, 'FOLLOW': 16, 'SLOW': 16, 'LANE_CHANGE': 14, 'ADAPT_SPEED': 8}
INFO:__main__:step 197/200 reward -0.161 [ade 2.93 m decoded 1.00 kin +0.62 dir +0.27] fail 0.02 skip 0.00 kl 0.0215 ce 0.276 |g| 0.47  96s  {'KEEP': 40, 'STOP': 32, 'LANE_CHANGE': 16, 'TURN': 16, 'NUDGE': 8, None: 7}
INFO:__main__:step 198/200 reward -0.480 [ade 4.13 m decoded 1.00 kin -0.01 dir -0.06] fail 0.01 skip 0.00 kl 0.0189 ce 0.122 |g| 0.32  100s  {'FOLLOW': 31, 'ADAPT_SPEED': 31, 'STOP': 16, 'YIELD': 16, 'SLOW': 13, 'LANE_CHANGE': 6}
INFO:__main__:step 199/200 reward -0.335 [ade 4.05 m decoded 1.00 kin +0.44 dir +0.28] fail 0.01 skip 0.00 kl 0.0315 ce 0.192 |g| 0.33  98s  {'FOLLOW': 34, 'TURN': 20, 'STOP': 18, 'LANE_CHANGE': 16, 'ACCELERATE': 15, 'NUDGE': 7}
INFO:__main__:step 200/200 reward -0.440 [ade 4.49 m decoded 1.00 kin +0.12 dir +0.24] fail 0.02 skip 0.12 kl 0.0465 ce 0.314 |g| 0.40  94s  {'FOLLOW': 33, 'TURN': 23, 'ADAPT_SPEED': 19, 'KEEP': 13, 'STOP': 9, 'LANE_CHANGE': 9}
INFO:__main__:step 200 val: {"n": 200, "traj_ade": 4.541209568616361, "neg_ade": -4.541209568616361, "traj_decoded": 0.995, "gt_score": 0.5267676767676768, "gt_consistent": 0.7045454545454546, "gt_false_clear": 0.17777777777777778, "hazard_ungrounded": 0.19480519480519481, "direction_ok": 0.504950495049505, "maneuver_acc": 0.5463917525773195, "obj_precision": 0.7653508771929824, "termination": 0.995, "mix": {"FOLLOW": 49, "STOP": 27, "KEEP": 26, "LANE_CHANGE": 21, "TURN": 21, "NUDGE": 17, "SLOW": 13, "ADAPT_SPEED": 11, "YIELD": 7, "null": 5, "ACCELERATE": 3}}
----------------------------------------------------------------
Finished 2026-09-14T20:01:27+02:00
Check what this actually used:  seff 317
wandb: [wandb.login()] Loaded credentials for https://api.wandb.ai from /home/vla/.netrc.
wandb: Currently logged in as: karmishthannauth27 (karmishthannauth27-technical-university-of-munich) to https://api.wandb.ai. Use `wandb login --relogin` to force relogin
wandb: setting up run stage1-job317
wandb: Tracking run with wandb version 0.25.0
wandb: Run data is saved locally in /home/vla/projects/alpamayo2edge/wandb/run-20260914_200128-stage1-job317
wandb: Run `wandb offline` to turn off syncing.
wandb: Resuming run stage1-job317
wandb: ⭐️ View project at https://wandb.ai/karmishthannauth27-technical-university-of-munich/alpamayo2edge
wandb: 🚀 View run at https://wandb.ai/karmishthannauth27-technical-university-of-munich/alpamayo2edge/runs/stage1-job317
wandb: updating run metadata
wandb: uploading wandb-metadata.json; uploading requirements.txt; uploading wandb-summary.json; uploading config.yaml
wandb: uploading data
wandb: 🚀 View run stage1-job317 at: https://wandb.ai/karmishthannauth27-technical-university-of-munich/alpamayo2edge/runs/stage1-job317
wandb: ⭐️ View project at: https://wandb.ai/karmishthannauth27-technical-university-of-munich/alpamayo2edge
wandb: Synced 4 W&B file(s), 0 media file(s), 0 artifact file(s) and 0 other file(s)
wandb: Find logs at: ./wandb/run-20260914_200128-stage1-job317/logs
