Job 352 on ProArt, started 2026-09-22T06:52:32+02:00
Submitted from: /home/vla/projects/alpamayo2edge
GPU:            NVIDIA RTX PRO 6000 Blackwell Workstation Edition,NVIDIA RTX 6000 Ada Generation
Commit:         ca5c454
Scratch:        /bulk/scratch/vla/352
----------------------------------------------------------------
   CUDA_VISIBLE_DEVICES = GPU-1e9d88da-6c84-dbf7-f179-fdca7207dae0
   CPUs allocated       = 8
   device 0             = NVIDIA RTX PRO 6000 Blackwell Workstation Edition  95.0 GiB total, 94.4 GiB free
wandb sidecar: run stage1-job352 (pid 2727816)
----------------------------------------------------------------
smoke: run_name rl-run-7-coc-grounded-smoke
wandb: [wandb.login()] Loaded credentials for https://api.wandb.ai from /home/vla/.netrc.
INFO:__main__:SMOKE: G=4 prompts=2 steps=2 eval=8
INFO:__main__:cameras: ['camera_cross_left_120fov', 'camera_front_wide_120fov', 'camera_cross_right_120fov', 'camera_front_tele_30fov']
INFO:__main__:reward mode: gt   route hint: True   coc_temperature: 1.0
wandb: Currently logged in as: karmishthannauth27 (karmishthannauth27-technical-university-of-munich) to https://api.wandb.ai. Use `wandb login --relogin` to force relogin
INFO:megatron.core.msc_utils:The multistorageclient package is available.
wandb: setting up run stage1-job352
/home/vla/envs/alpamayo2edge/lib/python3.13/site-packages/megatron/core/distributed/fsdp/src/megatron_fsdp/utils.py:108: UserWarning: Transformer Engine and Apex are not installed. Falling back to local implementations of multi_tensor_applier and multi_tensor_scale
  warnings.warn(
INFO:megatron.core.distributed.fsdp.src.megatron_fsdp.megatron_fsdp:Detected Megatron Core, using Megatron-FSDP with Megatron.
INFO:megatron.core.distributed.fsdp.src.megatron_fsdp.param_and_grad_buffer:Detected Megatron Core, using Megatron-FSDP with Megatron.
/home/vla/envs/alpamayo2edge/lib/python3.13/site-packages/megatron/core/optimizer/__init__.py:24: UserWarning: Transformer Engine and Apex are not installed. Falling back to Torch optimizers.
  warnings.warn(
/home/vla/envs/alpamayo2edge/lib/python3.13/site-packages/megatron/core/optimizer/optimizer.py:28: UserWarning: Transformer Engine and Apex are not installed. Falling back to local implementations of multi_tensor_applier and multi_tensor_scale
  warnings.warn(
/home/vla/envs/alpamayo2edge/lib/python3.13/site-packages/megatron/core/optimizer/clip_grads.py:29: UserWarning: Transformer Engine and Apex are not installed. Falling back to local implementations of multi_tensor_applier, multi_tensor_l2norm, and multi_tensor_scale
  warnings.warn(
wandb: Tracking run with wandb version 0.25.0
wandb: Run data is saved locally in /home/vla/projects/alpamayo2edge/wandb/run-20260922_065235-stage1-job352
wandb: Run `wandb offline` to turn off syncing.
wandb: Syncing run stage1-job352
wandb: ⭐️ View project at https://wandb.ai/karmishthannauth27-technical-university-of-munich/alpamayo2edge
wandb: 🚀 View run at https://wandb.ai/karmishthannauth27-technical-university-of-munich/alpamayo2edge/runs/stage1-job352
[09-22 06:52:37|INFO|cosmos_framework/model/generator/omni_mot_model.py:124:__init__] OmniMoTModel: config {'tokenizer': {'bucket_name': 'bucket', 'object_store_credential_path_pretrained': 'credentials/gcp_training.secret', 'vae_path': 'pretrained/tokenizers/video/wan2pt2/Wan2.2_VAE.pth', 'chunk_duration': 93, 'keep_decoder_cache': False, 'use_streaming_encode': False, 'encode_chunk_frames': {'256': 68, '480': 24, '720': 8, '768': 8}, 'encode_exact_durations': [17, 61, 73], 'spatial_compression_factor': 16, 'temporal_compression_factor': 4, 'temporal_window': None, 'encode_bucket_multiple': None, 'causal': True, '_target_': 'cosmos_framework.model.generator.tokenizers.wan2pt2_vae_4x16x16.Wan2pt2VAEInterface'}, 'load_vision_tokenizer': True, 'lidar_tokenizer': None, 'lidar_state_ch': None, 'lidar_fps': None, 'net': None, 'ema': {'enabled': False, 'rate': 0.1, 'iteration_shift': 0, '_type': 'cosmos_framework.configs.base.defaults.ema.EMAConfig'}, 'parallelism': {'data_parallel_shard_degree': -1, 'data_parallel_replicate_degree': 1, 'context_parallel_shard_degree': 1, 'cfg_parallel_shard_degree': 1, 'enable_inference_mode': True, 'fsdp_master_dtype': 'float32', 'fsdp_reduce_dtype': None, '_type': 'cosmos_framework.configs.base.defaults.parallelism.ParallelismConfig'}, 'attention_io_layout': 'sequence_sharded', 'compile': {'enabled': False, 'compiled_region': 'language', 'compile_dynamic': True, 'use_cuda_graphs': False, 'ar_post_saturation_mode': 'default', 'max_autotune_pointwise': False, 'coordinate_descent_tuning': False, '_type': 'cosmos_framework.configs.base.defaults.compile.CompileConfig'}, 'quantization': {'method': None, 'fp8_granularity': 'per_row', 'modelopt_fp8_checkpoint_path': None, 'mixed_precision_first_steps': 0, 'mixed_precision_last_steps': 0, 'mixed_precision_reasoner_policy': 'high_precision', 'mixed_precision_w8a16_cache': 'none', 'include_regex': [], 'exclude_regex': [], 'modelopt_fp8_target_fqns': [], '_type': 'cosmos_framework.configs.base.defaults.quantization.QuantizationConfig'}, 'activation_checkpointing': {'mode': 'none', 'preserve_rng_state': True, 'determinism_check': 'default', 'save_ops_regex': ['fmha'], '_type': 'cosmos_framework.configs.base.defaults.activation_checkpointing.ActivationCheckpointingConfig'}, 'precision': 'bfloat16', 'lora_enabled': False, 'lora_rank': 16, 'lora_alpha': 32, 'lora_target_modules': 'q_proj_moe_gen,k_proj_moe_gen,v_proj_moe_gen,o_proj_moe_gen', 'rectified_flow_training_config': {'shift': {'256': 3, '480': 5, '720': 10}, 'shift_image': None, 'use_dynamic_shift': False, 'train_time_image_distribution': 'logitnormal', 'train_time_video_distribution': 'waver', 'train_time_action_distribution': 'logitnormal', 'train_time_sound_distribution': 'logitnormal', 'train_time_weight': 'uniform', 'loss_scale': 10.0, 'image_loss_scale': None, 'sound_loss_scale': 2.0, 'lidar_loss_scale': None, 'use_discrete_rf': False, 'action_loss_weight': 10.0, 'independent_action_schedule': False, 'shift_action': None, 'independent_sound_schedule': False, 'shift_sound': None, 'normalize_loss_by_active': False, 'sample_level_loss_averaging': False, 'high_sigma_ratio': 0.05, 'high_sigma_timesteps_max': 1000, 'high_sigma_timesteps_min': 995, 'use_high_sigma_strategy': False, 'use_high_sigma_strategy_action': False, 'use_high_sigma_strategy_sound': False, '_type': 'cosmos_framework.configs.base.defaults.model_config.RectifiedFlowTrainingConfig'}, 'rectified_flow_inference_config': {'scheduler_type': 'unipc', 'num_train_timesteps': 1000, 'shift': 1, 'use_dynamic_shifting': False, '_type': 'cosmos_framework.configs.base.defaults.model_config.RectifiedFlowInferenceConfig'}, 'fixed_step_sampler_config': None, 'vlm_config': {'model_name': 'nvidia/Cosmos3-Edge-Reasoner', 'safetensors_path': '', 'pretrained_weights': {'enabled': False, 'backbone_path': 's3://bucket/cosmos3/pretrained/huggingface/nvidia/Cosmos3-Edge-Reasoner-590c1c0/', 'credentials_path': 'credentials/gcp_checkpoint.secret', 'enable_gcs_patch_in_boto3': True, 'checkpoint_format': None, '_type': 'cosmos_framework.configs.base.defaults.reasoner.PretrainedWeightsConfig'}, 'model_instance': {'_target_': 'cosmos_framework.model.generator.mot.unified_mot.Nemotron3DenseVLTextForCausalLM', 'config': {'_target_': 'cosmos_framework.configs.base.defaults.reasoner.create_vlm_config', 'base_config': {'_target_': 'cosmos_framework.model.generator.mot.unified_mot.Nemotron3DenseVLMoTConfig.from_json_file', 'json_file': 'cosmos_framework/model/generator/reasoner/nemotron_3_dense_vl/configs/Nemotron-2B-Dense-VL.json'}, 'include_visual': None, 'qk_norm_for_text': False, 'use_und_k_norm_for_gen': True}}, 'tokenizer': {'repository': None, 'revision': None, 'subdir': '', '_target_': 'cosmos_framework.data.generator.processors.build_processor_lazy', 'tokenizer_type': '/bulk/users/vla/alpamayo2edge/cosmos3-edge'}, 'layer_module': None, 'qk_norm': False, 'tie_word_embeddings': False, 'use_system_prompt': False, '_type': 'cosmos_framework.configs.base.defaults.reasoner.VLMConfig'}, 'diffusion_expert_config': {'timestep_range': 1.0, 'load_weights_from_pretrained': False, 'enable_vision_modality_embeddings': False, 'enable_media_modality_embedding': False, 'enable_sound_modality_embedding': True, 'patch_spatial': 2, 'max_vae_latent_side_after_patchify': 20, 'enable_fps_modulation': True, 'base_fps': 24, 'sound_base_temporal_compression_factor': None, 'vision_temporal_position_mode': 'latent_index', 'unified_3d_mrope_reset_spatial_ids': True, 'unified_3d_mrope_temporal_modality_margin': 15000, '_type': 'cosmos_framework.configs.base.defaults.model_config.DiffusionExpertConfig'}, 'input_video_key': 'video', 'input_image_key': 'images', 'input_caption_key': 'ai_caption', 'state_ch': 48, 'state_t': 300, 'latent_downsample_factor': 16, 'resolution': '480', 'max_num_tokens_after_packing': 74000, 'joint_attn_implementation': 'two_way', 'flex_attention': {'enabled': False, 'backend': 'auto', 'mask': {'attention_scope': 'all_views'}}, 'natten_parameter_list': None, 'video_temporal_causal': False, 'causal_training_strategy': 'none', 'lbl': {'method': 'local', 'coeff_und': None, 'coeff_gen': None, '_type': 'cosmos_framework.configs.base.defaults.model_config.LBLConfig'}, 'vision_gen': True, 'action_gen': True, 'max_action_dim': 64, 'num_embodiment_domains': 32, 'sound_gen': False, 'sound_tokenizer': None, 'sound_dim': None, 'sound_latent_fps': 25, 'enable_input_bias': True, 'log_enc_time_every_n': 100, 'exclude_reasoner_weights_from_checkpoint': False, '_type': 'cosmos_framework.configs.base.defaults.model_config.OmniMoTModelConfig'}
[09-22 06:52:37|WARNING|cosmos_framework/model/generator/omni_mot_model.py:150:set_precision] OmniMoTModel: precision torch.bfloat16
This processor does not use the `size` parameter. It will be ignored.
[09-22 06:52:37|INFO|cosmos_framework/data/generator/processors/base.py:131:__init__] Successfully loaded processor from local cache
[09-22 06:52:37|INFO|cosmos_framework/utils/checkpoint_db.py:338:download] Downloading checkpoint Wan2.2/vae(010bcc4d66c84b65af6a60305f853dad)
[09-22 06:52:37|INFO|cosmos_framework/utils/checkpoint_db.py:171:_hf_download] uv run --isolated --project /home/vla/projects/cosmos-framework/cosmos_framework/utils/hf_cli --locked --no-default-groups hf download --format=json Wan-AI/Wan2.2-TI2V-5B --repo-type model --revision 921dbaf3f1674a56f47e83fb80a34bac8a8f203e Wan2.2_VAE.pth
[2mInstalled [1m16 packages[0m [2min 2ms[0m[0m
[09-22 06:52:40|INFO|cosmos_framework/model/generator/tokenizers/wan2pt2_vae_4x16x16.py:1056:_video_vae] loading /bulk/users/vla/alpamayo2edge/hf-cache/models--Wan-AI--Wan2.2-TI2V-5B/snapshots/921dbaf3f1674a56f47e83fb80a34bac8a8f203e/Wan2.2_VAE.pth
[09-22 06:52:40|INFO|cosmos_framework/utils/timer.py:138:_log] Time spent on OmniMoTModel: set_up_tokenizers: 2.48 s
[09-22 06:52:40|INFO|cosmos_framework/utils/generator/parallelism.py:110:_validate] dp_shard auto-inferred to world_size = 1
[09-22 06:52:40|INFO|cosmos_framework/utils/generator/parallelism.py:124:_validate] dp_replicate is set to -1, will be automatically determined based on world_size 1 // dp_shard 1.
[09-22 06:52:40|INFO|cosmos_framework/utils/generator/parallelism.py:129:_validate] dp_replicate is set to 1.
`torch_dtype` is deprecated! Use `dtype` instead!
[09-22 06:52:40|INFO|cosmos_framework/utils/timer.py:138:_log] Time spent on meta to cuda and broadcast model states: 0.04 s
[09-22 06:52:40|INFO|cosmos_framework/utils/timer.py:138:_log] Time spent on Creating PyTorch model and ema if enabled: 0.12 s
[09-22 06:52:40|INFO|cosmos_framework/utils/timer.py:138:_log] Time spent on OmniMoTModel: set_up_model: 0.12 s
/home/vla/envs/alpamayo2edge/lib/python3.13/site-packages/torch/distributed/checkpoint/utils.py:483: UserWarning: torch.distributed is disabled, unavailable or uninitialized, assuming the intent is to load in a single process.
  return func(*args, **kwargs)
[09-22 06:52:41|INFO|../cosmos-framework/cosmos_framework/model/generator/mot/unified_mot.py:2656:_ensure_vision_tower] Edge vision tower: loading from checkpoint-local bundle /bulk/users/vla/alpamayo2edge/cosmos3-edge/vision_encoder
INFO:distill.checkpoint:loaded merged student <- /data/vla/alpamayo2edge/runs/stage1/run-351/best
INFO:__main__:init policy <- /data/vla/alpamayo2edge/runs/stage1/run-351/best (epoch=1 coc_nll=0.519203215589126)
[09-22 06:52:44|INFO|../cosmos-framework/cosmos_framework/utils/generator/lora.py:164:inject_lora_pre_fsdp] Injecting LoRA on meta device: rank=48, alpha=96, targets=['q_proj', 'k_proj', 'v_proj', 'o_proj']
[09-22 06:52:44|INFO|../cosmos-framework/cosmos_framework/utils/generator/lora.py:184:inject_lora_pre_fsdp] LoRA injection successful: 112 modules wrapped, 19,267,584 trainable LoRA params, 2,818,812,416 frozen base params (0.679% trainable)
INFO:__main__:LoRA: {'wrapped': 112, 'by_leaf': {'q_proj': 28, 'k_proj': 28, 'v_proj': 28, 'o_proj': 28}, 'lora_params': 19267584, 'example': ['0.self_attn.q_proj', '0.self_attn.k_proj', '0.self_attn.v_proj']}
INFO:distill.student.context:image processor: Siglip2ImageProcessorCustom (native Cosmos3-Edge port)
INFO:distill.student.context:image processor: Siglip2ImageProcessorCustom (native Cosmos3-Edge port)
INFO:__main__:train prompts: 18954   val eval windows: 8
INFO:distill.data.sampling:maneuver-stratified sampling, alpha=0.50 (D-036):
INFO:distill.data.sampling:   class              n  uniform  effective
INFO:distill.data.sampling:   FOLLOW          6249    33.0%      20.1%
INFO:distill.data.sampling:   KEEP            3942    20.8%      16.0%
INFO:distill.data.sampling:   STOP            2131    11.2%      11.7%
INFO:distill.data.sampling:   NUDGE           1960    10.3%      11.3%
INFO:distill.data.sampling:   ADAPT_SPEED     1870     9.9%      11.0%
INFO:distill.data.sampling:   TURN             626     3.3%       6.4%
INFO:distill.data.sampling:   ACCELERATE       573     3.0%       6.1%
INFO:distill.data.sampling:   SLOW             494     2.6%       5.7%
INFO:distill.data.sampling:   YIELD            451     2.4%       5.4%
INFO:distill.data.sampling:   LANE_CHANGE      382     2.0%       5.0%
INFO:distill.data.sampling:   UNASSIGNED       276     1.5%       1.5%
INFO:__main__:step 0 val: {"n": 8, "traj_ade": null, "neg_ade": null, "traj_decoded": 0.0, "gt_score": 0.16666666666666663, "gt_consistent": 0.6666666666666666, "gt_false_clear": 0.5, "hazard_ungrounded": 0.0, "direction_ok": 1.0, "maneuver_acc": 0.5714285714285714, "obj_precision": 1.0, "termination": 1.0, "mix": {"KEEP": 2, "STOP": 2, "NUDGE": 2, "FOLLOW": 1, "TURN": 1}}
/home/vla/projects/alpamayo2edge/src/distill/train_grpo_coc.py:471: UserWarning: Converting a tensor with requires_grad=True to a scalar may lead to unexpected behavior.
Consider using tensor.detach() first. (Triggered internally at /pytorch/torch/csrc/autograd/generated/python_variable_methods.cpp:836.)
  stats["ce"] += float(ce)
INFO:__main__:step 1/2 reward -0.219 [kin -0.09 dir -0.25 haz +0.00 tch 0.00] fail 0.00 skip 0.50 kl 0.0000 ce 0.630 |g| 0.97  9s  {'FOLLOW': 5, 'NUDGE': 3}
INFO:__main__:step 2/2 reward 0.375 [kin +0.50 dir -0.25 haz +1.00 tch 0.00] fail 0.00 skip 1.00 kl 0.0004 ce 1.376 |g| 0.46  11s  {'STOP': 4, 'FOLLOW': 4}
INFO:__main__:step 2 val: {"n": 8, "traj_ade": null, "neg_ade": null, "traj_decoded": 0.0, "gt_score": 0.6666666666666666, "gt_consistent": 0.6666666666666666, "gt_false_clear": 0.0, "hazard_ungrounded": 0.14285714285714285, "direction_ok": 1.0, "maneuver_acc": 0.5714285714285714, "obj_precision": 0.8333333333333334, "termination": 1.0, "mix": {"STOP": 2, "KEEP": 2, "FOLLOW": 1, "NUDGE": 1, "ACCELERATE": 1, "TURN": 1}}
INFO:__main__:SMOKE OK  peak GPU 52.0 GiB
smoke OK - starting rl-run-7-coc-grounded 2026-09-22T06:53:26+02:00
----------------------------------------------------------------
INFO:__main__:cameras: ['camera_cross_left_120fov', 'camera_front_wide_120fov', 'camera_cross_right_120fov', 'camera_front_tele_30fov']
INFO:__main__:reward mode: gt   route hint: True   coc_temperature: 1.0
INFO:megatron.core.msc_utils:The multistorageclient package is available.
/home/vla/envs/alpamayo2edge/lib/python3.13/site-packages/megatron/core/distributed/fsdp/src/megatron_fsdp/utils.py:108: UserWarning: Transformer Engine and Apex are not installed. Falling back to local implementations of multi_tensor_applier and multi_tensor_scale
  warnings.warn(
INFO:megatron.core.distributed.fsdp.src.megatron_fsdp.megatron_fsdp:Detected Megatron Core, using Megatron-FSDP with Megatron.
INFO:megatron.core.distributed.fsdp.src.megatron_fsdp.param_and_grad_buffer:Detected Megatron Core, using Megatron-FSDP with Megatron.
/home/vla/envs/alpamayo2edge/lib/python3.13/site-packages/megatron/core/optimizer/__init__.py:24: UserWarning: Transformer Engine and Apex are not installed. Falling back to Torch optimizers.
  warnings.warn(
/home/vla/envs/alpamayo2edge/lib/python3.13/site-packages/megatron/core/optimizer/optimizer.py:28: UserWarning: Transformer Engine and Apex are not installed. Falling back to local implementations of multi_tensor_applier and multi_tensor_scale
  warnings.warn(
/home/vla/envs/alpamayo2edge/lib/python3.13/site-packages/megatron/core/optimizer/clip_grads.py:29: UserWarning: Transformer Engine and Apex are not installed. Falling back to local implementations of multi_tensor_applier, multi_tensor_l2norm, and multi_tensor_scale
  warnings.warn(
[09-22 06:53:31|INFO|cosmos_framework/model/generator/omni_mot_model.py:124:__init__] OmniMoTModel: config {'tokenizer': {'bucket_name': 'bucket', 'object_store_credential_path_pretrained': 'credentials/gcp_training.secret', 'vae_path': 'pretrained/tokenizers/video/wan2pt2/Wan2.2_VAE.pth', 'chunk_duration': 93, 'keep_decoder_cache': False, 'use_streaming_encode': False, 'encode_chunk_frames': {'256': 68, '480': 24, '720': 8, '768': 8}, 'encode_exact_durations': [17, 61, 73], 'spatial_compression_factor': 16, 'temporal_compression_factor': 4, 'temporal_window': None, 'encode_bucket_multiple': None, 'causal': True, '_target_': 'cosmos_framework.model.generator.tokenizers.wan2pt2_vae_4x16x16.Wan2pt2VAEInterface'}, 'load_vision_tokenizer': True, 'lidar_tokenizer': None, 'lidar_state_ch': None, 'lidar_fps': None, 'net': None, 'ema': {'enabled': False, 'rate': 0.1, 'iteration_shift': 0, '_type': 'cosmos_framework.configs.base.defaults.ema.EMAConfig'}, 'parallelism': {'data_parallel_shard_degree': -1, 'data_parallel_replicate_degree': 1, 'context_parallel_shard_degree': 1, 'cfg_parallel_shard_degree': 1, 'enable_inference_mode': True, 'fsdp_master_dtype': 'float32', 'fsdp_reduce_dtype': None, '_type': 'cosmos_framework.configs.base.defaults.parallelism.ParallelismConfig'}, 'attention_io_layout': 'sequence_sharded', 'compile': {'enabled': False, 'compiled_region': 'language', 'compile_dynamic': True, 'use_cuda_graphs': False, 'ar_post_saturation_mode': 'default', 'max_autotune_pointwise': False, 'coordinate_descent_tuning': False, '_type': 'cosmos_framework.configs.base.defaults.compile.CompileConfig'}, 'quantization': {'method': None, 'fp8_granularity': 'per_row', 'modelopt_fp8_checkpoint_path': None, 'mixed_precision_first_steps': 0, 'mixed_precision_last_steps': 0, 'mixed_precision_reasoner_policy': 'high_precision', 'mixed_precision_w8a16_cache': 'none', 'include_regex': [], 'exclude_regex': [], 'modelopt_fp8_target_fqns': [], '_type': 'cosmos_framework.configs.base.defaults.quantization.QuantizationConfig'}, 'activation_checkpointing': {'mode': 'none', 'preserve_rng_state': True, 'determinism_check': 'default', 'save_ops_regex': ['fmha'], '_type': 'cosmos_framework.configs.base.defaults.activation_checkpointing.ActivationCheckpointingConfig'}, 'precision': 'bfloat16', 'lora_enabled': False, 'lora_rank': 16, 'lora_alpha': 32, 'lora_target_modules': 'q_proj_moe_gen,k_proj_moe_gen,v_proj_moe_gen,o_proj_moe_gen', 'rectified_flow_training_config': {'shift': {'256': 3, '480': 5, '720': 10}, 'shift_image': None, 'use_dynamic_shift': False, 'train_time_image_distribution': 'logitnormal', 'train_time_video_distribution': 'waver', 'train_time_action_distribution': 'logitnormal', 'train_time_sound_distribution': 'logitnormal', 'train_time_weight': 'uniform', 'loss_scale': 10.0, 'image_loss_scale': None, 'sound_loss_scale': 2.0, 'lidar_loss_scale': None, 'use_discrete_rf': False, 'action_loss_weight': 10.0, 'independent_action_schedule': False, 'shift_action': None, 'independent_sound_schedule': False, 'shift_sound': None, 'normalize_loss_by_active': False, 'sample_level_loss_averaging': False, 'high_sigma_ratio': 0.05, 'high_sigma_timesteps_max': 1000, 'high_sigma_timesteps_min': 995, 'use_high_sigma_strategy': False, 'use_high_sigma_strategy_action': False, 'use_high_sigma_strategy_sound': False, '_type': 'cosmos_framework.configs.base.defaults.model_config.RectifiedFlowTrainingConfig'}, 'rectified_flow_inference_config': {'scheduler_type': 'unipc', 'num_train_timesteps': 1000, 'shift': 1, 'use_dynamic_shifting': False, '_type': 'cosmos_framework.configs.base.defaults.model_config.RectifiedFlowInferenceConfig'}, 'fixed_step_sampler_config': None, 'vlm_config': {'model_name': 'nvidia/Cosmos3-Edge-Reasoner', 'safetensors_path': '', 'pretrained_weights': {'enabled': False, 'backbone_path': 's3://bucket/cosmos3/pretrained/huggingface/nvidia/Cosmos3-Edge-Reasoner-590c1c0/', 'credentials_path': 'credentials/gcp_checkpoint.secret', 'enable_gcs_patch_in_boto3': True, 'checkpoint_format': None, '_type': 'cosmos_framework.configs.base.defaults.reasoner.PretrainedWeightsConfig'}, 'model_instance': {'_target_': 'cosmos_framework.model.generator.mot.unified_mot.Nemotron3DenseVLTextForCausalLM', 'config': {'_target_': 'cosmos_framework.configs.base.defaults.reasoner.create_vlm_config', 'base_config': {'_target_': 'cosmos_framework.model.generator.mot.unified_mot.Nemotron3DenseVLMoTConfig.from_json_file', 'json_file': 'cosmos_framework/model/generator/reasoner/nemotron_3_dense_vl/configs/Nemotron-2B-Dense-VL.json'}, 'include_visual': None, 'qk_norm_for_text': False, 'use_und_k_norm_for_gen': True}}, 'tokenizer': {'repository': None, 'revision': None, 'subdir': '', '_target_': 'cosmos_framework.data.generator.processors.build_processor_lazy', 'tokenizer_type': '/bulk/users/vla/alpamayo2edge/cosmos3-edge'}, 'layer_module': None, 'qk_norm': False, 'tie_word_embeddings': False, 'use_system_prompt': False, '_type': 'cosmos_framework.configs.base.defaults.reasoner.VLMConfig'}, 'diffusion_expert_config': {'timestep_range': 1.0, 'load_weights_from_pretrained': False, 'enable_vision_modality_embeddings': False, 'enable_media_modality_embedding': False, 'enable_sound_modality_embedding': True, 'patch_spatial': 2, 'max_vae_latent_side_after_patchify': 20, 'enable_fps_modulation': True, 'base_fps': 24, 'sound_base_temporal_compression_factor': None, 'vision_temporal_position_mode': 'latent_index', 'unified_3d_mrope_reset_spatial_ids': True, 'unified_3d_mrope_temporal_modality_margin': 15000, '_type': 'cosmos_framework.configs.base.defaults.model_config.DiffusionExpertConfig'}, 'input_video_key': 'video', 'input_image_key': 'images', 'input_caption_key': 'ai_caption', 'state_ch': 48, 'state_t': 300, 'latent_downsample_factor': 16, 'resolution': '480', 'max_num_tokens_after_packing': 74000, 'joint_attn_implementation': 'two_way', 'flex_attention': {'enabled': False, 'backend': 'auto', 'mask': {'attention_scope': 'all_views'}}, 'natten_parameter_list': None, 'video_temporal_causal': False, 'causal_training_strategy': 'none', 'lbl': {'method': 'local', 'coeff_und': None, 'coeff_gen': None, '_type': 'cosmos_framework.configs.base.defaults.model_config.LBLConfig'}, 'vision_gen': True, 'action_gen': True, 'max_action_dim': 64, 'num_embodiment_domains': 32, 'sound_gen': False, 'sound_tokenizer': None, 'sound_dim': None, 'sound_latent_fps': 25, 'enable_input_bias': True, 'log_enc_time_every_n': 100, 'exclude_reasoner_weights_from_checkpoint': False, '_type': 'cosmos_framework.configs.base.defaults.model_config.OmniMoTModelConfig'}
[09-22 06:53:31|WARNING|cosmos_framework/model/generator/omni_mot_model.py:150:set_precision] OmniMoTModel: precision torch.bfloat16
This processor does not use the `size` parameter. It will be ignored.
[09-22 06:53:31|INFO|cosmos_framework/data/generator/processors/base.py:131:__init__] Successfully loaded processor from local cache
[09-22 06:53:31|INFO|cosmos_framework/utils/checkpoint_db.py:338:download] Downloading checkpoint Wan2.2/vae(dff52f97330248c7b4e1243329fe195b)
[09-22 06:53:31|INFO|cosmos_framework/utils/checkpoint_db.py:171:_hf_download] uv run --isolated --project /home/vla/projects/cosmos-framework/cosmos_framework/utils/hf_cli --locked --no-default-groups hf download --format=json Wan-AI/Wan2.2-TI2V-5B --repo-type model --revision 921dbaf3f1674a56f47e83fb80a34bac8a8f203e Wan2.2_VAE.pth
[2mInstalled [1m16 packages[0m [2min 2ms[0m[0m
[09-22 06:53:33|INFO|cosmos_framework/model/generator/tokenizers/wan2pt2_vae_4x16x16.py:1056:_video_vae] loading /bulk/users/vla/alpamayo2edge/hf-cache/models--Wan-AI--Wan2.2-TI2V-5B/snapshots/921dbaf3f1674a56f47e83fb80a34bac8a8f203e/Wan2.2_VAE.pth
[09-22 06:53:33|INFO|cosmos_framework/utils/timer.py:138:_log] Time spent on OmniMoTModel: set_up_tokenizers: 2.43 s
[09-22 06:53:33|INFO|cosmos_framework/utils/generator/parallelism.py:110:_validate] dp_shard auto-inferred to world_size = 1
[09-22 06:53:33|INFO|cosmos_framework/utils/generator/parallelism.py:124:_validate] dp_replicate is set to -1, will be automatically determined based on world_size 1 // dp_shard 1.
[09-22 06:53:33|INFO|cosmos_framework/utils/generator/parallelism.py:129:_validate] dp_replicate is set to 1.
`torch_dtype` is deprecated! Use `dtype` instead!
[09-22 06:53:33|INFO|cosmos_framework/utils/timer.py:138:_log] Time spent on meta to cuda and broadcast model states: 0.04 s
[09-22 06:53:33|INFO|cosmos_framework/utils/timer.py:138:_log] Time spent on Creating PyTorch model and ema if enabled: 0.11 s
[09-22 06:53:33|INFO|cosmos_framework/utils/timer.py:138:_log] Time spent on OmniMoTModel: set_up_model: 0.11 s
/home/vla/envs/alpamayo2edge/lib/python3.13/site-packages/torch/distributed/checkpoint/utils.py:483: UserWarning: torch.distributed is disabled, unavailable or uninitialized, assuming the intent is to load in a single process.
  return func(*args, **kwargs)
[09-22 06:53:34|INFO|../cosmos-framework/cosmos_framework/model/generator/mot/unified_mot.py:2656:_ensure_vision_tower] Edge vision tower: loading from checkpoint-local bundle /bulk/users/vla/alpamayo2edge/cosmos3-edge/vision_encoder
INFO:distill.checkpoint:loaded merged student <- /data/vla/alpamayo2edge/runs/stage1/run-351/best
INFO:__main__:init policy <- /data/vla/alpamayo2edge/runs/stage1/run-351/best (epoch=1 coc_nll=0.519203215589126)
[09-22 06:53:37|INFO|../cosmos-framework/cosmos_framework/utils/generator/lora.py:164:inject_lora_pre_fsdp] Injecting LoRA on meta device: rank=48, alpha=96, targets=['q_proj', 'k_proj', 'v_proj', 'o_proj']
[09-22 06:53:37|INFO|../cosmos-framework/cosmos_framework/utils/generator/lora.py:184:inject_lora_pre_fsdp] LoRA injection successful: 112 modules wrapped, 19,267,584 trainable LoRA params, 2,818,812,416 frozen base params (0.679% trainable)
INFO:__main__:LoRA: {'wrapped': 112, 'by_leaf': {'q_proj': 28, 'k_proj': 28, 'v_proj': 28, 'o_proj': 28}, 'lora_params': 19267584, 'example': ['0.self_attn.q_proj', '0.self_attn.k_proj', '0.self_attn.v_proj']}
INFO:distill.student.context:image processor: Siglip2ImageProcessorCustom (native Cosmos3-Edge port)
INFO:distill.student.context:image processor: Siglip2ImageProcessorCustom (native Cosmos3-Edge port)
INFO:__main__:train prompts: 18954   val eval windows: 400
INFO:distill.data.sampling:maneuver-stratified sampling, alpha=0.50 (D-036):
INFO:distill.data.sampling:   class              n  uniform  effective
INFO:distill.data.sampling:   FOLLOW          6249    33.0%      20.1%
INFO:distill.data.sampling:   KEEP            3942    20.8%      16.0%
INFO:distill.data.sampling:   STOP            2131    11.2%      11.7%
INFO:distill.data.sampling:   NUDGE           1960    10.3%      11.3%
INFO:distill.data.sampling:   ADAPT_SPEED     1870     9.9%      11.0%
INFO:distill.data.sampling:   TURN             626     3.3%       6.4%
INFO:distill.data.sampling:   ACCELERATE       573     3.0%       6.1%
INFO:distill.data.sampling:   SLOW             494     2.6%       5.7%
INFO:distill.data.sampling:   YIELD            451     2.4%       5.4%
INFO:distill.data.sampling:   LANE_CHANGE      382     2.0%       5.0%
INFO:distill.data.sampling:   UNASSIGNED       276     1.5%       1.5%
INFO:__main__:step 0 val: {"n": 400, "traj_ade": null, "neg_ade": null, "traj_decoded": 0.0, "gt_score": 0.4777578191039729, "gt_consistent": 0.7366863905325444, "gt_false_clear": 0.25892857142857145, "hazard_ungrounded": 0.20921985815602837, "direction_ok": 0.4339622641509434, "maneuver_acc": 0.6072351421188631, "obj_precision": 0.8297746144721233, "termination": 1.0, "mix": {"FOLLOW": 122, "KEEP": 96, "NUDGE": 55, "STOP": 54, "ADAPT_SPEED": 27, "TURN": 19, "YIELD": 11, "ACCELERATE": 6, "null": 5, "SLOW": 4, "LANE_CHANGE": 1}}
/home/vla/projects/alpamayo2edge/src/distill/train_grpo_coc.py:471: UserWarning: Converting a tensor with requires_grad=True to a scalar may lead to unexpected behavior.
Consider using tensor.detach() first. (Triggered internally at /pytorch/torch/csrc/autograd/generated/python_variable_methods.cpp:836.)
  stats["ce"] += float(ce)
INFO:__main__:step 1/200 reward 0.066 [kin +0.04 dir +0.08 haz +0.23 tch 0.69] fail 0.01 skip 0.38 kl 0.0000 ce 0.391 |g| 0.48  90s  {'NUDGE': 56, 'KEEP': 23, 'FOLLOW': 21, 'TURN': 17, 'STOP': 6, 'YIELD': 3}
INFO:__main__:step 2/200 reward -0.320 [kin -0.32 dir +0.00 haz -0.28 tch 0.45] fail 0.00 skip 0.38 kl 0.0007 ce 0.234 |g| 0.49  93s  {'KEEP': 44, 'NUDGE': 34, 'FOLLOW': 28, 'YIELD': 13, 'STOP': 5, 'ACCELERATE': 2}
INFO:__main__:step 3/200 reward -0.281 [kin -0.34 dir +0.12 haz +0.50 tch 0.30] fail 0.00 skip 0.50 kl 0.0014 ce 0.371 |g| 0.47  81s  {'FOLLOW': 48, 'TURN': 17, 'ADAPT_SPEED': 15, 'SLOW': 15, 'KEEP': 13, 'YIELD': 9}
INFO:__main__:step 4/200 reward 0.582 [kin +0.58 dir +0.00 haz +0.42 tch 0.55] fail 0.00 skip 0.50 kl 0.0013 ce 0.162 |g| 0.45  86s  {'STOP': 60, 'KEEP': 36, 'FOLLOW': 12, 'SLOW': 12, 'ADAPT_SPEED': 3, 'NUDGE': 2}
INFO:__main__:step 5/200 reward 0.143 [kin +0.13 dir +0.02 haz +0.11 tch 0.43] fail 0.00 skip 0.25 kl 0.0012 ce 0.486 |g| 0.66  103s  {'KEEP': 74, 'STOP': 16, 'SLOW': 12, 'ADAPT_SPEED': 9, 'ACCELERATE': 7, 'FOLLOW': 4}
INFO:__main__:step 6/200 reward 0.262 [kin +0.29 dir -0.06 haz +0.47 tch 0.57] fail 0.00 skip 0.62 kl 0.0032 ce 0.296 |g| 0.45  70s  {'FOLLOW': 62, 'STOP': 22, 'ADAPT_SPEED': 20, 'KEEP': 14, 'SLOW': 9, 'LANE_CHANGE': 1}
INFO:__main__:step 7/200 reward -0.170 [kin -0.16 dir +0.05 haz +0.52 tch 0.34] fail 0.02 skip 0.25 kl 0.0028 ce 0.303 |g| 0.55  108s  {'FOLLOW': 43, 'NUDGE': 24, 'KEEP': 24, 'STOP': 16, 'ACCELERATE': 8, None: 4}
INFO:__main__:step 8/200 reward -0.176 [kin -0.16 dir -0.02 haz +0.04 tch 0.62] fail 0.00 skip 0.75 kl 0.0122 ce 0.167 |g| 0.46  61s  {'KEEP': 42, 'ADAPT_SPEED': 32, 'FOLLOW': 23, 'NUDGE': 16, 'TURN': 7, 'STOP': 7}
INFO:__main__:step 9/200 reward 0.412 [kin +0.36 dir +0.10 haz +0.39 tch 0.72] fail 0.00 skip 0.38 kl 0.0022 ce 0.143 |g| 0.31  115s  {'STOP': 31, 'SLOW': 29, 'KEEP': 18, 'NUDGE': 17, 'TURN': 14, 'YIELD': 13}
INFO:__main__:step 10/200 reward 0.182 [kin +0.14 dir +0.09 haz +0.07 tch 0.47] fail 0.00 skip 0.25 kl 0.0094 ce 0.486 |g| 0.52  157s  {'NUDGE': 36, 'KEEP': 23, 'STOP': 19, 'SLOW': 17, 'TURN': 12, 'ACCELERATE': 8}
INFO:__main__:step 11/200 reward 0.592 [kin +0.48 dir +0.23 haz +0.01 tch 0.82] fail 0.00 skip 0.38 kl 0.0112 ce 0.126 |g| 0.47  93s  {'NUDGE': 37, 'STOP': 30, 'TURN': 21, 'ACCELERATE': 19, 'FOLLOW': 15, 'KEEP': 5}
INFO:__main__:step 12/200 reward 0.248 [kin +0.13 dir +0.23 haz +0.62 tch 0.52] fail 0.00 skip 0.25 kl 0.0172 ce 0.393 |g| 0.69  94s  {'STOP': 47, 'TURN': 30, 'KEEP': 22, 'FOLLOW': 12, 'ADAPT_SPEED': 10, 'SLOW': 5}
INFO:__main__:step 13/200 reward 0.293 [kin +0.32 dir -0.06 haz +0.38 tch 0.52] fail 0.00 skip 0.62 kl 0.0467 ce 0.077 |g| 0.36  64s  {'STOP': 39, 'KEEP': 37, 'ADAPT_SPEED': 27, 'FOLLOW': 25}
INFO:__main__:step 14/200 reward -0.400 [kin -0.37 dir -0.06 haz -0.06 tch 0.54] fail 0.00 skip 0.25 kl 0.0122 ce 0.313 |g| 0.64  95s  {'ADAPT_SPEED': 38, 'KEEP': 36, 'SLOW': 19, 'STOP': 19, 'FOLLOW': 13, 'NUDGE': 3}
INFO:__main__:step 15/200 reward 0.344 [kin +0.22 dir +0.24 haz +0.54 tch 0.59] fail 0.00 skip 0.25 kl 0.0197 ce 0.195 |g| 0.53  94s  {'TURN': 31, 'FOLLOW': 29, 'KEEP': 22, 'STOP': 15, 'SLOW': 11, 'ADAPT_SPEED': 10}
INFO:__main__:step 16/200 reward -0.055 [kin -0.12 dir +0.12 haz +0.80 tch 0.55] fail 0.00 skip 0.38 kl 0.0144 ce 0.384 |g| 0.57  84s  {'FOLLOW': 31, 'NUDGE': 26, 'KEEP': 23, 'STOP': 16, 'TURN': 16, 'SLOW': 12}
INFO:__main__:step 17/200 reward -0.023 [kin +0.00 dir -0.05 haz +0.09 tch 0.40] fail 0.00 skip 0.00 kl 0.0145 ce 0.254 |g| 0.68  116s  {'KEEP': 49, 'ADAPT_SPEED': 31, 'FOLLOW': 20, 'NUDGE': 11, 'SLOW': 10, 'ACCELERATE': 4}
INFO:__main__:step 18/200 reward 0.355 [kin +0.32 dir +0.07 haz +0.15 tch 0.62] fail 0.00 skip 0.25 kl 0.0431 ce 0.381 |g| 0.70  95s  {'KEEP': 41, 'SLOW': 21, 'STOP': 19, 'ACCELERATE': 14, 'TURN': 11, 'ADAPT_SPEED': 10}
INFO:__main__:step 19/200 reward 0.320 [kin +0.26 dir +0.12 haz +0.33 tch 0.15] fail 0.00 skip 0.50 kl 0.0566 ce 0.326 |g| 0.66  74s  {'KEEP': 44, 'STOP': 28, 'ACCELERATE': 17, 'SLOW': 16, 'TURN': 14, 'FOLLOW': 4}
INFO:__main__:step 20/200 reward 0.244 [kin +0.14 dir +0.21 haz +0.16 tch 0.59] fail 0.00 skip 0.38 kl 0.0265 ce 0.208 |g| 0.55  84s  {'KEEP': 40, 'TURN': 32, 'FOLLOW': 20, 'STOP': 16, 'SLOW': 14, 'ADAPT_SPEED': 5}
INFO:__main__:step 21/200 reward -0.084 [kin -0.08 dir +0.00 haz +0.39 tch 0.49] fail 0.00 skip 0.62 kl 0.0258 ce 0.063 |g| 0.39  63s  {'KEEP': 62, 'STOP': 27, 'FOLLOW': 18, 'ADAPT_SPEED': 13, 'SLOW': 4, 'ACCELERATE': 2}
INFO:__main__:step 22/200 reward 0.273 [kin +0.27 dir +0.00 haz +0.30 tch 0.61] fail 0.00 skip 0.50 kl 0.0340 ce 0.261 |g| 0.47  74s  {'KEEP': 34, 'FOLLOW': 30, 'STOP': 26, 'SLOW': 16, 'NUDGE': 12, 'ACCELERATE': 8}
INFO:__main__:step 23/200 reward 0.623 [kin +0.50 dir +0.25 haz +0.57 tch 0.44] fail 0.00 skip 0.38 kl 0.0876 ce 0.384 |g| 0.64  84s  {'KEEP': 43, 'TURN': 34, 'STOP': 20, 'ACCELERATE': 13, 'FOLLOW': 7, 'ADAPT_SPEED': 5}
INFO:__main__:step 24/200 reward 0.035 [kin -0.03 dir +0.12 haz +0.14 tch 0.70] fail 0.00 skip 0.50 kl 0.0240 ce 0.130 |g| 0.49  73s  {'FOLLOW': 40, 'STOP': 30, 'KEEP': 25, 'TURN': 16, 'ADAPT_SPEED': 13, 'SLOW': 4}
INFO:__main__:step 25/200 reward 0.029 [kin +0.04 dir +0.02 haz +0.08 tch 0.70] fail 0.01 skip 0.38 kl 0.0224 ce 0.073 |g| 0.51  85s  {'FOLLOW': 33, 'KEEP': 29, 'ACCELERATE': 24, 'SLOW': 18, 'STOP': 16, 'LANE_CHANGE': 4}
INFO:__main__:step 25 val: {"n": 400, "traj_ade": null, "neg_ade": null, "traj_decoded": 0.0, "gt_score": 0.5346541650961175, "gt_consistent": 0.7757255936675461, "gt_false_clear": 0.24107142857142858, "hazard_ungrounded": 0.2014388489208633, "direction_ok": 0.8490566037735849, "maneuver_acc": 0.5581395348837209, "obj_precision": 0.7340553549939832, "termination": 1.0, "mix": {"KEEP": 106, "FOLLOW": 96, "STOP": 71, "TURN": 46, "SLOW": 45, "ACCELERATE": 14, "ADAPT_SPEED": 11, "NUDGE": 9, "YIELD": 1, "LANE_CHANGE": 1}}
INFO:distill.checkpoint:saved merged student -> /data/vla/alpamayo2edge/runs/stage1_rl/rl-run-7-coc-grounded/best (992 tensors)
INFO:__main__:  <- new best (val gt_score 0.535), saved
INFO:__main__:step 26/200 reward 0.334 [kin +0.27 dir +0.12 haz +0.00 tch 0.41] fail 0.00 skip 0.50 kl 0.0153 ce 0.142 |g| 0.36  73s  {'FOLLOW': 44, 'KEEP': 22, 'STOP': 17, 'TURN': 16, 'ADAPT_SPEED': 15, 'ACCELERATE': 11}
INFO:__main__:step 27/200 reward -0.113 [kin -0.11 dir +0.00 haz +0.00 tch 0.43] fail 0.00 skip 0.38 kl 0.0444 ce 0.576 |g| 0.71  83s  {'KEEP': 56, 'STOP': 21, 'SLOW': 19, 'ADAPT_SPEED': 13, 'ACCELERATE': 12, 'NUDGE': 4}
INFO:__main__:step 28/200 reward 0.584 [kin +0.46 dir +0.25 haz +0.46 tch 0.16] fail 0.00 skip 0.38 kl 0.0436 ce 0.618 |g| 0.56  84s  {'KEEP': 33, 'TURN': 30, 'SLOW': 28, 'STOP': 16, 'ADAPT_SPEED': 14, 'NUDGE': 3}
INFO:__main__:step 29/200 reward 0.408 [kin +0.30 dir +0.21 haz +0.12 tch 0.60] fail 0.00 skip 0.62 kl 0.0901 ce 0.200 |g| 0.40  64s  {'FOLLOW': 45, 'TURN': 29, 'STOP': 23, 'ACCELERATE': 17, 'KEEP': 11, 'YIELD': 2}
INFO:__main__:step 30/200 reward 0.045 [kin -0.01 dir +0.11 haz +0.05 tch 0.74] fail 0.00 skip 0.88 kl 0.1925 ce 0.055 |g| 0.29  43s  {'KEEP': 95, 'FOLLOW': 17, 'TURN': 15, 'SLOW': 1}
INFO:__main__:step 31/200 reward -0.143 [kin -0.18 dir +0.07 haz -0.06 tch 0.60] fail 0.00 skip 0.50 kl 0.0559 ce 0.167 |g| 0.55  73s  {'SLOW': 32, 'KEEP': 20, 'FOLLOW': 17, 'ADAPT_SPEED': 17, 'TURN': 17, 'NUDGE': 16}
INFO:__main__:step 32/200 reward 0.492 [kin +0.40 dir +0.18 haz +0.67 tch 0.40] fail 0.00 skip 0.50 kl 0.0990 ce 0.231 |g| 0.59  74s  {'SLOW': 31, 'TURN': 26, 'FOLLOW': 26, 'STOP': 16, 'ACCELERATE': 15, 'KEEP': 8}
INFO:__main__:step 33/200 reward 0.652 [kin +0.47 dir +0.36 haz +0.15 tch 0.38] fail 0.00 skip 0.38 kl 0.0431 ce 0.375 |g| 0.55  84s  {'KEEP': 51, 'TURN': 47, 'ACCELERATE': 14, 'FOLLOW': 7, 'ADAPT_SPEED': 5, 'SLOW': 3}
INFO:__main__:step 34/200 reward 0.166 [kin +0.17 dir +0.00 haz +0.45 tch 0.62] fail 0.00 skip 0.38 kl 0.0378 ce 0.413 |g| 0.48  84s  {'FOLLOW': 49, 'STOP': 36, 'SLOW': 23, 'NUDGE': 11, 'ACCELERATE': 4, 'KEEP': 3}
INFO:__main__:step 35/200 reward 0.428 [kin +0.34 dir +0.17 haz +0.35 tch 0.38] fail 0.00 skip 0.50 kl 0.1723 ce 0.139 |g| 0.64  73s  {'KEEP': 75, 'TURN': 25, 'STOP': 16, 'SLOW': 5, 'ADAPT_SPEED': 4, 'ACCELERATE': 3}
INFO:__main__:step 36/200 reward 0.291 [kin +0.28 dir +0.02 haz +0.11 tch 0.51] fail 0.00 skip 0.50 kl 0.0761 ce 0.305 |g| 0.60  74s  {'FOLLOW': 47, 'ACCELERATE': 37, 'KEEP': 25, 'STOP': 16, 'SLOW': 2, 'TURN': 1}
INFO:__main__:step 37/200 reward 0.318 [kin +0.27 dir +0.09 haz +0.29 tch 0.25] fail 0.00 skip 0.50 kl 0.1256 ce 0.189 |g| 0.54  74s  {'KEEP': 56, 'STOP': 31, 'ACCELERATE': 14, 'TURN': 13, 'SLOW': 6, 'ADAPT_SPEED': 6}
INFO:__main__:step 38/200 reward 0.365 [kin +0.30 dir +0.12 haz +0.53 tch 0.49] fail 0.00 skip 0.50 kl 0.0817 ce 0.261 |g| 0.55  74s  {'KEEP': 42, 'SLOW': 26, 'FOLLOW': 16, 'TURN': 16, 'STOP': 14, 'NUDGE': 11}
INFO:__main__:step 39/200 reward 0.098 [kin +0.10 dir +0.00 haz +0.55 tch 0.66] fail 0.00 skip 0.88 kl 0.0260 ce 0.052 |g| 0.22  44s  {'FOLLOW': 37, 'KEEP': 34, 'STOP': 32, 'ADAPT_SPEED': 18, 'LANE_CHANGE': 6, 'ACCELERATE': 1}
INFO:__main__:step 40/200 reward -0.133 [kin -0.20 dir +0.12 haz +0.07 tch 0.61] fail 0.00 skip 0.25 kl 0.0438 ce 0.287 |g| 0.59  94s  {'KEEP': 49, 'STOP': 28, 'TURN': 16, 'ACCELERATE': 14, 'SLOW': 12, 'FOLLOW': 9}
INFO:__main__:step 41/200 reward 0.500 [kin +0.38 dir +0.24 haz +0.48 tch 0.30] fail 0.00 skip 0.62 kl 0.3290 ce 0.168 |g| 0.43  65s  {'ACCELERATE': 44, 'TURN': 31, 'KEEP': 19, 'FOLLOW': 16, 'SLOW': 13, 'NUDGE': 3}
INFO:__main__:step 42/200 reward -0.266 [kin -0.27 dir +0.00 haz +0.01 tch 0.63] fail 0.00 skip 0.75 kl 0.0300 ce 0.300 |g| 0.46  54s  {'KEEP': 64, 'FOLLOW': 41, 'ACCELERATE': 17, 'NUDGE': 6}
INFO:__main__:step 43/200 reward 0.270 [kin +0.14 dir +0.25 haz +0.50 tch 0.33] fail 0.00 skip 0.38 kl 0.0445 ce 0.144 |g| 0.56  84s  {'KEEP': 49, 'TURN': 32, 'ACCELERATE': 21, 'FOLLOW': 13, 'ADAPT_SPEED': 10, 'SLOW': 3}
INFO:__main__:step 44/200 reward 0.277 [kin +0.28 dir +0.00 haz +0.27 tch 0.48] fail 0.00 skip 0.50 kl 0.1467 ce 0.144 |g| 0.60  74s  {'KEEP': 50, 'SLOW': 29, 'STOP': 21, 'FOLLOW': 15, 'ACCELERATE': 8, 'NUDGE': 4}
INFO:__main__:step 45/200 reward 0.332 [kin +0.27 dir +0.12 haz +0.06 tch 0.62] fail 0.00 skip 0.62 kl 0.0116 ce 0.032 |g| 0.31  64s  {'ADAPT_SPEED': 31, 'KEEP': 30, 'STOP': 16, 'TURN': 16, 'ACCELERATE': 16, 'FOLLOW': 15}
INFO:__main__:step 46/200 reward 0.059 [kin +0.06 dir +0.00 haz +0.24 tch 0.38] fail 0.00 skip 0.88 kl 0.0239 ce 0.014 |g| 0.27  43s  {'KEEP': 80, 'FOLLOW': 19, 'STOP': 13, 'SLOW': 11, 'ADAPT_SPEED': 5}
INFO:__main__:step 47/200 reward 0.307 [kin +0.31 dir -0.00 haz +0.50 tch 0.39] fail 0.00 skip 0.62 kl 0.0703 ce 0.172 |g| 0.45  64s  {'KEEP': 60, 'STOP': 32, 'SLOW': 17, 'ACCELERATE': 12, 'YIELD': 3, 'ADAPT_SPEED': 2}
INFO:__main__:step 48/200 reward 0.312 [kin +0.25 dir +0.13 haz +0.25 tch 0.39] fail 0.00 skip 0.75 kl 0.0572 ce 0.095 |g| 0.25  54s  {'FOLLOW': 46, 'KEEP': 33, 'STOP': 16, 'TURN': 16, 'ACCELERATE': 15, 'LANE_CHANGE': 1}
INFO:__main__:step 49/200 reward 0.225 [kin +0.16 dir +0.12 haz +0.39 tch 0.27] fail 0.00 skip 0.50 kl 0.0849 ce 0.198 |g| 0.52  74s  {'KEEP': 42, 'FOLLOW': 28, 'SLOW': 17, 'STOP': 16, 'TURN': 16, 'ACCELERATE': 8}
INFO:__main__:step 50/200 reward 0.332 [kin +0.21 dir +0.24 haz +0.42 tch 0.25] fail 0.00 skip 0.62 kl 0.0641 ce 0.273 |g| 0.48  64s  {'KEEP': 40, 'TURN': 34, 'ACCELERATE': 17, 'SLOW': 16, 'FOLLOW': 16, 'ADAPT_SPEED': 5}
INFO:__main__:step 50 val: {"n": 400, "traj_ade": null, "neg_ade": null, "traj_decoded": 0.0, "gt_score": 0.450187969924812, "gt_consistent": 0.7894736842105263, "gt_false_clear": 0.3392857142857143, "hazard_ungrounded": 0.18861209964412812, "direction_ok": 1.0, "maneuver_acc": 0.46511627906976744, "obj_precision": 0.6720238095238095, "termination": 1.0, "mix": {"KEEP": 111, "FOLLOW": 84, "TURN": 59, "SLOW": 48, "STOP": 39, "ACCELERATE": 39, "ADAPT_SPEED": 14, "NUDGE": 3, "LANE_CHANGE": 2, "null": 1}}
INFO:__main__:step 51/200 reward 0.051 [kin +0.05 dir +0.00 haz +0.18 tch 0.61] fail 0.00 skip 0.75 kl 0.0561 ce 0.199 |g| 0.42  53s  {'FOLLOW': 42, 'KEEP': 38, 'ACCELERATE': 17, 'STOP': 16, 'SLOW': 13, None: 1}
INFO:__main__:step 52/200 reward -0.012 [kin -0.01 dir +0.00 haz +0.53 tch 0.48] fail 0.00 skip 0.25 kl 0.0484 ce 0.238 |g| 0.61  94s  {'FOLLOW': 43, 'KEEP': 22, 'STOP': 19, 'SLOW': 17, 'ACCELERATE': 15, 'ADAPT_SPEED': 12}
INFO:__main__:step 53/200 reward 0.184 [kin +0.13 dir +0.10 haz +0.20 tch 0.43] fail 0.00 skip 0.38 kl 0.1036 ce 0.240 |g| 0.64  84s  {'SLOW': 37, 'ACCELERATE': 24, 'TURN': 22, 'FOLLOW': 16, 'KEEP': 15, 'ADAPT_SPEED': 13}
INFO:__main__:step 54/200 reward 0.078 [kin +0.08 dir +0.00 haz +0.08 tch 0.43] fail 0.00 skip 0.50 kl 0.1389 ce 0.245 |g| 0.74  74s  {'SLOW': 39, 'KEEP': 39, 'STOP': 38, 'NUDGE': 10, 'ADAPT_SPEED': 2}
INFO:__main__:step 55/200 reward 0.336 [kin +0.33 dir +0.01 haz +0.31 tch 0.66] fail 0.00 skip 0.38 kl 0.0295 ce 0.203 |g| 0.47  86s  {'FOLLOW': 61, 'STOP': 17, 'ACCELERATE': 16, 'ADAPT_SPEED': 14, 'SLOW': 11, 'KEEP': 7}
INFO:__main__:step 56/200 reward 0.779 [kin +0.48 dir +0.61 haz +0.88 tch 0.41] fail 0.00 skip 0.88 kl 0.1505 ce 0.031 |g| 0.35  44s  {'TURN': 85, 'FOLLOW': 32, 'KEEP': 6, 'ADAPT_SPEED': 4, 'ACCELERATE': 1}
INFO:__main__:step 57/200 reward -0.018 [kin -0.00 dir -0.03 haz -0.02 tch 0.66] fail 0.00 skip 0.38 kl 0.0361 ce 0.062 |g| 0.71  85s  {'ADAPT_SPEED': 48, 'KEEP': 38, 'FOLLOW': 24, 'TURN': 9, 'SLOW': 6, 'ACCELERATE': 2}
INFO:__main__:step 58/200 reward -0.014 [kin -0.01 dir -0.01 haz -0.02 tch 0.73] fail 0.00 skip 0.38 kl 0.0596 ce 0.102 |g| 0.61  84s  {'ADAPT_SPEED': 37, 'KEEP': 32, 'ACCELERATE': 20, 'STOP': 18, 'FOLLOW': 10, 'SLOW': 6}
INFO:__main__:step 59/200 reward 0.113 [kin +0.05 dir +0.12 haz +0.28 tch 0.52] fail 0.00 skip 0.38 kl 0.0641 ce 0.344 |g| 0.62  84s  {'KEEP': 43, 'FOLLOW': 28, 'ADAPT_SPEED': 17, 'SLOW': 17, 'TURN': 16, 'ACCELERATE': 5}
INFO:__main__:step 60/200 reward 0.113 [kin +0.11 dir +0.00 haz +0.07 tch 0.58] fail 0.00 skip 0.62 kl 0.0693 ce 0.320 |g| 0.39  64s  {'KEEP': 53, 'FOLLOW': 49, 'SLOW': 21, 'NUDGE': 2, 'YIELD': 1, 'STOP': 1}
INFO:__main__:step 61/200 reward 0.260 [kin +0.20 dir +0.12 haz +0.03 tch 0.67] fail 0.00 skip 0.62 kl 0.0801 ce 0.206 |g| 0.39  64s  {'FOLLOW': 29, 'SLOW': 21, 'STOP': 16, 'TURN': 16, 'ACCELERATE': 16, 'ADAPT_SPEED': 15}
INFO:__main__:step 62/200 reward 0.473 [kin +0.41 dir +0.12 haz +0.52 tch 0.31] fail 0.00 skip 0.75 kl 0.0654 ce 0.075 |g| 0.36  54s  {'STOP': 48, 'SLOW': 21, 'KEEP': 21, 'FOLLOW': 20, 'TURN': 16, 'ADAPT_SPEED': 2}
INFO:__main__:step 63/200 reward 0.242 [kin +0.24 dir +0.00 haz +0.08 tch 0.31] fail 0.00 skip 0.50 kl 0.0695 ce 0.266 |g| 0.57  74s  {'KEEP': 32, 'STOP': 29, 'ACCELERATE': 28, 'FOLLOW': 23, 'SLOW': 14, 'YIELD': 1}
INFO:__main__:step 64/200 reward 0.113 [kin +0.11 dir +0.00 haz -0.13 tch 0.45] fail 0.00 skip 0.50 kl 0.0224 ce 0.324 |g| 0.57  74s  {'KEEP': 84, 'ACCELERATE': 15, 'FOLLOW': 13, 'ADAPT_SPEED': 11, 'SLOW': 5}
INFO:__main__:step 65/200 reward 0.500 [kin +0.33 dir +0.34 haz +0.27 tch 0.62] fail 0.00 skip 0.50 kl 0.1141 ce 0.165 |g| 0.42  74s  {'TURN': 48, 'KEEP': 28, 'ADAPT_SPEED': 26, 'FOLLOW': 16, 'SLOW': 8, 'STOP': 2}
INFO:__main__:step 66/200 reward 0.316 [kin +0.25 dir +0.12 haz +0.15 tch 0.63] fail 0.00 skip 0.88 kl 0.0069 ce 0.014 |g| 0.23  43s  {'FOLLOW': 64, 'KEEP': 31, 'TURN': 16, 'STOP': 16, 'ADAPT_SPEED': 1}
INFO:__main__:step 67/200 reward 0.277 [kin +0.28 dir +0.00 haz +0.38 tch 0.59] fail 0.00 skip 0.75 kl 0.0253 ce 0.081 |g| 0.24  53s  {'KEEP': 48, 'STOP': 46, 'ADAPT_SPEED': 16, 'FOLLOW': 13, 'SLOW': 4, 'ACCELERATE': 1}
INFO:__main__:step 68/200 reward -0.160 [kin -0.16 dir +0.00 haz -0.16 tch 0.43] fail 0.00 skip 0.62 kl 0.0387 ce 0.301 |g| 0.58  64s  {'KEEP': 80, 'FOLLOW': 36, 'ADAPT_SPEED': 11, 'STOP': 1}
INFO:__main__:step 69/200 reward 0.535 [kin +0.35 dir +0.38 haz +0.54 tch 0.03] fail 0.00 skip 0.38 kl 0.0778 ce 0.213 |g| 0.48  84s  {'KEEP': 56, 'TURN': 48, 'SLOW': 15, 'ADAPT_SPEED': 5, 'NUDGE': 2, 'STOP': 2}
INFO:__main__:step 70/200 reward 0.035 [kin +0.04 dir +0.00 haz -0.02 tch 0.33] fail 0.00 skip 0.50 kl 0.0670 ce 0.192 |g| 0.71  74s  {'KEEP': 75, 'FOLLOW': 28, 'SLOW': 14, 'STOP': 5, 'ADAPT_SPEED': 5, 'YIELD': 1}
INFO:__main__:step 71/200 reward 0.213 [kin +0.21 dir +0.00 haz +0.16 tch 0.51] fail 0.00 skip 0.62 kl 0.0968 ce 0.391 |g| 0.46  64s  {'KEEP': 65, 'STOP': 31, 'FOLLOW': 24, 'SLOW': 6, 'ADAPT_SPEED': 1, 'NUDGE': 1}
INFO:__main__:step 72/200 reward 0.406 [kin +0.41 dir +0.00 haz +0.32 tch 0.79] fail 0.00 skip 0.88 kl 0.0826 ce 0.017 |g| 0.23  43s  {'KEEP': 53, 'STOP': 32, 'FOLLOW': 21, 'SLOW': 17, 'ACCELERATE': 5}
INFO:__main__:step 73/200 reward 0.410 [kin +0.29 dir +0.25 haz +0.54 tch 0.44] fail 0.00 skip 0.62 kl 0.0715 ce 0.245 |g| 0.45  64s  {'KEEP': 40, 'TURN': 32, 'FOLLOW': 31, 'SLOW': 18, 'YIELD': 4, 'ACCELERATE': 2}
INFO:__main__:step 74/200 reward -0.191 [kin -0.19 dir +0.00 haz +0.09 tch 0.52] fail 0.00 skip 0.50 kl 0.0482 ce 0.310 |g| 0.59  74s  {'KEEP': 75, 'FOLLOW': 27, 'ACCELERATE': 9, 'YIELD': 9, 'STOP': 6, 'SLOW': 1}
INFO:__main__:step 75/200 reward 0.082 [kin +0.02 dir +0.13 haz +0.18 tch 0.65] fail 0.00 skip 0.62 kl 0.0252 ce 0.091 |g| 0.49  64s  {'KEEP': 88, 'ACCELERATE': 19, 'TURN': 16, 'ADAPT_SPEED': 3, 'SLOW': 1, 'LANE_CHANGE': 1}
INFO:__main__:step 75 val: {"n": 400, "traj_ade": null, "neg_ade": null, "traj_decoded": 0.0, "gt_score": 0.415053616866594, "gt_consistent": 0.7989821882951654, "gt_false_clear": 0.38392857142857145, "hazard_ungrounded": 0.18773946360153257, "direction_ok": 0.9811320754716981, "maneuver_acc": 0.4909560723514212, "obj_precision": 0.7173076923076923, "termination": 1.0, "mix": {"KEEP": 142, "FOLLOW": 99, "STOP": 54, "TURN": 52, "SLOW": 31, "ADAPT_SPEED": 11, "ACCELERATE": 8, "YIELD": 2, "null": 1}}
INFO:__main__:step 76/200 reward 0.652 [kin +0.46 dir +0.38 haz +0.24 tch 0.40] fail 0.00 skip 0.88 kl 0.0529 ce 0.043 |g| 0.24  43s  {'TURN': 48, 'FOLLOW': 33, 'STOP': 32, 'SLOW': 10, 'YIELD': 3, 'ADAPT_SPEED': 1}
INFO:__main__:step 77/200 reward 0.477 [kin +0.41 dir +0.12 haz +0.75 tch 0.28] fail 0.00 skip 0.62 kl 0.0466 ce 0.100 |g| 0.30  63s  {'STOP': 46, 'KEEP': 31, 'FOLLOW': 19, 'TURN': 16, 'ADAPT_SPEED': 14, 'ACCELERATE': 1}
INFO:__main__:step 78/200 reward 0.006 [kin -0.06 dir +0.12 haz +0.16 tch 0.37] fail 0.00 skip 0.62 kl 0.0898 ce 0.082 |g| 0.46  64s  {'FOLLOW': 40, 'KEEP': 37, 'TURN': 16, 'SLOW': 12, 'ADAPT_SPEED': 12, 'STOP': 5}
INFO:__main__:step 79/200 reward 0.336 [kin +0.27 dir +0.12 haz +0.25 tch 0.68] fail 0.00 skip 0.88 kl 0.0443 ce 0.014 |g| 0.37  43s  {'STOP': 64, 'KEEP': 29, 'TURN': 16, 'YIELD': 10, 'SLOW': 9}
INFO:__main__:step 80/200 reward 0.307 [kin +0.24 dir +0.12 haz +0.50 tch 0.50] fail 0.00 skip 0.50 kl 0.0299 ce 0.333 |g| 0.32  74s  {'FOLLOW': 69, 'STOP': 34, 'TURN': 16, 'SLOW': 5, 'YIELD': 2, 'NUDGE': 1}
INFO:__main__:step 81/200 reward 0.334 [kin +0.27 dir +0.12 haz +0.34 tch 0.57] fail 0.00 skip 0.38 kl 0.1047 ce 0.178 |g| 0.62  84s  {'KEEP': 38, 'FOLLOW': 32, 'STOP': 25, 'TURN': 16, 'NUDGE': 9, 'ADAPT_SPEED': 7}
INFO:__main__:step 82/200 reward 0.336 [kin +0.21 dir +0.25 haz +0.11 tch 0.59] fail 0.00 skip 0.75 kl 0.1587 ce 0.093 |g| 0.36  54s  {'TURN': 32, 'SLOW': 28, 'STOP': 19, 'KEEP': 17, 'ADAPT_SPEED': 16, 'FOLLOW': 16}
INFO:__main__:step 83/200 reward 0.400 [kin +0.34 dir +0.12 haz +0.25 tch 0.41] fail 0.00 skip 0.38 kl 0.0619 ce 0.239 |g| 0.53  84s  {'KEEP': 39, 'SLOW': 32, 'STOP': 18, 'TURN': 16, 'ADAPT_SPEED': 11, 'FOLLOW': 11}
INFO:__main__:step 84/200 reward 0.383 [kin +0.26 dir +0.25 haz +0.21 tch 0.48] fail 0.00 skip 0.50 kl 0.0758 ce 0.217 |g| 0.77  74s  {'TURN': 32, 'KEEP': 31, 'SLOW': 30, 'FOLLOW': 21, 'ADAPT_SPEED': 14}
INFO:__main__:step 85/200 reward 0.076 [kin +0.08 dir +0.00 haz +0.38 tch 0.38] fail 0.00 skip 0.38 kl 0.0707 ce 0.223 |g| 0.52  84s  {'KEEP': 41, 'FOLLOW': 41, 'SLOW': 19, 'ADAPT_SPEED': 17, 'NUDGE': 7, 'STOP': 3}
INFO:__main__:step 86/200 reward 0.367 [kin +0.37 dir +0.00 haz +0.32 tch 0.39] fail 0.00 skip 0.38 kl 0.0496 ce 0.354 |g| 0.71  84s  {'STOP': 32, 'ACCELERATE': 28, 'KEEP': 24, 'SLOW': 21, 'FOLLOW': 16, 'ADAPT_SPEED': 7}
INFO:__main__:step 87/200 reward 0.281 [kin +0.16 dir +0.25 haz +0.27 tch 0.42] fail 0.00 skip 0.50 kl 0.0687 ce 0.125 |g| 0.47  74s  {'TURN': 32, 'KEEP': 23, 'SLOW': 23, 'FOLLOW': 18, 'STOP': 15, 'ADAPT_SPEED': 11}
INFO:__main__:step 88/200 reward -0.066 [kin -0.07 dir +0.00 haz +0.36 tch 0.73] fail 0.00 skip 0.88 kl 0.0358 ce 0.007 |g| 0.13  44s  {'FOLLOW': 48, 'KEEP': 32, 'SLOW': 31, 'STOP': 16, 'ADAPT_SPEED': 1}
INFO:__main__:step 89/200 reward 0.363 [kin +0.30 dir +0.12 haz -0.04 tch 0.39] fail 0.00 skip 0.75 kl 0.0136 ce 0.097 |g| 0.34  53s  {'KEEP': 29, 'SLOW': 27, 'STOP': 22, 'ADAPT_SPEED': 18, 'TURN': 16, 'ACCELERATE': 16}
INFO:__main__:step 90/200 reward 0.773 [kin +0.59 dir +0.38 haz +0.89 tch 0.24] fail 0.00 skip 0.62 kl 0.1109 ce 0.098 |g| 0.55  64s  {'TURN': 48, 'STOP': 35, 'SLOW': 30, 'KEEP': 14, 'ACCELERATE': 1}
INFO:__main__:step 91/200 reward 0.523 [kin +0.46 dir +0.12 haz +0.73 tch 0.80] fail 0.00 skip 0.75 kl 0.0197 ce 0.084 |g| 0.41  53s  {'STOP': 32, 'KEEP': 32, 'SLOW': 25, 'FOLLOW': 16, 'TURN': 16, 'ADAPT_SPEED': 7}
INFO:__main__:step 92/200 reward 0.348 [kin +0.35 dir -0.00 haz +0.84 tch 0.63] fail 0.00 skip 0.75 kl 0.0969 ce 0.237 |g| 0.42  54s  {'STOP': 62, 'KEEP': 33, 'FOLLOW': 17, 'ACCELERATE': 13, 'SLOW': 1, 'TURN': 1}
INFO:__main__:step 93/200 reward 0.238 [kin +0.24 dir +0.00 haz +0.27 tch 0.67] fail 0.00 skip 0.75 kl 0.0342 ce 0.021 |g| 0.37  53s  {'KEEP': 70, 'STOP': 32, 'ADAPT_SPEED': 23, 'SLOW': 3}
INFO:__main__:step 94/200 reward 0.348 [kin +0.35 dir +0.00 haz +0.08 tch 0.80] fail 0.00 skip 0.75 kl 0.1149 ce 0.145 |g| 0.56  54s  {'STOP': 45, 'ACCELERATE': 37, 'FOLLOW': 37, 'SLOW': 5, 'ADAPT_SPEED': 2, 'KEEP': 1}
INFO:__main__:step 95/200 reward 0.830 [kin +0.60 dir +0.46 haz +0.73 tch 0.25] fail 0.00 skip 0.62 kl 0.2555 ce 0.176 |g| 0.37  64s  {'TURN': 63, 'KEEP': 20, 'STOP': 16, 'ADAPT_SPEED': 13, 'FOLLOW': 10, 'LANE_CHANGE': 4}
INFO:__main__:step 96/200 reward 0.434 [kin +0.31 dir +0.25 haz +0.34 tch 0.48] fail 0.00 skip 0.38 kl 0.0746 ce 0.195 |g| 0.49  84s  {'TURN': 32, 'KEEP': 26, 'SLOW': 18, 'ADAPT_SPEED': 18, 'ACCELERATE': 16, 'FOLLOW': 14}
INFO:__main__:step 97/200 reward 0.066 [kin +0.00 dir +0.12 haz -0.07 tch 0.34] fail 0.00 skip 0.88 kl 0.0232 ce 0.013 |g| 0.13  43s  {'KEEP': 61, 'FOLLOW': 18, 'SLOW': 18, 'TURN': 16, 'STOP': 14, 'ADAPT_SPEED': 1}
INFO:__main__:step 98/200 reward 0.645 [kin +0.52 dir +0.25 haz +0.18 tch 0.45] fail 0.00 skip 0.62 kl 0.0998 ce 0.106 |g| 0.52  64s  {'TURN': 32, 'SLOW': 20, 'FOLLOW': 17, 'ACCELERATE': 17, 'STOP': 16, 'KEEP': 14}
INFO:__main__:step 99/200 reward 0.408 [kin +0.35 dir +0.12 haz +0.40 tch 0.33] fail 0.00 skip 0.62 kl 0.1110 ce 0.217 |g| 0.55  64s  {'KEEP': 47, 'STOP': 33, 'FOLLOW': 25, 'TURN': 16, 'SLOW': 4, 'NUDGE': 3}
INFO:__main__:step 100/200 reward 0.418 [kin +0.36 dir +0.12 haz +0.50 tch 0.69] fail 0.00 skip 0.75 kl 0.0719 ce 0.137 |g| 0.32  54s  {'STOP': 32, 'FOLLOW': 26, 'ACCELERATE': 16, 'TURN': 16, 'ADAPT_SPEED': 14, 'SLOW': 11}
INFO:__main__:step 100 val: {"n": 400, "traj_ade": null, "neg_ade": null, "traj_decoded": 0.0, "gt_score": 0.5240099925980755, "gt_consistent": 0.8186528497409327, "gt_false_clear": 0.29464285714285715, "hazard_ungrounded": 0.1875, "direction_ok": 0.9811320754716981, "maneuver_acc": 0.5038759689922481, "obj_precision": 0.7195571955719557, "termination": 1.0, "mix": {"KEEP": 116, "FOLLOW": 99, "STOP": 52, "TURN": 52, "SLOW": 42, "ACCELERATE": 19, "ADAPT_SPEED": 15, "NUDGE": 3, "YIELD": 2}}
INFO:__main__:step 101/200 reward 0.682 [kin +0.51 dir +0.34 haz +0.12 tch 0.38] fail 0.00 skip 0.38 kl 0.0884 ce 0.268 |g| 0.66  83s  {'TURN': 45, 'FOLLOW': 25, 'ACCELERATE': 20, 'ADAPT_SPEED': 18, 'KEEP': 17, 'STOP': 3}
INFO:__main__:step 102/200 reward 0.416 [kin +0.35 dir +0.12 haz +0.36 tch 0.38] fail 0.00 skip 0.62 kl 0.0759 ce 0.136 |g| 0.45  64s  {'STOP': 32, 'FOLLOW': 31, 'SLOW': 18, 'TURN': 16, 'KEEP': 16, 'ACCELERATE': 7}
INFO:__main__:step 103/200 reward 0.250 [kin +0.19 dir +0.12 haz -0.04 tch 0.75] fail 0.00 skip 1.00 kl 0.0000 ce 0.000 |g| 0.00  33s  {'FOLLOW': 48, 'KEEP': 32, 'STOP': 16, 'TURN': 16, 'ADAPT_SPEED': 16}
INFO:__main__:step 104/200 reward -0.199 [kin -0.26 dir +0.12 haz +0.06 tch 0.73] fail 0.00 skip 0.75 kl 0.0109 ce 0.037 |g| 0.24  53s  {'FOLLOW': 63, 'KEEP': 47, 'TURN': 16, 'ADAPT_SPEED': 1, 'STOP': 1}
INFO:__main__:step 105/200 reward 0.686 [kin +0.55 dir +0.27 haz +0.45 tch 0.37] fail 0.00 skip 0.38 kl 0.0565 ce 0.348 |g| 0.70  84s  {'TURN': 39, 'STOP': 31, 'KEEP': 30, 'ADAPT_SPEED': 18, 'FOLLOW': 4, 'SLOW': 3}
INFO:__main__:step 106/200 reward 0.328 [kin +0.27 dir +0.12 haz +0.14 tch 0.51] fail 0.00 skip 0.50 kl 0.0770 ce 0.143 |g| 0.54  74s  {'KEEP': 42, 'ADAPT_SPEED': 23, 'FOLLOW': 22, 'SLOW': 19, 'TURN': 16, 'YIELD': 5}
INFO:__main__:step 107/200 reward 0.211 [kin +0.21 dir +0.00 haz +0.37 tch 0.47] fail 0.00 skip 0.62 kl 0.1217 ce 0.092 |g| 0.43  64s  {'FOLLOW': 32, 'KEEP': 31, 'ADAPT_SPEED': 25, 'STOP': 20, 'SLOW': 19, 'ACCELERATE': 1}
INFO:__main__:step 108/200 reward 0.199 [kin +0.02 dir +0.35 haz +0.39 tch 0.25] fail 0.00 skip 0.62 kl 0.3428 ce 0.085 |g| 0.38  64s  {'KEEP': 46, 'TURN': 46, 'FOLLOW': 20, 'SLOW': 9, 'ADAPT_SPEED': 6, 'ACCELERATE': 1}
INFO:__main__:step 109/200 reward 0.328 [kin +0.14 dir +0.38 haz +0.35 tch 0.25] fail 0.00 skip 0.75 kl 0.0507 ce 0.209 |g| 0.35  54s  {'KEEP': 62, 'TURN': 48, 'FOLLOW': 13, 'ADAPT_SPEED': 2, 'ACCELERATE': 2, 'SLOW': 1}
INFO:__main__:step 110/200 reward 0.607 [kin +0.49 dir +0.24 haz +0.53 tch 0.40] fail 0.00 skip 0.88 kl 0.8266 ce 0.017 |g| 0.13  43s  {'KEEP': 46, 'STOP': 32, 'TURN': 31, 'FOLLOW': 18, 'ADAPT_SPEED': 1}
INFO:__main__:step 111/200 reward 0.916 [kin +0.85 dir +0.12 haz +0.82 tch 0.63] fail 0.00 skip 0.75 kl 0.0662 ce 0.212 |g| 0.34  54s  {'STOP': 74, 'SLOW': 18, 'TURN': 16, 'KEEP': 14, 'YIELD': 3, 'ACCELERATE': 1}
INFO:__main__:step 112/200 reward 0.355 [kin +0.29 dir +0.12 haz +0.43 tch 0.18] fail 0.00 skip 0.50 kl 0.0659 ce 0.149 |g| 0.50  74s  {'FOLLOW': 29, 'SLOW': 24, 'KEEP': 21, 'ACCELERATE': 17, 'TURN': 16, 'STOP': 12}
INFO:__main__:step 113/200 reward 0.625 [kin +0.50 dir +0.25 haz +0.51 tch 0.61] fail 0.00 skip 0.75 kl 0.0367 ce 0.043 |g| 0.25  53s  {'TURN': 32, 'KEEP': 32, 'FOLLOW': 31, 'STOP': 16, 'SLOW': 15, 'ADAPT_SPEED': 2}
INFO:__main__:step 114/200 reward 0.414 [kin +0.29 dir +0.25 haz +0.18 tch 0.61] fail 0.00 skip 0.62 kl 0.0254 ce 0.292 |g| 0.46  64s  {'FOLLOW': 45, 'TURN': 32, 'KEEP': 28, 'ADAPT_SPEED': 17, 'ACCELERATE': 3, 'NUDGE': 2}
INFO:__main__:step 115/200 reward 0.348 [kin +0.29 dir +0.12 haz +0.40 tch 0.62] fail 0.00 skip 0.75 kl 0.0160 ce 0.140 |g| 0.30  53s  {'KEEP': 52, 'STOP': 32, 'TURN': 16, 'FOLLOW': 16, 'ADAPT_SPEED': 9, 'ACCELERATE': 2}
INFO:__main__:step 116/200 reward 0.402 [kin +0.28 dir +0.25 haz +0.26 tch 0.26] fail 0.00 skip 0.88 kl 0.0501 ce 0.036 |g| 0.34  43s  {'KEEP': 60, 'FOLLOW': 32, 'TURN': 32, 'SLOW': 3, 'ADAPT_SPEED': 1}
INFO:__main__:step 117/200 reward 0.324 [kin +0.20 dir +0.25 haz +0.45 tch 0.59] fail 0.00 skip 0.88 kl 0.0022 ce 0.008 |g| 0.21  43s  {'KEEP': 67, 'TURN': 32, 'STOP': 16, 'ADAPT_SPEED': 12, 'SLOW': 1}
INFO:__main__:step 118/200 reward 0.092 [kin +0.03 dir +0.12 haz +0.25 tch 0.59] fail 0.00 skip 0.88 kl 0.1224 ce 0.041 |g| 0.33  43s  {'FOLLOW': 42, 'KEEP': 29, 'ADAPT_SPEED': 24, 'TURN': 16, 'STOP': 16, 'NUDGE': 1}
INFO:__main__:step 119/200 reward 0.094 [kin +0.03 dir +0.12 haz +0.09 tch 0.38] fail 0.00 skip 0.62 kl 0.1250 ce 0.177 |g| 0.37  64s  {'KEEP': 60, 'FOLLOW': 32, 'STOP': 16, 'TURN': 16, 'NUDGE': 2, 'ADAPT_SPEED': 1}
INFO:__main__:step 120/200 reward 0.215 [kin +0.21 dir +0.00 haz +0.61 tch 0.60] fail 0.00 skip 0.75 kl 0.0254 ce 0.021 |g| 0.53  54s  {'STOP': 46, 'FOLLOW': 36, 'SLOW': 18, 'KEEP': 13, 'ADAPT_SPEED': 9, 'ACCELERATE': 6}
INFO:__main__:step 121/200 reward -0.094 [kin -0.09 dir +0.00 haz -0.01 tch 0.44] fail 0.00 skip 0.62 kl 0.0485 ce 0.171 |g| 0.39  63s  {'KEEP': 74, 'ADAPT_SPEED': 26, 'FOLLOW': 19, 'SLOW': 7, 'ACCELERATE': 2}
INFO:__main__:step 122/200 reward 0.496 [kin +0.37 dir +0.25 haz +0.22 tch 0.68] fail 0.00 skip 0.88 kl 0.0102 ce 0.003 |g| 0.16  43s  {'FOLLOW': 55, 'TURN': 32, 'KEEP': 24, 'STOP': 16, 'SLOW': 1}
INFO:__main__:step 123/200 reward 0.277 [kin +0.15 dir +0.25 haz +0.67 tch 0.30] fail 0.00 skip 0.50 kl 0.0190 ce 0.175 |g| 0.63  73s  {'KEEP': 69, 'TURN': 32, 'FOLLOW': 17, 'ACCELERATE': 6, 'SLOW': 4}
INFO:__main__:step 124/200 reward 0.262 [kin +0.20 dir +0.12 haz +0.44 tch 0.37] fail 0.00 skip 0.75 kl 0.0231 ce 0.161 |g| 0.36  54s  {'KEEP': 45, 'FOLLOW': 32, 'TURN': 16, 'STOP': 16, 'SLOW': 15, 'ADAPT_SPEED': 3}
INFO:__main__:step 125/200 reward 0.285 [kin +0.29 dir +0.00 haz +0.41 tch 0.45] fail 0.00 skip 0.88 kl 0.0588 ce 0.095 |g| 0.30  43s  {'FOLLOW': 40, 'KEEP': 37, 'ACCELERATE': 16, 'STOP': 15, 'YIELD': 14, 'ADAPT_SPEED': 3}
INFO:__main__:step 125 val: {"n": 400, "traj_ade": null, "neg_ade": null, "traj_decoded": 0.0, "gt_score": 0.4559094256259205, "gt_consistent": 0.8041237113402062, "gt_false_clear": 0.3482142857142857, "hazard_ungrounded": 0.18631178707224336, "direction_ok": 1.0, "maneuver_acc": 0.4806201550387597, "obj_precision": 0.7139208173690933, "termination": 1.0, "mix": {"KEEP": 120, "FOLLOW": 95, "TURN": 53, "SLOW": 44, "STOP": 39, "ACCELERATE": 26, "ADAPT_SPEED": 19, "NUDGE": 2, "LANE_CHANGE": 1, "null": 1}}
INFO:__main__:step 126/200 reward 0.977 [kin +0.79 dir +0.38 haz +0.50 tch 0.41] fail 0.00 skip 0.62 kl 0.0751 ce 0.237 |g| 0.49  63s  {'TURN': 48, 'ACCELERATE': 29, 'STOP': 27, 'FOLLOW': 16, 'SLOW': 8}
INFO:__main__:step 127/200 reward -0.070 [kin -0.07 dir +0.00 haz +0.20 tch 0.75] fail 0.00 skip 0.88 kl 0.0448 ce 0.058 |g| 0.26  43s  {'KEEP': 78, 'STOP': 16, 'ACCELERATE': 16, 'ADAPT_SPEED': 16, 'SLOW': 2}
INFO:__main__:step 128/200 reward 0.402 [kin +0.40 dir +0.00 haz +0.44 tch 0.62] fail 0.00 skip 0.75 kl 0.0252 ce 0.103 |g| 0.29  53s  {'KEEP': 57, 'STOP': 34, 'ACCELERATE': 20, 'SLOW': 16, 'ADAPT_SPEED': 1}
INFO:__main__:step 129/200 reward 0.811 [kin +0.62 dir +0.38 haz +0.39 tch 0.41] fail 0.00 skip 0.62 kl 0.0897 ce 0.163 |g| 0.35  64s  {'TURN': 48, 'SLOW': 40, 'KEEP': 17, 'ACCELERATE': 14, 'YIELD': 5, 'FOLLOW': 2}
INFO:__main__:step 130/200 reward 0.385 [kin +0.33 dir +0.11 haz +0.38 tch 0.55] fail 0.00 skip 0.62 kl 0.0473 ce 0.189 |g| 0.45  64s  {'KEEP': 34, 'TURN': 19, 'STOP': 19, 'FOLLOW': 16, 'ADAPT_SPEED': 15, 'NUDGE': 12}
INFO:__main__:step 131/200 reward 0.512 [kin +0.51 dir +0.00 haz +0.62 tch 0.14] fail 0.00 skip 0.38 kl 0.1199 ce 0.635 |g| 0.69  85s  {'SLOW': 44, 'KEEP': 42, 'ACCELERATE': 19, 'STOP': 16, 'FOLLOW': 5, None: 1}
INFO:__main__:step 132/200 reward 0.320 [kin +0.20 dir +0.25 haz +0.73 tch 0.68] fail 0.00 skip 0.88 kl 0.0828 ce 0.015 |g| 0.25  44s  {'FOLLOW': 39, 'TURN': 32, 'SLOW': 20, 'ACCELERATE': 17, 'KEEP': 16, 'STOP': 4}
INFO:__main__:step 133/200 reward 0.426 [kin +0.36 dir +0.12 haz +0.23 tch 0.50] fail 0.00 skip 0.88 kl 0.0277 ce 0.022 |g| 0.33  44s  {'FOLLOW': 32, 'KEEP': 29, 'STOP': 27, 'SLOW': 17, 'TURN': 16, 'YIELD': 4}
INFO:__main__:step 134/200 reward -0.039 [kin -0.04 dir +0.01 haz +0.31 tch 0.52] fail 0.00 skip 0.75 kl 0.0305 ce 0.201 |g| 0.52  54s  {'KEEP': 46, 'SLOW': 32, 'STOP': 20, 'FOLLOW': 17, 'ADAPT_SPEED': 6, 'YIELD': 5}
INFO:__main__:step 135/200 reward 0.023 [kin +0.02 dir +0.00 haz +0.08 tch 0.78] fail 0.00 skip 0.75 kl 0.0685 ce 0.023 |g| 0.37  54s  {'FOLLOW': 58, 'KEEP': 39, 'ACCELERATE': 29, 'STOP': 2}
INFO:__main__:step 136/200 reward 0.262 [kin +0.20 dir +0.12 haz +0.59 tch 0.49] fail 0.00 skip 0.62 kl 0.0220 ce 0.264 |g| 0.65  63s  {'KEEP': 67, 'SLOW': 40, 'TURN': 16, 'ADAPT_SPEED': 5}
INFO:__main__:step 137/200 reward 0.676 [kin +0.62 dir +0.11 haz +0.64 tch 0.37] fail 0.00 skip 0.62 kl 0.0695 ce 0.174 |g| 0.49  64s  {'SLOW': 34, 'STOP': 32, 'ADAPT_SPEED': 23, 'TURN': 19, 'KEEP': 18, 'YIELD': 1}
INFO:__main__:step 138/200 reward 0.363 [kin +0.24 dir +0.25 haz +0.14 tch 0.21] fail 0.00 skip 0.75 kl 0.0688 ce 0.070 |g| 0.33  54s  {'SLOW': 61, 'TURN': 32, 'FOLLOW': 13, 'NUDGE': 10, 'KEEP': 5, 'YIELD': 3}
INFO:__main__:step 139/200 reward 0.584 [kin +0.40 dir +0.38 haz +0.32 tch 0.54] fail 0.00 skip 0.75 kl 0.0206 ce 0.034 |g| 0.20  54s  {'TURN': 48, 'STOP': 20, 'KEEP': 16, 'ACCELERATE': 16, 'FOLLOW': 15, 'YIELD': 7}
INFO:__main__:step 140/200 reward 0.469 [kin +0.34 dir +0.25 haz +0.71 tch 0.52] fail 0.00 skip 0.88 kl 0.1191 ce 0.050 |g| 0.43  44s  {'STOP': 34, 'KEEP': 32, 'TURN': 32, 'ACCELERATE': 23, 'ADAPT_SPEED': 4, 'SLOW': 2}
INFO:__main__:step 141/200 reward 0.750 [kin +0.56 dir +0.38 haz +0.42 tch 0.68] fail 0.00 skip 1.00 kl 0.0000 ce 0.000 |g| 0.00  33s  {'TURN': 48, 'KEEP': 41, 'STOP': 16, 'ADAPT_SPEED': 16, 'FOLLOW': 7}
INFO:__main__:step 142/200 reward 0.188 [kin +0.19 dir +0.00 haz -0.26 tch 0.34] fail 0.00 skip 0.25 kl 0.0623 ce 0.484 |g| 0.71  94s  {'STOP': 36, 'ACCELERATE': 28, 'KEEP': 24, 'FOLLOW': 23, 'SLOW': 15, 'YIELD': 2}
INFO:__main__:step 143/200 reward 0.688 [kin +0.56 dir +0.25 haz +0.23 tch 0.65] fail 0.00 skip 0.75 kl 0.0792 ce 0.116 |g| 0.31  54s  {'FOLLOW': 36, 'TURN': 32, 'KEEP': 16, 'STOP': 16, 'ACCELERATE': 13, 'SLOW': 8}
INFO:__main__:step 144/200 reward 0.062 [kin +0.00 dir +0.12 haz +0.48 tch 0.69] fail 0.00 skip 0.88 kl 0.1124 ce 0.065 |g| 0.25  44s  {'FOLLOW': 56, 'ADAPT_SPEED': 16, 'TURN': 16, 'KEEP': 16, 'ACCELERATE': 16, 'SLOW': 8}
INFO:__main__:step 145/200 reward 0.312 [kin +0.25 dir +0.12 haz +0.40 tch 0.61] fail 0.00 skip 0.75 kl 0.0185 ce 0.044 |g| 0.40  53s  {'KEEP': 51, 'FOLLOW': 16, 'TURN': 16, 'SLOW': 14, 'ACCELERATE': 13, 'STOP': 13}
INFO:__main__:step 146/200 reward 0.164 [kin +0.10 dir +0.13 haz +0.18 tch 0.27] fail 0.00 skip 0.38 kl 0.0594 ce 0.233 |g| 0.48  84s  {'FOLLOW': 45, 'KEEP': 22, 'NUDGE': 20, 'TURN': 16, 'ACCELERATE': 16, 'ADAPT_SPEED': 4}
INFO:__main__:step 147/200 reward 0.320 [kin +0.32 dir +0.01 haz +0.48 tch 0.36] fail 0.00 skip 0.12 kl 0.1177 ce 0.553 |g| 0.87  105s  {'SLOW': 45, 'KEEP': 27, 'STOP': 19, 'FOLLOW': 15, 'ADAPT_SPEED': 13, 'NUDGE': 6}
INFO:__main__:step 148/200 reward 0.734 [kin +0.61 dir +0.25 haz +0.45 tch 0.18] fail 0.00 skip 0.62 kl 0.0945 ce 0.104 |g| 0.44  64s  {'SLOW': 33, 'TURN': 32, 'ACCELERATE': 22, 'ADAPT_SPEED': 18, 'KEEP': 17, 'FOLLOW': 6}
INFO:__main__:step 149/200 reward 0.555 [kin +0.49 dir +0.12 haz +0.74 tch 0.61] fail 0.00 skip 0.88 kl 0.0509 ce 0.134 |g| 0.22  43s  {'STOP': 32, 'ACCELERATE': 32, 'ADAPT_SPEED': 18, 'TURN': 16, 'KEEP': 16, 'SLOW': 14}
INFO:__main__:step 150/200 reward 0.012 [kin +0.01 dir +0.00 haz +0.12 tch 0.58] fail 0.00 skip 0.62 kl 0.0660 ce 0.200 |g| 0.52  64s  {'KEEP': 38, 'FOLLOW': 34, 'SLOW': 16, 'STOP': 16, 'ADAPT_SPEED': 14, 'NUDGE': 10}
INFO:__main__:step 150 val: {"n": 400, "traj_ade": null, "neg_ade": null, "traj_decoded": 0.0, "gt_score": 0.5024171270718232, "gt_consistent": 0.8149171270718232, "gt_false_clear": 0.3125, "hazard_ungrounded": 0.18900343642611683, "direction_ok": 1.0, "maneuver_acc": 0.4625322997416021, "obj_precision": 0.6430219146482122, "termination": 1.0, "mix": {"KEEP": 86, "FOLLOW": 61, "SLOW": 60, "STOP": 55, "TURN": 54, "ACCELERATE": 47, "ADAPT_SPEED": 18, "NUDGE": 11, "LANE_CHANGE": 6, "YIELD": 2}}
INFO:__main__:step 151/200 reward 0.621 [kin +0.43 dir +0.38 haz +0.43 tch 0.20] fail 0.00 skip 0.50 kl 0.0272 ce 0.311 |g| 0.49  73s  {'TURN': 48, 'ADAPT_SPEED': 28, 'ACCELERATE': 16, 'KEEP': 15, 'SLOW': 12, 'YIELD': 8}
INFO:__main__:step 152/200 reward 0.635 [kin +0.58 dir +0.12 haz +0.55 tch 0.47] fail 0.00 skip 0.62 kl 0.0202 ce 0.139 |g| 0.38  65s  {'STOP': 36, 'ACCELERATE': 18, 'TURN': 16, 'ADAPT_SPEED': 16, 'FOLLOW': 14, 'SLOW': 13}
INFO:__main__:step 153/200 reward 0.102 [kin +0.04 dir +0.12 haz +0.35 tch 0.54] fail 0.00 skip 0.50 kl 0.0451 ce 0.061 |g| 0.43  74s  {'KEEP': 44, 'FOLLOW': 33, 'STOP': 17, 'TURN': 15, 'ACCELERATE': 9, 'SLOW': 7}
INFO:__main__:step 154/200 reward -0.225 [kin -0.22 dir +0.00 haz +0.38 tch 0.54] fail 0.00 skip 0.62 kl 0.1981 ce 0.084 |g| 0.47  64s  {'STOP': 34, 'KEEP': 32, 'SLOW': 29, 'ACCELERATE': 27, 'FOLLOW': 4, 'NUDGE': 1}
INFO:__main__:step 155/200 reward 0.629 [kin +0.57 dir +0.12 haz +0.10 tch 0.61] fail 0.00 skip 0.75 kl 0.0848 ce 0.038 |g| 0.44  54s  {'STOP': 48, 'SLOW': 22, 'KEEP': 18, 'TURN': 16, 'FOLLOW': 11, 'NUDGE': 8}
INFO:__main__:step 156/200 reward 0.312 [kin +0.31 dir +0.00 haz +0.48 tch 0.38] fail 0.00 skip 0.88 kl 0.1146 ce 0.067 |g| 0.53  43s  {'ACCELERATE': 40, 'KEEP': 34, 'STOP': 21, 'ADAPT_SPEED': 16, 'FOLLOW': 14, 'YIELD': 3}
INFO:__main__:step 157/200 reward 0.529 [kin +0.46 dir +0.14 haz +0.18 tch 0.44] fail 0.00 skip 0.50 kl 0.0442 ce 0.166 |g| 0.42  75s  {'ACCELERATE': 32, 'TURN': 17, 'STOP': 17, 'KEEP': 16, 'FOLLOW': 14, 'ADAPT_SPEED': 13}
INFO:__main__:step 158/200 reward 0.668 [kin +0.56 dir +0.25 haz +0.34 tch 0.36] fail 0.01 skip 0.62 kl 0.0354 ce 0.079 |g| 0.66  64s  {'TURN': 32, 'KEEP': 30, 'ACCELERATE': 17, 'SLOW': 17, 'STOP': 16, 'ADAPT_SPEED': 14}
INFO:__main__:step 159/200 reward 0.402 [kin +0.34 dir +0.12 haz +0.19 tch 0.52] fail 0.00 skip 0.38 kl 0.1073 ce 0.552 |g| 0.65  84s  {'KEEP': 39, 'SLOW': 26, 'ACCELERATE': 17, 'TURN': 16, 'ADAPT_SPEED': 13, 'NUDGE': 12}
INFO:__main__:step 160/200 reward 0.562 [kin +0.50 dir +0.12 haz +0.75 tch 0.50] fail 0.00 skip 1.00 kl 0.0000 ce 0.000 |g| 0.00  33s  {'ACCELERATE': 48, 'STOP': 32, 'FOLLOW': 16, 'TURN': 16, 'SLOW': 16}
INFO:__main__:step 161/200 reward 0.398 [kin +0.23 dir +0.37 haz +0.33 tch 0.55] fail 0.01 skip 0.50 kl 0.0607 ce 0.219 |g| 0.48  74s  {'TURN': 48, 'FOLLOW': 29, 'ACCELERATE': 19, 'ADAPT_SPEED': 17, 'SLOW': 8, 'STOP': 4}
INFO:__main__:step 162/200 reward 0.375 [kin +0.25 dir +0.25 haz +0.19 tch 0.49] fail 0.00 skip 1.00 kl 0.0000 ce 0.000 |g| 0.00  33s  {'KEEP': 48, 'TURN': 32, 'FOLLOW': 31, 'STOP': 16, 'ACCELERATE': 1}
INFO:__main__:step 163/200 reward 0.525 [kin +0.40 dir +0.25 haz +0.48 tch 0.33] fail 0.00 skip 0.62 kl 0.0588 ce 0.177 |g| 0.41  64s  {'FOLLOW': 44, 'ACCELERATE': 36, 'TURN': 32, 'SLOW': 9, 'NUDGE': 5, 'ADAPT_SPEED': 2}
INFO:__main__:step 164/200 reward 0.451 [kin +0.33 dir +0.25 haz +0.39 tch 0.39] fail 0.00 skip 0.62 kl 0.0415 ce 0.512 |g| 0.52  64s  {'TURN': 32, 'FOLLOW': 31, 'SLOW': 22, 'STOP': 16, 'KEEP': 15, 'ACCELERATE': 5}
INFO:__main__:step 165/200 reward 0.305 [kin +0.24 dir +0.12 haz +0.04 tch 0.34] fail 0.00 skip 0.75 kl 0.0662 ce 0.051 |g| 0.34  53s  {'KEEP': 77, 'SLOW': 16, 'TURN': 16, 'NUDGE': 12, 'ACCELERATE': 3, 'FOLLOW': 2}
INFO:__main__:step 166/200 reward 0.434 [kin +0.37 dir +0.12 haz +0.51 tch 0.34] fail 0.00 skip 0.88 kl 0.1413 ce 0.023 |g| 0.18  43s  {'STOP': 48, 'KEEP': 36, 'FOLLOW': 26, 'TURN': 16, 'NUDGE': 2}
INFO:__main__:step 167/200 reward 0.520 [kin +0.39 dir +0.25 haz +0.60 tch 0.23] fail 0.00 skip 0.75 kl 0.0291 ce 0.250 |g| 0.44  54s  {'TURN': 32, 'ACCELERATE': 31, 'ADAPT_SPEED': 26, 'KEEP': 20, 'SLOW': 16, 'FOLLOW': 3}
INFO:__main__:step 168/200 reward 0.414 [kin +0.35 dir +0.12 haz +0.02 tch 0.47] fail 0.00 skip 0.62 kl 0.0734 ce 0.206 |g| 0.78  64s  {'KEEP': 30, 'SLOW': 29, 'ACCELERATE': 24, 'TURN': 17, 'FOLLOW': 15, 'STOP': 11}
INFO:__main__:step 169/200 reward 0.443 [kin +0.44 dir +0.00 haz +0.38 tch 0.67] fail 0.00 skip 0.88 kl 0.0809 ce 0.009 |g| 0.23  44s  {'ACCELERATE': 41, 'FOLLOW': 38, 'KEEP': 32, 'STOP': 16, 'NUDGE': 1}
INFO:__main__:step 170/200 reward -0.033 [kin +0.01 dir -0.03 haz +0.46 tch 0.43] fail 0.02 skip 0.50 kl 0.0682 ce 0.266 |g| 0.34  75s  {'FOLLOW': 38, 'STOP': 34, 'ACCELERATE': 32, 'SLOW': 14, 'LANE_CHANGE': 4, None: 2}
INFO:__main__:step 171/200 reward 0.738 [kin +0.49 dir +0.50 haz +0.59 tch 0.23] fail 0.00 skip 0.75 kl 0.0776 ce 0.265 |g| 0.49  54s  {'TURN': 64, 'FOLLOW': 16, 'STOP': 16, 'KEEP': 16, 'ACCELERATE': 15, 'LANE_CHANGE': 1}
INFO:__main__:step 172/200 reward 0.910 [kin +0.79 dir +0.25 haz +0.81 tch 0.26] fail 0.00 skip 0.62 kl 0.0877 ce 0.202 |g| 0.43  64s  {'STOP': 48, 'TURN': 32, 'SLOW': 25, 'FOLLOW': 13, 'KEEP': 5, 'NUDGE': 2}
INFO:__main__:step 173/200 reward 0.562 [kin +0.31 dir +0.50 haz +0.80 tch 0.74] fail 0.00 skip 1.00 kl 0.0000 ce 0.000 |g| 0.00  33s  {'TURN': 64, 'FOLLOW': 47, 'ADAPT_SPEED': 16, 'KEEP': 1}
INFO:__main__:step 174/200 reward 0.465 [kin +0.35 dir +0.23 haz +0.20 tch 0.52] fail 0.00 skip 0.88 kl 0.0626 ce 0.019 |g| 0.23  43s  {'KEEP': 48, 'TURN': 30, 'ACCELERATE': 18, 'STOP': 16, 'FOLLOW': 16}
INFO:__main__:step 175/200 reward 0.365 [kin +0.31 dir +0.11 haz -0.39 tch 0.51] fail 0.00 skip 0.75 kl 0.0452 ce 0.286 |g| 0.38  54s  {'FOLLOW': 39, 'ACCELERATE': 32, 'KEEP': 28, 'TURN': 19, 'ADAPT_SPEED': 5, 'STOP': 3}
INFO:__main__:step 175 val: {"n": 400, "traj_ade": null, "neg_ade": null, "traj_decoded": 0.0, "gt_score": 0.3446244477172313, "gt_consistent": 0.7731958762886598, "gt_false_clear": 0.42857142857142855, "hazard_ungrounded": 0.17518248175182483, "direction_ok": 1.0, "maneuver_acc": 0.4754521963824289, "obj_precision": 0.7124542124542125, "termination": 1.0, "mix": {"KEEP": 125, "FOLLOW": 100, "TURN": 53, "ACCELERATE": 50, "STOP": 40, "SLOW": 19, "ADAPT_SPEED": 8, "NUDGE": 3, "YIELD": 2}}
INFO:__main__:step 176/200 reward 0.852 [kin +0.60 dir +0.50 haz +0.39 tch 0.38] fail 0.00 skip 0.88 kl 0.0795 ce 0.165 |g| 0.34  42s  {'TURN': 64, 'KEEP': 42, 'ACCELERATE': 17, 'ADAPT_SPEED': 4, 'YIELD': 1}
INFO:__main__:step 177/200 reward 0.383 [kin +0.32 dir +0.12 haz +0.33 tch 0.51] fail 0.00 skip 0.50 kl 0.0459 ce 0.066 |g| 0.46  73s  {'STOP': 47, 'KEEP': 36, 'TURN': 16, 'FOLLOW': 10, 'SLOW': 7, 'ADAPT_SPEED': 6}
INFO:__main__:step 178/200 reward 0.244 [kin +0.18 dir +0.12 haz +0.05 tch 0.69] fail 0.00 skip 0.75 kl 0.0681 ce 0.115 |g| 0.34  53s  {'KEEP': 49, 'FOLLOW': 38, 'TURN': 16, 'SLOW': 14, 'YIELD': 5, 'NUDGE': 3}
INFO:__main__:step 179/200 reward 0.564 [kin +0.38 dir +0.38 haz +0.30 tch 0.38] fail 0.00 skip 0.62 kl 0.0868 ce 0.107 |g| 0.46  64s  {'TURN': 48, 'FOLLOW': 41, 'NUDGE': 13, 'KEEP': 12, 'SLOW': 11, 'ADAPT_SPEED': 3}
INFO:__main__:step 180/200 reward 0.129 [kin +0.13 dir +0.00 haz +0.25 tch 0.63] fail 0.00 skip 0.62 kl 0.0527 ce 0.225 |g| 0.66  63s  {'KEEP': 54, 'FOLLOW': 28, 'ADAPT_SPEED': 17, 'STOP': 16, 'ACCELERATE': 9, 'NUDGE': 4}
INFO:__main__:step 181/200 reward -0.039 [kin -0.04 dir +0.00 haz +0.42 tch 0.70] fail 0.00 skip 0.62 kl 0.0388 ce 0.132 |g| 0.36  64s  {'FOLLOW': 34, 'ACCELERATE': 33, 'KEEP': 30, 'STOP': 17, 'YIELD': 12, 'ADAPT_SPEED': 2}
INFO:__main__:step 182/200 reward 0.840 [kin +0.65 dir +0.38 haz +0.79 tch 0.61] fail 0.00 skip 0.75 kl 0.0491 ce 0.324 |g| 0.43  53s  {'TURN': 48, 'STOP': 46, 'KEEP': 17, 'ACCELERATE': 13, 'SLOW': 4}
INFO:__main__:step 183/200 reward 0.250 [kin +0.13 dir +0.24 haz +0.30 tch 0.27] fail 0.00 skip 0.75 kl 0.0353 ce 0.058 |g| 0.27  54s  {'KEEP': 47, 'TURN': 32, 'FOLLOW': 30, 'YIELD': 9, 'SLOW': 7, 'STOP': 2}
INFO:__main__:step 184/200 reward 0.549 [kin +0.55 dir +0.00 haz +0.14 tch 0.65] fail 0.00 skip 0.75 kl 0.0519 ce 0.054 |g| 0.37  54s  {'KEEP': 50, 'STOP': 42, 'ACCELERATE': 16, 'ADAPT_SPEED': 13, 'YIELD': 6, 'NUDGE': 1}
INFO:__main__:step 185/200 reward 0.070 [kin +0.07 dir +0.00 haz -0.13 tch 0.56] fail 0.00 skip 0.62 kl 0.0843 ce 0.165 |g| 0.33  64s  {'FOLLOW': 32, 'ADAPT_SPEED': 32, 'KEEP': 21, 'STOP': 20, 'SLOW': 12, 'NUDGE': 8}
INFO:__main__:step 186/200 reward 0.611 [kin +0.49 dir +0.25 haz +0.06 tch 0.55] fail 0.00 skip 0.75 kl 0.0103 ce 0.047 |g| 0.23  54s  {'KEEP': 39, 'ACCELERATE': 33, 'TURN': 32, 'ADAPT_SPEED': 23, 'NUDGE': 1}
INFO:__main__:step 187/200 reward 0.154 [kin +0.09 dir +0.12 haz +0.19 tch 0.59] fail 0.00 skip 0.88 kl 0.0402 ce 0.063 |g| 0.29  43s  {'KEEP': 48, 'ADAPT_SPEED': 32, 'FOLLOW': 19, 'TURN': 16, 'YIELD': 11, 'SLOW': 1}
INFO:__main__:step 188/200 reward 0.148 [kin +0.09 dir +0.12 haz +0.54 tch 0.66] fail 0.00 skip 0.62 kl 0.0309 ce 0.116 |g| 0.61  64s  {'STOP': 44, 'KEEP': 36, 'FOLLOW': 20, 'TURN': 16, 'ADAPT_SPEED': 8, 'SLOW': 2}
INFO:__main__:step 189/200 reward 0.102 [kin +0.10 dir +0.00 haz +0.33 tch 0.70] fail 0.00 skip 0.62 kl 0.0957 ce 0.172 |g| 0.46  64s  {'FOLLOW': 36, 'STOP': 32, 'KEEP': 24, 'ACCELERATE': 12, 'SLOW': 12, 'ADAPT_SPEED': 10}
INFO:__main__:step 190/200 reward 0.172 [kin +0.05 dir +0.25 haz -0.01 tch 0.23] fail 0.00 skip 0.38 kl 0.0773 ce 0.241 |g| 0.60  85s  {'TURN': 32, 'FOLLOW': 31, 'KEEP': 30, 'ADAPT_SPEED': 15, 'SLOW': 8, 'ACCELERATE': 7}
INFO:__main__:step 191/200 reward -0.145 [kin -0.14 dir +0.00 haz -0.01 tch 0.23] fail 0.00 skip 0.25 kl 0.1067 ce 0.443 |g| 0.73  94s  {'SLOW': 36, 'ADAPT_SPEED': 29, 'KEEP': 28, 'ACCELERATE': 23, 'FOLLOW': 9, 'STOP': 1}
INFO:__main__:step 192/200 reward 0.504 [kin +0.32 dir +0.38 haz +0.93 tch 0.38] fail 0.00 skip 0.88 kl 0.2521 ce 0.051 |g| 0.23  43s  {'TURN': 48, 'FOLLOW': 27, 'ACCELERATE': 20, 'KEEP': 18, 'SLOW': 15}
INFO:__main__:step 193/200 reward 0.660 [kin +0.41 dir +0.50 haz +0.39 tch 0.26] fail 0.00 skip 0.88 kl 0.1029 ce 0.036 |g| 0.37  43s  {'TURN': 64, 'KEEP': 27, 'FOLLOW': 14, 'SLOW': 13, 'ADAPT_SPEED': 10}
INFO:__main__:step 194/200 reward 0.250 [kin +0.19 dir +0.12 haz +0.44 tch 0.41] fail 0.00 skip 0.88 kl 0.0387 ce 0.094 |g| 0.22  43s  {'FOLLOW': 39, 'KEEP': 20, 'ADAPT_SPEED': 16, 'STOP': 16, 'TURN': 16, 'SLOW': 16}
INFO:__main__:step 195/200 reward 0.484 [kin +0.29 dir +0.38 haz +0.49 tch 0.41] fail 0.00 skip 0.50 kl 0.0871 ce 0.175 |g| 0.57  74s  {'FOLLOW': 52, 'TURN': 46, 'ACCELERATE': 21, 'LANE_CHANGE': 4, 'SLOW': 4, 'KEEP': 1}
INFO:__main__:step 196/200 reward -0.150 [kin -0.14 dir +0.02 haz +0.77 tch 0.45] fail 0.01 skip 0.62 kl 0.0290 ce 0.110 |g| 0.31  66s  {'ACCELERATE': 35, 'SLOW': 32, 'FOLLOW': 31, 'NUDGE': 15, None: 6, 'LANE_CHANGE': 4}
INFO:__main__:step 197/200 reward 0.561 [kin +0.50 dir +0.12 haz +0.24 tch 0.29] fail 0.00 skip 0.75 kl 0.1641 ce 0.122 |g| 0.22  54s  {'FOLLOW': 32, 'STOP': 32, 'ADAPT_SPEED': 26, 'TURN': 16, 'ACCELERATE': 15, 'SLOW': 4}
INFO:__main__:step 198/200 reward 0.299 [kin +0.30 dir +0.00 haz -0.05 tch 0.34] fail 0.00 skip 0.62 kl 0.0212 ce 0.175 |g| 0.46  64s  {'KEEP': 45, 'FOLLOW': 27, 'ACCELERATE': 19, 'STOP': 16, 'ADAPT_SPEED': 14, 'NUDGE': 5}
INFO:__main__:step 199/200 reward 0.182 [kin +0.17 dir +0.03 haz +0.24 tch 0.28] fail 0.00 skip 0.50 kl 0.1507 ce 0.299 |g| 0.61  74s  {'FOLLOW': 34, 'KEEP': 31, 'ACCELERATE': 27, 'SLOW': 16, 'TURN': 8, 'STOP': 8}
INFO:__main__:step 200/200 reward 0.266 [kin +0.14 dir +0.25 haz +0.42 tch 0.62] fail 0.00 skip 0.75 kl 0.0247 ce 0.035 |g| 0.47  54s  {'TURN': 32, 'FOLLOW': 30, 'KEEP': 22, 'SLOW': 19, 'ADAPT_SPEED': 11, 'YIELD': 11}
INFO:__main__:step 200 val: {"n": 400, "traj_ade": null, "neg_ade": null, "traj_decoded": 0.0, "gt_score": 0.3818681318681319, "gt_consistent": 0.7747252747252747, "gt_false_clear": 0.39285714285714285, "hazard_ungrounded": 0.20205479452054795, "direction_ok": 1.0, "maneuver_acc": 0.4289405684754522, "obj_precision": 0.6126436781609195, "termination": 1.0, "mix": {"KEEP": 83, "ACCELERATE": 80, "FOLLOW": 60, "TURN": 53, "STOP": 40, "SLOW": 39, "ADAPT_SPEED": 29, "NUDGE": 8, "LANE_CHANGE": 5, "YIELD": 3}}
----------------------------------------------------------------
Finished 2026-09-22T11:03:28+02:00
Check what this actually used:  seff 352
wandb: [wandb.login()] Loaded credentials for https://api.wandb.ai from /home/vla/.netrc.
wandb: Currently logged in as: karmishthannauth27 (karmishthannauth27-technical-university-of-munich) to https://api.wandb.ai. Use `wandb login --relogin` to force relogin
wandb: setting up run stage1-job352
wandb: Tracking run with wandb version 0.25.0
wandb: Run data is saved locally in /home/vla/projects/alpamayo2edge/wandb/run-20260922_110328-stage1-job352
wandb: Run `wandb offline` to turn off syncing.
wandb: Resuming run stage1-job352
wandb: ⭐️ View project at https://wandb.ai/karmishthannauth27-technical-university-of-munich/alpamayo2edge
wandb: 🚀 View run at https://wandb.ai/karmishthannauth27-technical-university-of-munich/alpamayo2edge/runs/stage1-job352
wandb: updating run metadata; uploading summary
wandb: uploading wandb-metadata.json; uploading requirements.txt; uploading wandb-summary.json; uploading config.yaml
wandb: uploading requirements.txt; uploading wandb-summary.json
wandb: uploading data
wandb: 🚀 View run stage1-job352 at: https://wandb.ai/karmishthannauth27-technical-university-of-munich/alpamayo2edge/runs/stage1-job352
wandb: ⭐️ View project at: https://wandb.ai/karmishthannauth27-technical-university-of-munich/alpamayo2edge
wandb: Synced 4 W&B file(s), 0 media file(s), 0 artifact file(s) and 0 other file(s)
wandb: Find logs at: ./wandb/run-20260922_110328-stage1-job352/logs
