Job 368 on ProArt, started 2026-09-22T17:42:58+02:00
Submitted from: /home/vla/projects/alpamayo2edge
GPU:            NVIDIA RTX PRO 6000 Blackwell Workstation Edition,NVIDIA RTX 6000 Ada Generation
Commit:         ca5c454
Scratch:        /bulk/scratch/vla/368
----------------------------------------------------------------
   CUDA_VISIBLE_DEVICES = GPU-1e9d88da-6c84-dbf7-f179-fdca7207dae0
   CPUs allocated       = 8
   device 0             = NVIDIA RTX PRO 6000 Blackwell Workstation Edition  95.0 GiB total, 94.4 GiB free
wandb sidecar: run stage1-job368 (pid 2804977)
----------------------------------------------------------------
smoke: run_name rl-run-7b-coc-grounded-smoke
wandb: [wandb.login()] Loaded credentials for https://api.wandb.ai from /home/vla/.netrc.
INFO:__main__:SMOKE: G=4 prompts=2 steps=2 eval=8
INFO:__main__:cameras: ['camera_cross_left_120fov', 'camera_front_wide_120fov', 'camera_cross_right_120fov', 'camera_front_tele_30fov']
INFO:__main__:reward mode: gt   route hint: True   coc_temperature: 1.0
wandb: Currently logged in as: karmishthannauth27 (karmishthannauth27-technical-university-of-munich) to https://api.wandb.ai. Use `wandb login --relogin` to force relogin
INFO:megatron.core.msc_utils:The multistorageclient package is available.
/home/vla/envs/alpamayo2edge/lib/python3.13/site-packages/megatron/core/distributed/fsdp/src/megatron_fsdp/utils.py:108: UserWarning: Transformer Engine and Apex are not installed. Falling back to local implementations of multi_tensor_applier and multi_tensor_scale
  warnings.warn(
INFO:megatron.core.distributed.fsdp.src.megatron_fsdp.megatron_fsdp:Detected Megatron Core, using Megatron-FSDP with Megatron.
INFO:megatron.core.distributed.fsdp.src.megatron_fsdp.param_and_grad_buffer:Detected Megatron Core, using Megatron-FSDP with Megatron.
/home/vla/envs/alpamayo2edge/lib/python3.13/site-packages/megatron/core/optimizer/__init__.py:24: UserWarning: Transformer Engine and Apex are not installed. Falling back to Torch optimizers.
  warnings.warn(
/home/vla/envs/alpamayo2edge/lib/python3.13/site-packages/megatron/core/optimizer/optimizer.py:28: UserWarning: Transformer Engine and Apex are not installed. Falling back to local implementations of multi_tensor_applier and multi_tensor_scale
  warnings.warn(
/home/vla/envs/alpamayo2edge/lib/python3.13/site-packages/megatron/core/optimizer/clip_grads.py:29: UserWarning: Transformer Engine and Apex are not installed. Falling back to local implementations of multi_tensor_applier, multi_tensor_l2norm, and multi_tensor_scale
  warnings.warn(
wandb: setting up run stage1-job368
[09-22 17:43:03|INFO|cosmos_framework/model/generator/omni_mot_model.py:124:__init__] OmniMoTModel: config {'tokenizer': {'bucket_name': 'bucket', 'object_store_credential_path_pretrained': 'credentials/gcp_training.secret', 'vae_path': 'pretrained/tokenizers/video/wan2pt2/Wan2.2_VAE.pth', 'chunk_duration': 93, 'keep_decoder_cache': False, 'use_streaming_encode': False, 'encode_chunk_frames': {'256': 68, '480': 24, '720': 8, '768': 8}, 'encode_exact_durations': [17, 61, 73], 'spatial_compression_factor': 16, 'temporal_compression_factor': 4, 'temporal_window': None, 'encode_bucket_multiple': None, 'causal': True, '_target_': 'cosmos_framework.model.generator.tokenizers.wan2pt2_vae_4x16x16.Wan2pt2VAEInterface'}, 'load_vision_tokenizer': True, 'lidar_tokenizer': None, 'lidar_state_ch': None, 'lidar_fps': None, 'net': None, 'ema': {'enabled': False, 'rate': 0.1, 'iteration_shift': 0, '_type': 'cosmos_framework.configs.base.defaults.ema.EMAConfig'}, 'parallelism': {'data_parallel_shard_degree': -1, 'data_parallel_replicate_degree': 1, 'context_parallel_shard_degree': 1, 'cfg_parallel_shard_degree': 1, 'enable_inference_mode': True, 'fsdp_master_dtype': 'float32', 'fsdp_reduce_dtype': None, '_type': 'cosmos_framework.configs.base.defaults.parallelism.ParallelismConfig'}, 'attention_io_layout': 'sequence_sharded', 'compile': {'enabled': False, 'compiled_region': 'language', 'compile_dynamic': True, 'use_cuda_graphs': False, 'ar_post_saturation_mode': 'default', 'max_autotune_pointwise': False, 'coordinate_descent_tuning': False, '_type': 'cosmos_framework.configs.base.defaults.compile.CompileConfig'}, 'quantization': {'method': None, 'fp8_granularity': 'per_row', 'modelopt_fp8_checkpoint_path': None, 'mixed_precision_first_steps': 0, 'mixed_precision_last_steps': 0, 'mixed_precision_reasoner_policy': 'high_precision', 'mixed_precision_w8a16_cache': 'none', 'include_regex': [], 'exclude_regex': [], 'modelopt_fp8_target_fqns': [], '_type': 'cosmos_framework.configs.base.defaults.quantization.QuantizationConfig'}, 'activation_checkpointing': {'mode': 'none', 'preserve_rng_state': True, 'determinism_check': 'default', 'save_ops_regex': ['fmha'], '_type': 'cosmos_framework.configs.base.defaults.activation_checkpointing.ActivationCheckpointingConfig'}, 'precision': 'bfloat16', 'lora_enabled': False, 'lora_rank': 16, 'lora_alpha': 32, 'lora_target_modules': 'q_proj_moe_gen,k_proj_moe_gen,v_proj_moe_gen,o_proj_moe_gen', 'rectified_flow_training_config': {'shift': {'256': 3, '480': 5, '720': 10}, 'shift_image': None, 'use_dynamic_shift': False, 'train_time_image_distribution': 'logitnormal', 'train_time_video_distribution': 'waver', 'train_time_action_distribution': 'logitnormal', 'train_time_sound_distribution': 'logitnormal', 'train_time_weight': 'uniform', 'loss_scale': 10.0, 'image_loss_scale': None, 'sound_loss_scale': 2.0, 'lidar_loss_scale': None, 'use_discrete_rf': False, 'action_loss_weight': 10.0, 'independent_action_schedule': False, 'shift_action': None, 'independent_sound_schedule': False, 'shift_sound': None, 'normalize_loss_by_active': False, 'sample_level_loss_averaging': False, 'high_sigma_ratio': 0.05, 'high_sigma_timesteps_max': 1000, 'high_sigma_timesteps_min': 995, 'use_high_sigma_strategy': False, 'use_high_sigma_strategy_action': False, 'use_high_sigma_strategy_sound': False, '_type': 'cosmos_framework.configs.base.defaults.model_config.RectifiedFlowTrainingConfig'}, 'rectified_flow_inference_config': {'scheduler_type': 'unipc', 'num_train_timesteps': 1000, 'shift': 1, 'use_dynamic_shifting': False, '_type': 'cosmos_framework.configs.base.defaults.model_config.RectifiedFlowInferenceConfig'}, 'fixed_step_sampler_config': None, 'vlm_config': {'model_name': 'nvidia/Cosmos3-Edge-Reasoner', 'safetensors_path': '', 'pretrained_weights': {'enabled': False, 'backbone_path': 's3://bucket/cosmos3/pretrained/huggingface/nvidia/Cosmos3-Edge-Reasoner-590c1c0/', 'credentials_path': 'credentials/gcp_checkpoint.secret', 'enable_gcs_patch_in_boto3': True, 'checkpoint_format': None, '_type': 'cosmos_framework.configs.base.defaults.reasoner.PretrainedWeightsConfig'}, 'model_instance': {'_target_': 'cosmos_framework.model.generator.mot.unified_mot.Nemotron3DenseVLTextForCausalLM', 'config': {'_target_': 'cosmos_framework.configs.base.defaults.reasoner.create_vlm_config', 'base_config': {'_target_': 'cosmos_framework.model.generator.mot.unified_mot.Nemotron3DenseVLMoTConfig.from_json_file', 'json_file': 'cosmos_framework/model/generator/reasoner/nemotron_3_dense_vl/configs/Nemotron-2B-Dense-VL.json'}, 'include_visual': None, 'qk_norm_for_text': False, 'use_und_k_norm_for_gen': True}}, 'tokenizer': {'repository': None, 'revision': None, 'subdir': '', '_target_': 'cosmos_framework.data.generator.processors.build_processor_lazy', 'tokenizer_type': '/bulk/users/vla/alpamayo2edge/cosmos3-edge'}, 'layer_module': None, 'qk_norm': False, 'tie_word_embeddings': False, 'use_system_prompt': False, '_type': 'cosmos_framework.configs.base.defaults.reasoner.VLMConfig'}, 'diffusion_expert_config': {'timestep_range': 1.0, 'load_weights_from_pretrained': False, 'enable_vision_modality_embeddings': False, 'enable_media_modality_embedding': False, 'enable_sound_modality_embedding': True, 'patch_spatial': 2, 'max_vae_latent_side_after_patchify': 20, 'enable_fps_modulation': True, 'base_fps': 24, 'sound_base_temporal_compression_factor': None, 'vision_temporal_position_mode': 'latent_index', 'unified_3d_mrope_reset_spatial_ids': True, 'unified_3d_mrope_temporal_modality_margin': 15000, '_type': 'cosmos_framework.configs.base.defaults.model_config.DiffusionExpertConfig'}, 'input_video_key': 'video', 'input_image_key': 'images', 'input_caption_key': 'ai_caption', 'state_ch': 48, 'state_t': 300, 'latent_downsample_factor': 16, 'resolution': '480', 'max_num_tokens_after_packing': 74000, 'joint_attn_implementation': 'two_way', 'flex_attention': {'enabled': False, 'backend': 'auto', 'mask': {'attention_scope': 'all_views'}}, 'natten_parameter_list': None, 'video_temporal_causal': False, 'causal_training_strategy': 'none', 'lbl': {'method': 'local', 'coeff_und': None, 'coeff_gen': None, '_type': 'cosmos_framework.configs.base.defaults.model_config.LBLConfig'}, 'vision_gen': True, 'action_gen': True, 'max_action_dim': 64, 'num_embodiment_domains': 32, 'sound_gen': False, 'sound_tokenizer': None, 'sound_dim': None, 'sound_latent_fps': 25, 'enable_input_bias': True, 'log_enc_time_every_n': 100, 'exclude_reasoner_weights_from_checkpoint': False, '_type': 'cosmos_framework.configs.base.defaults.model_config.OmniMoTModelConfig'}
[09-22 17:43:03|WARNING|cosmos_framework/model/generator/omni_mot_model.py:150:set_precision] OmniMoTModel: precision torch.bfloat16
This processor does not use the `size` parameter. It will be ignored.
[09-22 17:43:03|INFO|cosmos_framework/data/generator/processors/base.py:131:__init__] Successfully loaded processor from local cache
[09-22 17:43:03|INFO|cosmos_framework/utils/checkpoint_db.py:338:download] Downloading checkpoint Wan2.2/vae(7857b3ee0d3047fc8b378bdff38b96e3)
[09-22 17:43:03|INFO|cosmos_framework/utils/checkpoint_db.py:171:_hf_download] uv run --isolated --project /home/vla/projects/cosmos-framework/cosmos_framework/utils/hf_cli --locked --no-default-groups hf download --format=json Wan-AI/Wan2.2-TI2V-5B --repo-type model --revision 921dbaf3f1674a56f47e83fb80a34bac8a8f203e Wan2.2_VAE.pth
Installed 16 packages in 2ms
wandb: Tracking run with wandb version 0.25.0
wandb: Run data is saved locally in /home/vla/projects/alpamayo2edge/wandb/run-20260922_174300-stage1-job368
wandb: Run `wandb offline` to turn off syncing.
wandb: Syncing run stage1-job368
wandb: ⭐️ View project at https://wandb.ai/karmishthannauth27-technical-university-of-munich/alpamayo2edge
wandb: 🚀 View run at https://wandb.ai/karmishthannauth27-technical-university-of-munich/alpamayo2edge/runs/stage1-job368
Hint: A new version of huggingface_hub (1.32.0) is available! You are using version 1.25.1.
[09-22 17:43:06|INFO|cosmos_framework/model/generator/tokenizers/wan2pt2_vae_4x16x16.py:1056:_video_vae] loading /bulk/users/vla/alpamayo2edge/hf-cache/models--Wan-AI--Wan2.2-TI2V-5B/snapshots/921dbaf3f1674a56f47e83fb80a34bac8a8f203e/Wan2.2_VAE.pth
[09-22 17:43:06|INFO|cosmos_framework/utils/timer.py:138:_log] Time spent on OmniMoTModel: set_up_tokenizers: 3.56 s
[09-22 17:43:06|INFO|cosmos_framework/utils/generator/parallelism.py:110:_validate] dp_shard auto-inferred to world_size = 1
[09-22 17:43:06|INFO|cosmos_framework/utils/generator/parallelism.py:124:_validate] dp_replicate is set to -1, will be automatically determined based on world_size 1 // dp_shard 1.
[09-22 17:43:06|INFO|cosmos_framework/utils/generator/parallelism.py:129:_validate] dp_replicate is set to 1.
`torch_dtype` is deprecated! Use `dtype` instead!
[09-22 17:43:07|INFO|cosmos_framework/utils/timer.py:138:_log] Time spent on meta to cuda and broadcast model states: 0.04 s
[09-22 17:43:07|INFO|cosmos_framework/utils/timer.py:138:_log] Time spent on Creating PyTorch model and ema if enabled: 0.13 s
[09-22 17:43:07|INFO|cosmos_framework/utils/timer.py:138:_log] Time spent on OmniMoTModel: set_up_model: 0.13 s
/home/vla/envs/alpamayo2edge/lib/python3.13/site-packages/torch/distributed/checkpoint/utils.py:483: UserWarning: torch.distributed is disabled, unavailable or uninitialized, assuming the intent is to load in a single process.
  return func(*args, **kwargs)
[09-22 17:43:08|INFO|../cosmos-framework/cosmos_framework/model/generator/mot/unified_mot.py:2656:_ensure_vision_tower] Edge vision tower: loading from checkpoint-local bundle /bulk/users/vla/alpamayo2edge/cosmos3-edge/vision_encoder
INFO:distill.checkpoint:loaded merged student <- /data/vla/alpamayo2edge/runs/stage1/run-351/best
INFO:__main__:init policy <- /data/vla/alpamayo2edge/runs/stage1/run-351/best (epoch=1 coc_nll=0.519203215589126)
[09-22 17:43:10|INFO|../cosmos-framework/cosmos_framework/utils/generator/lora.py:164:inject_lora_pre_fsdp] Injecting LoRA on meta device: rank=48, alpha=96, targets=['q_proj', 'k_proj', 'v_proj', 'o_proj']
[09-22 17:43:10|INFO|../cosmos-framework/cosmos_framework/utils/generator/lora.py:184:inject_lora_pre_fsdp] LoRA injection successful: 112 modules wrapped, 19,267,584 trainable LoRA params, 2,818,812,416 frozen base params (0.679% trainable)
INFO:__main__:LoRA: {'wrapped': 112, 'by_leaf': {'q_proj': 28, 'k_proj': 28, 'v_proj': 28, 'o_proj': 28}, 'lora_params': 19267584, 'example': ['0.self_attn.q_proj', '0.self_attn.k_proj', '0.self_attn.v_proj']}
INFO:distill.student.context:image processor: Siglip2ImageProcessorCustom (native Cosmos3-Edge port)
INFO:distill.student.context:image processor: Siglip2ImageProcessorCustom (native Cosmos3-Edge port)
INFO:__main__:train prompts: 18954   val eval windows: 8
INFO:distill.data.sampling:maneuver-stratified sampling, alpha=0.50 (D-036):
INFO:distill.data.sampling:   class              n  uniform  effective
INFO:distill.data.sampling:   FOLLOW          6249    33.0%      20.1%
INFO:distill.data.sampling:   KEEP            3942    20.8%      16.0%
INFO:distill.data.sampling:   STOP            2131    11.2%      11.7%
INFO:distill.data.sampling:   NUDGE           1960    10.3%      11.3%
INFO:distill.data.sampling:   ADAPT_SPEED     1870     9.9%      11.0%
INFO:distill.data.sampling:   TURN             626     3.3%       6.4%
INFO:distill.data.sampling:   ACCELERATE       573     3.0%       6.1%
INFO:distill.data.sampling:   SLOW             494     2.6%       5.7%
INFO:distill.data.sampling:   YIELD            451     2.4%       5.4%
INFO:distill.data.sampling:   LANE_CHANGE      382     2.0%       5.0%
INFO:distill.data.sampling:   UNASSIGNED       276     1.5%       1.5%
INFO:__main__:step 0 val: {"n": 8, "traj_ade": null, "neg_ade": null, "traj_decoded": 0.0, "gt_score": 0.16666666666666663, "gt_consistent": 0.6666666666666666, "gt_false_clear": 0.5, "hazard_ungrounded": 0.0, "direction_ok": 1.0, "maneuver_acc": 0.5714285714285714, "obj_precision": 1.0, "termination": 1.0, "mix": {"KEEP": 2, "STOP": 2, "NUDGE": 2, "FOLLOW": 1, "TURN": 1}}
/home/vla/projects/alpamayo2edge/src/distill/train_grpo_coc.py:471: UserWarning: Converting a tensor with requires_grad=True to a scalar may lead to unexpected behavior.
Consider using tensor.detach() first. (Triggered internally at /pytorch/torch/csrc/autograd/generated/python_variable_methods.cpp:836.)
  stats["ce"] += float(ce)
INFO:__main__:step 1/2 reward -0.625 [kin -0.62 dir +0.00 haz +0.00 tch 1.00] fail 0.00 skip 1.00 kl 0.0000 ce 0.058 |g| 0.08  8s  {'NUDGE': 4, 'FOLLOW': 4}
INFO:__main__:step 2/2 reward -0.406 [kin -0.25 dir +0.19 haz +0.88 tch 0.25] fail 0.12 skip 0.00 kl 0.0005 ce 0.779 |g| 2.42  8s  {'STOP': 3, 'FOLLOW': 2, 'TURN': 2, None: 1}
INFO:__main__:step 2 val: {"n": 8, "traj_ade": null, "neg_ade": null, "traj_decoded": 0.0, "gt_score": 0.6666666666666666, "gt_consistent": 0.6666666666666666, "gt_false_clear": 0.0, "hazard_ungrounded": 0.125, "direction_ok": 1.0, "maneuver_acc": 0.7142857142857143, "obj_precision": 1.0, "termination": 1.0, "mix": {"STOP": 3, "FOLLOW": 2, "NUDGE": 2, "TURN": 1}}
INFO:__main__:SMOKE OK  peak GPU 52.5 GiB
smoke OK - starting rl-run-7b-coc-grounded 2026-09-22T17:43:42+02:00
----------------------------------------------------------------
INFO:__main__:cameras: ['camera_cross_left_120fov', 'camera_front_wide_120fov', 'camera_cross_right_120fov', 'camera_front_tele_30fov']
INFO:__main__:reward mode: gt   route hint: True   coc_temperature: 1.0
INFO:megatron.core.msc_utils:The multistorageclient package is available.
/home/vla/envs/alpamayo2edge/lib/python3.13/site-packages/megatron/core/distributed/fsdp/src/megatron_fsdp/utils.py:108: UserWarning: Transformer Engine and Apex are not installed. Falling back to local implementations of multi_tensor_applier and multi_tensor_scale
  warnings.warn(
INFO:megatron.core.distributed.fsdp.src.megatron_fsdp.megatron_fsdp:Detected Megatron Core, using Megatron-FSDP with Megatron.
INFO:megatron.core.distributed.fsdp.src.megatron_fsdp.param_and_grad_buffer:Detected Megatron Core, using Megatron-FSDP with Megatron.
/home/vla/envs/alpamayo2edge/lib/python3.13/site-packages/megatron/core/optimizer/__init__.py:24: UserWarning: Transformer Engine and Apex are not installed. Falling back to Torch optimizers.
  warnings.warn(
/home/vla/envs/alpamayo2edge/lib/python3.13/site-packages/megatron/core/optimizer/optimizer.py:28: UserWarning: Transformer Engine and Apex are not installed. Falling back to local implementations of multi_tensor_applier and multi_tensor_scale
  warnings.warn(
/home/vla/envs/alpamayo2edge/lib/python3.13/site-packages/megatron/core/optimizer/clip_grads.py:29: UserWarning: Transformer Engine and Apex are not installed. Falling back to local implementations of multi_tensor_applier, multi_tensor_l2norm, and multi_tensor_scale
  warnings.warn(
[09-22 17:43:46|INFO|cosmos_framework/model/generator/omni_mot_model.py:124:__init__] OmniMoTModel: config {'tokenizer': {'bucket_name': 'bucket', 'object_store_credential_path_pretrained': 'credentials/gcp_training.secret', 'vae_path': 'pretrained/tokenizers/video/wan2pt2/Wan2.2_VAE.pth', 'chunk_duration': 93, 'keep_decoder_cache': False, 'use_streaming_encode': False, 'encode_chunk_frames': {'256': 68, '480': 24, '720': 8, '768': 8}, 'encode_exact_durations': [17, 61, 73], 'spatial_compression_factor': 16, 'temporal_compression_factor': 4, 'temporal_window': None, 'encode_bucket_multiple': None, 'causal': True, '_target_': 'cosmos_framework.model.generator.tokenizers.wan2pt2_vae_4x16x16.Wan2pt2VAEInterface'}, 'load_vision_tokenizer': True, 'lidar_tokenizer': None, 'lidar_state_ch': None, 'lidar_fps': None, 'net': None, 'ema': {'enabled': False, 'rate': 0.1, 'iteration_shift': 0, '_type': 'cosmos_framework.configs.base.defaults.ema.EMAConfig'}, 'parallelism': {'data_parallel_shard_degree': -1, 'data_parallel_replicate_degree': 1, 'context_parallel_shard_degree': 1, 'cfg_parallel_shard_degree': 1, 'enable_inference_mode': True, 'fsdp_master_dtype': 'float32', 'fsdp_reduce_dtype': None, '_type': 'cosmos_framework.configs.base.defaults.parallelism.ParallelismConfig'}, 'attention_io_layout': 'sequence_sharded', 'compile': {'enabled': False, 'compiled_region': 'language', 'compile_dynamic': True, 'use_cuda_graphs': False, 'ar_post_saturation_mode': 'default', 'max_autotune_pointwise': False, 'coordinate_descent_tuning': False, '_type': 'cosmos_framework.configs.base.defaults.compile.CompileConfig'}, 'quantization': {'method': None, 'fp8_granularity': 'per_row', 'modelopt_fp8_checkpoint_path': None, 'mixed_precision_first_steps': 0, 'mixed_precision_last_steps': 0, 'mixed_precision_reasoner_policy': 'high_precision', 'mixed_precision_w8a16_cache': 'none', 'include_regex': [], 'exclude_regex': [], 'modelopt_fp8_target_fqns': [], '_type': 'cosmos_framework.configs.base.defaults.quantization.QuantizationConfig'}, 'activation_checkpointing': {'mode': 'none', 'preserve_rng_state': True, 'determinism_check': 'default', 'save_ops_regex': ['fmha'], '_type': 'cosmos_framework.configs.base.defaults.activation_checkpointing.ActivationCheckpointingConfig'}, 'precision': 'bfloat16', 'lora_enabled': False, 'lora_rank': 16, 'lora_alpha': 32, 'lora_target_modules': 'q_proj_moe_gen,k_proj_moe_gen,v_proj_moe_gen,o_proj_moe_gen', 'rectified_flow_training_config': {'shift': {'256': 3, '480': 5, '720': 10}, 'shift_image': None, 'use_dynamic_shift': False, 'train_time_image_distribution': 'logitnormal', 'train_time_video_distribution': 'waver', 'train_time_action_distribution': 'logitnormal', 'train_time_sound_distribution': 'logitnormal', 'train_time_weight': 'uniform', 'loss_scale': 10.0, 'image_loss_scale': None, 'sound_loss_scale': 2.0, 'lidar_loss_scale': None, 'use_discrete_rf': False, 'action_loss_weight': 10.0, 'independent_action_schedule': False, 'shift_action': None, 'independent_sound_schedule': False, 'shift_sound': None, 'normalize_loss_by_active': False, 'sample_level_loss_averaging': False, 'high_sigma_ratio': 0.05, 'high_sigma_timesteps_max': 1000, 'high_sigma_timesteps_min': 995, 'use_high_sigma_strategy': False, 'use_high_sigma_strategy_action': False, 'use_high_sigma_strategy_sound': False, '_type': 'cosmos_framework.configs.base.defaults.model_config.RectifiedFlowTrainingConfig'}, 'rectified_flow_inference_config': {'scheduler_type': 'unipc', 'num_train_timesteps': 1000, 'shift': 1, 'use_dynamic_shifting': False, '_type': 'cosmos_framework.configs.base.defaults.model_config.RectifiedFlowInferenceConfig'}, 'fixed_step_sampler_config': None, 'vlm_config': {'model_name': 'nvidia/Cosmos3-Edge-Reasoner', 'safetensors_path': '', 'pretrained_weights': {'enabled': False, 'backbone_path': 's3://bucket/cosmos3/pretrained/huggingface/nvidia/Cosmos3-Edge-Reasoner-590c1c0/', 'credentials_path': 'credentials/gcp_checkpoint.secret', 'enable_gcs_patch_in_boto3': True, 'checkpoint_format': None, '_type': 'cosmos_framework.configs.base.defaults.reasoner.PretrainedWeightsConfig'}, 'model_instance': {'_target_': 'cosmos_framework.model.generator.mot.unified_mot.Nemotron3DenseVLTextForCausalLM', 'config': {'_target_': 'cosmos_framework.configs.base.defaults.reasoner.create_vlm_config', 'base_config': {'_target_': 'cosmos_framework.model.generator.mot.unified_mot.Nemotron3DenseVLMoTConfig.from_json_file', 'json_file': 'cosmos_framework/model/generator/reasoner/nemotron_3_dense_vl/configs/Nemotron-2B-Dense-VL.json'}, 'include_visual': None, 'qk_norm_for_text': False, 'use_und_k_norm_for_gen': True}}, 'tokenizer': {'repository': None, 'revision': None, 'subdir': '', '_target_': 'cosmos_framework.data.generator.processors.build_processor_lazy', 'tokenizer_type': '/bulk/users/vla/alpamayo2edge/cosmos3-edge'}, 'layer_module': None, 'qk_norm': False, 'tie_word_embeddings': False, 'use_system_prompt': False, '_type': 'cosmos_framework.configs.base.defaults.reasoner.VLMConfig'}, 'diffusion_expert_config': {'timestep_range': 1.0, 'load_weights_from_pretrained': False, 'enable_vision_modality_embeddings': False, 'enable_media_modality_embedding': False, 'enable_sound_modality_embedding': True, 'patch_spatial': 2, 'max_vae_latent_side_after_patchify': 20, 'enable_fps_modulation': True, 'base_fps': 24, 'sound_base_temporal_compression_factor': None, 'vision_temporal_position_mode': 'latent_index', 'unified_3d_mrope_reset_spatial_ids': True, 'unified_3d_mrope_temporal_modality_margin': 15000, '_type': 'cosmos_framework.configs.base.defaults.model_config.DiffusionExpertConfig'}, 'input_video_key': 'video', 'input_image_key': 'images', 'input_caption_key': 'ai_caption', 'state_ch': 48, 'state_t': 300, 'latent_downsample_factor': 16, 'resolution': '480', 'max_num_tokens_after_packing': 74000, 'joint_attn_implementation': 'two_way', 'flex_attention': {'enabled': False, 'backend': 'auto', 'mask': {'attention_scope': 'all_views'}}, 'natten_parameter_list': None, 'video_temporal_causal': False, 'causal_training_strategy': 'none', 'lbl': {'method': 'local', 'coeff_und': None, 'coeff_gen': None, '_type': 'cosmos_framework.configs.base.defaults.model_config.LBLConfig'}, 'vision_gen': True, 'action_gen': True, 'max_action_dim': 64, 'num_embodiment_domains': 32, 'sound_gen': False, 'sound_tokenizer': None, 'sound_dim': None, 'sound_latent_fps': 25, 'enable_input_bias': True, 'log_enc_time_every_n': 100, 'exclude_reasoner_weights_from_checkpoint': False, '_type': 'cosmos_framework.configs.base.defaults.model_config.OmniMoTModelConfig'}
[09-22 17:43:46|WARNING|cosmos_framework/model/generator/omni_mot_model.py:150:set_precision] OmniMoTModel: precision torch.bfloat16
This processor does not use the `size` parameter. It will be ignored.
[09-22 17:43:46|INFO|cosmos_framework/data/generator/processors/base.py:131:__init__] Successfully loaded processor from local cache
[09-22 17:43:46|INFO|cosmos_framework/utils/checkpoint_db.py:338:download] Downloading checkpoint Wan2.2/vae(73a3564519bf415a951ea5ef5e656343)
[09-22 17:43:46|INFO|cosmos_framework/utils/checkpoint_db.py:171:_hf_download] uv run --isolated --project /home/vla/projects/cosmos-framework/cosmos_framework/utils/hf_cli --locked --no-default-groups hf download --format=json Wan-AI/Wan2.2-TI2V-5B --repo-type model --revision 921dbaf3f1674a56f47e83fb80a34bac8a8f203e Wan2.2_VAE.pth
Installed 16 packages in 1ms
[09-22 17:43:48|INFO|cosmos_framework/model/generator/tokenizers/wan2pt2_vae_4x16x16.py:1056:_video_vae] loading /bulk/users/vla/alpamayo2edge/hf-cache/models--Wan-AI--Wan2.2-TI2V-5B/snapshots/921dbaf3f1674a56f47e83fb80a34bac8a8f203e/Wan2.2_VAE.pth
[09-22 17:43:48|INFO|cosmos_framework/utils/timer.py:138:_log] Time spent on OmniMoTModel: set_up_tokenizers: 2.05 s
[09-22 17:43:48|INFO|cosmos_framework/utils/generator/parallelism.py:110:_validate] dp_shard auto-inferred to world_size = 1
[09-22 17:43:48|INFO|cosmos_framework/utils/generator/parallelism.py:124:_validate] dp_replicate is set to -1, will be automatically determined based on world_size 1 // dp_shard 1.
[09-22 17:43:48|INFO|cosmos_framework/utils/generator/parallelism.py:129:_validate] dp_replicate is set to 1.
`torch_dtype` is deprecated! Use `dtype` instead!
[09-22 17:43:48|INFO|cosmos_framework/utils/timer.py:138:_log] Time spent on meta to cuda and broadcast model states: 0.04 s
[09-22 17:43:48|INFO|cosmos_framework/utils/timer.py:138:_log] Time spent on Creating PyTorch model and ema if enabled: 0.11 s
[09-22 17:43:48|INFO|cosmos_framework/utils/timer.py:138:_log] Time spent on OmniMoTModel: set_up_model: 0.11 s
/home/vla/envs/alpamayo2edge/lib/python3.13/site-packages/torch/distributed/checkpoint/utils.py:483: UserWarning: torch.distributed is disabled, unavailable or uninitialized, assuming the intent is to load in a single process.
  return func(*args, **kwargs)
[09-22 17:43:49|INFO|../cosmos-framework/cosmos_framework/model/generator/mot/unified_mot.py:2656:_ensure_vision_tower] Edge vision tower: loading from checkpoint-local bundle /bulk/users/vla/alpamayo2edge/cosmos3-edge/vision_encoder
INFO:distill.checkpoint:loaded merged student <- /data/vla/alpamayo2edge/runs/stage1/run-351/best
INFO:__main__:init policy <- /data/vla/alpamayo2edge/runs/stage1/run-351/best (epoch=1 coc_nll=0.519203215589126)
[09-22 17:43:51|INFO|../cosmos-framework/cosmos_framework/utils/generator/lora.py:164:inject_lora_pre_fsdp] Injecting LoRA on meta device: rank=48, alpha=96, targets=['q_proj', 'k_proj', 'v_proj', 'o_proj']
[09-22 17:43:51|INFO|../cosmos-framework/cosmos_framework/utils/generator/lora.py:184:inject_lora_pre_fsdp] LoRA injection successful: 112 modules wrapped, 19,267,584 trainable LoRA params, 2,818,812,416 frozen base params (0.679% trainable)
INFO:__main__:LoRA: {'wrapped': 112, 'by_leaf': {'q_proj': 28, 'k_proj': 28, 'v_proj': 28, 'o_proj': 28}, 'lora_params': 19267584, 'example': ['0.self_attn.q_proj', '0.self_attn.k_proj', '0.self_attn.v_proj']}
INFO:distill.student.context:image processor: Siglip2ImageProcessorCustom (native Cosmos3-Edge port)
INFO:distill.student.context:image processor: Siglip2ImageProcessorCustom (native Cosmos3-Edge port)
INFO:__main__:train prompts: 18954   val eval windows: 400
INFO:distill.data.sampling:maneuver-stratified sampling, alpha=0.50 (D-036):
INFO:distill.data.sampling:   class              n  uniform  effective
INFO:distill.data.sampling:   FOLLOW          6249    33.0%      20.1%
INFO:distill.data.sampling:   KEEP            3942    20.8%      16.0%
INFO:distill.data.sampling:   STOP            2131    11.2%      11.7%
INFO:distill.data.sampling:   NUDGE           1960    10.3%      11.3%
INFO:distill.data.sampling:   ADAPT_SPEED     1870     9.9%      11.0%
INFO:distill.data.sampling:   TURN             626     3.3%       6.4%
INFO:distill.data.sampling:   ACCELERATE       573     3.0%       6.1%
INFO:distill.data.sampling:   SLOW             494     2.6%       5.7%
INFO:distill.data.sampling:   YIELD            451     2.4%       5.4%
INFO:distill.data.sampling:   LANE_CHANGE      382     2.0%       5.0%
INFO:distill.data.sampling:   UNASSIGNED       276     1.5%       1.5%
INFO:__main__:step 0 val: {"n": 400, "traj_ade": null, "neg_ade": null, "traj_decoded": 0.0, "gt_score": 0.5321531791907514, "gt_consistent": 0.7196531791907514, "gt_false_clear": 0.1875, "hazard_ungrounded": 0.23024054982817868, "direction_ok": 0.39622641509433965, "maneuver_acc": 0.6149870801033591, "obj_precision": 0.8321839080459771, "termination": 1.0, "mix": {"FOLLOW": 137, "KEEP": 86, "STOP": 58, "NUDGE": 50, "ADAPT_SPEED": 36, "TURN": 12, "ACCELERATE": 6, "YIELD": 6, "SLOW": 4, "null": 4, "LANE_CHANGE": 1}}
/home/vla/projects/alpamayo2edge/src/distill/train_grpo_coc.py:471: UserWarning: Converting a tensor with requires_grad=True to a scalar may lead to unexpected behavior.
Consider using tensor.detach() first. (Triggered internally at /pytorch/torch/csrc/autograd/generated/python_variable_methods.cpp:836.)
  stats["ce"] += float(ce)
INFO:__main__:step 1/50 reward 0.102 [kin +0.15 dir -0.10 haz -0.16 tch 0.50] fail 0.00 skip 0.00 kl 0.0000 ce 0.218 |g| 0.70  114s  {'NUDGE': 28, 'ADAPT_SPEED': 27, 'FOLLOW': 17, 'KEEP': 15, 'ACCELERATE': 14, 'SLOW': 13}
INFO:__main__:step 2/50 reward -0.141 [kin -0.12 dir +0.00 haz +0.42 tch 0.59] fail 0.01 skip 0.50 kl 0.0008 ce 0.199 |g| 0.39  74s  {'FOLLOW': 49, 'KEEP': 38, 'NUDGE': 14, 'YIELD': 13, 'STOP': 7, 'SLOW': 5}
INFO:__main__:step 3/50 reward 0.078 [kin +0.07 dir +0.01 haz +0.34 tch 0.63] fail 0.00 skip 0.38 kl 0.0029 ce 0.462 |g| 0.55  84s  {'FOLLOW': 51, 'KEEP': 26, 'ADAPT_SPEED': 20, 'TURN': 17, 'STOP': 8, 'NUDGE': 3}
INFO:__main__:step 4/50 reward -0.439 [kin -0.44 dir +0.00 haz +0.25 tch 0.43] fail 0.00 skip 0.62 kl 0.0234 ce 0.111 |g| 0.50  63s  {'KEEP': 69, 'FOLLOW': 35, 'NUDGE': 15, 'ADAPT_SPEED': 9}
INFO:__main__:step 5/50 reward -0.027 [kin -0.08 dir +0.11 haz +0.30 tch 0.56] fail 0.00 skip 0.38 kl 0.0094 ce 0.392 |g| 0.45  84s  {'KEEP': 50, 'STOP': 34, 'FOLLOW': 21, 'TURN': 15, 'NUDGE': 5, 'SLOW': 3}
INFO:__main__:step 5 val: {"n": 400, "traj_ade": null, "neg_ade": null, "traj_decoded": 0.0, "gt_score": 0.4738704536932883, "gt_consistent": 0.7506561679790026, "gt_false_clear": 0.2767857142857143, "hazard_ungrounded": 0.1971326164874552, "direction_ok": 0.4716981132075472, "maneuver_acc": 0.5813953488372093, "obj_precision": 0.814748201438849, "termination": 1.0, "mix": {"FOLLOW": 156, "KEEP": 122, "STOP": 55, "TURN": 23, "NUDGE": 14, "ADAPT_SPEED": 9, "ACCELERATE": 9, "SLOW": 6, "YIELD": 5, "null": 1}}
INFO:distill.checkpoint:saved merged student -> /data/vla/alpamayo2edge/runs/stage1_rl/rl-run-7b-coc-grounded/best (992 tensors)
INFO:__main__:  <- new best (val gt_score 0.474), saved
INFO:__main__:step 6/50 reward 0.047 [kin -0.02 dir +0.12 haz +0.19 tch 0.52] fail 0.00 skip 0.88 kl 0.0002 ce 0.035 |g| 0.18  43s  {'FOLLOW': 44, 'KEEP': 38, 'STOP': 30, 'TURN': 16}
INFO:__main__:step 7/50 reward 0.143 [kin +0.08 dir +0.13 haz +0.09 tch 0.57] fail 0.00 skip 0.50 kl 0.0353 ce 0.133 |g| 0.44  74s  {'KEEP': 33, 'TURN': 27, 'ADAPT_SPEED': 25, 'FOLLOW': 22, 'STOP': 16, 'SLOW': 3}
INFO:__main__:step 8/50 reward 0.363 [kin +0.29 dir +0.14 haz +0.61 tch 0.34] fail 0.00 skip 0.62 kl 0.0383 ce 0.362 |g| 0.67  64s  {'FOLLOW': 43, 'KEEP': 34, 'TURN': 26, 'STOP': 16, 'ACCELERATE': 5, 'ADAPT_SPEED': 3}
INFO:__main__:step 9/50 reward -0.133 [kin -0.13 dir +0.00 haz +0.35 tch 0.24] fail 0.00 skip 0.88 kl 0.0020 ce 0.016 |g| 0.19  44s  {'FOLLOW': 64, 'KEEP': 49, 'STOP': 15}
INFO:__main__:step 10/50 reward -0.062 [kin -0.12 dir +0.12 haz +0.11 tch 0.62] fail 0.00 skip 1.00 kl 0.0000 ce 0.000 |g| 0.00  33s  {'FOLLOW': 84, 'TURN': 16, 'STOP': 16, 'KEEP': 12}
INFO:__main__:step 10 val: {"n": 400, "traj_ade": null, "neg_ade": null, "traj_decoded": 0.0, "gt_score": 0.4387820512820513, "gt_consistent": 0.7512820512820513, "gt_false_clear": 0.3125, "hazard_ungrounded": 0.20284697508896798, "direction_ok": 0.7358490566037735, "maneuver_acc": 0.5684754521963824, "obj_precision": 0.7964285714285714, "termination": 1.0, "mix": {"FOLLOW": 147, "KEEP": 126, "STOP": 63, "TURN": 39, "SLOW": 9, "NUDGE": 7, "ACCELERATE": 6, "ADAPT_SPEED": 3}}
INFO:__main__:step 11/50 reward 0.006 [kin -0.11 dir +0.24 haz +0.41 tch 0.38] fail 0.00 skip 0.62 kl 0.1015 ce 0.258 |g| 0.37  63s  {'KEEP': 62, 'TURN': 31, 'STOP': 16, 'FOLLOW': 16, 'SLOW': 1, 'ADAPT_SPEED': 1}
INFO:__main__:step 12/50 reward 0.299 [kin +0.27 dir +0.05 haz +0.64 tch 0.34] fail 0.00 skip 0.38 kl 0.0670 ce 0.413 |g| 0.58  84s  {'KEEP': 44, 'FOLLOW': 36, 'STOP': 27, 'TURN': 10, 'SLOW': 7, 'ADAPT_SPEED': 1}
INFO:__main__:step 13/50 reward 0.250 [kin +0.13 dir +0.24 haz +0.36 tch 0.37] fail 0.00 skip 0.50 kl 0.0674 ce 0.244 |g| 0.40  74s  {'FOLLOW': 61, 'TURN': 31, 'KEEP': 19, 'ACCELERATE': 13, 'SLOW': 3, 'NUDGE': 1}
INFO:__main__:step 14/50 reward 0.348 [kin +0.23 dir +0.23 haz +0.25 tch 0.12] fail 0.00 skip 0.50 kl 0.0888 ce 0.488 |g| 0.46  74s  {'KEEP': 35, 'STOP': 30, 'TURN': 30, 'FOLLOW': 17, 'ACCELERATE': 14, 'SLOW': 2}
INFO:__main__:step 15/50 reward 0.324 [kin +0.16 dir +0.33 haz +0.46 tch 0.20] fail 0.00 skip 0.62 kl 0.1139 ce 0.223 |g| 0.65  64s  {'KEEP': 56, 'TURN': 41, 'FOLLOW': 28, 'SLOW': 3}
INFO:__main__:step 15 val: {"n": 400, "traj_ade": null, "neg_ade": null, "traj_decoded": 0.0, "gt_score": 0.47943722943722944, "gt_consistent": 0.7651515151515151, "gt_false_clear": 0.2857142857142857, "hazard_ungrounded": 0.20761245674740483, "direction_ok": 0.8867924528301887, "maneuver_acc": 0.5478036175710594, "obj_precision": 0.7945601851851852, "termination": 1.0, "mix": {"FOLLOW": 160, "KEEP": 121, "STOP": 58, "TURN": 47, "SLOW": 4, "ACCELERATE": 3, "NUDGE": 3, "ADAPT_SPEED": 2, "YIELD": 2}}
INFO:distill.checkpoint:saved merged student -> /data/vla/alpamayo2edge/runs/stage1_rl/rl-run-7b-coc-grounded/best (992 tensors)
INFO:__main__:  <- new best (val gt_score 0.479), saved
INFO:__main__:step 16/50 reward 0.336 [kin +0.27 dir +0.12 haz +0.52 tch 0.53] fail 0.00 skip 0.62 kl 0.0514 ce 0.110 |g| 0.47  63s  {'KEEP': 48, 'FOLLOW': 28, 'TURN': 16, 'STOP': 16, 'ACCELERATE': 11, 'SLOW': 9}
INFO:__main__:step 17/50 reward 0.219 [kin +0.09 dir +0.25 haz +0.62 tch 0.59] fail 0.00 skip 0.75 kl 0.0309 ce 0.146 |g| 0.47  54s  {'FOLLOW': 38, 'KEEP': 38, 'TURN': 32, 'STOP': 18, 'SLOW': 1, 'ACCELERATE': 1}
INFO:__main__:step 18/50 reward 0.301 [kin +0.18 dir +0.25 haz +0.35 tch 0.66] fail 0.00 skip 0.75 kl 0.0404 ce 0.132 |g| 0.29  53s  {'KEEP': 46, 'FOLLOW': 41, 'TURN': 32, 'STOP': 8, 'YIELD': 1}
INFO:__main__:step 19/50 reward 0.518 [kin +0.39 dir +0.25 haz +0.75 tch 0.38] fail 0.00 skip 0.62 kl 0.0637 ce 0.408 |g| 0.31  64s  {'STOP': 34, 'TURN': 32, 'FOLLOW': 19, 'KEEP': 19, 'ACCELERATE': 16, 'NUDGE': 7}
INFO:__main__:step 20/50 reward 0.066 [kin +0.00 dir +0.13 haz +0.16 tch 0.67] fail 0.00 skip 0.88 kl 0.0786 ce 0.022 |g| 0.28  53s  {'FOLLOW': 49, 'KEEP': 35, 'STOP': 22, 'TURN': 22}
INFO:__main__:step 20 val: {"n": 400, "traj_ade": null, "neg_ade": null, "traj_decoded": 0.0, "gt_score": 0.38762626262626265, "gt_consistent": 0.7626262626262627, "gt_false_clear": 0.375, "hazard_ungrounded": 0.20284697508896798, "direction_ok": 0.9811320754716981, "maneuver_acc": 0.5529715762273901, "obj_precision": 0.7625, "termination": 1.0, "mix": {"FOLLOW": 138, "KEEP": 127, "STOP": 64, "TURN": 53, "ACCELERATE": 12, "SLOW": 3, "NUDGE": 2, "ADAPT_SPEED": 1}}
INFO:__main__:step 21/50 reward 0.812 [kin +0.50 dir +0.62 haz +0.58 tch 0.38] fail 0.00 skip 1.00 kl 0.0000 ce 0.000 |g| 0.00  32s  {'TURN': 80, 'KEEP': 33, 'FOLLOW': 15}
INFO:__main__:step 22/50 reward 0.125 [kin +0.00 dir +0.25 haz +0.20 tch 0.52] fail 0.00 skip 1.00 kl 0.0000 ce 0.000 |g| 0.00  33s  {'FOLLOW': 64, 'TURN': 32, 'KEEP': 30, 'STOP': 2}
INFO:__main__:step 23/50 reward 0.229 [kin +0.24 dir -0.03 haz +0.64 tch 0.26] fail 0.00 skip 0.50 kl 0.0964 ce 0.184 |g| 0.49  74s  {'STOP': 52, 'KEEP': 41, 'FOLLOW': 17, 'TURN': 8, 'SLOW': 5, 'ACCELERATE': 4}
INFO:__main__:step 24/50 reward 0.055 [kin +0.05 dir +0.00 haz +0.11 tch 0.38] fail 0.00 skip 0.75 kl 0.0397 ce 0.203 |g| 0.58  53s  {'KEEP': 52, 'STOP': 45, 'FOLLOW': 27, 'ACCELERATE': 4}
INFO:__main__:step 25/50 reward 0.203 [kin +0.08 dir +0.25 haz +0.26 tch 0.38] fail 0.00 skip 0.75 kl 0.0121 ce 0.315 |g| 0.30  53s  {'FOLLOW': 36, 'TURN': 32, 'KEEP': 31, 'STOP': 24, 'SLOW': 5}
INFO:__main__:step 25 val: {"n": 400, "traj_ade": null, "neg_ade": null, "traj_decoded": 0.0, "gt_score": 0.42273960216998185, "gt_consistent": 0.7620253164556962, "gt_false_clear": 0.3392857142857143, "hazard_ungrounded": 0.19791666666666666, "direction_ok": 0.9433962264150944, "maneuver_acc": 0.5452196382428941, "obj_precision": 0.7653890824622531, "termination": 1.0, "mix": {"FOLLOW": 151, "KEEP": 119, "STOP": 54, "TURN": 51, "ACCELERATE": 14, "SLOW": 7, "NUDGE": 3, "ADAPT_SPEED": 1}}
INFO:__main__:step 26/50 reward 0.475 [kin +0.36 dir +0.24 haz +0.21 tch 0.38] fail 0.00 skip 0.75 kl 0.3553 ce 0.044 |g| 0.28  53s  {'KEEP': 34, 'TURN': 31, 'FOLLOW': 31, 'STOP': 16, 'ACCELERATE': 15, 'SLOW': 1}
INFO:__main__:step 27/50 reward -0.203 [kin -0.20 dir +0.00 haz -0.14 tch 0.55] fail 0.00 skip 0.75 kl 0.0314 ce 0.162 |g| 0.32  53s  {'KEEP': 64, 'FOLLOW': 53, 'STOP': 6, 'SLOW': 4, 'ACCELERATE': 1}
INFO:__main__:step 28/50 reward -0.182 [kin -0.24 dir +0.12 haz +0.23 tch 0.26] fail 0.00 skip 0.62 kl 0.1029 ce 0.241 |g| 0.59  64s  {'KEEP': 39, 'FOLLOW': 38, 'TURN': 18, 'SLOW': 14, 'ACCELERATE': 9, 'STOP': 5}
INFO:__main__:step 29/50 reward -0.031 [kin -0.09 dir +0.12 haz +0.20 tch 0.25] fail 0.00 skip 0.75 kl 0.0304 ce 0.238 |g| 0.48  54s  {'FOLLOW': 64, 'KEEP': 30, 'TURN': 16, 'ACCELERATE': 12, 'SLOW': 6}
INFO:__main__:step 30/50 reward 0.117 [kin +0.12 dir +0.00 haz -0.21 tch 0.74] fail 0.00 skip 0.88 kl 0.0164 ce 0.009 |g| 0.12  43s  {'FOLLOW': 65, 'KEEP': 30, 'ACCELERATE': 18, 'STOP': 15}
INFO:__main__:step 30 val: {"n": 400, "traj_ade": null, "neg_ade": null, "traj_decoded": 0.0, "gt_score": 0.35517631103074143, "gt_consistent": 0.7569620253164557, "gt_false_clear": 0.4017857142857143, "hazard_ungrounded": 0.20430107526881722, "direction_ok": 1.0, "maneuver_acc": 0.5348837209302325, "obj_precision": 0.7607913669064749, "termination": 1.0, "mix": {"FOLLOW": 146, "KEEP": 128, "TURN": 53, "STOP": 47, "ACCELERATE": 17, "SLOW": 6, "NUDGE": 2, "ADAPT_SPEED": 1}}
INFO:__main__:step 31/50 reward 0.270 [kin +0.21 dir +0.12 haz +0.11 tch 0.52] fail 0.00 skip 0.62 kl 0.0870 ce 0.282 |g| 0.65  63s  {'KEEP': 76, 'TURN': 16, 'STOP': 16, 'FOLLOW': 14, 'SLOW': 6}
INFO:__main__:step 32/50 reward -0.275 [kin -0.34 dir +0.12 haz +0.64 tch 0.27] fail 0.00 skip 0.38 kl 0.0839 ce 0.345 |g| 0.50  84s  {'KEEP': 41, 'FOLLOW': 40, 'TURN': 16, 'STOP': 13, 'SLOW': 10, 'ACCELERATE': 7}
INFO:__main__:step 33/50 reward -0.004 [kin -0.07 dir +0.12 haz +0.39 tch 0.40] fail 0.00 skip 0.88 kl 0.1373 ce 0.046 |g| 0.22  43s  {'FOLLOW': 57, 'KEEP': 33, 'STOP': 17, 'TURN': 16, 'SLOW': 3, 'NUDGE': 2}
INFO:__main__:step 34/50 reward 0.551 [kin +0.43 dir +0.25 haz +0.36 tch 0.56] fail 0.00 skip 0.62 kl 0.0705 ce 0.306 |g| 0.45  63s  {'KEEP': 47, 'TURN': 32, 'FOLLOW': 25, 'STOP': 14, 'ACCELERATE': 9, 'SLOW': 1}
INFO:__main__:step 35/50 reward 0.045 [kin -0.02 dir +0.12 haz -0.07 tch 0.32] fail 0.00 skip 0.75 kl 0.0950 ce 0.266 |g| 0.63  53s  {'KEEP': 58, 'FOLLOW': 35, 'TURN': 17, 'STOP': 7, 'SLOW': 7, 'ACCELERATE': 4}
INFO:__main__:step 35 val: {"n": 400, "traj_ade": null, "neg_ade": null, "traj_decoded": 0.0, "gt_score": 0.39475587703435805, "gt_consistent": 0.7518987341772152, "gt_false_clear": 0.35714285714285715, "hazard_ungrounded": 0.20216606498194944, "direction_ok": 0.9811320754716981, "maneuver_acc": 0.5219638242894057, "obj_precision": 0.7596618357487922, "termination": 1.0, "mix": {"FOLLOW": 141, "KEEP": 132, "TURN": 52, "STOP": 47, "ACCELERATE": 19, "SLOW": 8, "NUDGE": 1}}
INFO:__main__:step 36/50 reward 0.297 [kin +0.11 dir +0.38 haz +0.16 tch 0.27] fail 0.00 skip 0.88 kl 0.2588 ce 0.014 |g| 0.22  42s  {'KEEP': 58, 'TURN': 48, 'FOLLOW': 18, 'ADAPT_SPEED': 3, 'SLOW': 1}
INFO:__main__:step 37/50 reward 0.211 [kin +0.15 dir +0.12 haz +0.31 tch 0.70] fail 0.00 skip 0.75 kl 0.0488 ce 0.076 |g| 0.45  53s  {'KEEP': 48, 'FOLLOW': 33, 'STOP': 24, 'TURN': 16, 'ACCELERATE': 6, 'SLOW': 1}
INFO:__main__:step 38/50 reward 0.559 [kin +0.31 dir +0.50 haz +0.76 tch 0.45] fail 0.00 skip 0.75 kl 0.0779 ce 0.084 |g| 0.37  55s  {'TURN': 64, 'KEEP': 42, 'STOP': 10, 'FOLLOW': 7, 'SLOW': 4, 'ACCELERATE': 1}
INFO:__main__:step 39/50 reward 0.129 [kin +0.07 dir +0.12 haz -0.01 tch 0.36] fail 0.00 skip 0.62 kl 0.0613 ce 0.268 |g| 0.39  68s  {'FOLLOW': 54, 'KEEP': 33, 'TURN': 16, 'STOP': 14, 'ACCELERATE': 9, 'SLOW': 2}
INFO:__main__:step 40/50 reward 0.123 [kin +0.06 dir +0.12 haz +0.20 tch 0.16] fail 0.00 skip 0.62 kl 0.1358 ce 0.229 |g| 0.80  64s  {'KEEP': 68, 'FOLLOW': 20, 'TURN': 16, 'STOP': 11, 'SLOW': 8, 'ACCELERATE': 4}
INFO:__main__:step 40 val: {"n": 400, "traj_ade": null, "neg_ade": null, "traj_decoded": 0.0, "gt_score": 0.3621736765772299, "gt_consistent": 0.7639593908629442, "gt_false_clear": 0.4017857142857143, "hazard_ungrounded": 0.1984732824427481, "direction_ok": 0.9811320754716981, "maneuver_acc": 0.5297157622739018, "obj_precision": 0.7777777777777778, "termination": 1.0, "mix": {"KEEP": 141, "FOLLOW": 127, "TURN": 53, "STOP": 51, "ACCELERATE": 16, "SLOW": 10, "ADAPT_SPEED": 1, "YIELD": 1}}
INFO:__main__:step 41/50 reward 0.553 [kin +0.37 dir +0.38 haz +0.56 tch 0.26] fail 0.00 skip 0.88 kl 0.1328 ce 0.044 |g| 0.35  43s  {'TURN': 48, 'FOLLOW': 32, 'STOP': 24, 'KEEP': 16, 'SLOW': 7, 'NUDGE': 1}
INFO:__main__:step 42/50 reward 0.281 [kin +0.22 dir +0.12 haz +0.54 tch 0.38] fail 0.00 skip 0.50 kl 0.0605 ce 0.110 |g| 0.54  73s  {'KEEP': 41, 'FOLLOW': 35, 'SLOW': 17, 'TURN': 16, 'STOP': 13, 'ADAPT_SPEED': 6}
INFO:__main__:step 43/50 reward 0.328 [kin +0.14 dir +0.38 haz +0.30 tch 0.48] fail 0.00 skip 0.88 kl 0.0451 ce 0.004 |g| 0.31  43s  {'TURN': 48, 'KEEP': 48, 'FOLLOW': 31, 'SLOW': 1}
INFO:__main__:step 44/50 reward 0.184 [kin +0.12 dir +0.12 haz +0.05 tch 0.47] fail 0.00 skip 0.75 kl 0.0344 ce 0.146 |g| 0.35  54s  {'FOLLOW': 42, 'KEEP': 37, 'TURN': 18, 'STOP': 16, 'ACCELERATE': 9, 'SLOW': 4}
INFO:__main__:step 45/50 reward 0.594 [kin +0.53 dir +0.12 haz +1.00 tch 0.50] fail 0.00 skip 0.88 kl 0.0243 ce 0.237 |g| 0.20  44s  {'STOP': 63, 'FOLLOW': 46, 'TURN': 16, 'SLOW': 3}
INFO:__main__:step 45 val: {"n": 400, "traj_ade": null, "neg_ade": null, "traj_decoded": 0.0, "gt_score": 0.3980654761904762, "gt_consistent": 0.7552083333333334, "gt_false_clear": 0.35714285714285715, "hazard_ungrounded": 0.19718309859154928, "direction_ok": 1.0, "maneuver_acc": 0.5116279069767442, "obj_precision": 0.7449941107184924, "termination": 1.0, "mix": {"FOLLOW": 115, "KEEP": 114, "STOP": 56, "TURN": 55, "SLOW": 30, "ACCELERATE": 21, "NUDGE": 4, "ADAPT_SPEED": 4, "null": 1}}
INFO:__main__:step 46/50 reward 0.211 [kin +0.15 dir +0.12 haz +0.19 tch 0.50] fail 0.00 skip 0.88 kl 0.0680 ce 0.160 |g| 0.22  43s  {'STOP': 59, 'FOLLOW': 35, 'TURN': 16, 'KEEP': 16, 'SLOW': 1, 'YIELD': 1}
INFO:__main__:step 47/50 reward 0.781 [kin +0.59 dir +0.38 haz +0.25 tch 0.25] fail 0.00 skip 0.88 kl 0.0970 ce 0.042 |g| 0.38  43s  {'TURN': 48, 'FOLLOW': 22, 'KEEP': 18, 'STOP': 16, 'ACCELERATE': 16, 'SLOW': 8}
INFO:__main__:step 48/50 reward 0.416 [kin +0.35 dir +0.12 haz +0.68 tch 0.47] fail 0.00 skip 0.62 kl 0.0625 ce 0.144 |g| 0.42  63s  {'STOP': 33, 'KEEP': 27, 'SLOW': 23, 'FOLLOW': 23, 'TURN': 16, 'NUDGE': 5}
INFO:__main__:step 49/50 reward 0.217 [kin +0.15 dir +0.12 haz +0.36 tch 0.52] fail 0.00 skip 0.38 kl 0.0324 ce 0.220 |g| 0.53  84s  {'KEEP': 50, 'FOLLOW': 26, 'TURN': 16, 'SLOW': 12, 'STOP': 12, 'ACCELERATE': 11}
INFO:__main__:step 50/50 reward 0.621 [kin +0.43 dir +0.38 haz +0.41 tch 0.38] fail 0.00 skip 0.88 kl 0.0469 ce 0.000 |g| 0.13  43s  {'TURN': 48, 'FOLLOW': 17, 'STOP': 16, 'SLOW': 16, 'KEEP': 16, 'LANE_CHANGE': 13}
INFO:__main__:step 50 val: {"n": 400, "traj_ade": null, "neg_ade": null, "traj_decoded": 0.0, "gt_score": 0.4912337662337663, "gt_consistent": 0.7948051948051948, "gt_false_clear": 0.30357142857142855, "hazard_ungrounded": 0.19444444444444445, "direction_ok": 0.9811320754716981, "maneuver_acc": 0.49870801033591733, "obj_precision": 0.743321718931475, "termination": 1.0, "mix": {"FOLLOW": 110, "KEEP": 106, "STOP": 56, "TURN": 56, "SLOW": 43, "ACCELERATE": 21, "NUDGE": 4, "null": 1, "ADAPT_SPEED": 1, "YIELD": 1, "LANE_CHANGE": 1}}
INFO:distill.checkpoint:saved merged student -> /data/vla/alpamayo2edge/runs/stage1_rl/rl-run-7b-coc-grounded/best (992 tensors)
INFO:__main__:  <- new best (val gt_score 0.491), saved
----------------------------------------------------------------
Finished 2026-09-22T19:08:39+02:00
Check what this actually used:  seff 368
wandb: [wandb.login()] Loaded credentials for https://api.wandb.ai from /home/vla/.netrc.
wandb: Currently logged in as: karmishthannauth27 (karmishthannauth27-technical-university-of-munich) to https://api.wandb.ai. Use `wandb login --relogin` to force relogin
wandb: setting up run stage1-job368
wandb: Tracking run with wandb version 0.25.0
wandb: Run data is saved locally in /home/vla/projects/alpamayo2edge/wandb/run-20260922_190841-stage1-job368
wandb: Run `wandb offline` to turn off syncing.
wandb: Resuming run stage1-job368
wandb: ⭐️ View project at https://wandb.ai/karmishthannauth27-technical-university-of-munich/alpamayo2edge
wandb: 🚀 View run at https://wandb.ai/karmishthannauth27-technical-university-of-munich/alpamayo2edge/runs/stage1-job368
wandb: updating run metadata; uploading summary
wandb: uploading summary
wandb: uploading summary; uploading requirements.txt; uploading wandb-summary.json; uploading config.yaml; uploading wandb-metadata.json
wandb: uploading requirements.txt; uploading wandb-summary.json; uploading config.yaml; uploading wandb-metadata.json
wandb: uploading requirements.txt; uploading config.yaml; uploading wandb-metadata.json
wandb: uploading data
wandb: 🚀 View run stage1-job368 at: https://wandb.ai/karmishthannauth27-technical-university-of-munich/alpamayo2edge/runs/stage1-job368
wandb: ⭐️ View project at: https://wandb.ai/karmishthannauth27-technical-university-of-munich/alpamayo2edge
wandb: Synced 4 W&B file(s), 0 media file(s), 0 artifact file(s) and 0 other file(s)
wandb: Find logs at: ./wandb/run-20260922_190841-stage1-job368/logs
