Job 343 on ProArt, started 2026-09-18T23:28:47+02:00
Submitted from: /home/vla/projects/alpamayo2edge
GPU:            NVIDIA RTX PRO 6000 Blackwell Workstation Edition,NVIDIA RTX 6000 Ada Generation
Commit:         13c4c11
Scratch:        /bulk/scratch/vla/343
----------------------------------------------------------------
   CUDA_VISIBLE_DEVICES = GPU-1e9d88da-6c84-dbf7-f179-fdca7207dae0
   CPUs allocated       = 8
   device 0             = NVIDIA RTX PRO 6000 Blackwell Workstation Edition  95.0 GiB total, 94.4 GiB free
wandb sidecar: run stage1-job343 (pid 2363966)
----------------------------------------------------------------
smoke: run_name rl-run-6c-coc-grounded-smoke
wandb: [wandb.login()] Loaded credentials for https://api.wandb.ai from /home/vla/.netrc.
wandb: Currently logged in as: karmishthannauth27 (karmishthannauth27-technical-university-of-munich) to https://api.wandb.ai. Use `wandb login --relogin` to force relogin
INFO:__main__:SMOKE: G=4 prompts=2 steps=2 eval=8
INFO:__main__:cameras: ['camera_cross_left_120fov', 'camera_front_wide_120fov', 'camera_cross_right_120fov', 'camera_front_tele_30fov']
INFO:__main__:reward mode: gt   route hint: True   coc_temperature: 1.0
wandb: setting up run stage1-job343
wandb: Tracking run with wandb version 0.25.0
wandb: Run data is saved locally in /home/vla/projects/alpamayo2edge/wandb/run-20260918_232849-stage1-job343
wandb: Run `wandb offline` to turn off syncing.
wandb: Syncing run stage1-job343
wandb: ⭐️ View project at https://wandb.ai/karmishthannauth27-technical-university-of-munich/alpamayo2edge
wandb: 🚀 View run at https://wandb.ai/karmishthannauth27-technical-university-of-munich/alpamayo2edge/runs/stage1-job343
INFO:megatron.core.msc_utils:The multistorageclient package is available.
/home/vla/envs/alpamayo2edge/lib/python3.13/site-packages/megatron/core/distributed/fsdp/src/megatron_fsdp/utils.py:108: UserWarning: Transformer Engine and Apex are not installed. Falling back to local implementations of multi_tensor_applier and multi_tensor_scale
  warnings.warn(
INFO:megatron.core.distributed.fsdp.src.megatron_fsdp.megatron_fsdp:Detected Megatron Core, using Megatron-FSDP with Megatron.
INFO:megatron.core.distributed.fsdp.src.megatron_fsdp.param_and_grad_buffer:Detected Megatron Core, using Megatron-FSDP with Megatron.
/home/vla/envs/alpamayo2edge/lib/python3.13/site-packages/megatron/core/optimizer/__init__.py:24: UserWarning: Transformer Engine and Apex are not installed. Falling back to Torch optimizers.
  warnings.warn(
/home/vla/envs/alpamayo2edge/lib/python3.13/site-packages/megatron/core/optimizer/optimizer.py:28: UserWarning: Transformer Engine and Apex are not installed. Falling back to local implementations of multi_tensor_applier and multi_tensor_scale
  warnings.warn(
/home/vla/envs/alpamayo2edge/lib/python3.13/site-packages/megatron/core/optimizer/clip_grads.py:29: UserWarning: Transformer Engine and Apex are not installed. Falling back to local implementations of multi_tensor_applier, multi_tensor_l2norm, and multi_tensor_scale
  warnings.warn(
[09-18 23:28:52|INFO|cosmos_framework/model/generator/omni_mot_model.py:124:__init__] OmniMoTModel: config {'tokenizer': {'bucket_name': 'bucket', 'object_store_credential_path_pretrained': 'credentials/gcp_training.secret', 'vae_path': 'pretrained/tokenizers/video/wan2pt2/Wan2.2_VAE.pth', 'chunk_duration': 93, 'keep_decoder_cache': False, 'use_streaming_encode': False, 'encode_chunk_frames': {'256': 68, '480': 24, '720': 8, '768': 8}, 'encode_exact_durations': [17, 61, 73], 'spatial_compression_factor': 16, 'temporal_compression_factor': 4, 'temporal_window': None, 'encode_bucket_multiple': None, 'causal': True, '_target_': 'cosmos_framework.model.generator.tokenizers.wan2pt2_vae_4x16x16.Wan2pt2VAEInterface'}, 'load_vision_tokenizer': True, 'lidar_tokenizer': None, 'lidar_state_ch': None, 'lidar_fps': None, 'net': None, 'ema': {'enabled': False, 'rate': 0.1, 'iteration_shift': 0, '_type': 'cosmos_framework.configs.base.defaults.ema.EMAConfig'}, 'parallelism': {'data_parallel_shard_degree': -1, 'data_parallel_replicate_degree': 1, 'context_parallel_shard_degree': 1, 'cfg_parallel_shard_degree': 1, 'enable_inference_mode': True, 'fsdp_master_dtype': 'float32', 'fsdp_reduce_dtype': None, '_type': 'cosmos_framework.configs.base.defaults.parallelism.ParallelismConfig'}, 'attention_io_layout': 'sequence_sharded', 'compile': {'enabled': False, 'compiled_region': 'language', 'compile_dynamic': True, 'use_cuda_graphs': False, 'ar_post_saturation_mode': 'default', 'max_autotune_pointwise': False, 'coordinate_descent_tuning': False, '_type': 'cosmos_framework.configs.base.defaults.compile.CompileConfig'}, 'quantization': {'method': None, 'fp8_granularity': 'per_row', 'modelopt_fp8_checkpoint_path': None, 'mixed_precision_first_steps': 0, 'mixed_precision_last_steps': 0, 'mixed_precision_reasoner_policy': 'high_precision', 'mixed_precision_w8a16_cache': 'none', 'include_regex': [], 'exclude_regex': [], 'modelopt_fp8_target_fqns': [], '_type': 'cosmos_framework.configs.base.defaults.quantization.QuantizationConfig'}, 'activation_checkpointing': {'mode': 'none', 'preserve_rng_state': True, 'determinism_check': 'default', 'save_ops_regex': ['fmha'], '_type': 'cosmos_framework.configs.base.defaults.activation_checkpointing.ActivationCheckpointingConfig'}, 'precision': 'bfloat16', 'lora_enabled': False, 'lora_rank': 16, 'lora_alpha': 32, 'lora_target_modules': 'q_proj_moe_gen,k_proj_moe_gen,v_proj_moe_gen,o_proj_moe_gen', 'rectified_flow_training_config': {'shift': {'256': 3, '480': 5, '720': 10}, 'shift_image': None, 'use_dynamic_shift': False, 'train_time_image_distribution': 'logitnormal', 'train_time_video_distribution': 'waver', 'train_time_action_distribution': 'logitnormal', 'train_time_sound_distribution': 'logitnormal', 'train_time_weight': 'uniform', 'loss_scale': 10.0, 'image_loss_scale': None, 'sound_loss_scale': 2.0, 'lidar_loss_scale': None, 'use_discrete_rf': False, 'action_loss_weight': 10.0, 'independent_action_schedule': False, 'shift_action': None, 'independent_sound_schedule': False, 'shift_sound': None, 'normalize_loss_by_active': False, 'sample_level_loss_averaging': False, 'high_sigma_ratio': 0.05, 'high_sigma_timesteps_max': 1000, 'high_sigma_timesteps_min': 995, 'use_high_sigma_strategy': False, 'use_high_sigma_strategy_action': False, 'use_high_sigma_strategy_sound': False, '_type': 'cosmos_framework.configs.base.defaults.model_config.RectifiedFlowTrainingConfig'}, 'rectified_flow_inference_config': {'scheduler_type': 'unipc', 'num_train_timesteps': 1000, 'shift': 1, 'use_dynamic_shifting': False, '_type': 'cosmos_framework.configs.base.defaults.model_config.RectifiedFlowInferenceConfig'}, 'fixed_step_sampler_config': None, 'vlm_config': {'model_name': 'nvidia/Cosmos3-Edge-Reasoner', 'safetensors_path': '', 'pretrained_weights': {'enabled': False, 'backbone_path': 's3://bucket/cosmos3/pretrained/huggingface/nvidia/Cosmos3-Edge-Reasoner-590c1c0/', 'credentials_path': 'credentials/gcp_checkpoint.secret', 'enable_gcs_patch_in_boto3': True, 'checkpoint_format': None, '_type': 'cosmos_framework.configs.base.defaults.reasoner.PretrainedWeightsConfig'}, 'model_instance': {'_target_': 'cosmos_framework.model.generator.mot.unified_mot.Nemotron3DenseVLTextForCausalLM', 'config': {'_target_': 'cosmos_framework.configs.base.defaults.reasoner.create_vlm_config', 'base_config': {'_target_': 'cosmos_framework.model.generator.mot.unified_mot.Nemotron3DenseVLMoTConfig.from_json_file', 'json_file': 'cosmos_framework/model/generator/reasoner/nemotron_3_dense_vl/configs/Nemotron-2B-Dense-VL.json'}, 'include_visual': None, 'qk_norm_for_text': False, 'use_und_k_norm_for_gen': True}}, 'tokenizer': {'repository': None, 'revision': None, 'subdir': '', '_target_': 'cosmos_framework.data.generator.processors.build_processor_lazy', 'tokenizer_type': '/bulk/users/vla/alpamayo2edge/cosmos3-edge'}, 'layer_module': None, 'qk_norm': False, 'tie_word_embeddings': False, 'use_system_prompt': False, '_type': 'cosmos_framework.configs.base.defaults.reasoner.VLMConfig'}, 'diffusion_expert_config': {'timestep_range': 1.0, 'load_weights_from_pretrained': False, 'enable_vision_modality_embeddings': False, 'enable_media_modality_embedding': False, 'enable_sound_modality_embedding': True, 'patch_spatial': 2, 'max_vae_latent_side_after_patchify': 20, 'enable_fps_modulation': True, 'base_fps': 24, 'sound_base_temporal_compression_factor': None, 'vision_temporal_position_mode': 'latent_index', 'unified_3d_mrope_reset_spatial_ids': True, 'unified_3d_mrope_temporal_modality_margin': 15000, '_type': 'cosmos_framework.configs.base.defaults.model_config.DiffusionExpertConfig'}, 'input_video_key': 'video', 'input_image_key': 'images', 'input_caption_key': 'ai_caption', 'state_ch': 48, 'state_t': 300, 'latent_downsample_factor': 16, 'resolution': '480', 'max_num_tokens_after_packing': 74000, 'joint_attn_implementation': 'two_way', 'flex_attention': {'enabled': False, 'backend': 'auto', 'mask': {'attention_scope': 'all_views'}}, 'natten_parameter_list': None, 'video_temporal_causal': False, 'causal_training_strategy': 'none', 'lbl': {'method': 'local', 'coeff_und': None, 'coeff_gen': None, '_type': 'cosmos_framework.configs.base.defaults.model_config.LBLConfig'}, 'vision_gen': True, 'action_gen': True, 'max_action_dim': 64, 'num_embodiment_domains': 32, 'sound_gen': False, 'sound_tokenizer': None, 'sound_dim': None, 'sound_latent_fps': 25, 'enable_input_bias': True, 'log_enc_time_every_n': 100, 'exclude_reasoner_weights_from_checkpoint': False, '_type': 'cosmos_framework.configs.base.defaults.model_config.OmniMoTModelConfig'}
[09-18 23:28:52|WARNING|cosmos_framework/model/generator/omni_mot_model.py:150:set_precision] OmniMoTModel: precision torch.bfloat16
This processor does not use the `size` parameter. It will be ignored.
[09-18 23:28:53|INFO|cosmos_framework/data/generator/processors/base.py:131:__init__] Successfully loaded processor from local cache
[09-18 23:28:53|INFO|cosmos_framework/utils/checkpoint_db.py:338:download] Downloading checkpoint Wan2.2/vae(ac7313295252409099b61ba455b3cc60)
[09-18 23:28:53|INFO|cosmos_framework/utils/checkpoint_db.py:171:_hf_download] uv run --isolated --project /home/vla/projects/cosmos-framework/cosmos_framework/utils/hf_cli --locked --no-default-groups hf download --format=json Wan-AI/Wan2.2-TI2V-5B --repo-type model --revision 921dbaf3f1674a56f47e83fb80a34bac8a8f203e Wan2.2_VAE.pth
Installed 16 packages in 2ms
[09-18 23:28:55|INFO|cosmos_framework/model/generator/tokenizers/wan2pt2_vae_4x16x16.py:1056:_video_vae] loading /bulk/users/vla/alpamayo2edge/hf-cache/models--Wan-AI--Wan2.2-TI2V-5B/snapshots/921dbaf3f1674a56f47e83fb80a34bac8a8f203e/Wan2.2_VAE.pth
[09-18 23:28:55|INFO|cosmos_framework/utils/timer.py:138:_log] Time spent on OmniMoTModel: set_up_tokenizers: 2.51 s
[09-18 23:28:55|INFO|cosmos_framework/utils/generator/parallelism.py:110:_validate] dp_shard auto-inferred to world_size = 1
[09-18 23:28:55|INFO|cosmos_framework/utils/generator/parallelism.py:124:_validate] dp_replicate is set to -1, will be automatically determined based on world_size 1 // dp_shard 1.
[09-18 23:28:55|INFO|cosmos_framework/utils/generator/parallelism.py:129:_validate] dp_replicate is set to 1.
`torch_dtype` is deprecated! Use `dtype` instead!
[09-18 23:28:55|INFO|cosmos_framework/utils/timer.py:138:_log] Time spent on meta to cuda and broadcast model states: 0.04 s
[09-18 23:28:55|INFO|cosmos_framework/utils/timer.py:138:_log] Time spent on Creating PyTorch model and ema if enabled: 0.12 s
[09-18 23:28:55|INFO|cosmos_framework/utils/timer.py:138:_log] Time spent on OmniMoTModel: set_up_model: 0.12 s
/home/vla/envs/alpamayo2edge/lib/python3.13/site-packages/torch/distributed/checkpoint/utils.py:483: UserWarning: torch.distributed is disabled, unavailable or uninitialized, assuming the intent is to load in a single process.
  return func(*args, **kwargs)
[09-18 23:28:56|INFO|../cosmos-framework/cosmos_framework/model/generator/mot/unified_mot.py:2656:_ensure_vision_tower] Edge vision tower: loading from checkpoint-local bundle /bulk/users/vla/alpamayo2edge/cosmos3-edge/vision_encoder
INFO:distill.checkpoint:loaded merged student <- /data/vla/alpamayo2edge/runs/stage1/run-336/best
INFO:__main__:init policy <- /data/vla/alpamayo2edge/runs/stage1/run-336/best (epoch=3 coc_nll=0.5318334388857087)
[09-18 23:28:58|INFO|../cosmos-framework/cosmos_framework/utils/generator/lora.py:164:inject_lora_pre_fsdp] Injecting LoRA on meta device: rank=48, alpha=96, targets=['q_proj', 'k_proj', 'v_proj', 'o_proj']
[09-18 23:28:58|INFO|../cosmos-framework/cosmos_framework/utils/generator/lora.py:184:inject_lora_pre_fsdp] LoRA injection successful: 112 modules wrapped, 19,267,584 trainable LoRA params, 2,818,812,416 frozen base params (0.679% trainable)
INFO:__main__:LoRA: {'wrapped': 112, 'by_leaf': {'q_proj': 28, 'k_proj': 28, 'v_proj': 28, 'o_proj': 28}, 'lora_params': 19267584, 'example': ['0.self_attn.q_proj', '0.self_attn.k_proj', '0.self_attn.v_proj']}
INFO:distill.student.context:image processor: Siglip2ImageProcessorCustom (native Cosmos3-Edge port)
INFO:distill.student.context:image processor: Siglip2ImageProcessorCustom (native Cosmos3-Edge port)
INFO:__main__:train prompts: 18954   val eval windows: 8
INFO:distill.data.sampling:maneuver-stratified sampling, alpha=0.50 (D-036):
INFO:distill.data.sampling:   class              n  uniform  effective
INFO:distill.data.sampling:   FOLLOW          6249    33.0%      20.1%
INFO:distill.data.sampling:   KEEP            3942    20.8%      16.0%
INFO:distill.data.sampling:   STOP            2131    11.2%      11.7%
INFO:distill.data.sampling:   NUDGE           1960    10.3%      11.3%
INFO:distill.data.sampling:   ADAPT_SPEED     1870     9.9%      11.0%
INFO:distill.data.sampling:   TURN             626     3.3%       6.4%
INFO:distill.data.sampling:   ACCELERATE       573     3.0%       6.1%
INFO:distill.data.sampling:   SLOW             494     2.6%       5.7%
INFO:distill.data.sampling:   YIELD            451     2.4%       5.4%
INFO:distill.data.sampling:   LANE_CHANGE      382     2.0%       5.0%
INFO:distill.data.sampling:   UNASSIGNED       276     1.5%       1.5%
INFO:__main__:step 0 val: {"n": 8, "traj_ade": null, "neg_ade": null, "traj_decoded": 0.0, "gt_score": 0.6666666666666666, "gt_consistent": 0.6666666666666666, "gt_false_clear": 0.0, "hazard_ungrounded": 0.16666666666666666, "direction_ok": 0.0, "maneuver_acc": 0.5714285714285714, "obj_precision": 1.0, "termination": 1.0, "mix": {"FOLLOW": 2, "STOP": 2, "NUDGE": 2, "KEEP": 2}}
/home/vla/projects/alpamayo2edge/src/distill/train_grpo_coc.py:471: UserWarning: Converting a tensor with requires_grad=True to a scalar may lead to unexpected behavior.
Consider using tensor.detach() first. (Triggered internally at /pytorch/torch/csrc/autograd/generated/python_variable_methods.cpp:836.)
  stats["ce"] += float(ce)
INFO:__main__:step 1/2 reward 0.562 [kin +0.50 dir +0.12 haz +1.00 tch 0.75] fail 0.00 skip 0.50 kl 0.0000 ce 0.537 |g| 0.67  12s  {'STOP': 6, 'TURN': 2}
INFO:__main__:step 2/2 reward -0.750 [kin -0.75 dir +0.00 haz -0.12 tch 1.00] fail 0.00 skip 1.00 kl 0.0000 ce 0.093 |g| 0.08  12s  {'KEEP': 4, 'ADAPT_SPEED': 4}
INFO:__main__:step 2 val: {"n": 8, "traj_ade": null, "neg_ade": null, "traj_decoded": 0.0, "gt_score": 0.6666666666666666, "gt_consistent": 0.6666666666666666, "gt_false_clear": 0.0, "hazard_ungrounded": 0.16666666666666666, "direction_ok": 0.0, "maneuver_acc": 0.5714285714285714, "obj_precision": 1.0, "termination": 1.0, "mix": {"FOLLOW": 2, "STOP": 2, "NUDGE": 2, "KEEP": 2}}
INFO:__main__:SMOKE OK  peak GPU 52.0 GiB
smoke OK - starting rl-run-6c-coc-grounded 2026-09-18T23:29:44+02:00
----------------------------------------------------------------
INFO:__main__:cameras: ['camera_cross_left_120fov', 'camera_front_wide_120fov', 'camera_cross_right_120fov', 'camera_front_tele_30fov']
INFO:__main__:reward mode: gt   route hint: True   coc_temperature: 1.0
INFO:megatron.core.msc_utils:The multistorageclient package is available.
/home/vla/envs/alpamayo2edge/lib/python3.13/site-packages/megatron/core/distributed/fsdp/src/megatron_fsdp/utils.py:108: UserWarning: Transformer Engine and Apex are not installed. Falling back to local implementations of multi_tensor_applier and multi_tensor_scale
  warnings.warn(
INFO:megatron.core.distributed.fsdp.src.megatron_fsdp.megatron_fsdp:Detected Megatron Core, using Megatron-FSDP with Megatron.
INFO:megatron.core.distributed.fsdp.src.megatron_fsdp.param_and_grad_buffer:Detected Megatron Core, using Megatron-FSDP with Megatron.
/home/vla/envs/alpamayo2edge/lib/python3.13/site-packages/megatron/core/optimizer/__init__.py:24: UserWarning: Transformer Engine and Apex are not installed. Falling back to Torch optimizers.
  warnings.warn(
/home/vla/envs/alpamayo2edge/lib/python3.13/site-packages/megatron/core/optimizer/optimizer.py:28: UserWarning: Transformer Engine and Apex are not installed. Falling back to local implementations of multi_tensor_applier and multi_tensor_scale
  warnings.warn(
/home/vla/envs/alpamayo2edge/lib/python3.13/site-packages/megatron/core/optimizer/clip_grads.py:29: UserWarning: Transformer Engine and Apex are not installed. Falling back to local implementations of multi_tensor_applier, multi_tensor_l2norm, and multi_tensor_scale
  warnings.warn(
[09-18 23:29:48|INFO|cosmos_framework/model/generator/omni_mot_model.py:124:__init__] OmniMoTModel: config {'tokenizer': {'bucket_name': 'bucket', 'object_store_credential_path_pretrained': 'credentials/gcp_training.secret', 'vae_path': 'pretrained/tokenizers/video/wan2pt2/Wan2.2_VAE.pth', 'chunk_duration': 93, 'keep_decoder_cache': False, 'use_streaming_encode': False, 'encode_chunk_frames': {'256': 68, '480': 24, '720': 8, '768': 8}, 'encode_exact_durations': [17, 61, 73], 'spatial_compression_factor': 16, 'temporal_compression_factor': 4, 'temporal_window': None, 'encode_bucket_multiple': None, 'causal': True, '_target_': 'cosmos_framework.model.generator.tokenizers.wan2pt2_vae_4x16x16.Wan2pt2VAEInterface'}, 'load_vision_tokenizer': True, 'lidar_tokenizer': None, 'lidar_state_ch': None, 'lidar_fps': None, 'net': None, 'ema': {'enabled': False, 'rate': 0.1, 'iteration_shift': 0, '_type': 'cosmos_framework.configs.base.defaults.ema.EMAConfig'}, 'parallelism': {'data_parallel_shard_degree': -1, 'data_parallel_replicate_degree': 1, 'context_parallel_shard_degree': 1, 'cfg_parallel_shard_degree': 1, 'enable_inference_mode': True, 'fsdp_master_dtype': 'float32', 'fsdp_reduce_dtype': None, '_type': 'cosmos_framework.configs.base.defaults.parallelism.ParallelismConfig'}, 'attention_io_layout': 'sequence_sharded', 'compile': {'enabled': False, 'compiled_region': 'language', 'compile_dynamic': True, 'use_cuda_graphs': False, 'ar_post_saturation_mode': 'default', 'max_autotune_pointwise': False, 'coordinate_descent_tuning': False, '_type': 'cosmos_framework.configs.base.defaults.compile.CompileConfig'}, 'quantization': {'method': None, 'fp8_granularity': 'per_row', 'modelopt_fp8_checkpoint_path': None, 'mixed_precision_first_steps': 0, 'mixed_precision_last_steps': 0, 'mixed_precision_reasoner_policy': 'high_precision', 'mixed_precision_w8a16_cache': 'none', 'include_regex': [], 'exclude_regex': [], 'modelopt_fp8_target_fqns': [], '_type': 'cosmos_framework.configs.base.defaults.quantization.QuantizationConfig'}, 'activation_checkpointing': {'mode': 'none', 'preserve_rng_state': True, 'determinism_check': 'default', 'save_ops_regex': ['fmha'], '_type': 'cosmos_framework.configs.base.defaults.activation_checkpointing.ActivationCheckpointingConfig'}, 'precision': 'bfloat16', 'lora_enabled': False, 'lora_rank': 16, 'lora_alpha': 32, 'lora_target_modules': 'q_proj_moe_gen,k_proj_moe_gen,v_proj_moe_gen,o_proj_moe_gen', 'rectified_flow_training_config': {'shift': {'256': 3, '480': 5, '720': 10}, 'shift_image': None, 'use_dynamic_shift': False, 'train_time_image_distribution': 'logitnormal', 'train_time_video_distribution': 'waver', 'train_time_action_distribution': 'logitnormal', 'train_time_sound_distribution': 'logitnormal', 'train_time_weight': 'uniform', 'loss_scale': 10.0, 'image_loss_scale': None, 'sound_loss_scale': 2.0, 'lidar_loss_scale': None, 'use_discrete_rf': False, 'action_loss_weight': 10.0, 'independent_action_schedule': False, 'shift_action': None, 'independent_sound_schedule': False, 'shift_sound': None, 'normalize_loss_by_active': False, 'sample_level_loss_averaging': False, 'high_sigma_ratio': 0.05, 'high_sigma_timesteps_max': 1000, 'high_sigma_timesteps_min': 995, 'use_high_sigma_strategy': False, 'use_high_sigma_strategy_action': False, 'use_high_sigma_strategy_sound': False, '_type': 'cosmos_framework.configs.base.defaults.model_config.RectifiedFlowTrainingConfig'}, 'rectified_flow_inference_config': {'scheduler_type': 'unipc', 'num_train_timesteps': 1000, 'shift': 1, 'use_dynamic_shifting': False, '_type': 'cosmos_framework.configs.base.defaults.model_config.RectifiedFlowInferenceConfig'}, 'fixed_step_sampler_config': None, 'vlm_config': {'model_name': 'nvidia/Cosmos3-Edge-Reasoner', 'safetensors_path': '', 'pretrained_weights': {'enabled': False, 'backbone_path': 's3://bucket/cosmos3/pretrained/huggingface/nvidia/Cosmos3-Edge-Reasoner-590c1c0/', 'credentials_path': 'credentials/gcp_checkpoint.secret', 'enable_gcs_patch_in_boto3': True, 'checkpoint_format': None, '_type': 'cosmos_framework.configs.base.defaults.reasoner.PretrainedWeightsConfig'}, 'model_instance': {'_target_': 'cosmos_framework.model.generator.mot.unified_mot.Nemotron3DenseVLTextForCausalLM', 'config': {'_target_': 'cosmos_framework.configs.base.defaults.reasoner.create_vlm_config', 'base_config': {'_target_': 'cosmos_framework.model.generator.mot.unified_mot.Nemotron3DenseVLMoTConfig.from_json_file', 'json_file': 'cosmos_framework/model/generator/reasoner/nemotron_3_dense_vl/configs/Nemotron-2B-Dense-VL.json'}, 'include_visual': None, 'qk_norm_for_text': False, 'use_und_k_norm_for_gen': True}}, 'tokenizer': {'repository': None, 'revision': None, 'subdir': '', '_target_': 'cosmos_framework.data.generator.processors.build_processor_lazy', 'tokenizer_type': '/bulk/users/vla/alpamayo2edge/cosmos3-edge'}, 'layer_module': None, 'qk_norm': False, 'tie_word_embeddings': False, 'use_system_prompt': False, '_type': 'cosmos_framework.configs.base.defaults.reasoner.VLMConfig'}, 'diffusion_expert_config': {'timestep_range': 1.0, 'load_weights_from_pretrained': False, 'enable_vision_modality_embeddings': False, 'enable_media_modality_embedding': False, 'enable_sound_modality_embedding': True, 'patch_spatial': 2, 'max_vae_latent_side_after_patchify': 20, 'enable_fps_modulation': True, 'base_fps': 24, 'sound_base_temporal_compression_factor': None, 'vision_temporal_position_mode': 'latent_index', 'unified_3d_mrope_reset_spatial_ids': True, 'unified_3d_mrope_temporal_modality_margin': 15000, '_type': 'cosmos_framework.configs.base.defaults.model_config.DiffusionExpertConfig'}, 'input_video_key': 'video', 'input_image_key': 'images', 'input_caption_key': 'ai_caption', 'state_ch': 48, 'state_t': 300, 'latent_downsample_factor': 16, 'resolution': '480', 'max_num_tokens_after_packing': 74000, 'joint_attn_implementation': 'two_way', 'flex_attention': {'enabled': False, 'backend': 'auto', 'mask': {'attention_scope': 'all_views'}}, 'natten_parameter_list': None, 'video_temporal_causal': False, 'causal_training_strategy': 'none', 'lbl': {'method': 'local', 'coeff_und': None, 'coeff_gen': None, '_type': 'cosmos_framework.configs.base.defaults.model_config.LBLConfig'}, 'vision_gen': True, 'action_gen': True, 'max_action_dim': 64, 'num_embodiment_domains': 32, 'sound_gen': False, 'sound_tokenizer': None, 'sound_dim': None, 'sound_latent_fps': 25, 'enable_input_bias': True, 'log_enc_time_every_n': 100, 'exclude_reasoner_weights_from_checkpoint': False, '_type': 'cosmos_framework.configs.base.defaults.model_config.OmniMoTModelConfig'}
[09-18 23:29:48|WARNING|cosmos_framework/model/generator/omni_mot_model.py:150:set_precision] OmniMoTModel: precision torch.bfloat16
This processor does not use the `size` parameter. It will be ignored.
[09-18 23:29:48|INFO|cosmos_framework/data/generator/processors/base.py:131:__init__] Successfully loaded processor from local cache
[09-18 23:29:48|INFO|cosmos_framework/utils/checkpoint_db.py:338:download] Downloading checkpoint Wan2.2/vae(7a3b334146c641a1b82baed1caacaa21)
[09-18 23:29:48|INFO|cosmos_framework/utils/checkpoint_db.py:171:_hf_download] uv run --isolated --project /home/vla/projects/cosmos-framework/cosmos_framework/utils/hf_cli --locked --no-default-groups hf download --format=json Wan-AI/Wan2.2-TI2V-5B --repo-type model --revision 921dbaf3f1674a56f47e83fb80a34bac8a8f203e Wan2.2_VAE.pth
Installed 16 packages in 3ms
[09-18 23:29:51|INFO|cosmos_framework/model/generator/tokenizers/wan2pt2_vae_4x16x16.py:1056:_video_vae] loading /bulk/users/vla/alpamayo2edge/hf-cache/models--Wan-AI--Wan2.2-TI2V-5B/snapshots/921dbaf3f1674a56f47e83fb80a34bac8a8f203e/Wan2.2_VAE.pth
[09-18 23:29:51|INFO|cosmos_framework/utils/timer.py:138:_log] Time spent on OmniMoTModel: set_up_tokenizers: 2.68 s
[09-18 23:29:51|INFO|cosmos_framework/utils/generator/parallelism.py:110:_validate] dp_shard auto-inferred to world_size = 1
[09-18 23:29:51|INFO|cosmos_framework/utils/generator/parallelism.py:124:_validate] dp_replicate is set to -1, will be automatically determined based on world_size 1 // dp_shard 1.
[09-18 23:29:51|INFO|cosmos_framework/utils/generator/parallelism.py:129:_validate] dp_replicate is set to 1.
`torch_dtype` is deprecated! Use `dtype` instead!
[09-18 23:29:51|INFO|cosmos_framework/utils/timer.py:138:_log] Time spent on meta to cuda and broadcast model states: 0.04 s
[09-18 23:29:51|INFO|cosmos_framework/utils/timer.py:138:_log] Time spent on Creating PyTorch model and ema if enabled: 0.12 s
[09-18 23:29:51|INFO|cosmos_framework/utils/timer.py:138:_log] Time spent on OmniMoTModel: set_up_model: 0.12 s
/home/vla/envs/alpamayo2edge/lib/python3.13/site-packages/torch/distributed/checkpoint/utils.py:483: UserWarning: torch.distributed is disabled, unavailable or uninitialized, assuming the intent is to load in a single process.
  return func(*args, **kwargs)
[09-18 23:29:52|INFO|../cosmos-framework/cosmos_framework/model/generator/mot/unified_mot.py:2656:_ensure_vision_tower] Edge vision tower: loading from checkpoint-local bundle /bulk/users/vla/alpamayo2edge/cosmos3-edge/vision_encoder
INFO:distill.checkpoint:loaded merged student <- /data/vla/alpamayo2edge/runs/stage1/run-336/best
INFO:__main__:init policy <- /data/vla/alpamayo2edge/runs/stage1/run-336/best (epoch=3 coc_nll=0.5318334388857087)
[09-18 23:29:55|INFO|../cosmos-framework/cosmos_framework/utils/generator/lora.py:164:inject_lora_pre_fsdp] Injecting LoRA on meta device: rank=48, alpha=96, targets=['q_proj', 'k_proj', 'v_proj', 'o_proj']
[09-18 23:29:55|INFO|../cosmos-framework/cosmos_framework/utils/generator/lora.py:184:inject_lora_pre_fsdp] LoRA injection successful: 112 modules wrapped, 19,267,584 trainable LoRA params, 2,818,812,416 frozen base params (0.679% trainable)
INFO:__main__:LoRA: {'wrapped': 112, 'by_leaf': {'q_proj': 28, 'k_proj': 28, 'v_proj': 28, 'o_proj': 28}, 'lora_params': 19267584, 'example': ['0.self_attn.q_proj', '0.self_attn.k_proj', '0.self_attn.v_proj']}
INFO:distill.student.context:image processor: Siglip2ImageProcessorCustom (native Cosmos3-Edge port)
INFO:distill.student.context:image processor: Siglip2ImageProcessorCustom (native Cosmos3-Edge port)
INFO:__main__:train prompts: 18954   val eval windows: 400
INFO:distill.data.sampling:maneuver-stratified sampling, alpha=0.50 (D-036):
INFO:distill.data.sampling:   class              n  uniform  effective
INFO:distill.data.sampling:   FOLLOW          6249    33.0%      20.1%
INFO:distill.data.sampling:   KEEP            3942    20.8%      16.0%
INFO:distill.data.sampling:   STOP            2131    11.2%      11.7%
INFO:distill.data.sampling:   NUDGE           1960    10.3%      11.3%
INFO:distill.data.sampling:   ADAPT_SPEED     1870     9.9%      11.0%
INFO:distill.data.sampling:   TURN             626     3.3%       6.4%
INFO:distill.data.sampling:   ACCELERATE       573     3.0%       6.1%
INFO:distill.data.sampling:   SLOW             494     2.6%       5.7%
INFO:distill.data.sampling:   YIELD            451     2.4%       5.4%
INFO:distill.data.sampling:   LANE_CHANGE      382     2.0%       5.0%
INFO:distill.data.sampling:   UNASSIGNED       276     1.5%       1.5%
INFO:__main__:step 0 val: {"n": 400, "traj_ade": null, "neg_ade": null, "traj_decoded": 0.0, "gt_score": 0.4908637873754153, "gt_consistent": 0.7587209302325582, "gt_false_clear": 0.26785714285714285, "hazard_ungrounded": 0.21897810218978103, "direction_ok": 0.11320754716981132, "maneuver_acc": 0.6124031007751938, "obj_precision": 0.8498168498168498, "termination": 1.0, "mix": {"FOLLOW": 140, "KEEP": 109, "NUDGE": 50, "STOP": 46, "ADAPT_SPEED": 25, "ACCELERATE": 13, "SLOW": 7, "YIELD": 6, "TURN": 3, "LANE_CHANGE": 1}}
/home/vla/projects/alpamayo2edge/src/distill/train_grpo_coc.py:471: UserWarning: Converting a tensor with requires_grad=True to a scalar may lead to unexpected behavior.
Consider using tensor.detach() first. (Triggered internally at /pytorch/torch/csrc/autograd/generated/python_variable_methods.cpp:836.)
  stats["ce"] += float(ce)
INFO:__main__:step 1/200 reward 0.102 [kin +0.11 dir -0.02 haz +0.46 tch 0.41] fail 0.00 skip 0.25 kl 0.0000 ce 0.238 |g| 0.21  106s  {'FOLLOW': 41, 'STOP': 29, 'NUDGE': 28, 'KEEP': 22, 'TURN': 4, 'ACCELERATE': 3}
INFO:__main__:step 2/200 reward 0.129 [kin +0.13 dir +0.00 haz +0.58 tch 0.77] fail 0.00 skip 0.62 kl 0.0001 ce 0.168 |g| 0.15  72s  {'KEEP': 39, 'NUDGE': 30, 'FOLLOW': 27, 'STOP': 25, 'ACCELERATE': 4, 'YIELD': 3}
INFO:__main__:step 3/200 reward 0.418 [kin +0.37 dir +0.09 haz +0.18 tch 0.73] fail 0.00 skip 0.50 kl 0.0002 ce 0.081 |g| 0.17  76s  {'NUDGE': 45, 'STOP': 32, 'FOLLOW': 17, 'YIELD': 14, 'TURN': 13, 'KEEP': 7}
INFO:__main__:step 4/200 reward -0.012 [kin -0.01 dir -0.00 haz +0.49 tch 0.67] fail 0.00 skip 0.25 kl 0.0003 ce 0.328 |g| 0.25  101s  {'NUDGE': 33, 'KEEP': 31, 'FOLLOW': 24, 'ACCELERATE': 20, 'STOP': 19, 'TURN': 1}
INFO:__main__:step 5/200 reward -0.090 [kin -0.06 dir -0.06 haz +0.54 tch 0.66] fail 0.00 skip 0.75 kl 0.0007 ce 0.076 |g| 0.11  58s  {'FOLLOW': 54, 'STOP': 23, 'TURN': 16, 'KEEP': 16, 'NUDGE': 14, 'YIELD': 5}
INFO:__main__:step 6/200 reward 0.027 [kin -0.01 dir +0.07 haz +0.45 tch 0.60] fail 0.00 skip 0.50 kl 0.0007 ce 0.132 |g| 0.19  80s  {'NUDGE': 61, 'KEEP': 33, 'FOLLOW': 15, 'TURN': 11, 'ADAPT_SPEED': 8}
INFO:__main__:step 7/200 reward 0.049 [kin -0.01 dir +0.12 haz +0.31 tch 0.48] fail 0.00 skip 0.50 kl 0.0022 ce 0.160 |g| 0.24  84s  {'KEEP': 48, 'FOLLOW': 33, 'NUDGE': 22, 'ADAPT_SPEED': 12, 'TURN': 11, 'YIELD': 2}
INFO:__main__:step 8/200 reward -0.084 [kin -0.08 dir +0.00 haz +0.81 tch 0.59] fail 0.00 skip 0.75 kl 0.0012 ce 0.057 |g| 0.10  60s  {'FOLLOW': 52, 'STOP': 16, 'ADAPT_SPEED': 16, 'ACCELERATE': 16, 'NUDGE': 15, 'KEEP': 12}
INFO:__main__:step 9/200 reward -0.191 [kin -0.19 dir +0.00 haz +0.39 tch 0.93] fail 0.00 skip 0.75 kl 0.0002 ce 0.024 |g| 0.12  59s  {'FOLLOW': 58, 'KEEP': 29, 'NUDGE': 16, 'STOP': 16, 'ADAPT_SPEED': 7, 'SLOW': 2}
INFO:__main__:step 10/200 reward 0.166 [kin +0.20 dir -0.07 haz -0.07 tch 0.75] fail 0.00 skip 0.62 kl 0.0025 ce 0.095 |g| 0.17  72s  {'NUDGE': 33, 'ADAPT_SPEED': 25, 'FOLLOW': 25, 'STOP': 16, 'SLOW': 14, 'ACCELERATE': 7}
INFO:__main__:step 11/200 reward -0.012 [kin -0.01 dir +0.00 haz +0.06 tch 0.56] fail 0.00 skip 0.62 kl 0.0014 ce 0.116 |g| 0.20  71s  {'KEEP': 58, 'FOLLOW': 46, 'STOP': 16, 'ADAPT_SPEED': 6, 'NUDGE': 2}
INFO:__main__:step 12/200 reward -0.021 [kin +0.01 dir -0.06 haz +0.09 tch 0.80] fail 0.00 skip 0.50 kl 0.0017 ce 0.080 |g| 0.14  83s  {'FOLLOW': 48, 'ADAPT_SPEED': 32, 'KEEP': 30, 'STOP': 13, 'NUDGE': 3, 'SLOW': 2}
INFO:__main__:step 13/200 reward -0.105 [kin -0.08 dir -0.05 haz +0.38 tch 0.78] fail 0.00 skip 0.62 kl 0.0029 ce 0.061 |g| 0.14  71s  {'FOLLOW': 55, 'ADAPT_SPEED': 32, 'STOP': 24, 'NUDGE': 13, 'KEEP': 3, 'ACCELERATE': 1}
INFO:__main__:step 14/200 reward -0.191 [kin -0.19 dir +0.00 haz -0.60 tch 0.83] fail 0.00 skip 0.75 kl 0.0081 ce 0.048 |g| 0.15  65s  {'KEEP': 51, 'NUDGE': 28, 'FOLLOW': 16, 'ADAPT_SPEED': 16, 'YIELD': 15, 'STOP': 2}
INFO:__main__:step 15/200 reward 0.178 [kin +0.12 dir +0.12 haz -0.20 tch 0.86] fail 0.00 skip 0.75 kl 0.0045 ce 0.157 |g| 0.13  58s  {'KEEP': 45, 'ADAPT_SPEED': 34, 'FOLLOW': 32, 'TURN': 16, 'NUDGE': 1}
INFO:__main__:step 16/200 reward 0.279 [kin +0.23 dir +0.10 haz +0.30 tch 0.75] fail 0.00 skip 0.62 kl 0.0076 ce 0.115 |g| 0.21  71s  {'FOLLOW': 54, 'STOP': 24, 'TURN': 19, 'ADAPT_SPEED': 17, 'SLOW': 8, 'ACCELERATE': 3}
INFO:__main__:step 17/200 reward 0.023 [kin +0.02 dir +0.00 haz +0.37 tch 0.66] fail 0.00 skip 0.50 kl 0.0021 ce 0.173 |g| 0.13  88s  {'FOLLOW': 53, 'KEEP': 31, 'ADAPT_SPEED': 22, 'STOP': 17, 'YIELD': 3, 'NUDGE': 2}
INFO:__main__:step 18/200 reward 0.215 [kin +0.21 dir +0.00 haz +0.54 tch 0.73] fail 0.00 skip 0.88 kl 0.0072 ce 0.013 |g| 0.07  47s  {'STOP': 48, 'FOLLOW': 32, 'KEEP': 29, 'ADAPT_SPEED': 16, 'NUDGE': 2, 'SLOW': 1}
INFO:__main__:step 19/200 reward 0.062 [kin +0.16 dir -0.19 haz +0.34 tch 0.29] fail 0.00 skip 0.50 kl 0.0052 ce 0.185 |g| 0.17  81s  {'FOLLOW': 51, 'ADAPT_SPEED': 20, 'ACCELERATE': 17, 'KEEP': 17, 'STOP': 16, 'TURN': 5}
INFO:__main__:step 20/200 reward 0.117 [kin +0.12 dir +0.00 haz +0.42 tch 0.61] fail 0.00 skip 0.75 kl 0.0043 ce 0.104 |g| 0.15  58s  {'KEEP': 60, 'FOLLOW': 25, 'NUDGE': 18, 'STOP': 14, 'ADAPT_SPEED': 11}
INFO:__main__:step 21/200 reward 0.188 [kin +0.19 dir +0.00 haz +0.24 tch 0.85] fail 0.00 skip 0.75 kl 0.0020 ce 0.035 |g| 0.10  62s  {'FOLLOW': 63, 'STOP': 32, 'ADAPT_SPEED': 18, 'LANE_CHANGE': 14, 'ACCELERATE': 1}
INFO:__main__:step 22/200 reward 0.465 [kin +0.38 dir +0.20 haz +0.58 tch 0.55] fail 0.01 skip 0.25 kl 0.0074 ce 0.322 |g| 0.32  103s  {'ADAPT_SPEED': 31, 'TURN': 27, 'STOP': 27, 'SLOW': 17, 'NUDGE': 14, 'KEEP': 5}
INFO:__main__:step 23/200 reward -0.182 [kin -0.12 dir -0.13 haz -0.06 tch 0.82] fail 0.00 skip 0.75 kl 0.0024 ce 0.057 |g| 0.13  60s  {'FOLLOW': 48, 'KEEP': 26, 'ADAPT_SPEED': 22, 'STOP': 15, 'ACCELERATE': 11, 'TURN': 5}
INFO:__main__:step 24/200 reward 0.094 [kin +0.17 dir -0.14 haz -0.11 tch 0.40] fail 0.00 skip 0.50 kl 0.0074 ce 0.228 |g| 0.17  82s  {'KEEP': 46, 'ACCELERATE': 33, 'FOLLOW': 18, 'NUDGE': 13, 'ADAPT_SPEED': 12, 'TURN': 5}
INFO:__main__:step 25/200 reward -0.031 [kin +0.04 dir -0.15 haz +0.12 tch 0.38] fail 0.00 skip 0.38 kl 0.0114 ce 0.177 |g| 0.19  92s  {'ADAPT_SPEED': 42, 'FOLLOW': 28, 'NUDGE': 27, 'KEEP': 12, 'STOP': 9, 'YIELD': 7}
INFO:__main__:step 25 val: {"n": 400, "traj_ade": null, "neg_ade": null, "traj_decoded": 0.0, "gt_score": 0.520701424614167, "gt_consistent": 0.7617728531855956, "gt_false_clear": 0.24107142857142858, "hazard_ungrounded": 0.21851851851851853, "direction_ok": 0.24528301886792453, "maneuver_acc": 0.6434108527131783, "obj_precision": 0.8543990086741017, "termination": 1.0, "mix": {"FOLLOW": 137, "KEEP": 107, "STOP": 51, "NUDGE": 32, "ADAPT_SPEED": 30, "ACCELERATE": 16, "TURN": 9, "SLOW": 9, "YIELD": 8, "null": 1}}
INFO:distill.checkpoint:saved merged student -> /data/vla/alpamayo2edge/runs/stage1_rl/rl-run-6c-coc-grounded/best (992 tensors)
INFO:__main__:  <- new best (val gt_score 0.521), saved
INFO:__main__:step 26/200 reward -0.107 [kin -0.09 dir -0.03 haz +0.32 tch 0.39] fail 0.00 skip 0.62 kl 0.0203 ce 0.232 |g| 0.24  67s  {'FOLLOW': 41, 'NUDGE': 30, 'STOP': 29, 'KEEP': 18, 'ADAPT_SPEED': 7, 'SLOW': 3}
INFO:__main__:step 27/200 reward -0.006 [kin -0.06 dir +0.10 haz +0.54 tch 0.62] fail 0.00 skip 0.88 kl 0.0504 ce 0.120 |g| 0.10  48s  {'KEEP': 50, 'FOLLOW': 32, 'NUDGE': 17, 'STOP': 16, 'TURN': 13}
INFO:__main__:step 28/200 reward -0.248 [kin -0.25 dir +0.00 haz -0.19 tch 0.98] fail 0.00 skip 0.88 kl 0.0043 ce 0.012 |g| 0.04  49s  {'KEEP': 47, 'NUDGE': 31, 'FOLLOW': 18, 'STOP': 16, 'ADAPT_SPEED': 16}
INFO:__main__:step 29/200 reward -0.291 [kin -0.26 dir -0.06 haz -0.16 tch 0.48] fail 0.00 skip 0.75 kl 0.0013 ce 0.013 |g| 0.11  59s  {'KEEP': 61, 'ADAPT_SPEED': 33, 'FOLLOW': 32, 'NUDGE': 1, 'SLOW': 1}
INFO:__main__:step 30/200 reward -0.232 [kin -0.19 dir -0.09 haz +0.31 tch 0.64] fail 0.00 skip 0.50 kl 0.0107 ce 0.152 |g| 0.19  80s  {'FOLLOW': 41, 'KEEP': 32, 'NUDGE': 16, 'SLOW': 15, 'ADAPT_SPEED': 12, 'ACCELERATE': 9}
INFO:__main__:step 31/200 reward 0.238 [kin +0.20 dir +0.09 haz +0.19 tch 0.46] fail 0.00 skip 0.12 kl 0.0068 ce 0.405 |g| 0.22  120s  {'FOLLOW': 48, 'STOP': 19, 'TURN': 18, 'ACCELERATE': 15, 'KEEP': 13, 'NUDGE': 12}
INFO:__main__:step 32/200 reward -0.131 [kin -0.13 dir +0.00 haz +0.45 tch 0.59] fail 0.00 skip 0.38 kl 0.0092 ce 0.153 |g| 0.24  98s  {'FOLLOW': 82, 'KEEP': 22, 'NUDGE': 7, 'YIELD': 6, 'SLOW': 5, 'STOP': 4}
INFO:__main__:step 33/200 reward 0.232 [kin +0.20 dir +0.07 haz +0.39 tch 0.44] fail 0.00 skip 0.62 kl 0.0193 ce 0.135 |g| 0.19  71s  {'FOLLOW': 48, 'ADAPT_SPEED': 34, 'STOP': 22, 'NUDGE': 11, 'KEEP': 10, 'TURN': 3}
INFO:__main__:step 34/200 reward 0.068 [kin +0.10 dir -0.06 haz -0.24 tch 0.88] fail 0.00 skip 0.75 kl 0.0179 ce 0.028 |g| 0.16  58s  {'FOLLOW': 49, 'ADAPT_SPEED': 48, 'STOP': 11, 'NUDGE': 9, 'KEEP': 7, 'ACCELERATE': 4}
INFO:__main__:step 35/200 reward 0.197 [kin +0.20 dir -0.01 haz +0.60 tch 0.85] fail 0.00 skip 0.62 kl 0.0126 ce 0.271 |g| 0.17  72s  {'KEEP': 39, 'FOLLOW': 35, 'YIELD': 16, 'STOP': 15, 'TURN': 15, 'ADAPT_SPEED': 8}
INFO:__main__:step 36/200 reward 0.154 [kin +0.12 dir +0.06 haz +0.35 tch 0.53] fail 0.00 skip 0.62 kl 0.0465 ce 0.218 |g| 0.16  72s  {'FOLLOW': 35, 'KEEP': 17, 'STOP': 16, 'ADAPT_SPEED': 16, 'NUDGE': 16, 'TURN': 15}
INFO:__main__:step 37/200 reward 0.012 [kin +0.02 dir +0.04 haz +0.25 tch 0.59] fail 0.02 skip 0.25 kl 0.0238 ce 0.207 |g| 0.27  103s  {'FOLLOW': 29, 'ADAPT_SPEED': 27, 'SLOW': 16, 'YIELD': 14, 'NUDGE': 12, 'STOP': 12}
INFO:__main__:step 38/200 reward 0.381 [kin +0.38 dir +0.00 haz +0.59 tch 0.74] fail 0.00 skip 0.38 kl 0.0087 ce 0.113 |g| 0.18  92s  {'STOP': 62, 'NUDGE': 25, 'FOLLOW': 21, 'ADAPT_SPEED': 14, 'KEEP': 6}
INFO:__main__:step 39/200 reward -0.186 [kin -0.15 dir -0.06 haz +0.48 tch 0.24] fail 0.00 skip 0.62 kl 0.0097 ce 0.129 |g| 0.17  69s  {'KEEP': 49, 'FOLLOW': 40, 'ADAPT_SPEED': 18, 'NUDGE': 13, 'STOP': 7, 'ACCELERATE': 1}
INFO:__main__:step 40/200 reward 0.094 [kin +0.09 dir +0.02 haz +0.27 tch 0.52] fail 0.00 skip 0.50 kl 0.0132 ce 0.162 |g| 0.22  82s  {'ADAPT_SPEED': 44, 'STOP': 20, 'NUDGE': 16, 'FOLLOW': 13, 'TURN': 10, 'YIELD': 9}
INFO:__main__:step 41/200 reward 0.574 [kin +0.51 dir +0.12 haz +0.16 tch 0.67] fail 0.00 skip 0.75 kl 0.0221 ce 0.067 |g| 0.11  59s  {'STOP': 33, 'FOLLOW': 23, 'SLOW': 16, 'ADAPT_SPEED': 16, 'TURN': 16, 'YIELD': 12}
INFO:__main__:step 42/200 reward 0.037 [kin +0.01 dir +0.05 haz +0.26 tch 0.52] fail 0.00 skip 0.38 kl 0.0182 ce 0.326 |g| 0.25  94s  {'FOLLOW': 46, 'KEEP': 43, 'ADAPT_SPEED': 17, 'SLOW': 14, 'NUDGE': 6, 'TURN': 2}
INFO:__main__:step 43/200 reward -0.096 [kin -0.06 dir -0.06 haz +0.31 tch 0.73] fail 0.00 skip 0.62 kl 0.0037 ce 0.079 |g| 0.18  72s  {'FOLLOW': 79, 'KEEP': 30, 'ADAPT_SPEED': 18, 'NUDGE': 1}
INFO:__main__:step 44/200 reward 0.008 [kin +0.03 dir -0.05 haz +0.34 tch 0.59] fail 0.00 skip 0.38 kl 0.0110 ce 0.313 |g| 0.22  91s  {'FOLLOW': 49, 'ADAPT_SPEED': 24, 'SLOW': 18, 'STOP': 17, 'NUDGE': 9, 'KEEP': 9}
INFO:__main__:step 45/200 reward -0.244 [kin -0.31 dir +0.12 haz +0.04 tch 0.48] fail 0.00 skip 0.62 kl 0.0160 ce 0.171 |g| 0.15  68s  {'KEEP': 46, 'FOLLOW': 31, 'TURN': 16, 'STOP': 16, 'ADAPT_SPEED': 14, 'NUDGE': 5}
INFO:__main__:step 46/200 reward -0.035 [kin -0.00 dir -0.06 haz +0.09 tch 0.47] fail 0.00 skip 0.62 kl 0.0069 ce 0.251 |g| 0.22  72s  {'KEEP': 52, 'FOLLOW': 35, 'ADAPT_SPEED': 29, 'ACCELERATE': 12}
INFO:__main__:step 47/200 reward -0.082 [kin -0.08 dir +0.00 haz +0.11 tch 0.54] fail 0.00 skip 0.62 kl 0.0054 ce 0.365 |g| 0.19  67s  {'KEEP': 40, 'SLOW': 31, 'ADAPT_SPEED': 22, 'FOLLOW': 21, 'ACCELERATE': 10, 'STOP': 4}
INFO:__main__:step 48/200 reward 0.594 [kin +0.54 dir +0.11 haz +0.79 tch 0.76] fail 0.00 skip 0.75 kl 0.0120 ce 0.252 |g| 0.13  60s  {'FOLLOW': 34, 'STOP': 31, 'TURN': 18, 'ADAPT_SPEED': 16, 'YIELD': 16, 'ACCELERATE': 13}
INFO:__main__:step 49/200 reward 0.102 [kin +0.10 dir +0.00 haz -0.06 tch 0.59] fail 0.00 skip 0.88 kl 0.0010 ce 0.005 |g| 0.08  47s  {'KEEP': 53, 'FOLLOW': 46, 'ACCELERATE': 13, 'YIELD': 9, 'STOP': 7}
INFO:__main__:step 50/200 reward 0.508 [kin +0.45 dir +0.12 haz +0.61 tch 0.38] fail 0.00 skip 0.50 kl 0.0232 ce 0.206 |g| 0.24  82s  {'STOP': 44, 'FOLLOW': 22, 'ADAPT_SPEED': 17, 'TURN': 16, 'SLOW': 14, 'KEEP': 14}
INFO:__main__:step 50 val: {"n": 400, "traj_ade": null, "neg_ade": null, "traj_decoded": 0.0, "gt_score": 0.4917489353464963, "gt_consistent": 0.7506775067750677, "gt_false_clear": 0.25892857142857145, "hazard_ungrounded": 0.20938628158844766, "direction_ok": 0.5094339622641509, "maneuver_acc": 0.6175710594315246, "obj_precision": 0.803743961352657, "termination": 1.0, "mix": {"FOLLOW": 124, "KEEP": 115, "STOP": 49, "TURN": 29, "SLOW": 24, "NUDGE": 20, "ADAPT_SPEED": 16, "ACCELERATE": 16, "YIELD": 7}}
INFO:__main__:step 51/200 reward 0.162 [kin +0.13 dir +0.06 haz +0.34 tch 0.69] fail 0.00 skip 0.62 kl 0.0229 ce 0.158 |g| 0.16  64s  {'FOLLOW': 39, 'ADAPT_SPEED': 23, 'NUDGE': 21, 'KEEP': 17, 'TURN': 16, 'SLOW': 9}
INFO:__main__:step 52/200 reward 0.453 [kin +0.33 dir +0.25 haz +0.56 tch 0.84] fail 0.00 skip 0.62 kl 0.0418 ce 0.196 |g| 0.20  64s  {'FOLLOW': 48, 'TURN': 30, 'STOP': 17, 'KEEP': 16, 'SLOW': 15, 'ADAPT_SPEED': 2}
INFO:__main__:step 53/200 reward 0.367 [kin +0.40 dir -0.06 haz +0.55 tch 0.53] fail 0.00 skip 0.88 kl 0.0329 ce 0.070 |g| 0.07  44s  {'STOP': 32, 'KEEP': 32, 'FOLLOW': 20, 'SLOW': 18, 'ACCELERATE': 16, 'ADAPT_SPEED': 10}
INFO:__main__:step 54/200 reward 0.340 [kin +0.28 dir +0.12 haz +0.14 tch 0.43] fail 0.00 skip 0.75 kl 0.0268 ce 0.211 |g| 0.16  54s  {'KEEP': 47, 'FOLLOW': 32, 'STOP': 22, 'TURN': 17, 'NUDGE': 9, 'SLOW': 1}
INFO:__main__:step 55/200 reward 0.275 [kin +0.19 dir +0.17 haz +0.39 tch 0.64] fail 0.00 skip 0.50 kl 0.0138 ce 0.466 |g| 0.24  75s  {'KEEP': 57, 'TURN': 25, 'ADAPT_SPEED': 21, 'FOLLOW': 18, 'ACCELERATE': 7}
INFO:__main__:step 56/200 reward 0.480 [kin +0.42 dir +0.12 haz +0.49 tch 0.73] fail 0.00 skip 0.25 kl 0.0235 ce 0.378 |g| 0.27  96s  {'ACCELERATE': 27, 'TURN': 26, 'STOP': 18, 'FOLLOW': 16, 'NUDGE': 14, 'ADAPT_SPEED': 14}
INFO:__main__:step 57/200 reward -0.201 [kin -0.16 dir -0.09 haz +0.71 tch 0.60] fail 0.00 skip 0.50 kl 0.0252 ce 0.379 |g| 0.25  75s  {'FOLLOW': 82, 'KEEP': 29, 'STOP': 12, 'TURN': 2, 'LANE_CHANGE': 2, 'NUDGE': 1}
INFO:__main__:step 58/200 reward 0.195 [kin +0.12 dir +0.15 haz +0.05 tch 0.50] fail 0.00 skip 0.75 kl 0.0849 ce 0.139 |g| 0.23  54s  {'FOLLOW': 65, 'TURN': 30, 'ADAPT_SPEED': 19, 'KEEP': 11, 'STOP': 2, 'SLOW': 1}
INFO:__main__:step 59/200 reward 0.020 [kin -0.01 dir +0.05 haz -0.12 tch 0.56] fail 0.00 skip 0.62 kl 0.0466 ce 0.231 |g| 0.23  65s  {'KEEP': 35, 'STOP': 31, 'FOLLOW': 30, 'YIELD': 27, 'TURN': 4, 'ADAPT_SPEED': 1}
INFO:__main__:step 60/200 reward -0.090 [kin -0.09 dir +0.00 haz +0.05 tch 0.81] fail 0.00 skip 0.62 kl 0.0058 ce 0.064 |g| 0.18  64s  {'KEEP': 57, 'FOLLOW': 34, 'YIELD': 16, 'STOP': 16, 'ADAPT_SPEED': 2, 'ACCELERATE': 2}
INFO:__main__:step 61/200 reward 0.650 [kin +0.59 dir +0.12 haz +0.69 tch 0.71] fail 0.00 skip 0.75 kl 0.0316 ce 0.057 |g| 0.15  54s  {'STOP': 38, 'FOLLOW': 34, 'TURN': 16, 'ACCELERATE': 16, 'KEEP': 13, 'YIELD': 8}
INFO:__main__:step 62/200 reward 0.576 [kin +0.51 dir +0.14 haz +0.52 tch 0.26] fail 0.00 skip 0.25 kl 0.0628 ce 0.354 |g| 0.28  95s  {'STOP': 35, 'KEEP': 22, 'ADAPT_SPEED': 20, 'TURN': 15, 'FOLLOW': 14, 'YIELD': 12}
INFO:__main__:step 63/200 reward 0.119 [kin +0.06 dir +0.12 haz -0.09 tch 0.25] fail 0.00 skip 0.38 kl 0.0214 ce 0.467 |g| 0.26  85s  {'KEEP': 42, 'SLOW': 29, 'ADAPT_SPEED': 21, 'TURN': 16, 'NUDGE': 9, 'FOLLOW': 8}
INFO:__main__:step 64/200 reward -0.043 [kin -0.04 dir +0.00 haz -0.09 tch 0.64] fail 0.00 skip 0.50 kl 0.0706 ce 0.048 |g| 0.24  74s  {'KEEP': 63, 'FOLLOW': 23, 'ADAPT_SPEED': 20, 'NUDGE': 14, 'ACCELERATE': 8}
INFO:__main__:step 65/200 reward 0.438 [kin +0.41 dir +0.06 haz +0.19 tch 0.55] fail 0.00 skip 0.75 kl 0.0198 ce 0.068 |g| 0.13  54s  {'KEEP': 45, 'ADAPT_SPEED': 24, 'FOLLOW': 17, 'TURN': 16, 'STOP': 16, 'SLOW': 10}
INFO:__main__:step 66/200 reward 0.363 [kin +0.30 dir +0.12 haz +0.39 tch 0.36] fail 0.00 skip 0.50 kl 0.0115 ce 0.159 |g| 0.28  75s  {'FOLLOW': 32, 'KEEP': 32, 'STOP': 16, 'TURN': 16, 'ACCELERATE': 15, 'SLOW': 10}
INFO:__main__:step 67/200 reward 0.230 [kin +0.23 dir +0.00 haz +0.16 tch 0.51] fail 0.00 skip 0.50 kl 0.0226 ce 0.319 |g| 0.18  75s  {'STOP': 42, 'FOLLOW': 33, 'KEEP': 32, 'ADAPT_SPEED': 16, 'SLOW': 3, 'ACCELERATE': 1}
INFO:__main__:step 68/200 reward -0.352 [kin -0.36 dir +0.01 haz +0.03 tch 0.63] fail 0.00 skip 0.38 kl 0.0430 ce 0.306 |g| 0.30  86s  {'FOLLOW': 45, 'SLOW': 23, 'ADAPT_SPEED': 15, 'KEEP': 14, 'TURN': 12, 'YIELD': 10}
INFO:__main__:step 69/200 reward 0.137 [kin +0.04 dir +0.19 haz +0.09 tch 0.81] fail 0.00 skip 0.75 kl 0.0965 ce 0.038 |g| 0.20  54s  {'KEEP': 45, 'FOLLOW': 36, 'TURN': 28, 'ADAPT_SPEED': 14, 'SLOW': 5}
INFO:__main__:step 70/200 reward -0.180 [kin -0.15 dir -0.06 haz -0.12 tch 0.61] fail 0.00 skip 0.62 kl 0.0602 ce 0.048 |g| 0.20  65s  {'FOLLOW': 43, 'ADAPT_SPEED': 30, 'KEEP': 23, 'NUDGE': 16, 'STOP': 16}
INFO:__main__:step 71/200 reward 0.305 [kin +0.30 dir +0.00 haz +0.34 tch 0.77] fail 0.00 skip 0.88 kl 0.0315 ce 0.059 |g| 0.04  44s  {'STOP': 47, 'FOLLOW': 34, 'KEEP': 31, 'ADAPT_SPEED': 16}
INFO:__main__:step 72/200 reward -0.016 [kin -0.02 dir +0.00 haz +0.48 tch 0.61] fail 0.00 skip 0.88 kl 0.0228 ce 0.050 |g| 0.17  44s  {'FOLLOW': 64, 'KEEP': 34, 'STOP': 30}
INFO:__main__:step 73/200 reward 0.168 [kin +0.11 dir +0.12 haz -0.21 tch 0.70] fail 0.00 skip 0.62 kl 0.0105 ce 0.509 |g| 0.22  65s  {'KEEP': 57, 'ADAPT_SPEED': 18, 'YIELD': 17, 'FOLLOW': 16, 'TURN': 16, 'LANE_CHANGE': 2}
INFO:__main__:step 74/200 reward -0.330 [kin -0.27 dir -0.12 haz +0.25 tch 0.38] fail 0.00 skip 0.62 kl 0.0784 ce 0.107 |g| 0.17  64s  {'FOLLOW': 47, 'ADAPT_SPEED': 38, 'KEEP': 27, 'SLOW': 15, 'NUDGE': 1}
INFO:__main__:step 75/200 reward -0.203 [kin -0.20 dir +0.00 haz +0.09 tch 0.50] fail 0.00 skip 0.75 kl 0.0522 ce 0.027 |g| 0.13  54s  {'KEEP': 49, 'FOLLOW': 35, 'ACCELERATE': 17, 'NUDGE': 16, 'LANE_CHANGE': 4, 'SLOW': 4}
INFO:__main__:step 75 val: {"n": 400, "traj_ade": null, "neg_ade": null, "traj_decoded": 0.0, "gt_score": 0.4879269188395153, "gt_consistent": 0.7557840616966581, "gt_false_clear": 0.26785714285714285, "hazard_ungrounded": 0.20689655172413793, "direction_ok": 0.6415094339622641, "maneuver_acc": 0.5943152454780362, "obj_precision": 0.808974358974359, "termination": 1.0, "mix": {"FOLLOW": 123, "KEEP": 123, "STOP": 63, "TURN": 35, "ADAPT_SPEED": 21, "SLOW": 15, "ACCELERATE": 13, "NUDGE": 4, "YIELD": 3}}
INFO:__main__:step 76/200 reward -0.031 [kin +0.00 dir -0.06 haz +0.14 tch 0.75] fail 0.00 skip 1.00 kl 0.0000 ce 0.000 |g| 0.00  33s  {'FOLLOW': 32, 'KEEP': 32, 'ADAPT_SPEED': 32, 'STOP': 16, 'ACCELERATE': 16}
INFO:__main__:step 77/200 reward 0.152 [kin +0.09 dir +0.12 haz +0.59 tch 0.44] fail 0.00 skip 0.38 kl 0.0395 ce 0.206 |g| 0.27  85s  {'KEEP': 39, 'FOLLOW': 27, 'ACCELERATE': 17, 'TURN': 16, 'STOP': 16, 'ADAPT_SPEED': 8}
INFO:__main__:step 78/200 reward 0.531 [kin +0.39 dir +0.29 haz +0.46 tch 0.41] fail 0.00 skip 0.50 kl 0.0349 ce 0.108 |g| 0.24  74s  {'TURN': 46, 'SLOW': 28, 'FOLLOW': 28, 'KEEP': 16, 'ADAPT_SPEED': 7, 'LANE_CHANGE': 1}
INFO:__main__:step 79/200 reward 0.084 [kin +0.12 dir -0.05 haz +0.68 tch 0.59] fail 0.01 skip 0.62 kl 0.0356 ce 0.069 |g| 0.18  65s  {'KEEP': 32, 'FOLLOW': 29, 'STOP': 29, 'SLOW': 26, 'ADAPT_SPEED': 10, None: 1}
INFO:__main__:step 80/200 reward -0.016 [kin -0.08 dir +0.12 haz -0.13 tch 0.51] fail 0.00 skip 0.62 kl 0.0263 ce 0.155 |g| 0.30  64s  {'KEEP': 55, 'FOLLOW': 31, 'TURN': 16, 'ACCELERATE': 8, 'STOP': 7, 'YIELD': 7}
INFO:__main__:step 81/200 reward -0.039 [kin -0.01 dir -0.06 haz +0.09 tch 0.54] fail 0.00 skip 0.75 kl 0.0512 ce 0.156 |g| 0.11  54s  {'KEEP': 75, 'FOLLOW': 34, 'SLOW': 16, 'NUDGE': 2, None: 1}
INFO:__main__:step 82/200 reward 0.195 [kin +0.13 dir +0.12 haz -0.02 tch 0.48] fail 0.00 skip 0.50 kl 0.0136 ce 0.242 |g| 0.17  75s  {'FOLLOW': 77, 'ACCELERATE': 17, 'KEEP': 16, 'TURN': 15, 'STOP': 2, 'LANE_CHANGE': 1}
INFO:__main__:step 83/200 reward 0.439 [kin +0.29 dir +0.30 haz +0.36 tch 0.85] fail 0.00 skip 0.75 kl 0.1003 ce 0.104 |g| 0.14  54s  {'TURN': 47, 'FOLLOW': 17, 'KEEP': 17, 'ADAPT_SPEED': 16, 'YIELD': 15, 'STOP': 10}
INFO:__main__:step 84/200 reward -0.125 [kin -0.22 dir +0.19 haz +0.60 tch 0.44] fail 0.00 skip 0.38 kl 0.1193 ce 0.546 |g| 0.28  85s  {'FOLLOW': 46, 'KEEP': 35, 'TURN': 27, 'STOP': 8, 'ACCELERATE': 5, 'SLOW': 4}
INFO:__main__:step 85/200 reward 0.363 [kin +0.30 dir +0.12 haz +0.64 tch 0.63] fail 0.00 skip 0.62 kl 0.0209 ce 0.053 |g| 0.17  64s  {'KEEP': 36, 'STOP': 32, 'SLOW': 25, 'FOLLOW': 16, 'TURN': 16, 'ADAPT_SPEED': 3}
INFO:__main__:step 86/200 reward 0.547 [kin +0.55 dir +0.00 haz +0.53 tch 0.60] fail 0.00 skip 0.88 kl 0.0941 ce 0.052 |g| 0.07  44s  {'STOP': 33, 'KEEP': 32, 'FOLLOW': 18, 'SLOW': 16, 'ADAPT_SPEED': 16, 'YIELD': 13}
INFO:__main__:step 87/200 reward 0.410 [kin +0.41 dir +0.00 haz +0.45 tch 0.59] fail 0.00 skip 0.50 kl 0.0530 ce 0.066 |g| 0.21  74s  {'KEEP': 41, 'FOLLOW': 25, 'ACCELERATE': 24, 'SLOW': 19, 'STOP': 15, 'NUDGE': 4}
INFO:__main__:step 88/200 reward 0.086 [kin +0.08 dir +0.01 haz -0.04 tch 0.61] fail 0.00 skip 0.62 kl 0.0113 ce 0.028 |g| 0.15  65s  {'FOLLOW': 45, 'KEEP': 35, 'SLOW': 16, 'ACCELERATE': 16, 'ADAPT_SPEED': 15, 'LANE_CHANGE': 1}
INFO:__main__:step 89/200 reward 0.461 [kin +0.52 dir -0.12 haz +0.54 tch 0.66] fail 0.00 skip 0.88 kl 0.0403 ce 0.023 |g| 0.06  44s  {'STOP': 67, 'FOLLOW': 36, 'KEEP': 25}
INFO:__main__:step 90/200 reward 0.191 [kin +0.13 dir +0.12 haz +0.28 tch 0.62] fail 0.00 skip 0.62 kl 0.0094 ce 0.053 |g| 0.31  64s  {'STOP': 48, 'KEEP': 33, 'FOLLOW': 16, 'TURN': 16, 'ADAPT_SPEED': 15}
INFO:__main__:step 91/200 reward 0.762 [kin +0.61 dir +0.31 haz +0.55 tch 0.62] fail 0.00 skip 0.62 kl 0.0375 ce 0.155 |g| 0.19  65s  {'TURN': 48, 'FOLLOW': 21, 'KEEP': 19, 'YIELD': 16, 'ADAPT_SPEED': 15, 'STOP': 8}
INFO:__main__:step 92/200 reward -0.172 [kin -0.17 dir +0.00 haz +0.38 tch 0.50] fail 0.00 skip 0.88 kl 0.0586 ce 0.032 |g| 0.18  44s  {'FOLLOW': 49, 'KEEP': 42, 'ACCELERATE': 16, 'STOP': 16, 'SLOW': 5}
INFO:__main__:step 93/200 reward 0.117 [kin +0.05 dir +0.12 haz -0.05 tch 0.52] fail 0.00 skip 0.75 kl 0.0089 ce 0.118 |g| 0.12  54s  {'FOLLOW': 48, 'KEEP': 43, 'ADAPT_SPEED': 16, 'TURN': 16, 'SLOW': 4, 'ACCELERATE': 1}
INFO:__main__:step 94/200 reward 0.115 [kin +0.07 dir +0.09 haz +0.30 tch 0.28] fail 0.00 skip 0.50 kl 0.1398 ce 0.285 |g| 0.22  74s  {'KEEP': 76, 'ACCELERATE': 16, 'TURN': 14, 'STOP': 11, 'YIELD': 6, 'FOLLOW': 2}
INFO:__main__:step 95/200 reward 0.434 [kin +0.38 dir +0.10 haz +0.16 tch 0.46] fail 0.00 skip 0.50 kl 0.1340 ce 0.282 |g| 0.26  75s  {'KEEP': 33, 'ACCELERATE': 32, 'FOLLOW': 21, 'SLOW': 17, 'TURN': 11, 'STOP': 9}
INFO:__main__:step 96/200 reward -0.273 [kin -0.25 dir -0.05 haz -0.11 tch 0.51] fail 0.00 skip 0.88 kl 0.2115 ce 0.018 |g| 0.17  44s  {'FOLLOW': 33, 'ADAPT_SPEED': 32, 'STOP': 32, 'KEEP': 28, 'NUDGE': 2, 'LANE_CHANGE': 1}
INFO:__main__:step 97/200 reward 0.273 [kin +0.27 dir +0.00 haz +0.48 tch 0.85] fail 0.00 skip 0.75 kl 0.1100 ce 0.062 |g| 0.19  53s  {'STOP': 51, 'KEEP': 48, 'FOLLOW': 29}
INFO:__main__:step 98/200 reward 0.328 [kin +0.33 dir +0.00 haz +0.25 tch 0.30] fail 0.00 skip 0.38 kl 0.0266 ce 0.243 |g| 0.26  85s  {'STOP': 47, 'KEEP': 38, 'FOLLOW': 31, 'ADAPT_SPEED': 6, 'ACCELERATE': 3, 'SLOW': 2}
INFO:__main__:step 99/200 reward 0.271 [kin +0.27 dir -0.00 haz +0.38 tch 0.63] fail 0.00 skip 0.62 kl 0.0162 ce 0.137 |g| 0.27  64s  {'KEEP': 55, 'STOP': 48, 'ADAPT_SPEED': 17, 'SLOW': 7, 'TURN': 1}
INFO:__main__:step 100/200 reward 0.031 [kin -0.01 dir +0.09 haz +0.25 tch 0.50] fail 0.00 skip 0.62 kl 0.0824 ce 0.253 |g| 0.25  64s  {'FOLLOW': 40, 'KEEP': 26, 'ADAPT_SPEED': 19, 'TURN': 18, 'ACCELERATE': 14, 'SLOW': 11}
INFO:__main__:step 100 val: {"n": 400, "traj_ade": null, "neg_ade": null, "traj_decoded": 0.0, "gt_score": 0.40675625920471287, "gt_consistent": 0.7371134020618557, "gt_false_clear": 0.33035714285714285, "hazard_ungrounded": 0.18250950570342206, "direction_ok": 0.7547169811320755, "maneuver_acc": 0.5788113695090439, "obj_precision": 0.7786259541984732, "termination": 1.0, "mix": {"KEEP": 123, "FOLLOW": 114, "STOP": 65, "TURN": 47, "ADAPT_SPEED": 15, "ACCELERATE": 15, "SLOW": 13, "YIELD": 4, "NUDGE": 3, "LANE_CHANGE": 1}}
INFO:__main__:step 101/200 reward 0.125 [kin +0.12 dir +0.01 haz +0.32 tch 0.73] fail 0.00 skip 0.62 kl 0.0045 ce 0.075 |g| 0.16  67s  {'STOP': 48, 'FOLLOW': 46, 'KEEP': 17, 'ACCELERATE': 15, 'LANE_CHANGE': 2}
INFO:__main__:step 102/200 reward 0.336 [kin +0.27 dir +0.12 haz +0.18 tch 0.55] fail 0.00 skip 0.62 kl 0.1179 ce 0.103 |g| 0.21  91s  {'KEEP': 44, 'ADAPT_SPEED': 35, 'FOLLOW': 22, 'TURN': 16, 'ACCELERATE': 6, 'NUDGE': 4}
INFO:__main__:step 103/200 reward 0.180 [kin +0.16 dir +0.04 haz +0.30 tch 0.45] fail 0.00 skip 0.38 kl 0.0771 ce 0.480 |g| 0.28  116s  {'STOP': 32, 'FOLLOW': 29, 'KEEP': 14, 'YIELD': 14, 'TURN': 13, 'SLOW': 9}
INFO:__main__:step 104/200 reward 0.156 [kin +0.11 dir +0.09 haz +0.62 tch 0.64] fail 0.00 skip 0.62 kl 0.0981 ce 0.076 |g| 0.25  89s  {'FOLLOW': 32, 'KEEP': 29, 'STOP': 16, 'TURN': 16, 'YIELD': 12, 'NUDGE': 10}
INFO:__main__:step 105/200 reward -0.035 [kin -0.04 dir +0.00 haz +0.12 tch 0.44] fail 0.00 skip 0.62 kl 0.0863 ce 0.104 |g| 0.21  70s  {'FOLLOW': 69, 'KEEP': 29, 'STOP': 15, 'ACCELERATE': 12, 'ADAPT_SPEED': 3}
INFO:__main__:step 106/200 reward 0.172 [kin +0.11 dir +0.12 haz +0.09 tch 0.38] fail 0.00 skip 0.88 kl 0.2748 ce 0.136 |g| 0.16  44s  {'STOP': 48, 'FOLLOW': 38, 'KEEP': 28, 'TURN': 14}
INFO:__main__:step 107/200 reward 0.295 [kin +0.17 dir +0.25 haz +0.34 tch 0.45] fail 0.00 skip 0.38 kl 0.0866 ce 0.218 |g| 0.23  85s  {'FOLLOW': 53, 'TURN': 29, 'STOP': 16, 'NUDGE': 13, 'KEEP': 11, 'ACCELERATE': 4}
INFO:__main__:step 108/200 reward 0.285 [kin +0.23 dir +0.11 haz +0.80 tch 0.41] fail 0.00 skip 0.62 kl 0.0111 ce 0.069 |g| 0.16  64s  {'FOLLOW': 54, 'KEEP': 26, 'TURN': 16, 'STOP': 15, 'SLOW': 12, 'ADAPT_SPEED': 3}
INFO:__main__:step 109/200 reward -0.082 [kin -0.07 dir -0.02 haz +0.38 tch 0.45] fail 0.00 skip 0.62 kl 0.0129 ce 0.141 |g| 0.23  65s  {'FOLLOW': 58, 'KEEP': 30, 'STOP': 19, 'ADAPT_SPEED': 17, 'LANE_CHANGE': 2, 'SLOW': 1}
INFO:__main__:step 110/200 reward 0.123 [kin +0.07 dir +0.10 haz +0.73 tch 0.52] fail 0.00 skip 0.62 kl 0.0879 ce 0.239 |g| 0.19  64s  {'KEEP': 47, 'FOLLOW': 43, 'STOP': 16, 'TURN': 13, 'SLOW': 5, 'ACCELERATE': 3}
INFO:__main__:step 111/200 reward 0.395 [kin +0.37 dir +0.05 haz +0.02 tch 0.69] fail 0.00 skip 0.62 kl 0.1687 ce 0.118 |g| 0.23  64s  {'KEEP': 32, 'TURN': 28, 'ADAPT_SPEED': 27, 'FOLLOW': 16, 'STOP': 16, 'LANE_CHANGE': 9}
INFO:__main__:step 112/200 reward -0.189 [kin -0.19 dir -0.00 haz +0.05 tch 0.59] fail 0.00 skip 0.50 kl 0.0829 ce 0.210 |g| 0.39  74s  {'KEEP': 62, 'ADAPT_SPEED': 36, 'FOLLOW': 18, 'YIELD': 8, 'STOP': 2, 'TURN': 1}
INFO:__main__:step 113/200 reward 0.178 [kin +0.18 dir +0.00 haz +0.16 tch 0.65] fail 0.00 skip 0.50 kl 0.0773 ce 0.098 |g| 0.29  74s  {'KEEP': 52, 'FOLLOW': 34, 'ADAPT_SPEED': 16, 'STOP': 16, 'SLOW': 9, 'NUDGE': 1}
INFO:__main__:step 114/200 reward -0.113 [kin -0.18 dir +0.12 haz +0.12 tch 0.62] fail 0.00 skip 0.88 kl 0.0128 ce 0.042 |g| 0.10  44s  {'FOLLOW': 48, 'KEEP': 45, 'ADAPT_SPEED': 19, 'TURN': 16}
INFO:__main__:step 115/200 reward 0.348 [kin +0.35 dir +0.00 haz +0.41 tch 0.80] fail 0.00 skip 0.75 kl 0.1811 ce 0.087 |g| 0.24  54s  {'STOP': 48, 'KEEP': 40, 'ADAPT_SPEED': 33, 'SLOW': 5, 'NUDGE': 2}
INFO:__main__:step 116/200 reward 0.184 [kin +0.12 dir +0.13 haz +0.05 tch 0.52] fail 0.00 skip 0.62 kl 0.0434 ce 0.301 |g| 0.27  64s  {'FOLLOW': 46, 'KEEP': 38, 'TURN': 16, 'ADAPT_SPEED': 13, 'STOP': 9, 'ACCELERATE': 5}
INFO:__main__:step 117/200 reward -0.080 [kin -0.09 dir +0.03 haz +0.47 tch 0.38] fail 0.00 skip 0.75 kl 0.1063 ce 0.067 |g| 0.24  55s  {'FOLLOW': 41, 'ADAPT_SPEED': 27, 'KEEP': 25, 'STOP': 16, 'SLOW': 11, 'TURN': 7}
INFO:__main__:step 118/200 reward 0.402 [kin +0.31 dir +0.18 haz +0.21 tch 0.38] fail 0.00 skip 0.62 kl 0.0739 ce 0.144 |g| 0.25  64s  {'KEEP': 41, 'STOP': 37, 'TURN': 16, 'ACCELERATE': 16, 'LANE_CHANGE': 7, 'FOLLOW': 4}
INFO:__main__:step 119/200 reward 0.250 [kin +0.16 dir +0.19 haz +0.30 tch 0.66] fail 0.00 skip 0.88 kl 0.0575 ce 0.017 |g| 0.14  44s  {'FOLLOW': 36, 'KEEP': 32, 'TURN': 32, 'STOP': 28}
INFO:__main__:step 120/200 reward 0.301 [kin +0.26 dir +0.12 haz +0.37 tch 0.40] fail 0.01 skip 0.62 kl 0.0475 ce 0.091 |g| 0.32  65s  {'KEEP': 51, 'STOP': 33, 'TURN': 17, 'FOLLOW': 13, 'ADAPT_SPEED': 6, 'SLOW': 4}
INFO:__main__:step 121/200 reward 0.348 [kin +0.30 dir +0.09 haz +0.03 tch 0.58] fail 0.00 skip 0.50 kl 0.0699 ce 0.256 |g| 0.27  75s  {'KEEP': 33, 'FOLLOW': 23, 'STOP': 22, 'ADAPT_SPEED': 21, 'TURN': 16, 'ACCELERATE': 6}
INFO:__main__:step 122/200 reward 0.334 [kin +0.27 dir +0.12 haz +0.01 tch 0.18] fail 0.00 skip 0.62 kl 0.1962 ce 0.247 |g| 0.33  64s  {'FOLLOW': 32, 'KEEP': 31, 'STOP': 21, 'YIELD': 16, 'TURN': 16, 'ACCELERATE': 6}
INFO:__main__:step 123/200 reward 0.027 [kin -0.08 dir +0.21 haz +0.32 tch 0.50] fail 0.00 skip 0.50 kl 0.1606 ce 0.191 |g| 0.29  74s  {'KEEP': 56, 'TURN': 39, 'ADAPT_SPEED': 15, 'NUDGE': 9, 'FOLLOW': 7, 'STOP': 1}
INFO:__main__:step 124/200 reward 0.115 [kin +0.07 dir +0.08 haz +0.71 tch 0.51] fail 0.00 skip 0.50 kl 0.1471 ce 0.304 |g| 0.27  74s  {'FOLLOW': 35, 'KEEP': 32, 'TURN': 29, 'SLOW': 18, 'STOP': 12, 'LANE_CHANGE': 1}
INFO:__main__:step 125/200 reward 0.344 [kin +0.20 dir +0.28 haz +0.20 tch 0.62] fail 0.00 skip 0.62 kl 0.0399 ce 0.074 |g| 0.50  64s  {'KEEP': 58, 'TURN': 32, 'FOLLOW': 30, 'LANE_CHANGE': 6, 'ADAPT_SPEED': 2}
INFO:__main__:step 125 val: {"n": 400, "traj_ade": null, "neg_ade": null, "traj_decoded": 0.0, "gt_score": 0.3552344601962923, "gt_consistent": 0.7480916030534351, "gt_false_clear": 0.39285714285714285, "hazard_ungrounded": 0.19367588932806323, "direction_ok": 0.8867924528301887, "maneuver_acc": 0.5555555555555556, "obj_precision": 0.7843915343915343, "termination": 1.0, "mix": {"KEEP": 132, "FOLLOW": 103, "STOP": 64, "TURN": 51, "ADAPT_SPEED": 14, "ACCELERATE": 12, "LANE_CHANGE": 10, "SLOW": 8, "NUDGE": 3, "YIELD": 2, "null": 1}}
INFO:__main__:step 126/200 reward 0.105 [kin -0.02 dir +0.25 haz +0.40 tch 0.39] fail 0.00 skip 0.75 kl 0.1698 ce 0.089 |g| 0.23  53s  {'KEEP': 45, 'TURN': 29, 'FOLLOW': 21, 'STOP': 16, 'SLOW': 16, 'LANE_CHANGE': 1}
INFO:__main__:step 127/200 reward -0.119 [kin -0.16 dir +0.07 haz +0.16 tch 0.74] fail 0.00 skip 0.75 kl 0.1088 ce 0.214 |g| 0.35  54s  {'KEEP': 63, 'FOLLOW': 53, 'TURN': 11, 'LANE_CHANGE': 1}
INFO:__main__:step 128/200 reward 0.109 [kin +0.11 dir -0.01 haz +0.09 tch 0.55] fail 0.00 skip 0.62 kl 0.0369 ce 0.089 |g| 0.23  65s  {'KEEP': 73, 'FOLLOW': 39, 'ACCELERATE': 14, 'LANE_CHANGE': 2}
INFO:__main__:step 129/200 reward 0.125 [kin +0.07 dir +0.11 haz +0.31 tch 0.84] fail 0.00 skip 0.88 kl 0.0262 ce 0.025 |g| 0.11  44s  {'KEEP': 37, 'YIELD': 31, 'FOLLOW': 23, 'STOP': 17, 'TURN': 16, 'LANE_CHANGE': 2}
INFO:__main__:step 130/200 reward 0.016 [kin +0.01 dir +0.01 haz +0.56 tch 0.40] fail 0.00 skip 0.38 kl 0.0211 ce 0.286 |g| 0.27  85s  {'FOLLOW': 49, 'KEEP': 37, 'SLOW': 16, 'ACCELERATE': 15, 'ADAPT_SPEED': 9, 'LANE_CHANGE': 1}
INFO:__main__:step 131/200 reward -0.328 [kin -0.33 dir +0.00 haz +0.14 tch 0.67] fail 0.00 skip 0.75 kl 0.0587 ce 0.069 |g| 0.20  54s  {'KEEP': 69, 'FOLLOW': 23, 'STOP': 16, 'SLOW': 13, 'ADAPT_SPEED': 5, 'ACCELERATE': 2}
INFO:__main__:step 132/200 reward -0.094 [kin -0.09 dir +0.00 haz +0.28 tch 0.59] fail 0.00 skip 0.62 kl 0.0061 ce 0.141 |g| 0.15  64s  {'KEEP': 71, 'STOP': 16, 'FOLLOW': 15, 'ADAPT_SPEED': 12, 'ACCELERATE': 12, 'SLOW': 1}
INFO:__main__:step 133/200 reward 0.023 [kin +0.02 dir +0.00 haz +0.16 tch 0.70] fail 0.00 skip 0.88 kl 0.0463 ce 0.023 |g| 0.08  43s  {'KEEP': 64, 'STOP': 19, 'ADAPT_SPEED': 19, 'FOLLOW': 13, 'SLOW': 13}
INFO:__main__:step 134/200 reward 0.154 [kin +0.12 dir +0.07 haz +0.36 tch 0.35] fail 0.00 skip 0.50 kl 0.0650 ce 0.185 |g| 0.28  74s  {'TURN': 29, 'ACCELERATE': 27, 'KEEP': 22, 'FOLLOW': 18, 'ADAPT_SPEED': 17, 'SLOW': 15}
INFO:__main__:step 135/200 reward 0.314 [kin +0.18 dir +0.27 haz +0.59 tch 0.73] fail 0.00 skip 0.62 kl 0.0314 ce 0.256 |g| 0.17  64s  {'TURN': 32, 'FOLLOW': 30, 'KEEP': 21, 'STOP': 16, 'NUDGE': 15, 'ADAPT_SPEED': 12}
INFO:__main__:step 136/200 reward 0.400 [kin +0.28 dir +0.24 haz +0.53 tch 0.33] fail 0.00 skip 0.62 kl 0.1097 ce 0.194 |g| 0.17  65s  {'KEEP': 33, 'TURN': 30, 'FOLLOW': 25, 'ADAPT_SPEED': 16, 'STOP': 16, 'SLOW': 7}
INFO:__main__:step 137/200 reward 0.645 [kin +0.46 dir +0.38 haz +0.67 tch 0.38] fail 0.00 skip 0.75 kl 0.0445 ce 0.388 |g| 0.16  55s  {'TURN': 48, 'KEEP': 29, 'FOLLOW': 18, 'STOP': 16, 'SLOW': 10, 'LANE_CHANGE': 5}
INFO:__main__:step 138/200 reward -0.242 [kin -0.30 dir +0.12 haz +0.35 tch 0.28] fail 0.00 skip 0.50 kl 0.0559 ce 0.088 |g| 0.26  75s  {'FOLLOW': 52, 'ADAPT_SPEED': 23, 'STOP': 19, 'TURN': 16, 'KEEP': 11, 'SLOW': 6}
INFO:__main__:step 139/200 reward 0.332 [kin +0.32 dir +0.02 haz +0.33 tch 0.55] fail 0.00 skip 0.25 kl 0.0452 ce 0.080 |g| 0.30  95s  {'KEEP': 42, 'FOLLOW': 29, 'STOP': 29, 'ADAPT_SPEED': 17, 'LANE_CHANGE': 6, 'SLOW': 4}
INFO:__main__:step 140/200 reward 0.230 [kin +0.17 dir +0.12 haz +0.08 tch 0.34] fail 0.00 skip 0.62 kl 0.0305 ce 0.204 |g| 0.23  64s  {'KEEP': 63, 'ADAPT_SPEED': 24, 'TURN': 17, 'NUDGE': 13, 'FOLLOW': 8, 'SLOW': 2}
INFO:__main__:step 141/200 reward 0.332 [kin +0.27 dir +0.12 haz +0.44 tch 0.27] fail 0.00 skip 0.88 kl 0.0072 ce 0.053 |g| 0.15  44s  {'KEEP': 41, 'TURN': 16, 'FOLLOW': 16, 'ACCELERATE': 16, 'SLOW': 15, 'STOP': 14}
INFO:__main__:step 142/200 reward 0.289 [kin +0.15 dir +0.27 haz +0.16 tch 0.22] fail 0.00 skip 0.75 kl 0.0391 ce 0.162 |g| 0.21  55s  {'KEEP': 44, 'TURN': 32, 'FOLLOW': 28, 'ADAPT_SPEED': 17, 'LANE_CHANGE': 5, 'ACCELERATE': 2}
INFO:__main__:step 143/200 reward -0.033 [kin -0.10 dir +0.12 haz +0.07 tch 0.34] fail 0.00 skip 0.25 kl 0.0479 ce 0.253 |g| 0.23  96s  {'FOLLOW': 48, 'KEEP': 23, 'TURN': 16, 'STOP': 15, 'LANE_CHANGE': 14, 'ACCELERATE': 10}
INFO:__main__:step 144/200 reward 0.227 [kin +0.23 dir +0.00 haz +0.12 tch 0.67] fail 0.00 skip 0.62 kl 0.0611 ce 0.121 |g| 0.44  64s  {'KEEP': 59, 'STOP': 31, 'FOLLOW': 17, 'ADAPT_SPEED': 14, 'ACCELERATE': 7}
INFO:__main__:step 145/200 reward 0.271 [kin +0.22 dir +0.11 haz +0.23 tch 0.52] fail 0.00 skip 0.50 kl 0.0462 ce 0.138 |g| 0.25  75s  {'FOLLOW': 35, 'KEEP': 30, 'TURN': 17, 'STOP': 16, 'ADAPT_SPEED': 16, 'LANE_CHANGE': 9}
INFO:__main__:step 146/200 reward 0.135 [kin +0.11 dir +0.05 haz +0.30 tch 0.51] fail 0.00 skip 0.38 kl 0.0370 ce 0.120 |g| 0.30  85s  {'FOLLOW': 39, 'KEEP': 32, 'SLOW': 20, 'STOP': 19, 'LANE_CHANGE': 8, 'NUDGE': 5}
INFO:__main__:step 147/200 reward 0.246 [kin +0.25 dir +0.00 haz +0.45 tch 0.30] fail 0.00 skip 0.38 kl 0.1284 ce 0.377 |g| 0.38  85s  {'STOP': 48, 'KEEP': 36, 'FOLLOW': 15, 'SLOW': 14, 'LANE_CHANGE': 7, 'NUDGE': 6}
INFO:__main__:step 148/200 reward 0.215 [kin +0.17 dir +0.09 haz +0.71 tch 0.66] fail 0.00 skip 0.62 kl 0.1100 ce 0.137 |g| 0.22  65s  {'FOLLOW': 50, 'KEEP': 32, 'STOP': 16, 'TURN': 16, 'LANE_CHANGE': 8, 'ACCELERATE': 4}
INFO:__main__:step 149/200 reward 0.799 [kin +0.70 dir +0.19 haz +0.73 tch 0.31] fail 0.00 skip 0.75 kl 0.1316 ce 0.115 |g| 0.15  54s  {'STOP': 34, 'KEEP': 32, 'SLOW': 29, 'TURN': 25, 'ACCELERATE': 7, 'FOLLOW': 1}
INFO:__main__:step 150/200 reward 0.158 [kin +0.06 dir +0.20 haz -0.23 tch 0.59] fail 0.00 skip 0.50 kl 0.1596 ce 0.256 |g| 0.25  74s  {'KEEP': 41, 'TURN': 33, 'ADAPT_SPEED': 22, 'SLOW': 19, 'STOP': 13}
INFO:__main__:step 150 val: {"n": 400, "traj_ade": null, "neg_ade": null, "traj_decoded": 0.0, "gt_score": 0.41265227021040973, "gt_consistent": 0.751937984496124, "gt_false_clear": 0.3392857142857143, "hazard_ungrounded": 0.19844357976653695, "direction_ok": 0.8867924528301887, "maneuver_acc": 0.5478036175710594, "obj_precision": 0.791015625, "termination": 1.0, "mix": {"KEEP": 119, "FOLLOW": 94, "STOP": 58, "TURN": 50, "LANE_CHANGE": 25, "ADAPT_SPEED": 16, "SLOW": 16, "ACCELERATE": 12, "NUDGE": 6, "YIELD": 3, "null": 1}}
INFO:__main__:step 151/200 reward 0.164 [kin +0.12 dir +0.12 haz -0.03 tch 0.45] fail 0.01 skip 0.75 kl 0.0086 ce 0.019 |g| 0.22  54s  {'KEEP': 65, 'FOLLOW': 28, 'STOP': 16, 'TURN': 16, None: 1, 'ADAPT_SPEED': 1}
INFO:__main__:step 152/200 reward 0.430 [kin +0.43 dir +0.00 haz +0.45 tch 0.24] fail 0.00 skip 0.88 kl 0.0034 ce 0.002 |g| 0.04  43s  {'STOP': 63, 'KEEP': 49, 'ACCELERATE': 16}
INFO:__main__:step 153/200 reward 0.238 [kin +0.23 dir +0.05 haz +0.03 tch 0.84] fail 0.01 skip 0.50 kl 0.1258 ce 0.196 |g| 0.29  76s  {'KEEP': 44, 'TURN': 25, 'STOP': 24, 'FOLLOW': 19, 'SLOW': 7, 'LANE_CHANGE': 4}
INFO:__main__:step 154/200 reward 0.328 [kin +0.14 dir +0.37 haz +0.10 tch 0.35] fail 0.00 skip 0.62 kl 0.0986 ce 0.077 |g| 0.35  65s  {'TURN': 50, 'FOLLOW': 31, 'KEEP': 23, 'ACCELERATE': 12, 'NUDGE': 6, 'LANE_CHANGE': 4}
INFO:__main__:step 155/200 reward 0.195 [kin +0.20 dir +0.02 haz +0.12 tch 0.36] fail 0.01 skip 0.00 kl 0.0453 ce 0.270 |g| 0.38  116s  {'KEEP': 32, 'LANE_CHANGE': 23, 'FOLLOW': 22, 'ACCELERATE': 18, 'ADAPT_SPEED': 17, 'SLOW': 15}
INFO:__main__:step 156/200 reward -0.027 [kin -0.09 dir +0.12 haz +0.04 tch 0.49] fail 0.00 skip 0.75 kl 0.0492 ce 0.015 |g| 0.13  55s  {'KEEP': 63, 'TURN': 16, 'ADAPT_SPEED': 15, 'SLOW': 13, 'LANE_CHANGE': 12, 'FOLLOW': 8}
INFO:__main__:step 157/200 reward -0.016 [kin -0.04 dir +0.05 haz +0.20 tch 0.44] fail 0.00 skip 0.25 kl 0.1426 ce 0.277 |g| 0.41  96s  {'KEEP': 74, 'SLOW': 15, 'ADAPT_SPEED': 10, 'ACCELERATE': 10, 'TURN': 8, 'LANE_CHANGE': 8}
INFO:__main__:step 158/200 reward 0.275 [kin +0.17 dir +0.23 haz +0.25 tch 0.32] fail 0.01 skip 0.12 kl 0.1055 ce 0.555 |g| 0.37  107s  {'TURN': 36, 'KEEP': 33, 'SLOW': 24, 'FOLLOW': 15, 'ACCELERATE': 6, 'ADAPT_SPEED': 6}
INFO:__main__:step 159/200 reward 0.172 [kin +0.12 dir +0.11 haz -0.01 tch 0.55] fail 0.00 skip 0.62 kl 0.0659 ce 0.068 |g| 0.25  65s  {'FOLLOW': 33, 'KEEP': 28, 'TURN': 20, 'YIELD': 16, 'STOP': 12, 'SLOW': 10}
INFO:__main__:step 160/200 reward 0.211 [kin +0.09 dir +0.25 haz +0.29 tch 0.23] fail 0.00 skip 0.25 kl 0.0527 ce 0.401 |g| 0.39  96s  {'KEEP': 45, 'TURN': 32, 'FOLLOW': 17, 'LANE_CHANGE': 13, 'ACCELERATE': 11, 'STOP': 6}
INFO:__main__:step 161/200 reward 0.727 [kin +0.61 dir +0.26 haz +0.46 tch 0.45] fail 0.01 skip 0.75 kl 0.0350 ce 0.213 |g| 0.20  55s  {'TURN': 32, 'STOP': 30, 'KEEP': 27, 'YIELD': 18, 'ADAPT_SPEED': 11, 'ACCELERATE': 5}
INFO:__main__:step 162/200 reward 0.537 [kin +0.50 dir +0.07 haz +0.53 tch 0.54] fail 0.00 skip 0.75 kl 0.2841 ce 0.091 |g| 0.23  54s  {'STOP': 64, 'KEEP': 19, 'FOLLOW': 16, 'SLOW': 13, 'TURN': 11, 'ADAPT_SPEED': 5}
INFO:__main__:step 163/200 reward 0.307 [kin +0.17 dir +0.27 haz +0.22 tch 0.62] fail 0.00 skip 0.62 kl 0.1111 ce 0.149 |g| 0.26  64s  {'KEEP': 55, 'TURN': 39, 'ADAPT_SPEED': 16, 'SLOW': 11, 'STOP': 5, 'LANE_CHANGE': 2}
INFO:__main__:step 164/200 reward 0.654 [kin +0.46 dir +0.39 haz +0.51 tch 0.34] fail 0.00 skip 0.38 kl 0.1104 ce 0.447 |g| 0.29  86s  {'TURN': 45, 'KEEP': 27, 'LANE_CHANGE': 18, 'STOP': 16, 'FOLLOW': 12, 'SLOW': 6}
INFO:__main__:step 165/200 reward 0.674 [kin +0.49 dir +0.37 haz +0.35 tch 0.70] fail 0.00 skip 0.62 kl 0.0256 ce 0.111 |g| 0.30  64s  {'TURN': 49, 'KEEP': 47, 'STOP': 16, 'ADAPT_SPEED': 10, 'SLOW': 6}
INFO:__main__:step 166/200 reward 0.383 [kin +0.34 dir +0.09 haz +0.45 tch 0.80] fail 0.00 skip 0.50 kl 0.0598 ce 0.116 |g| 0.31  73s  {'KEEP': 46, 'ACCELERATE': 30, 'TURN': 19, 'STOP': 19, 'SLOW': 6, None: 3}
INFO:__main__:step 167/200 reward 0.393 [kin +0.30 dir +0.19 haz +0.38 tch 0.33] fail 0.00 skip 0.50 kl 0.0254 ce 0.093 |g| 0.25  75s  {'KEEP': 47, 'TURN': 33, 'FOLLOW': 19, 'ADAPT_SPEED': 16, 'YIELD': 10, 'LANE_CHANGE': 3}
INFO:__main__:step 168/200 reward 0.055 [kin -0.01 dir +0.13 haz +0.09 tch 0.54] fail 0.00 skip 0.38 kl 0.0239 ce 0.164 |g| 0.31  86s  {'FOLLOW': 21, 'STOP': 19, 'KEEP': 16, 'TURN': 16, 'SLOW': 16, 'ADAPT_SPEED': 15}
INFO:__main__:step 169/200 reward 0.453 [kin +0.39 dir +0.13 haz -0.07 tch 0.40] fail 0.00 skip 0.50 kl 0.0488 ce 0.053 |g| 0.19  75s  {'KEEP': 43, 'ACCELERATE': 34, 'TURN': 16, 'FOLLOW': 15, 'SLOW': 14, 'ADAPT_SPEED': 4}
INFO:__main__:step 170/200 reward 0.447 [kin +0.32 dir +0.26 haz +0.30 tch 0.48] fail 0.00 skip 0.38 kl 0.1390 ce 0.061 |g| 0.30  86s  {'FOLLOW': 31, 'TURN': 31, 'ACCELERATE': 17, 'LANE_CHANGE': 16, 'YIELD': 15, 'ADAPT_SPEED': 10}
INFO:__main__:step 171/200 reward 0.211 [kin +0.36 dir -0.15 haz +0.51 tch 0.47] fail 0.04 skip 0.12 kl 0.0517 ce 0.231 |g| 0.39  110s  {'KEEP': 51, 'LANE_CHANGE': 34, 'ACCELERATE': 12, 'STOP': 9, 'FOLLOW': 7, 'SLOW': 7}
INFO:__main__:step 172/200 reward 0.154 [kin +0.16 dir -0.01 haz +0.25 tch 0.45] fail 0.00 skip 0.62 kl 0.1345 ce 0.107 |g| 0.27  65s  {'KEEP': 39, 'LANE_CHANGE': 24, 'SLOW': 19, 'TURN': 18, 'FOLLOW': 15, 'ACCELERATE': 6}
INFO:__main__:step 173/200 reward -0.004 [kin -0.07 dir +0.14 haz +0.01 tch 0.55] fail 0.00 skip 0.50 kl 0.1061 ce 0.099 |g| 0.37  75s  {'KEEP': 82, 'TURN': 16, 'ADAPT_SPEED': 10, 'LANE_CHANGE': 8, 'SLOW': 7, 'ACCELERATE': 2}
INFO:__main__:step 174/200 reward 0.262 [kin +0.10 dir +0.32 haz +0.45 tch 0.59] fail 0.00 skip 0.62 kl 0.0633 ce 0.069 |g| 0.22  65s  {'FOLLOW': 40, 'KEEP': 39, 'TURN': 32, 'LANE_CHANGE': 9, 'ACCELERATE': 5, 'ADAPT_SPEED': 3}
INFO:__main__:step 175/200 reward 0.395 [kin +0.26 dir +0.27 haz +0.69 tch 0.45] fail 0.00 skip 0.62 kl 0.1018 ce 0.050 |g| 0.20  64s  {'KEEP': 46, 'TURN': 32, 'SLOW': 16, 'NUDGE': 14, 'FOLLOW': 12, 'LANE_CHANGE': 6}
INFO:__main__:step 175 val: {"n": 400, "traj_ade": null, "neg_ade": null, "traj_decoded": 0.0, "gt_score": 0.38714833759590794, "gt_consistent": 0.7621483375959079, "gt_false_clear": 0.375, "hazard_ungrounded": 0.19291338582677164, "direction_ok": 0.9622641509433962, "maneuver_acc": 0.4806201550387597, "obj_precision": 0.7516469038208168, "termination": 1.0, "mix": {"KEEP": 113, "FOLLOW": 62, "LANE_CHANGE": 60, "STOP": 56, "TURN": 52, "SLOW": 20, "ACCELERATE": 15, "ADAPT_SPEED": 14, "YIELD": 5, "NUDGE": 3}}
INFO:__main__:step 176/200 reward 0.527 [kin +0.37 dir +0.34 haz +0.20 tch 0.40] fail 0.01 skip 0.50 kl 0.0662 ce 0.164 |g| 0.37  76s  {'TURN': 32, 'KEEP': 29, 'FOLLOW': 25, 'LANE_CHANGE': 20, 'STOP': 16, 'ADAPT_SPEED': 4}
INFO:__main__:step 177/200 reward 0.484 [kin +0.36 dir +0.25 haz +0.23 tch 0.50] fail 0.00 skip 0.88 kl 0.0546 ce 0.043 |g| 0.14  44s  {'KEEP': 48, 'STOP': 32, 'LANE_CHANGE': 20, 'TURN': 16, 'FOLLOW': 12}
INFO:__main__:step 178/200 reward 0.250 [kin +0.18 dir +0.13 haz +0.05 tch 0.56] fail 0.00 skip 0.38 kl 0.0290 ce 0.214 |g| 0.32  86s  {'FOLLOW': 46, 'STOP': 26, 'SLOW': 16, 'TURN': 16, 'KEEP': 15, 'ACCELERATE': 4}
INFO:__main__:step 179/200 reward 0.383 [kin +0.37 dir +0.06 haz +0.48 tch 0.58] fail 0.01 skip 0.75 kl 0.0958 ce 0.071 |g| 0.19  55s  {'KEEP': 59, 'SLOW': 32, 'STOP': 16, 'LANE_CHANGE': 12, 'FOLLOW': 8, None: 1}
INFO:__main__:step 180/200 reward 0.393 [kin +0.45 dir -0.12 haz +0.41 tch 0.41] fail 0.00 skip 0.25 kl 0.0825 ce 0.413 |g| 0.33  96s  {'KEEP': 39, 'LANE_CHANGE': 36, 'STOP': 23, 'SLOW': 11, 'FOLLOW': 10, 'YIELD': 4}
INFO:__main__:step 181/200 reward 0.344 [kin +0.26 dir +0.20 haz +0.43 tch 0.30] fail 0.01 skip 0.50 kl 0.0750 ce 0.187 |g| 0.27  76s  {'KEEP': 39, 'TURN': 32, 'LANE_CHANGE': 23, 'STOP': 16, 'FOLLOW': 15, 'ACCELERATE': 1}
INFO:__main__:step 182/200 reward 1.059 [kin +0.87 dir +0.38 haz +0.89 tch 0.55] fail 0.00 skip 0.75 kl 0.0787 ce 0.019 |g| 0.13  55s  {'STOP': 46, 'TURN': 32, 'LANE_CHANGE': 16, 'SLOW': 15, 'FOLLOW': 13, 'YIELD': 3}
INFO:__main__:step 183/200 reward 0.604 [kin +0.53 dir +0.21 haz +0.55 tch 0.55] fail 0.02 skip 0.50 kl 0.1513 ce 0.182 |g| 0.27  76s  {'TURN': 31, 'KEEP': 21, 'STOP': 17, 'LANE_CHANGE': 16, 'ACCELERATE': 15, 'YIELD': 15}
INFO:__main__:step 184/200 reward 0.416 [kin +0.47 dir -0.07 haz +0.64 tch 0.30] fail 0.01 skip 0.25 kl 0.0814 ce 0.316 |g| 0.25  98s  {'LANE_CHANGE': 43, 'STOP': 33, 'FOLLOW': 19, 'SLOW': 14, 'ACCELERATE': 11, 'KEEP': 6}
INFO:__main__:step 185/200 reward 0.281 [kin +0.22 dir +0.12 haz +0.48 tch 0.61] fail 0.00 skip 0.38 kl 0.1219 ce 0.253 |g| 0.31  86s  {'KEEP': 30, 'SLOW': 27, 'NUDGE': 18, 'STOP': 16, 'LANE_CHANGE': 15, 'ACCELERATE': 15}
INFO:__main__:step 186/200 reward 0.514 [kin +0.45 dir +0.12 haz +0.43 tch 0.52] fail 0.00 skip 0.62 kl 0.0694 ce 0.165 |g| 0.20  64s  {'KEEP': 32, 'STOP': 31, 'ACCELERATE': 17, 'TURN': 16, 'ADAPT_SPEED': 15, 'NUDGE': 5}
INFO:__main__:step 187/200 reward 0.371 [kin +0.21 dir +0.33 haz +0.42 tch 0.55] fail 0.00 skip 0.75 kl 0.1030 ce 0.085 |g| 0.27  55s  {'TURN': 32, 'KEEP': 31, 'LANE_CHANGE': 27, 'SLOW': 16, 'NUDGE': 16, 'ACCELERATE': 6}
INFO:__main__:step 188/200 reward 0.102 [kin +0.16 dir -0.05 haz -0.01 tch 0.34] fail 0.02 skip 0.25 kl 0.0866 ce 0.079 |g| 0.28  98s  {'LANE_CHANGE': 38, 'SLOW': 31, 'FOLLOW': 30, 'STOP': 12, 'KEEP': 10, 'YIELD': 4}
INFO:__main__:step 189/200 reward 0.484 [kin +0.43 dir +0.13 haz +0.25 tch 0.76] fail 0.01 skip 0.62 kl 0.1195 ce 0.042 |g| 0.35  64s  {'STOP': 48, 'KEEP': 31, 'LANE_CHANGE': 27, 'YIELD': 16, 'ACCELERATE': 3, 'FOLLOW': 2}
INFO:__main__:step 190/200 reward 0.750 [kin +0.56 dir +0.38 haz +0.51 tch 0.62] fail 0.00 skip 1.00 kl 0.0000 ce 0.000 |g| 0.00  34s  {'TURN': 48, 'YIELD': 32, 'KEEP': 31, 'STOP': 16, 'FOLLOW': 1}
INFO:__main__:step 191/200 reward 0.414 [kin +0.35 dir +0.16 haz +0.50 tch 0.48] fail 0.01 skip 0.12 kl 0.1325 ce 0.631 |g| 0.36  109s  {'LANE_CHANGE': 29, 'KEEP': 21, 'TURN': 18, 'SLOW': 18, 'STOP': 16, 'ADAPT_SPEED': 15}
INFO:__main__:step 192/200 reward 0.484 [kin +0.30 dir +0.38 haz +0.70 tch 0.47] fail 0.00 skip 0.75 kl 0.0693 ce 0.180 |g| 0.21  55s  {'SLOW': 32, 'TURN': 32, 'KEEP': 26, 'LANE_CHANGE': 21, 'STOP': 16, 'ADAPT_SPEED': 1}
INFO:__main__:step 193/200 reward 0.137 [kin +0.09 dir +0.09 haz -0.13 tch 0.12] fail 0.00 skip 0.38 kl 0.1014 ce 0.234 |g| 0.39  86s  {'KEEP': 40, 'SLOW': 30, 'LANE_CHANGE': 20, 'STOP': 16, 'FOLLOW': 10, 'YIELD': 9}
INFO:__main__:step 194/200 reward 0.135 [kin +0.07 dir +0.16 haz +0.36 tch 0.39] fail 0.01 skip 0.50 kl 0.1042 ce 0.164 |g| 0.26  77s  {'KEEP': 45, 'LANE_CHANGE': 30, 'TURN': 16, 'YIELD': 11, 'ACCELERATE': 11, 'STOP': 5}
INFO:__main__:step 195/200 reward 0.615 [kin +0.55 dir +0.12 haz +0.28 tch 0.66] fail 0.00 skip 0.50 kl 0.0678 ce 0.121 |g| 0.29  75s  {'ACCELERATE': 34, 'KEEP': 28, 'FOLLOW': 18, 'STOP': 17, 'TURN': 17, 'SLOW': 12}
INFO:__main__:step 196/200 reward 0.203 [kin +0.06 dir +0.31 haz +0.13 tch 0.37] fail 0.01 skip 0.38 kl 0.1067 ce 0.409 |g| 0.24  88s  {'LANE_CHANGE': 73, 'SLOW': 18, 'KEEP': 17, 'ADAPT_SPEED': 13, 'FOLLOW': 6, None: 1}
INFO:__main__:step 197/200 reward 0.404 [kin +0.38 dir +0.08 haz +0.46 tch 0.25] fail 0.01 skip 0.38 kl 0.1926 ce 0.143 |g| 0.28  87s  {'LANE_CHANGE': 55, 'TURN': 32, 'KEEP': 19, 'ADAPT_SPEED': 16, 'NUDGE': 3, 'FOLLOW': 2}
INFO:__main__:step 198/200 reward 0.152 [kin +0.09 dir +0.16 haz -0.09 tch 0.24] fail 0.01 skip 0.00 kl 0.1148 ce 0.344 |g| 0.36  120s  {'LANE_CHANGE': 52, 'KEEP': 31, 'ADAPT_SPEED': 27, 'SLOW': 10, 'STOP': 5, None: 2}
INFO:__main__:step 199/200 reward 0.645 [kin +0.76 dir -0.23 haz +0.81 tch 0.63] fail 0.00 skip 0.50 kl 0.1955 ce 0.569 |g| 0.34  75s  {'STOP': 77, 'LANE_CHANGE': 29, 'SLOW': 6, 'ADAPT_SPEED': 6, 'KEEP': 4, 'TURN': 4}
INFO:__main__:step 200/200 reward 0.643 [kin +0.53 dir +0.23 haz +0.57 tch 0.34] fail 0.00 skip 0.38 kl 0.1066 ce 0.083 |g| 0.32  88s  {'LANE_CHANGE': 63, 'TURN': 16, 'ADAPT_SPEED': 15, 'KEEP': 12, 'NUDGE': 11, 'FOLLOW': 9}
INFO:__main__:step 200 val: {"n": 400, "traj_ade": null, "neg_ade": null, "traj_decoded": 0.0, "gt_score": 0.32172849760059063, "gt_consistent": 0.7235142118863049, "gt_false_clear": 0.4017857142857143, "hazard_ungrounded": 0.1906474820143885, "direction_ok": 0.9622641509433962, "maneuver_acc": 0.36175710594315247, "obj_precision": 0.7242206235011991, "termination": 1.0, "mix": {"LANE_CHANGE": 136, "KEEP": 80, "STOP": 53, "TURN": 52, "FOLLOW": 27, "SLOW": 22, "ACCELERATE": 11, "ADAPT_SPEED": 10, "YIELD": 6, "NUDGE": 3}}
----------------------------------------------------------------
Finished 2026-09-19T03:56:52+02:00
Check what this actually used:  seff 343
wandb: [wandb.login()] Loaded credentials for https://api.wandb.ai from /home/vla/.netrc.
wandb: Currently logged in as: karmishthannauth27 (karmishthannauth27-technical-university-of-munich) to https://api.wandb.ai. Use `wandb login --relogin` to force relogin
wandb: setting up run stage1-job343
wandb: Tracking run with wandb version 0.25.0
wandb: Run data is saved locally in /home/vla/projects/alpamayo2edge/wandb/run-20260919_035653-stage1-job343
wandb: Run `wandb offline` to turn off syncing.
wandb: Resuming run stage1-job343
wandb: ⭐️ View project at https://wandb.ai/karmishthannauth27-technical-university-of-munich/alpamayo2edge
wandb: 🚀 View run at https://wandb.ai/karmishthannauth27-technical-university-of-munich/alpamayo2edge/runs/stage1-job343
wandb: updating run metadata; uploading summary
wandb: uploading wandb-metadata.json; uploading requirements.txt; uploading wandb-summary.json; uploading config.yaml
wandb: uploading wandb-summary.json
wandb: 🚀 View run stage1-job343 at: https://wandb.ai/karmishthannauth27-technical-university-of-munich/alpamayo2edge/runs/stage1-job343
wandb: ⭐️ View project at: https://wandb.ai/karmishthannauth27-technical-university-of-munich/alpamayo2edge
wandb: Synced 4 W&B file(s), 0 media file(s), 0 artifact file(s) and 0 other file(s)
wandb: Find logs at: ./wandb/run-20260919_035653-stage1-job343/logs
