Job 519 on ProArt, started 2026-10-01T01:41:44+02:00; commit 84c82d1
2026-10-01 01:41:47,632 INFO The multistorageclient package is available.
/home/vla/envs/alpamayo2edge/lib/python3.13/site-packages/megatron/core/distributed/fsdp/src/megatron_fsdp/utils.py:108: UserWarning: Transformer Engine and Apex are not installed. Falling back to local implementations of multi_tensor_applier and multi_tensor_scale
  warnings.warn(
2026-10-01 01:41:48,210 INFO Detected Megatron Core, using Megatron-FSDP with Megatron.
2026-10-01 01:41:48,211 INFO Detected Megatron Core, using Megatron-FSDP with Megatron.
/home/vla/envs/alpamayo2edge/lib/python3.13/site-packages/megatron/core/optimizer/__init__.py:24: UserWarning: Transformer Engine and Apex are not installed. Falling back to Torch optimizers.
  warnings.warn(
/home/vla/envs/alpamayo2edge/lib/python3.13/site-packages/megatron/core/optimizer/optimizer.py:28: UserWarning: Transformer Engine and Apex are not installed. Falling back to local implementations of multi_tensor_applier and multi_tensor_scale
  warnings.warn(
/home/vla/envs/alpamayo2edge/lib/python3.13/site-packages/megatron/core/optimizer/clip_grads.py:29: UserWarning: Transformer Engine and Apex are not installed. Falling back to local implementations of multi_tensor_applier, multi_tensor_l2norm, and multi_tensor_scale
  warnings.warn(
[10-01 01:41:49|INFO|cosmos_framework/model/generator/omni_mot_model.py:124:__init__] OmniMoTModel: config {'tokenizer': {'bucket_name': 'bucket', 'object_store_credential_path_pretrained': 'credentials/gcp_training.secret', 'vae_path': 'pretrained/tokenizers/video/wan2pt2/Wan2.2_VAE.pth', 'chunk_duration': 93, 'keep_decoder_cache': False, 'use_streaming_encode': False, 'encode_chunk_frames': {'256': 68, '480': 24, '720': 8, '768': 8}, 'encode_exact_durations': [17, 61, 73], 'spatial_compression_factor': 16, 'temporal_compression_factor': 4, 'temporal_window': None, 'encode_bucket_multiple': None, 'causal': True, '_target_': 'cosmos_framework.model.generator.tokenizers.wan2pt2_vae_4x16x16.Wan2pt2VAEInterface'}, 'load_vision_tokenizer': True, 'lidar_tokenizer': None, 'lidar_state_ch': None, 'lidar_fps': None, 'net': None, 'ema': {'enabled': False, 'rate': 0.1, 'iteration_shift': 0, '_type': 'cosmos_framework.configs.base.defaults.ema.EMAConfig'}, 'parallelism': {'data_parallel_shard_degree': -1, 'data_parallel_replicate_degree': 1, 'context_parallel_shard_degree': 1, 'cfg_parallel_shard_degree': 1, 'enable_inference_mode': True, 'fsdp_master_dtype': 'float32', 'fsdp_reduce_dtype': None, '_type': 'cosmos_framework.configs.base.defaults.parallelism.ParallelismConfig'}, 'attention_io_layout': 'sequence_sharded', 'compile': {'enabled': False, 'compiled_region': 'language', 'compile_dynamic': True, 'use_cuda_graphs': False, 'ar_post_saturation_mode': 'default', 'max_autotune_pointwise': False, 'coordinate_descent_tuning': False, '_type': 'cosmos_framework.configs.base.defaults.compile.CompileConfig'}, 'quantization': {'method': None, 'fp8_granularity': 'per_row', 'modelopt_fp8_checkpoint_path': None, 'mixed_precision_first_steps': 0, 'mixed_precision_last_steps': 0, 'mixed_precision_reasoner_policy': 'high_precision', 'mixed_precision_w8a16_cache': 'none', 'include_regex': [], 'exclude_regex': [], 'modelopt_fp8_target_fqns': [], '_type': 'cosmos_framework.configs.base.defaults.quantization.QuantizationConfig'}, 'activation_checkpointing': {'mode': 'none', 'preserve_rng_state': True, 'determinism_check': 'default', 'save_ops_regex': ['fmha'], '_type': 'cosmos_framework.configs.base.defaults.activation_checkpointing.ActivationCheckpointingConfig'}, 'precision': 'bfloat16', 'lora_enabled': False, 'lora_rank': 16, 'lora_alpha': 32, 'lora_target_modules': 'q_proj_moe_gen,k_proj_moe_gen,v_proj_moe_gen,o_proj_moe_gen', 'rectified_flow_training_config': {'shift': {'256': 3, '480': 5, '720': 10}, 'shift_image': None, 'use_dynamic_shift': False, 'train_time_image_distribution': 'logitnormal', 'train_time_video_distribution': 'waver', 'train_time_action_distribution': 'logitnormal', 'train_time_sound_distribution': 'logitnormal', 'train_time_weight': 'uniform', 'loss_scale': 10.0, 'image_loss_scale': None, 'sound_loss_scale': 2.0, 'lidar_loss_scale': None, 'use_discrete_rf': False, 'action_loss_weight': 10.0, 'independent_action_schedule': False, 'shift_action': None, 'independent_sound_schedule': False, 'shift_sound': None, 'normalize_loss_by_active': False, 'sample_level_loss_averaging': False, 'high_sigma_ratio': 0.05, 'high_sigma_timesteps_max': 1000, 'high_sigma_timesteps_min': 995, 'use_high_sigma_strategy': False, 'use_high_sigma_strategy_action': False, 'use_high_sigma_strategy_sound': False, '_type': 'cosmos_framework.configs.base.defaults.model_config.RectifiedFlowTrainingConfig'}, 'rectified_flow_inference_config': {'scheduler_type': 'unipc', 'num_train_timesteps': 1000, 'shift': 1, 'use_dynamic_shifting': False, '_type': 'cosmos_framework.configs.base.defaults.model_config.RectifiedFlowInferenceConfig'}, 'fixed_step_sampler_config': None, 'vlm_config': {'model_name': 'nvidia/Cosmos3-Edge-Reasoner', 'safetensors_path': '', 'pretrained_weights': {'enabled': False, 'backbone_path': 's3://bucket/cosmos3/pretrained/huggingface/nvidia/Cosmos3-Edge-Reasoner-590c1c0/', 'credentials_path': 'credentials/gcp_checkpoint.secret', 'enable_gcs_patch_in_boto3': True, 'checkpoint_format': None, '_type': 'cosmos_framework.configs.base.defaults.reasoner.PretrainedWeightsConfig'}, 'model_instance': {'_target_': 'cosmos_framework.model.generator.mot.unified_mot.Nemotron3DenseVLTextForCausalLM', 'config': {'_target_': 'cosmos_framework.configs.base.defaults.reasoner.create_vlm_config', 'base_config': {'_target_': 'cosmos_framework.model.generator.mot.unified_mot.Nemotron3DenseVLMoTConfig.from_json_file', 'json_file': 'cosmos_framework/model/generator/reasoner/nemotron_3_dense_vl/configs/Nemotron-2B-Dense-VL.json'}, 'include_visual': None, 'qk_norm_for_text': False, 'use_und_k_norm_for_gen': True}}, 'tokenizer': {'repository': None, 'revision': None, 'subdir': '', '_target_': 'cosmos_framework.data.generator.processors.build_processor_lazy', 'tokenizer_type': '/bulk/users/vla/alpamayo2edge/cosmos3-edge'}, 'layer_module': None, 'qk_norm': False, 'tie_word_embeddings': False, 'use_system_prompt': False, '_type': 'cosmos_framework.configs.base.defaults.reasoner.VLMConfig'}, 'diffusion_expert_config': {'timestep_range': 1.0, 'load_weights_from_pretrained': False, 'enable_vision_modality_embeddings': False, 'enable_media_modality_embedding': False, 'enable_sound_modality_embedding': True, 'patch_spatial': 2, 'max_vae_latent_side_after_patchify': 20, 'enable_fps_modulation': True, 'base_fps': 24, 'sound_base_temporal_compression_factor': None, 'vision_temporal_position_mode': 'latent_index', 'unified_3d_mrope_reset_spatial_ids': True, 'unified_3d_mrope_temporal_modality_margin': 15000, '_type': 'cosmos_framework.configs.base.defaults.model_config.DiffusionExpertConfig'}, 'input_video_key': 'video', 'input_image_key': 'images', 'input_caption_key': 'ai_caption', 'state_ch': 48, 'state_t': 300, 'latent_downsample_factor': 16, 'resolution': '480', 'max_num_tokens_after_packing': 74000, 'joint_attn_implementation': 'two_way', 'flex_attention': {'enabled': False, 'backend': 'auto', 'mask': {'attention_scope': 'all_views'}}, 'natten_parameter_list': None, 'video_temporal_causal': False, 'causal_training_strategy': 'none', 'lbl': {'method': 'local', 'coeff_und': None, 'coeff_gen': None, '_type': 'cosmos_framework.configs.base.defaults.model_config.LBLConfig'}, 'vision_gen': True, 'action_gen': True, 'max_action_dim': 64, 'num_embodiment_domains': 32, 'sound_gen': False, 'sound_tokenizer': None, 'sound_dim': None, 'sound_latent_fps': 25, 'enable_input_bias': True, 'log_enc_time_every_n': 100, 'exclude_reasoner_weights_from_checkpoint': False, '_type': 'cosmos_framework.configs.base.defaults.model_config.OmniMoTModelConfig'}
[10-01 01:41:49|WARNING|cosmos_framework/model/generator/omni_mot_model.py:150:set_precision] OmniMoTModel: precision torch.bfloat16
This processor does not use the `size` parameter. It will be ignored.
[10-01 01:41:49|INFO|cosmos_framework/data/generator/processors/base.py:131:__init__] Successfully loaded processor from local cache
[10-01 01:41:49|INFO|cosmos_framework/utils/checkpoint_db.py:338:download] Downloading checkpoint Wan2.2/vae(0881efb236a14b38b09121eb228db810)
[10-01 01:41:49|INFO|cosmos_framework/utils/checkpoint_db.py:171:_hf_download] uv run --isolated --project /home/vla/projects/cosmos-framework/cosmos_framework/utils/hf_cli --locked --no-default-groups hf download --format=json Wan-AI/Wan2.2-TI2V-5B --repo-type model --revision 921dbaf3f1674a56f47e83fb80a34bac8a8f203e Wan2.2_VAE.pth
Installed 16 packages in 2ms
[10-01 01:41:51|INFO|cosmos_framework/model/generator/tokenizers/wan2pt2_vae_4x16x16.py:1056:_video_vae] loading /bulk/users/vla/alpamayo2edge/hf-cache/models--Wan-AI--Wan2.2-TI2V-5B/snapshots/921dbaf3f1674a56f47e83fb80a34bac8a8f203e/Wan2.2_VAE.pth
[10-01 01:41:51|INFO|cosmos_framework/utils/timer.py:138:_log] Time spent on OmniMoTModel: set_up_tokenizers: 2.28 s
[10-01 01:41:51|INFO|cosmos_framework/utils/generator/parallelism.py:110:_validate] dp_shard auto-inferred to world_size = 1
[10-01 01:41:51|INFO|cosmos_framework/utils/generator/parallelism.py:124:_validate] dp_replicate is set to -1, will be automatically determined based on world_size 1 // dp_shard 1.
[10-01 01:41:51|INFO|cosmos_framework/utils/generator/parallelism.py:129:_validate] dp_replicate is set to 1.
`torch_dtype` is deprecated! Use `dtype` instead!
[10-01 01:41:51|INFO|cosmos_framework/utils/timer.py:138:_log] Time spent on meta to cuda and broadcast model states: 0.04 s
[10-01 01:41:51|INFO|cosmos_framework/utils/timer.py:138:_log] Time spent on Creating PyTorch model and ema if enabled: 0.11 s
[10-01 01:41:51|INFO|cosmos_framework/utils/timer.py:138:_log] Time spent on OmniMoTModel: set_up_model: 0.11 s
/home/vla/envs/alpamayo2edge/lib/python3.13/site-packages/torch/distributed/checkpoint/utils.py:483: UserWarning: torch.distributed is disabled, unavailable or uninitialized, assuming the intent is to load in a single process.
  return func(*args, **kwargs)
[10-01 01:41:52|INFO|../cosmos-framework/cosmos_framework/model/generator/mot/unified_mot.py:2656:_ensure_vision_tower] Edge vision tower: loading from checkpoint-local bundle /bulk/users/vla/alpamayo2edge/cosmos3-edge/vision_encoder
2026-10-01 01:41:53,785 INFO stage-1 checkpoint: /data/vla/alpamayo2edge/runs/stage1/run-351/best -> /data/vla/alpamayo2edge/runs/stage1/run-351/best
2026-10-01 01:41:54,461 INFO loaded merged student <- /data/vla/alpamayo2edge/runs/stage1/run-351/best
[10-01 01:41:54|INFO|../cosmos-framework/cosmos_framework/utils/generator/lora.py:164:inject_lora_pre_fsdp] Injecting LoRA on meta device: rank=48, alpha=96, targets=['q_proj', 'k_proj', 'v_proj', 'o_proj']
[10-01 01:41:54|INFO|../cosmos-framework/cosmos_framework/utils/generator/lora.py:184:inject_lora_pre_fsdp] LoRA injection successful: 112 modules wrapped, 19,267,584 trainable LoRA params, 2,818,812,416 frozen base params (0.679% trainable)
2026-10-01 01:41:54,598 INFO loaded 224 adapter tensors + 6 stage-1 row tensors <- /data/vla/alpamayo2edge/runs/stage1_rl/rl-run-7-coc-grounded/step-0025
2026-10-01 01:41:54,637 INFO folded 112 adapter modules from /data/vla/alpamayo2edge/runs/stage1_rl/rl-run-7-coc-grounded/step-0025 (step=25) into the AR tower
2026-10-01 01:41:54,860 INFO image processor: Siglip2ImageProcessorCustom (native Cosmos3-Edge port)
2026-10-01 01:41:54,993 INFO bench2drive train: 8040 windows, CoC cache /bulk/users/vla/alpamayo2edge/b2d_cache/coc_rl7s25.jsonl
[10-01 01:41:54|INFO|../cosmos-framework/cosmos_framework/utils/generator/lora.py:164:inject_lora_pre_fsdp] Injecting LoRA on meta device: rank=48, alpha=96, targets=['q_proj', 'k_proj', 'v_proj', 'o_proj']
[10-01 01:41:55|INFO|../cosmos-framework/cosmos_framework/utils/generator/lora.py:184:inject_lora_pre_fsdp] LoRA injection successful: 112 modules wrapped, 19,267,584 trainable LoRA params, 2,818,812,416 frozen base params (0.679% trainable)
2026-10-01 01:41:55,019 INFO LoRA: {'wrapped': 112, 'by_leaf': {'q_proj': 28, 'k_proj': 28, 'v_proj': 28, 'o_proj': 28}, 'lora_params': 19267584, 'example': ['0.self_attn.q_proj', '0.self_attn.k_proj', '0.self_attn.v_proj'], 'full_ft': True, 'fp32_master': True}
2026-10-01 01:41:55,019 INFO trainable 1437.1M [group0(x1.0): 1409.4M, group1(x8.0): 8.5M, group2(x2.0): 19.3M]
2026-10-01 01:41:55,234 INFO image processor: Siglip2ImageProcessorCustom (native Cosmos3-Edge port)
2026-10-01 01:41:55,265 INFO gate: 16 val windows, k=6
/home/vla/projects/alpamayo2edge/src/distill/train_stage2.py:173: UserWarning: Converting a tensor with requires_grad=True to a scalar may lead to unexpected behavior.
Consider using tensor.detach() first. (Triggered internally at /pytorch/torch/csrc/autograd/generated/python_variable_methods.cpp:836.)
  return fm_gt, {"fm_gt": float(fm_gt)}
2026-10-01 01:41:58,826 INFO epoch 0 step 1/2010 loss 2.6062 {'fm_gt': 2.606210470199585}  peak 57.2 GiB
2026-10-01 01:42:01,029 INFO epoch 0 step 2/2010 loss 3.2001 {'fm_gt': 3.200106382369995}  peak 68.0 GiB
2026-10-01 01:42:03,187 INFO epoch 0 step 3/2010 loss 3.8083 {'fm_gt': 3.8083114624023438}  peak 68.0 GiB
2026-10-01 01:42:05,371 INFO epoch 0 step 4/2010 loss 3.9208 {'fm_gt': 3.9208414554595947}  peak 68.0 GiB
2026-10-01 01:42:07,556 INFO epoch 0 step 5/2010 loss 2.3978 {'fm_gt': 2.397817373275757}  peak 68.0 GiB
2026-10-01 01:42:09,716 INFO epoch 0 step 6/2010 loss 2.5931 {'fm_gt': 2.5931289196014404}  peak 68.0 GiB
2026-10-01 01:42:20,270 INFO epoch 0 gate  n=16 k=6: minADE_6 7.448 m  meanADE 10.687  minFDE 18.398  p90 11.021 | CV 5.895 (10 s)
2026-10-01 01:42:20,270 INFO   braked (13): minADE 8.232 vs CV 7.080 | others (3): 4.053 vs 0.761
2026-10-01 01:42:20,270 INFO   by horizon: 1s 0.40 (CV 0.40)  2s 1.20 (CV 1.09)  3s 2.21 (CV 2.04)  4s 3.48 (CV 3.03)
2026-10-01 01:42:20,270 INFO      BlockedIntersection                      n=  2  minADE 4.70  CV 14.83
2026-10-01 01:42:20,270 INFO      VehicleOpensDoorTwoWays                  n=  2  minADE 8.15  CV 9.76
2026-10-01 01:42:20,270 INFO      ConstructionObstacleTwoWays              n=  2  minADE 4.47  CV 0.76
2026-10-01 01:42:20,270 INFO      AccidentTwoWays                          n=  2  minADE 5.18  CV 1.14
2026-10-01 01:42:20,270 INFO      TJunction                                n=  2  minADE 6.37  CV 1.49
2026-10-01 01:42:20,270 INFO      YieldToEmergencyVehicle                  n=  1  minADE 1.34  CV 10.24
2026-10-01 01:42:20,270 INFO      EnterActorFlow                           n=  1  minADE 10.92  CV 5.45
2026-10-01 01:42:20,270 INFO      ConstructionObstacle                     n=  1  minADE 8.95  CV 2.29
2026-10-01 01:42:20,270 INFO      HazardAtSideLane                         n=  1  minADE 18.73  CV 12.80
2026-10-01 01:42:20,270 INFO      HighwayExit                              n=  1  minADE 10.38  CV 4.31
2026-10-01 01:42:20,270 INFO      ParkingCutIn                             n=  1  minADE 11.12  CV 3.28
2026-10-01 01:42:31,873 INFO saved merged student -> /data/vla/alpamayo2edge/runs/stage2/smoke/epoch0 (992 tensors)
2026-10-01 01:42:31,986 INFO saved /data/vla/alpamayo2edge/runs/stage2/smoke/epoch0
2026-10-01 01:42:31,987 INFO best -> epoch0 (val minADE 7.448)
