Job 325 on ProArt, started 2026-09-17T16:40:14+02:00
Submitted from: /home/vla/projects/alpamayo2edge
GPU:            NVIDIA RTX PRO 6000 Blackwell Workstation Edition,NVIDIA RTX 6000 Ada Generation
Commit:         87db6ec
Scratch:        /bulk/scratch/vla/325
----------------------------------------------------------------
   CUDA_VISIBLE_DEVICES = GPU-1e9d88da-6c84-dbf7-f179-fdca7207dae0
   CPUs allocated       = 8
   device 0             = NVIDIA RTX PRO 6000 Blackwell Workstation Edition  95.0 GiB total, 94.4 GiB free
wandb sidecar: run stage1-job325 (pid 52395)
----------------------------------------------------------------
smoke: run_name rl-run-4-perspan-smoke
wandb: [wandb.login()] Loaded credentials for https://api.wandb.ai from /home/vla/.netrc.
INFO:__main__:SMOKE: G=4 prompts=2 steps=2 eval=8
INFO:__main__:cameras: ['camera_cross_left_120fov', 'camera_front_wide_120fov', 'camera_cross_right_120fov', 'camera_front_tele_30fov']
INFO:__main__:reward mode: perspan   route hint: True   coc_temperature: 1.0
wandb: Currently logged in as: karmishthannauth27 (karmishthannauth27-technical-university-of-munich) to https://api.wandb.ai. Use `wandb login --relogin` to force relogin
wandb: setting up run stage1-job325
wandb: Tracking run with wandb version 0.25.0
wandb: Run data is saved locally in /home/vla/projects/alpamayo2edge/wandb/run-20260917_164016-stage1-job325
wandb: Run `wandb offline` to turn off syncing.
wandb: Syncing run stage1-job325
wandb: ⭐️ View project at https://wandb.ai/karmishthannauth27-technical-university-of-munich/alpamayo2edge
wandb: 🚀 View run at https://wandb.ai/karmishthannauth27-technical-university-of-munich/alpamayo2edge/runs/stage1-job325
INFO:megatron.core.msc_utils:The multistorageclient package is available.
/home/vla/envs/alpamayo2edge/lib/python3.13/site-packages/megatron/core/distributed/fsdp/src/megatron_fsdp/utils.py:108: UserWarning: Transformer Engine and Apex are not installed. Falling back to local implementations of multi_tensor_applier and multi_tensor_scale
  warnings.warn(
INFO:megatron.core.distributed.fsdp.src.megatron_fsdp.megatron_fsdp:Detected Megatron Core, using Megatron-FSDP with Megatron.
INFO:megatron.core.distributed.fsdp.src.megatron_fsdp.param_and_grad_buffer:Detected Megatron Core, using Megatron-FSDP with Megatron.
/home/vla/envs/alpamayo2edge/lib/python3.13/site-packages/megatron/core/optimizer/__init__.py:24: UserWarning: Transformer Engine and Apex are not installed. Falling back to Torch optimizers.
  warnings.warn(
/home/vla/envs/alpamayo2edge/lib/python3.13/site-packages/megatron/core/optimizer/optimizer.py:28: UserWarning: Transformer Engine and Apex are not installed. Falling back to local implementations of multi_tensor_applier and multi_tensor_scale
  warnings.warn(
/home/vla/envs/alpamayo2edge/lib/python3.13/site-packages/megatron/core/optimizer/clip_grads.py:29: UserWarning: Transformer Engine and Apex are not installed. Falling back to local implementations of multi_tensor_applier, multi_tensor_l2norm, and multi_tensor_scale
  warnings.warn(
[09-17 16:40:20|INFO|cosmos_framework/model/generator/omni_mot_model.py:124:__init__] OmniMoTModel: config {'tokenizer': {'bucket_name': 'bucket', 'object_store_credential_path_pretrained': 'credentials/gcp_training.secret', 'vae_path': 'pretrained/tokenizers/video/wan2pt2/Wan2.2_VAE.pth', 'chunk_duration': 93, 'keep_decoder_cache': False, 'use_streaming_encode': False, 'encode_chunk_frames': {'256': 68, '480': 24, '720': 8, '768': 8}, 'encode_exact_durations': [17, 61, 73], 'spatial_compression_factor': 16, 'temporal_compression_factor': 4, 'temporal_window': None, 'encode_bucket_multiple': None, 'causal': True, '_target_': 'cosmos_framework.model.generator.tokenizers.wan2pt2_vae_4x16x16.Wan2pt2VAEInterface'}, 'load_vision_tokenizer': True, 'lidar_tokenizer': None, 'lidar_state_ch': None, 'lidar_fps': None, 'net': None, 'ema': {'enabled': False, 'rate': 0.1, 'iteration_shift': 0, '_type': 'cosmos_framework.configs.base.defaults.ema.EMAConfig'}, 'parallelism': {'data_parallel_shard_degree': -1, 'data_parallel_replicate_degree': 1, 'context_parallel_shard_degree': 1, 'cfg_parallel_shard_degree': 1, 'enable_inference_mode': True, 'fsdp_master_dtype': 'float32', 'fsdp_reduce_dtype': None, '_type': 'cosmos_framework.configs.base.defaults.parallelism.ParallelismConfig'}, 'attention_io_layout': 'sequence_sharded', 'compile': {'enabled': False, 'compiled_region': 'language', 'compile_dynamic': True, 'use_cuda_graphs': False, 'ar_post_saturation_mode': 'default', 'max_autotune_pointwise': False, 'coordinate_descent_tuning': False, '_type': 'cosmos_framework.configs.base.defaults.compile.CompileConfig'}, 'quantization': {'method': None, 'fp8_granularity': 'per_row', 'modelopt_fp8_checkpoint_path': None, 'mixed_precision_first_steps': 0, 'mixed_precision_last_steps': 0, 'mixed_precision_reasoner_policy': 'high_precision', 'mixed_precision_w8a16_cache': 'none', 'include_regex': [], 'exclude_regex': [], 'modelopt_fp8_target_fqns': [], '_type': 'cosmos_framework.configs.base.defaults.quantization.QuantizationConfig'}, 'activation_checkpointing': {'mode': 'none', 'preserve_rng_state': True, 'determinism_check': 'default', 'save_ops_regex': ['fmha'], '_type': 'cosmos_framework.configs.base.defaults.activation_checkpointing.ActivationCheckpointingConfig'}, 'precision': 'bfloat16', 'lora_enabled': False, 'lora_rank': 16, 'lora_alpha': 32, 'lora_target_modules': 'q_proj_moe_gen,k_proj_moe_gen,v_proj_moe_gen,o_proj_moe_gen', 'rectified_flow_training_config': {'shift': {'256': 3, '480': 5, '720': 10}, 'shift_image': None, 'use_dynamic_shift': False, 'train_time_image_distribution': 'logitnormal', 'train_time_video_distribution': 'waver', 'train_time_action_distribution': 'logitnormal', 'train_time_sound_distribution': 'logitnormal', 'train_time_weight': 'uniform', 'loss_scale': 10.0, 'image_loss_scale': None, 'sound_loss_scale': 2.0, 'lidar_loss_scale': None, 'use_discrete_rf': False, 'action_loss_weight': 10.0, 'independent_action_schedule': False, 'shift_action': None, 'independent_sound_schedule': False, 'shift_sound': None, 'normalize_loss_by_active': False, 'sample_level_loss_averaging': False, 'high_sigma_ratio': 0.05, 'high_sigma_timesteps_max': 1000, 'high_sigma_timesteps_min': 995, 'use_high_sigma_strategy': False, 'use_high_sigma_strategy_action': False, 'use_high_sigma_strategy_sound': False, '_type': 'cosmos_framework.configs.base.defaults.model_config.RectifiedFlowTrainingConfig'}, 'rectified_flow_inference_config': {'scheduler_type': 'unipc', 'num_train_timesteps': 1000, 'shift': 1, 'use_dynamic_shifting': False, '_type': 'cosmos_framework.configs.base.defaults.model_config.RectifiedFlowInferenceConfig'}, 'fixed_step_sampler_config': None, 'vlm_config': {'model_name': 'nvidia/Cosmos3-Edge-Reasoner', 'safetensors_path': '', 'pretrained_weights': {'enabled': False, 'backbone_path': 's3://bucket/cosmos3/pretrained/huggingface/nvidia/Cosmos3-Edge-Reasoner-590c1c0/', 'credentials_path': 'credentials/gcp_checkpoint.secret', 'enable_gcs_patch_in_boto3': True, 'checkpoint_format': None, '_type': 'cosmos_framework.configs.base.defaults.reasoner.PretrainedWeightsConfig'}, 'model_instance': {'_target_': 'cosmos_framework.model.generator.mot.unified_mot.Nemotron3DenseVLTextForCausalLM', 'config': {'_target_': 'cosmos_framework.configs.base.defaults.reasoner.create_vlm_config', 'base_config': {'_target_': 'cosmos_framework.model.generator.mot.unified_mot.Nemotron3DenseVLMoTConfig.from_json_file', 'json_file': 'cosmos_framework/model/generator/reasoner/nemotron_3_dense_vl/configs/Nemotron-2B-Dense-VL.json'}, 'include_visual': None, 'qk_norm_for_text': False, 'use_und_k_norm_for_gen': True}}, 'tokenizer': {'repository': None, 'revision': None, 'subdir': '', '_target_': 'cosmos_framework.data.generator.processors.build_processor_lazy', 'tokenizer_type': '/bulk/users/vla/alpamayo2edge/cosmos3-edge'}, 'layer_module': None, 'qk_norm': False, 'tie_word_embeddings': False, 'use_system_prompt': False, '_type': 'cosmos_framework.configs.base.defaults.reasoner.VLMConfig'}, 'diffusion_expert_config': {'timestep_range': 1.0, 'load_weights_from_pretrained': False, 'enable_vision_modality_embeddings': False, 'enable_media_modality_embedding': False, 'enable_sound_modality_embedding': True, 'patch_spatial': 2, 'max_vae_latent_side_after_patchify': 20, 'enable_fps_modulation': True, 'base_fps': 24, 'sound_base_temporal_compression_factor': None, 'vision_temporal_position_mode': 'latent_index', 'unified_3d_mrope_reset_spatial_ids': True, 'unified_3d_mrope_temporal_modality_margin': 15000, '_type': 'cosmos_framework.configs.base.defaults.model_config.DiffusionExpertConfig'}, 'input_video_key': 'video', 'input_image_key': 'images', 'input_caption_key': 'ai_caption', 'state_ch': 48, 'state_t': 300, 'latent_downsample_factor': 16, 'resolution': '480', 'max_num_tokens_after_packing': 74000, 'joint_attn_implementation': 'two_way', 'flex_attention': {'enabled': False, 'backend': 'auto', 'mask': {'attention_scope': 'all_views'}}, 'natten_parameter_list': None, 'video_temporal_causal': False, 'causal_training_strategy': 'none', 'lbl': {'method': 'local', 'coeff_und': None, 'coeff_gen': None, '_type': 'cosmos_framework.configs.base.defaults.model_config.LBLConfig'}, 'vision_gen': True, 'action_gen': True, 'max_action_dim': 64, 'num_embodiment_domains': 32, 'sound_gen': False, 'sound_tokenizer': None, 'sound_dim': None, 'sound_latent_fps': 25, 'enable_input_bias': True, 'log_enc_time_every_n': 100, 'exclude_reasoner_weights_from_checkpoint': False, '_type': 'cosmos_framework.configs.base.defaults.model_config.OmniMoTModelConfig'}
[09-17 16:40:20|WARNING|cosmos_framework/model/generator/omni_mot_model.py:150:set_precision] OmniMoTModel: precision torch.bfloat16
This processor does not use the `size` parameter. It will be ignored.
[09-17 16:40:20|INFO|cosmos_framework/data/generator/processors/base.py:131:__init__] Successfully loaded processor from local cache
[09-17 16:40:20|INFO|cosmos_framework/utils/checkpoint_db.py:338:download] Downloading checkpoint Wan2.2/vae(c429e4b81a544c8f872bf3055f22af4e)
[09-17 16:40:20|INFO|cosmos_framework/utils/checkpoint_db.py:171:_hf_download] uv run --isolated --project /home/vla/projects/cosmos-framework/cosmos_framework/utils/hf_cli --locked --no-default-groups hf download --format=json Wan-AI/Wan2.2-TI2V-5B --repo-type model --revision 921dbaf3f1674a56f47e83fb80a34bac8a8f203e Wan2.2_VAE.pth
Installed 16 packages in 2ms
Hint: A new version of huggingface_hub (1.32.0) is available! You are using version 1.25.1.
[09-17 16:40:23|INFO|cosmos_framework/model/generator/tokenizers/wan2pt2_vae_4x16x16.py:1056:_video_vae] loading /bulk/users/vla/alpamayo2edge/hf-cache/models--Wan-AI--Wan2.2-TI2V-5B/snapshots/921dbaf3f1674a56f47e83fb80a34bac8a8f203e/Wan2.2_VAE.pth
[09-17 16:40:23|INFO|cosmos_framework/utils/timer.py:138:_log] Time spent on OmniMoTModel: set_up_tokenizers: 2.68 s
[09-17 16:40:23|INFO|cosmos_framework/utils/generator/parallelism.py:110:_validate] dp_shard auto-inferred to world_size = 1
[09-17 16:40:23|INFO|cosmos_framework/utils/generator/parallelism.py:124:_validate] dp_replicate is set to -1, will be automatically determined based on world_size 1 // dp_shard 1.
[09-17 16:40:23|INFO|cosmos_framework/utils/generator/parallelism.py:129:_validate] dp_replicate is set to 1.
`torch_dtype` is deprecated! Use `dtype` instead!
[09-17 16:40:23|INFO|cosmos_framework/utils/timer.py:138:_log] Time spent on meta to cuda and broadcast model states: 0.05 s
[09-17 16:40:23|INFO|cosmos_framework/utils/timer.py:138:_log] Time spent on Creating PyTorch model and ema if enabled: 0.12 s
[09-17 16:40:23|INFO|cosmos_framework/utils/timer.py:138:_log] Time spent on OmniMoTModel: set_up_model: 0.12 s
/home/vla/envs/alpamayo2edge/lib/python3.13/site-packages/torch/distributed/checkpoint/utils.py:483: UserWarning: torch.distributed is disabled, unavailable or uninitialized, assuming the intent is to load in a single process.
  return func(*args, **kwargs)
[09-17 16:40:25|INFO|../cosmos-framework/cosmos_framework/model/generator/mot/unified_mot.py:2656:_ensure_vision_tower] Edge vision tower: loading from checkpoint-local bundle /bulk/users/vla/alpamayo2edge/cosmos3-edge/vision_encoder
INFO:distill.checkpoint:loaded merged student <- /data/vla/alpamayo2edge/runs/stage1/run-253/best
INFO:__main__:init policy <- /data/vla/alpamayo2edge/runs/stage1/run-253/best (epoch=3 coc_nll=None)
[09-17 16:40:28|INFO|../cosmos-framework/cosmos_framework/utils/generator/lora.py:164:inject_lora_pre_fsdp] Injecting LoRA on meta device: rank=48, alpha=96, targets=['q_proj', 'k_proj', 'v_proj', 'o_proj']
[09-17 16:40:28|INFO|../cosmos-framework/cosmos_framework/utils/generator/lora.py:184:inject_lora_pre_fsdp] LoRA injection successful: 112 modules wrapped, 19,267,584 trainable LoRA params, 2,818,812,416 frozen base params (0.679% trainable)
INFO:__main__:LoRA: {'wrapped': 112, 'by_leaf': {'q_proj': 28, 'k_proj': 28, 'v_proj': 28, 'o_proj': 28}, 'lora_params': 19267584, 'example': ['0.self_attn.q_proj', '0.self_attn.k_proj', '0.self_attn.v_proj']}
INFO:distill.student.context:image processor: Siglip2ImageProcessorCustom (native Cosmos3-Edge port)
INFO:distill.student.context:image processor: Siglip2ImageProcessorCustom (native Cosmos3-Edge port)
INFO:__main__:train prompts: 18954   val eval windows: 8
INFO:distill.data.sampling:maneuver-stratified sampling, alpha=0.50 (D-036):
INFO:distill.data.sampling:   class              n  uniform  effective
INFO:distill.data.sampling:   FOLLOW          6249    33.0%      20.1%
INFO:distill.data.sampling:   KEEP            3942    20.8%      16.0%
INFO:distill.data.sampling:   STOP            2131    11.2%      11.7%
INFO:distill.data.sampling:   NUDGE           1960    10.3%      11.3%
INFO:distill.data.sampling:   ADAPT_SPEED     1870     9.9%      11.0%
INFO:distill.data.sampling:   TURN             626     3.3%       6.4%
INFO:distill.data.sampling:   ACCELERATE       573     3.0%       6.1%
INFO:distill.data.sampling:   SLOW             494     2.6%       5.7%
INFO:distill.data.sampling:   YIELD            451     2.4%       5.4%
INFO:distill.data.sampling:   LANE_CHANGE      382     2.0%       5.0%
INFO:distill.data.sampling:   UNASSIGNED       276     1.5%       1.5%
INFO:__main__:step 0 val: {"n": 8, "traj_ade": 1.3722541679867841, "neg_ade": -1.3722541679867841, "traj_decoded": 1.0, "gt_score": 0.2142857142857143, "gt_consistent": 0.7142857142857143, "gt_false_clear": 0.5, "hazard_ungrounded": 0.0, "direction_ok": 0.0, "maneuver_acc": 0.2857142857142857, "obj_precision": 0.8, "termination": 1.0, "mix": {"KEEP": 3, "STOP": 2, "FOLLOW": 2, "NUDGE": 1}}
/home/vla/projects/alpamayo2edge/src/distill/train_grpo_coc.py:471: UserWarning: Converting a tensor with requires_grad=True to a scalar may lead to unexpected behavior.
Consider using tensor.detach() first. (Triggered internally at /pytorch/torch/csrc/autograd/generated/python_variable_methods.cpp:836.)
  stats["ce"] += float(ce)
INFO:__main__:step 1/2 r_traj -0.267 r_coc 0.781 [ade 2.89 m decoded 1.00 kin +0.31 dir +0.00 haz +0.62 self +0.19] fail 0.00 flat traj/coc 0.00/0.00 kl 0.0000 ce 0.115 |g| 0.59  12s  {'FOLLOW': 3, 'NUDGE': 3, 'KEEP': 2}
INFO:__main__:step 2/2 r_traj -0.221 r_coc 0.844 [ade 1.27 m decoded 1.00 kin +0.75 dir +0.12 haz +0.00 self -0.12] fail 0.00 flat traj/coc 0.00/0.00 kl 0.0003 ce 0.197 |g| 0.81  12s  {'FOLLOW': 3, 'TURN': 2, 'ADAPT_SPEED': 1, 'STOP': 1, 'KEEP': 1}
INFO:__main__:step 2 val: {"n": 8, "traj_ade": 2.409881303029285, "neg_ade": -2.409881303029285, "traj_decoded": 1.0, "gt_score": -0.33333333333333337, "gt_consistent": 0.6666666666666666, "gt_false_clear": 1.0, "hazard_ungrounded": 0.14285714285714285, "direction_ok": 0.0, "maneuver_acc": 0.42857142857142855, "obj_precision": 0.8333333333333334, "termination": 1.0, "mix": {"KEEP": 2, "NUDGE": 2, "FOLLOW": 2, "STOP": 1, "ACCELERATE": 1}}
INFO:__main__:SMOKE OK  peak GPU 53.7 GiB
smoke OK - starting rl-run-4-perspan 2026-09-17T16:41:32+02:00
----------------------------------------------------------------
INFO:__main__:cameras: ['camera_cross_left_120fov', 'camera_front_wide_120fov', 'camera_cross_right_120fov', 'camera_front_tele_30fov']
INFO:__main__:reward mode: perspan   route hint: True   coc_temperature: 1.0
INFO:megatron.core.msc_utils:The multistorageclient package is available.
/home/vla/envs/alpamayo2edge/lib/python3.13/site-packages/megatron/core/distributed/fsdp/src/megatron_fsdp/utils.py:108: UserWarning: Transformer Engine and Apex are not installed. Falling back to local implementations of multi_tensor_applier and multi_tensor_scale
  warnings.warn(
INFO:megatron.core.distributed.fsdp.src.megatron_fsdp.megatron_fsdp:Detected Megatron Core, using Megatron-FSDP with Megatron.
INFO:megatron.core.distributed.fsdp.src.megatron_fsdp.param_and_grad_buffer:Detected Megatron Core, using Megatron-FSDP with Megatron.
/home/vla/envs/alpamayo2edge/lib/python3.13/site-packages/megatron/core/optimizer/__init__.py:24: UserWarning: Transformer Engine and Apex are not installed. Falling back to Torch optimizers.
  warnings.warn(
/home/vla/envs/alpamayo2edge/lib/python3.13/site-packages/megatron/core/optimizer/optimizer.py:28: UserWarning: Transformer Engine and Apex are not installed. Falling back to local implementations of multi_tensor_applier and multi_tensor_scale
  warnings.warn(
/home/vla/envs/alpamayo2edge/lib/python3.13/site-packages/megatron/core/optimizer/clip_grads.py:29: UserWarning: Transformer Engine and Apex are not installed. Falling back to local implementations of multi_tensor_applier, multi_tensor_l2norm, and multi_tensor_scale
  warnings.warn(
[09-17 16:41:36|INFO|cosmos_framework/model/generator/omni_mot_model.py:124:__init__] OmniMoTModel: config {'tokenizer': {'bucket_name': 'bucket', 'object_store_credential_path_pretrained': 'credentials/gcp_training.secret', 'vae_path': 'pretrained/tokenizers/video/wan2pt2/Wan2.2_VAE.pth', 'chunk_duration': 93, 'keep_decoder_cache': False, 'use_streaming_encode': False, 'encode_chunk_frames': {'256': 68, '480': 24, '720': 8, '768': 8}, 'encode_exact_durations': [17, 61, 73], 'spatial_compression_factor': 16, 'temporal_compression_factor': 4, 'temporal_window': None, 'encode_bucket_multiple': None, 'causal': True, '_target_': 'cosmos_framework.model.generator.tokenizers.wan2pt2_vae_4x16x16.Wan2pt2VAEInterface'}, 'load_vision_tokenizer': True, 'lidar_tokenizer': None, 'lidar_state_ch': None, 'lidar_fps': None, 'net': None, 'ema': {'enabled': False, 'rate': 0.1, 'iteration_shift': 0, '_type': 'cosmos_framework.configs.base.defaults.ema.EMAConfig'}, 'parallelism': {'data_parallel_shard_degree': -1, 'data_parallel_replicate_degree': 1, 'context_parallel_shard_degree': 1, 'cfg_parallel_shard_degree': 1, 'enable_inference_mode': True, 'fsdp_master_dtype': 'float32', 'fsdp_reduce_dtype': None, '_type': 'cosmos_framework.configs.base.defaults.parallelism.ParallelismConfig'}, 'attention_io_layout': 'sequence_sharded', 'compile': {'enabled': False, 'compiled_region': 'language', 'compile_dynamic': True, 'use_cuda_graphs': False, 'ar_post_saturation_mode': 'default', 'max_autotune_pointwise': False, 'coordinate_descent_tuning': False, '_type': 'cosmos_framework.configs.base.defaults.compile.CompileConfig'}, 'quantization': {'method': None, 'fp8_granularity': 'per_row', 'modelopt_fp8_checkpoint_path': None, 'mixed_precision_first_steps': 0, 'mixed_precision_last_steps': 0, 'mixed_precision_reasoner_policy': 'high_precision', 'mixed_precision_w8a16_cache': 'none', 'include_regex': [], 'exclude_regex': [], 'modelopt_fp8_target_fqns': [], '_type': 'cosmos_framework.configs.base.defaults.quantization.QuantizationConfig'}, 'activation_checkpointing': {'mode': 'none', 'preserve_rng_state': True, 'determinism_check': 'default', 'save_ops_regex': ['fmha'], '_type': 'cosmos_framework.configs.base.defaults.activation_checkpointing.ActivationCheckpointingConfig'}, 'precision': 'bfloat16', 'lora_enabled': False, 'lora_rank': 16, 'lora_alpha': 32, 'lora_target_modules': 'q_proj_moe_gen,k_proj_moe_gen,v_proj_moe_gen,o_proj_moe_gen', 'rectified_flow_training_config': {'shift': {'256': 3, '480': 5, '720': 10}, 'shift_image': None, 'use_dynamic_shift': False, 'train_time_image_distribution': 'logitnormal', 'train_time_video_distribution': 'waver', 'train_time_action_distribution': 'logitnormal', 'train_time_sound_distribution': 'logitnormal', 'train_time_weight': 'uniform', 'loss_scale': 10.0, 'image_loss_scale': None, 'sound_loss_scale': 2.0, 'lidar_loss_scale': None, 'use_discrete_rf': False, 'action_loss_weight': 10.0, 'independent_action_schedule': False, 'shift_action': None, 'independent_sound_schedule': False, 'shift_sound': None, 'normalize_loss_by_active': False, 'sample_level_loss_averaging': False, 'high_sigma_ratio': 0.05, 'high_sigma_timesteps_max': 1000, 'high_sigma_timesteps_min': 995, 'use_high_sigma_strategy': False, 'use_high_sigma_strategy_action': False, 'use_high_sigma_strategy_sound': False, '_type': 'cosmos_framework.configs.base.defaults.model_config.RectifiedFlowTrainingConfig'}, 'rectified_flow_inference_config': {'scheduler_type': 'unipc', 'num_train_timesteps': 1000, 'shift': 1, 'use_dynamic_shifting': False, '_type': 'cosmos_framework.configs.base.defaults.model_config.RectifiedFlowInferenceConfig'}, 'fixed_step_sampler_config': None, 'vlm_config': {'model_name': 'nvidia/Cosmos3-Edge-Reasoner', 'safetensors_path': '', 'pretrained_weights': {'enabled': False, 'backbone_path': 's3://bucket/cosmos3/pretrained/huggingface/nvidia/Cosmos3-Edge-Reasoner-590c1c0/', 'credentials_path': 'credentials/gcp_checkpoint.secret', 'enable_gcs_patch_in_boto3': True, 'checkpoint_format': None, '_type': 'cosmos_framework.configs.base.defaults.reasoner.PretrainedWeightsConfig'}, 'model_instance': {'_target_': 'cosmos_framework.model.generator.mot.unified_mot.Nemotron3DenseVLTextForCausalLM', 'config': {'_target_': 'cosmos_framework.configs.base.defaults.reasoner.create_vlm_config', 'base_config': {'_target_': 'cosmos_framework.model.generator.mot.unified_mot.Nemotron3DenseVLMoTConfig.from_json_file', 'json_file': 'cosmos_framework/model/generator/reasoner/nemotron_3_dense_vl/configs/Nemotron-2B-Dense-VL.json'}, 'include_visual': None, 'qk_norm_for_text': False, 'use_und_k_norm_for_gen': True}}, 'tokenizer': {'repository': None, 'revision': None, 'subdir': '', '_target_': 'cosmos_framework.data.generator.processors.build_processor_lazy', 'tokenizer_type': '/bulk/users/vla/alpamayo2edge/cosmos3-edge'}, 'layer_module': None, 'qk_norm': False, 'tie_word_embeddings': False, 'use_system_prompt': False, '_type': 'cosmos_framework.configs.base.defaults.reasoner.VLMConfig'}, 'diffusion_expert_config': {'timestep_range': 1.0, 'load_weights_from_pretrained': False, 'enable_vision_modality_embeddings': False, 'enable_media_modality_embedding': False, 'enable_sound_modality_embedding': True, 'patch_spatial': 2, 'max_vae_latent_side_after_patchify': 20, 'enable_fps_modulation': True, 'base_fps': 24, 'sound_base_temporal_compression_factor': None, 'vision_temporal_position_mode': 'latent_index', 'unified_3d_mrope_reset_spatial_ids': True, 'unified_3d_mrope_temporal_modality_margin': 15000, '_type': 'cosmos_framework.configs.base.defaults.model_config.DiffusionExpertConfig'}, 'input_video_key': 'video', 'input_image_key': 'images', 'input_caption_key': 'ai_caption', 'state_ch': 48, 'state_t': 300, 'latent_downsample_factor': 16, 'resolution': '480', 'max_num_tokens_after_packing': 74000, 'joint_attn_implementation': 'two_way', 'flex_attention': {'enabled': False, 'backend': 'auto', 'mask': {'attention_scope': 'all_views'}}, 'natten_parameter_list': None, 'video_temporal_causal': False, 'causal_training_strategy': 'none', 'lbl': {'method': 'local', 'coeff_und': None, 'coeff_gen': None, '_type': 'cosmos_framework.configs.base.defaults.model_config.LBLConfig'}, 'vision_gen': True, 'action_gen': True, 'max_action_dim': 64, 'num_embodiment_domains': 32, 'sound_gen': False, 'sound_tokenizer': None, 'sound_dim': None, 'sound_latent_fps': 25, 'enable_input_bias': True, 'log_enc_time_every_n': 100, 'exclude_reasoner_weights_from_checkpoint': False, '_type': 'cosmos_framework.configs.base.defaults.model_config.OmniMoTModelConfig'}
[09-17 16:41:36|WARNING|cosmos_framework/model/generator/omni_mot_model.py:150:set_precision] OmniMoTModel: precision torch.bfloat16
This processor does not use the `size` parameter. It will be ignored.
[09-17 16:41:36|INFO|cosmos_framework/data/generator/processors/base.py:131:__init__] Successfully loaded processor from local cache
[09-17 16:41:36|INFO|cosmos_framework/utils/checkpoint_db.py:338:download] Downloading checkpoint Wan2.2/vae(15577794901b42fd91e7d4b6d436b0d4)
[09-17 16:41:36|INFO|cosmos_framework/utils/checkpoint_db.py:171:_hf_download] uv run --isolated --project /home/vla/projects/cosmos-framework/cosmos_framework/utils/hf_cli --locked --no-default-groups hf download --format=json Wan-AI/Wan2.2-TI2V-5B --repo-type model --revision 921dbaf3f1674a56f47e83fb80a34bac8a8f203e Wan2.2_VAE.pth
Installed 16 packages in 2ms
[09-17 16:41:38|INFO|cosmos_framework/model/generator/tokenizers/wan2pt2_vae_4x16x16.py:1056:_video_vae] loading /bulk/users/vla/alpamayo2edge/hf-cache/models--Wan-AI--Wan2.2-TI2V-5B/snapshots/921dbaf3f1674a56f47e83fb80a34bac8a8f203e/Wan2.2_VAE.pth
[09-17 16:41:38|INFO|cosmos_framework/utils/timer.py:138:_log] Time spent on OmniMoTModel: set_up_tokenizers: 2.01 s
[09-17 16:41:38|INFO|cosmos_framework/utils/generator/parallelism.py:110:_validate] dp_shard auto-inferred to world_size = 1
[09-17 16:41:38|INFO|cosmos_framework/utils/generator/parallelism.py:124:_validate] dp_replicate is set to -1, will be automatically determined based on world_size 1 // dp_shard 1.
[09-17 16:41:38|INFO|cosmos_framework/utils/generator/parallelism.py:129:_validate] dp_replicate is set to 1.
`torch_dtype` is deprecated! Use `dtype` instead!
[09-17 16:41:38|INFO|cosmos_framework/utils/timer.py:138:_log] Time spent on meta to cuda and broadcast model states: 0.03 s
[09-17 16:41:38|INFO|cosmos_framework/utils/timer.py:138:_log] Time spent on Creating PyTorch model and ema if enabled: 0.11 s
[09-17 16:41:38|INFO|cosmos_framework/utils/timer.py:138:_log] Time spent on OmniMoTModel: set_up_model: 0.11 s
/home/vla/envs/alpamayo2edge/lib/python3.13/site-packages/torch/distributed/checkpoint/utils.py:483: UserWarning: torch.distributed is disabled, unavailable or uninitialized, assuming the intent is to load in a single process.
  return func(*args, **kwargs)
[09-17 16:41:39|INFO|../cosmos-framework/cosmos_framework/model/generator/mot/unified_mot.py:2656:_ensure_vision_tower] Edge vision tower: loading from checkpoint-local bundle /bulk/users/vla/alpamayo2edge/cosmos3-edge/vision_encoder
INFO:distill.checkpoint:loaded merged student <- /data/vla/alpamayo2edge/runs/stage1/run-253/best
INFO:__main__:init policy <- /data/vla/alpamayo2edge/runs/stage1/run-253/best (epoch=3 coc_nll=None)
[09-17 16:41:41|INFO|../cosmos-framework/cosmos_framework/utils/generator/lora.py:164:inject_lora_pre_fsdp] Injecting LoRA on meta device: rank=48, alpha=96, targets=['q_proj', 'k_proj', 'v_proj', 'o_proj']
[09-17 16:41:41|INFO|../cosmos-framework/cosmos_framework/utils/generator/lora.py:184:inject_lora_pre_fsdp] LoRA injection successful: 112 modules wrapped, 19,267,584 trainable LoRA params, 2,818,812,416 frozen base params (0.679% trainable)
INFO:__main__:LoRA: {'wrapped': 112, 'by_leaf': {'q_proj': 28, 'k_proj': 28, 'v_proj': 28, 'o_proj': 28}, 'lora_params': 19267584, 'example': ['0.self_attn.q_proj', '0.self_attn.k_proj', '0.self_attn.v_proj']}
INFO:distill.student.context:image processor: Siglip2ImageProcessorCustom (native Cosmos3-Edge port)
INFO:distill.student.context:image processor: Siglip2ImageProcessorCustom (native Cosmos3-Edge port)
INFO:__main__:train prompts: 18954   val eval windows: 150
INFO:distill.data.sampling:maneuver-stratified sampling, alpha=0.50 (D-036):
INFO:distill.data.sampling:   class              n  uniform  effective
INFO:distill.data.sampling:   FOLLOW          6249    33.0%      20.1%
INFO:distill.data.sampling:   KEEP            3942    20.8%      16.0%
INFO:distill.data.sampling:   STOP            2131    11.2%      11.7%
INFO:distill.data.sampling:   NUDGE           1960    10.3%      11.3%
INFO:distill.data.sampling:   ADAPT_SPEED     1870     9.9%      11.0%
INFO:distill.data.sampling:   TURN             626     3.3%       6.4%
INFO:distill.data.sampling:   ACCELERATE       573     3.0%       6.1%
INFO:distill.data.sampling:   SLOW             494     2.6%       5.7%
INFO:distill.data.sampling:   YIELD            451     2.4%       5.4%
INFO:distill.data.sampling:   LANE_CHANGE      382     2.0%       5.0%
INFO:distill.data.sampling:   UNASSIGNED       276     1.5%       1.5%
INFO:__main__:step 0 val: {"n": 150, "traj_ade": 3.442098638073915, "neg_ade": -3.442098638073915, "traj_decoded": 1.0, "gt_score": 0.6127819548872181, "gt_consistent": 0.7443609022556391, "gt_false_clear": 0.13157894736842105, "hazard_ungrounded": 0.12149532710280374, "direction_ok": 0.11764705882352941, "maneuver_acc": 0.6319444444444444, "obj_precision": 0.8459119496855346, "termination": 1.0, "mix": {"FOLLOW": 52, "KEEP": 32, "STOP": 24, "NUDGE": 14, "ADAPT_SPEED": 10, "LANE_CHANGE": 4, "ACCELERATE": 3, "YIELD": 3, "SLOW": 3, "TURN": 3, "null": 2}}
/home/vla/projects/alpamayo2edge/src/distill/train_grpo_coc.py:471: UserWarning: Converting a tensor with requires_grad=True to a scalar may lead to unexpected behavior.
Consider using tensor.detach() first. (Triggered internally at /pytorch/torch/csrc/autograd/generated/python_variable_methods.cpp:836.)
  stats["ce"] += float(ce)
INFO:__main__:step 1/200 r_traj -0.170 r_coc 1.076 [ade 5.27 m decoded 1.00 kin +0.56 dir -0.09 haz +0.37 self +0.39] fail 0.00 flat traj/coc 0.00/0.12 kl 0.0000 ce 0.128 |g| 0.21  156s  {'KEEP': 42, 'STOP': 23, 'ADAPT_SPEED': 18, 'TURN': 10, 'LANE_CHANGE': 9, 'NUDGE': 8}
INFO:__main__:step 2/200 r_traj -0.231 r_coc 0.338 [ade 2.61 m decoded 1.00 kin -0.14 dir +0.05 haz +0.38 self +0.13] fail 0.00 flat traj/coc 0.00/0.38 kl 0.0002 ce 0.110 |g| 0.17  155s  {'KEEP': 27, 'NUDGE': 26, 'ADAPT_SPEED': 21, 'STOP': 16, 'FOLLOW': 16, 'YIELD': 9}
INFO:__main__:step 3/200 r_traj -0.423 r_coc 0.439 [ade 5.05 m decoded 1.00 kin +0.00 dir -0.14 haz +0.61 self +0.05] fail 0.00 flat traj/coc 0.00/0.00 kl 0.0003 ce 0.156 |g| 0.31  157s  {'FOLLOW': 47, 'KEEP': 33, 'ADAPT_SPEED': 16, 'NUDGE': 12, 'TURN': 7, None: 4}
INFO:__main__:step 4/200 r_traj -0.503 r_coc 0.514 [ade 5.25 m decoded 0.99 kin +0.03 dir +0.12 haz +0.52 self +0.10] fail 0.03 flat traj/coc 0.00/0.00 kl 0.0003 ce 0.220 |g| 0.19  157s  {'ADAPT_SPEED': 30, 'NUDGE': 21, 'FOLLOW': 16, 'YIELD': 15, 'SLOW': 14, 'STOP': 13}
INFO:__main__:step 5/200 r_traj -0.389 r_coc 0.854 [ade 2.80 m decoded 1.00 kin +0.43 dir +0.00 haz +0.60 self -0.06] fail 0.01 flat traj/coc 0.00/0.12 kl 0.0003 ce 0.123 |g| 0.25  157s  {'FOLLOW': 55, 'STOP': 34, 'TURN': 10, 'ACCELERATE': 9, 'SLOW': 8, 'KEEP': 5}
INFO:__main__:step 6/200 r_traj -0.201 r_coc 0.557 [ade 2.45 m decoded 1.00 kin +0.36 dir -0.14 haz +0.04 self +0.18] fail 0.00 flat traj/coc 0.00/0.00 kl 0.0002 ce 0.105 |g| 0.24  156s  {'KEEP': 42, 'ADAPT_SPEED': 32, 'STOP': 17, 'YIELD': 14, 'FOLLOW': 8, 'NUDGE': 7}
INFO:__main__:step 7/200 r_traj -0.125 r_coc 0.523 [ade 1.54 m decoded 1.00 kin +0.23 dir +0.00 haz +0.22 self +0.19] fail 0.02 flat traj/coc 0.00/0.12 kl 0.0003 ce 0.206 |g| 0.24  157s  {'KEEP': 36, 'FOLLOW': 23, 'STOP': 22, 'YIELD': 18, 'SLOW': 8, None: 8}
INFO:__main__:step 8/200 r_traj -0.402 r_coc 0.410 [ade 3.56 m decoded 0.99 kin +0.18 dir -0.06 haz +0.32 self +0.16] fail 0.04 flat traj/coc 0.00/0.12 kl 0.0003 ce 0.242 |g| 0.20  157s  {'ADAPT_SPEED': 36, 'FOLLOW': 31, 'STOP': 22, 'KEEP': 14, None: 9, 'LANE_CHANGE': 6}
INFO:__main__:step 9/200 r_traj -0.325 r_coc 0.926 [ade 4.27 m decoded 1.00 kin +0.41 dir -0.02 haz +0.43 self +0.27] fail 0.01 flat traj/coc 0.00/0.12 kl 0.0003 ce 0.245 |g| 0.27  157s  {'STOP': 49, 'FOLLOW': 22, 'LANE_CHANGE': 18, 'NUDGE': 15, 'KEEP': 15, 'ACCELERATE': 3}
INFO:__main__:step 10/200 r_traj -0.433 r_coc 0.803 [ade 5.65 m decoded 1.00 kin +0.52 dir +0.00 haz +0.04 self +0.16] fail 0.00 flat traj/coc 0.00/0.12 kl 0.0003 ce 0.155 |g| 0.21  157s  {'ADAPT_SPEED': 32, 'FOLLOW': 26, 'STOP': 25, 'NUDGE': 15, 'YIELD': 14, 'TURN': 6}
INFO:__main__:step 11/200 r_traj -0.260 r_coc 0.785 [ade 1.94 m decoded 1.00 kin +0.34 dir -0.06 haz +0.64 self +0.03] fail 0.02 flat traj/coc 0.00/0.38 kl 0.0003 ce 0.145 |g| 0.18  157s  {'KEEP': 29, 'FOLLOW': 26, 'STOP': 21, 'ADAPT_SPEED': 19, 'LANE_CHANGE': 18, None: 5}
INFO:__main__:step 12/200 r_traj -0.425 r_coc 0.043 [ade 3.86 m decoded 1.00 kin -0.16 dir -0.03 haz +0.16 self +0.02] fail 0.00 flat traj/coc 0.00/0.00 kl 0.0003 ce 0.158 |g| 0.24  157s  {'FOLLOW': 64, 'KEEP': 16, 'STOP': 13, 'ACCELERATE': 12, 'NUDGE': 8, 'ADAPT_SPEED': 8}
INFO:__main__:step 13/200 r_traj -0.580 r_coc -0.271 [ade 4.66 m decoded 1.00 kin -0.30 dir -0.04 haz -0.08 self -0.15] fail 0.00 flat traj/coc 0.00/0.12 kl 0.0003 ce 0.194 |g| 0.20  157s  {'STOP': 36, 'FOLLOW': 30, 'NUDGE': 23, 'YIELD': 16, 'ACCELERATE': 8, 'KEEP': 7}
INFO:__main__:step 14/200 r_traj -0.310 r_coc 0.211 [ade 2.70 m decoded 1.00 kin -0.00 dir -0.00 haz +0.09 self +0.05] fail 0.01 flat traj/coc 0.00/0.12 kl 0.0003 ce 0.177 |g| 0.25  156s  {'KEEP': 47, 'FOLLOW': 18, 'SLOW': 16, 'ACCELERATE': 12, 'NUDGE': 10, 'ADAPT_SPEED': 8}
INFO:__main__:step 15/200 r_traj 0.072 r_coc 0.809 [ade 1.35 m decoded 1.00 kin +0.38 dir +0.00 haz +0.07 self +0.47] fail 0.00 flat traj/coc 0.00/0.00 kl 0.0003 ce 0.167 |g| 0.22  157s  {'KEEP': 33, 'FOLLOW': 32, 'STOP': 24, 'SLOW': 19, 'NUDGE': 9, 'ADAPT_SPEED': 7}
INFO:__main__:step 16/200 r_traj -0.398 r_coc 0.354 [ade 3.10 m decoded 1.00 kin +0.05 dir -0.04 haz +0.37 self -0.03] fail 0.02 flat traj/coc 0.00/0.00 kl 0.0003 ce 0.194 |g| 0.28  158s  {'FOLLOW': 51, 'KEEP': 28, 'ACCELERATE': 20, 'STOP': 19, None: 3, 'LANE_CHANGE': 3}
INFO:__main__:step 17/200 r_traj -0.280 r_coc 0.143 [ade 2.84 m decoded 1.00 kin +0.12 dir -0.02 haz -0.22 self +0.05] fail 0.00 flat traj/coc 0.00/0.12 kl 0.0003 ce 0.135 |g| 0.22  156s  {'NUDGE': 39, 'KEEP': 36, 'FOLLOW': 15, 'ACCELERATE': 13, 'ADAPT_SPEED': 11, 'STOP': 5}
INFO:__main__:step 18/200 r_traj -0.272 r_coc 0.312 [ade 4.68 m decoded 1.00 kin +0.04 dir +0.06 haz -0.21 self +0.38] fail 0.00 flat traj/coc 0.00/0.00 kl 0.0003 ce 0.188 |g| 0.19  156s  {'STOP': 27, 'FOLLOW': 19, 'NUDGE': 16, None: 15, 'ACCELERATE': 12, 'KEEP': 12}
INFO:__main__:step 19/200 r_traj -0.415 r_coc 0.324 [ade 2.90 m decoded 1.00 kin -0.07 dir -0.00 haz +0.62 self -0.15] fail 0.01 flat traj/coc 0.00/0.12 kl 0.0003 ce 0.117 |g| 0.18  157s  {'FOLLOW': 35, 'STOP': 29, 'ADAPT_SPEED': 27, 'NUDGE': 17, 'KEEP': 12, 'ACCELERATE': 3}
INFO:__main__:step 20/200 r_traj -0.128 r_coc 0.006 [ade 1.66 m decoded 0.99 kin +0.06 dir -0.27 haz -0.37 self +0.21] fail 0.02 flat traj/coc 0.00/0.12 kl 0.0003 ce 0.060 |g| 0.37  155s  {'NUDGE': 45, 'KEEP': 35, 'LANE_CHANGE': 18, 'ACCELERATE': 13, None: 7, 'FOLLOW': 5}
INFO:__main__:step 21/200 r_traj -0.452 r_coc 0.604 [ade 4.07 m decoded 1.00 kin +0.16 dir +0.12 haz +0.34 self -0.00] fail 0.00 flat traj/coc 0.00/0.38 kl 0.0002 ce 0.147 |g| 0.13  156s  {'KEEP': 54, 'NUDGE': 30, 'STOP': 22, 'FOLLOW': 12, 'ACCELERATE': 10}
INFO:__main__:step 22/200 r_traj -0.491 r_coc 0.193 [ade 4.08 m decoded 1.00 kin -0.12 dir -0.02 haz +0.41 self -0.09] fail 0.00 flat traj/coc 0.00/0.00 kl 0.0004 ce 0.257 |g| 0.22  156s  {'STOP': 68, 'FOLLOW': 24, 'KEEP': 10, 'TURN': 8, 'ADAPT_SPEED': 6, None: 3}
INFO:__main__:step 23/200 r_traj -0.126 r_coc 0.926 [ade 2.51 m decoded 1.00 kin +0.43 dir -0.07 haz +0.30 self +0.34] fail 0.00 flat traj/coc 0.00/0.38 kl 0.0003 ce 0.103 |g| 0.18  159s  {'NUDGE': 43, 'KEEP': 30, 'STOP': 24, 'FOLLOW': 19, 'TURN': 8, 'SLOW': 2}
INFO:__main__:step 24/200 r_traj -0.447 r_coc 0.205 [ade 3.88 m decoded 1.00 kin -0.05 dir -0.08 haz +0.25 self +0.05] fail 0.01 flat traj/coc 0.00/0.00 kl 0.0003 ce 0.163 |g| 0.28  160s  {'ADAPT_SPEED': 31, 'FOLLOW': 25, 'KEEP': 23, 'NUDGE': 18, 'SLOW': 10, 'ACCELERATE': 10}
INFO:__main__:step 25/200 r_traj -0.209 r_coc 0.717 [ade 2.73 m decoded 1.00 kin +0.37 dir +0.00 haz +0.08 self +0.23] fail 0.00 flat traj/coc 0.00/0.25 kl 0.0003 ce 0.130 |g| 0.16  158s  {'KEEP': 40, 'FOLLOW': 38, 'NUDGE': 29, 'YIELD': 9, 'SLOW': 5, 'STOP': 4}
INFO:__main__:step 25 val: {"n": 150, "traj_ade": 3.7300439958052896, "neg_ade": -3.7300439958052896, "traj_decoded": 1.0, "gt_score": 0.4511278195488722, "gt_consistent": 0.7142857142857143, "gt_false_clear": 0.2631578947368421, "hazard_ungrounded": 0.14563106796116504, "direction_ok": 0.11764705882352941, "maneuver_acc": 0.5972222222222222, "obj_precision": 0.8758169934640523, "termination": 1.0, "mix": {"FOLLOW": 51, "KEEP": 34, "STOP": 23, "NUDGE": 15, "ADAPT_SPEED": 10, "TURN": 4, "null": 3, "ACCELERATE": 3, "SLOW": 3, "YIELD": 2, "LANE_CHANGE": 2}}
INFO:distill.checkpoint:saved merged student -> /data/vla/alpamayo2edge/runs/stage1_rl/rl-run-4-perspan/best (992 tensors)
INFO:__main__:  <- new best (val gt_score 0.451), saved
INFO:__main__:step 26/200 r_traj -0.023 r_coc 1.094 [ade 2.10 m decoded 1.00 kin +0.50 dir +0.00 haz +0.31 self +0.50] fail 0.01 flat traj/coc 0.00/0.38 kl 0.0002 ce 0.108 |g| 0.21  159s  {'FOLLOW': 37, 'KEEP': 33, 'STOP': 17, 'YIELD': 17, 'ADAPT_SPEED': 14, 'NUDGE': 5}
INFO:__main__:step 27/200 r_traj -0.327 r_coc 0.146 [ade 2.50 m decoded 1.00 kin +0.04 dir -0.06 haz -0.10 self -0.03] fail 0.00 flat traj/coc 0.00/0.00 kl 0.0003 ce 0.105 |g| 0.20  160s  {'KEEP': 45, 'FOLLOW': 23, 'STOP': 22, 'ADAPT_SPEED': 15, 'YIELD': 14, 'ACCELERATE': 3}
INFO:__main__:step 28/200 r_traj -0.338 r_coc 0.051 [ade 4.27 m decoded 1.00 kin -0.14 dir +0.00 haz +0.02 self +0.14] fail 0.02 flat traj/coc 0.00/0.25 kl 0.0003 ce 0.100 |g| 0.19  160s  {'KEEP': 62, 'NUDGE': 43, 'ADAPT_SPEED': 6, 'FOLLOW': 6, 'YIELD': 5, 'SLOW': 2}
INFO:__main__:step 29/200 r_traj -0.707 r_coc -0.098 [ade 8.64 m decoded 1.00 kin -0.32 dir +0.00 haz +0.30 self -0.16] fail 0.02 flat traj/coc 0.00/0.00 kl 0.0003 ce 0.149 |g| 0.23  161s  {'FOLLOW': 40, 'STOP': 29, 'ADAPT_SPEED': 28, 'KEEP': 11, 'LANE_CHANGE': 8, 'NUDGE': 6}
INFO:__main__:step 30/200 r_traj -0.268 r_coc 0.420 [ade 3.22 m decoded 1.00 kin +0.17 dir -0.13 haz +0.18 self +0.26] fail 0.02 flat traj/coc 0.00/0.00 kl 0.0004 ce 0.237 |g| 0.26  160s  {'KEEP': 34, 'FOLLOW': 31, 'ADAPT_SPEED': 15, 'STOP': 13, 'ACCELERATE': 12, 'TURN': 10}
INFO:__main__:step 31/200 r_traj -0.325 r_coc 0.732 [ade 4.20 m decoded 1.00 kin +0.32 dir -0.01 haz +0.24 self +0.39] fail 0.02 flat traj/coc 0.00/0.00 kl 0.0003 ce 0.212 |g| 0.24  161s  {'YIELD': 29, 'ADAPT_SPEED': 21, 'STOP': 17, 'KEEP': 16, None: 14, 'ACCELERATE': 13}
INFO:__main__:step 32/200 r_traj -0.336 r_coc 0.668 [ade 2.74 m decoded 1.00 kin +0.06 dir -0.01 haz +0.84 self -0.00] fail 0.01 flat traj/coc 0.00/0.00 kl 0.0003 ce 0.144 |g| 0.20  165s  {'FOLLOW': 76, 'STOP': 24, 'SLOW': 14, 'NUDGE': 6, 'LANE_CHANGE': 3, 'ADAPT_SPEED': 2}
INFO:__main__:step 33/200 r_traj -0.066 r_coc 0.467 [ade 1.61 m decoded 1.00 kin +0.28 dir -0.03 haz -0.07 self +0.25] fail 0.00 flat traj/coc 0.00/0.12 kl 0.0003 ce 0.283 |g| 0.23  173s  {'KEEP': 39, 'NUDGE': 23, 'STOP': 21, 'FOLLOW': 21, 'TURN': 8, 'ADAPT_SPEED': 7}
INFO:__main__:step 34/200 r_traj -0.309 r_coc 0.797 [ade 3.66 m decoded 1.00 kin +0.29 dir +0.08 haz +0.42 self +0.25] fail 0.00 flat traj/coc 0.00/0.00 kl 0.0004 ce 0.221 |g| 0.29  189s  {'ADAPT_SPEED': 36, 'KEEP': 32, 'STOP': 17, 'FOLLOW': 16, 'TURN': 13, 'LANE_CHANGE': 4}
INFO:__main__:step 35/200 r_traj -0.304 r_coc 0.225 [ade 2.57 m decoded 1.00 kin +0.10 dir -0.01 haz +0.01 self +0.03] fail 0.01 flat traj/coc 0.00/0.00 kl 0.0003 ce 0.174 |g| 0.23  176s  {'KEEP': 44, 'FOLLOW': 21, 'NUDGE': 19, 'STOP': 17, 'ADAPT_SPEED': 14, 'YIELD': 4}
INFO:__main__:step 36/200 r_traj -0.229 r_coc 0.721 [ade 3.13 m decoded 1.00 kin +0.43 dir +0.02 haz -0.02 self +0.30] fail 0.02 flat traj/coc 0.00/0.12 kl 0.0004 ce 0.138 |g| 0.32  161s  {'KEEP': 51, 'FOLLOW': 25, 'NUDGE': 22, 'TURN': 9, 'ADAPT_SPEED': 7, None: 7}
INFO:__main__:step 37/200 r_traj -0.697 r_coc 0.137 [ade 5.12 m decoded 0.99 kin -0.05 dir +0.02 haz +0.29 self -0.17] fail 0.01 flat traj/coc 0.00/0.00 kl 0.0004 ce 0.192 |g| 0.21  158s  {'STOP': 28, 'NUDGE': 22, 'FOLLOW': 22, 'ACCELERATE': 19, 'TURN': 8, 'ADAPT_SPEED': 7}
INFO:__main__:step 38/200 r_traj -0.705 r_coc -0.045 [ade 5.45 m decoded 0.99 kin -0.10 dir -0.02 haz +0.10 self -0.19] fail 0.02 flat traj/coc 0.00/0.12 kl 0.0004 ce 0.156 |g| 0.27  161s  {'FOLLOW': 34, 'ADAPT_SPEED': 29, 'STOP': 20, 'NUDGE': 13, 'TURN': 13, 'KEEP': 6}
INFO:__main__:step 39/200 r_traj -0.249 r_coc 0.582 [ade 3.76 m decoded 1.00 kin +0.23 dir -0.05 haz +0.30 self +0.22] fail 0.00 flat traj/coc 0.00/0.00 kl 0.0003 ce 0.125 |g| 0.23  160s  {'FOLLOW': 51, 'KEEP': 26, 'ACCELERATE': 14, 'TURN': 12, 'NUDGE': 10, 'YIELD': 6}
INFO:__main__:step 40/200 r_traj -0.270 r_coc 0.479 [ade 2.42 m decoded 0.99 kin +0.19 dir +0.00 haz +0.17 self +0.08] fail 0.01 flat traj/coc 0.00/0.00 kl 0.0004 ce 0.175 |g| 0.18  160s  {'FOLLOW': 44, 'NUDGE': 32, 'YIELD': 22, 'KEEP': 18, 'STOP': 5, 'ACCELERATE': 4}
INFO:__main__:step 41/200 r_traj -0.213 r_coc 0.641 [ade 3.38 m decoded 1.00 kin +0.38 dir -0.07 haz -0.09 self +0.34] fail 0.01 flat traj/coc 0.00/0.12 kl 0.0003 ce 0.086 |g| 0.21  160s  {'KEEP': 48, 'FOLLOW': 35, 'NUDGE': 20, 'ACCELERATE': 15, 'SLOW': 4, 'ADAPT_SPEED': 3}
INFO:__main__:step 42/200 r_traj -0.163 r_coc 0.545 [ade 2.75 m decoded 1.00 kin +0.18 dir -0.06 haz +0.22 self +0.26] fail 0.00 flat traj/coc 0.00/0.00 kl 0.0004 ce 0.103 |g| 0.25  159s  {'KEEP': 57, 'FOLLOW': 18, 'ADAPT_SPEED': 17, 'ACCELERATE': 14, 'NUDGE': 11, 'SLOW': 9}
INFO:__main__:step 43/200 r_traj -0.104 r_coc 0.500 [ade 2.25 m decoded 1.00 kin +0.21 dir -0.06 haz -0.12 self +0.35] fail 0.00 flat traj/coc 0.00/0.00 kl 0.0003 ce 0.166 |g| 0.18  159s  {'KEEP': 51, 'FOLLOW': 23, 'YIELD': 16, 'ADAPT_SPEED': 14, 'ACCELERATE': 10, 'NUDGE': 6}
INFO:__main__:step 44/200 r_traj -0.008 r_coc 0.994 [ade 2.09 m decoded 1.00 kin +0.39 dir -0.06 haz +0.44 self +0.45] fail 0.00 flat traj/coc 0.00/0.12 kl 0.0004 ce 0.186 |g| 0.21  159s  {'KEEP': 58, 'STOP': 33, 'TURN': 15, 'FOLLOW': 10, 'ADAPT_SPEED': 5, 'NUDGE': 4}
INFO:__main__:step 45/200 r_traj -0.363 r_coc 0.139 [ade 3.09 m decoded 0.99 kin -0.05 dir +0.09 haz +0.02 self +0.02] fail 0.02 flat traj/coc 0.00/0.00 kl 0.0004 ce 0.183 |g| 0.26  160s  {'NUDGE': 37, 'KEEP': 25, 'YIELD': 18, 'SLOW': 14, 'FOLLOW': 10, 'TURN': 9}
INFO:__main__:step 46/200 r_traj -0.324 r_coc 0.635 [ade 4.60 m decoded 1.00 kin +0.14 dir -0.05 haz +0.45 self +0.26] fail 0.00 flat traj/coc 0.00/0.12 kl 0.0004 ce 0.109 |g| 0.20  160s  {'FOLLOW': 36, 'KEEP': 28, 'ADAPT_SPEED': 18, 'STOP': 13, 'SLOW': 12, 'ACCELERATE': 10}
INFO:__main__:step 47/200 r_traj -0.164 r_coc 0.723 [ade 2.51 m decoded 1.00 kin +0.12 dir -0.00 haz +0.56 self +0.30] fail 0.01 flat traj/coc 0.00/0.12 kl 0.0004 ce 0.122 |g| 0.26  158s  {'KEEP': 66, 'FOLLOW': 25, 'STOP': 16, 'ACCELERATE': 9, 'ADAPT_SPEED': 3, None: 3}
INFO:__main__:step 48/200 r_traj -0.520 r_coc 0.379 [ade 5.05 m decoded 1.00 kin +0.14 dir -0.02 haz +0.18 self +0.17] fail 0.02 flat traj/coc 0.00/0.12 kl 0.0005 ce 0.238 |g| 0.24  160s  {'NUDGE': 36, 'STOP': 21, 'SLOW': 18, 'ADAPT_SPEED': 18, 'FOLLOW': 16, 'KEEP': 6}
INFO:__main__:step 49/200 r_traj -0.210 r_coc 0.762 [ade 2.17 m decoded 1.00 kin +0.24 dir -0.01 haz +0.59 self +0.12] fail 0.01 flat traj/coc 0.00/0.00 kl 0.0004 ce 0.113 |g| 0.16  159s  {'STOP': 42, 'KEEP': 27, 'NUDGE': 20, 'ACCELERATE': 17, 'ADAPT_SPEED': 8, None: 5}
INFO:__main__:step 50/200 r_traj -0.345 r_coc 0.275 [ade 2.67 m decoded 1.00 kin -0.05 dir +0.04 haz +0.39 self -0.07] fail 0.00 flat traj/coc 0.00/0.00 kl 0.0004 ce 0.163 |g| 0.21  160s  {'FOLLOW': 54, 'ADAPT_SPEED': 24, 'STOP': 18, 'NUDGE': 11, 'ACCELERATE': 6, 'TURN': 6}
INFO:__main__:step 50 val: {"n": 150, "traj_ade": 3.6638982554865676, "neg_ade": -3.6638982554865676, "traj_decoded": 1.0, "gt_score": 0.48779557589626243, "gt_consistent": 0.7246376811594203, "gt_false_clear": 0.23684210526315788, "hazard_ungrounded": 0.13761467889908258, "direction_ok": 0.17647058823529413, "maneuver_acc": 0.6388888888888888, "obj_precision": 0.8379629629629629, "termination": 1.0, "mix": {"FOLLOW": 53, "KEEP": 30, "STOP": 26, "NUDGE": 11, "ADAPT_SPEED": 10, "ACCELERATE": 5, "TURN": 5, "YIELD": 4, "LANE_CHANGE": 3, "SLOW": 2, "null": 1}}
INFO:distill.checkpoint:saved merged student -> /data/vla/alpamayo2edge/runs/stage1_rl/rl-run-4-perspan/best (992 tensors)
INFO:__main__:  <- new best (val gt_score 0.488), saved
INFO:__main__:step 51/200 r_traj -0.355 r_coc 0.992 [ade 4.08 m decoded 1.00 kin +0.50 dir -0.01 haz +0.56 self +0.13] fail 0.02 flat traj/coc 0.00/0.25 kl 0.0004 ce 0.137 |g| 0.18  158s  {'STOP': 42, 'KEEP': 21, 'FOLLOW': 19, 'ADAPT_SPEED': 16, 'NUDGE': 15, 'ACCELERATE': 5}
INFO:__main__:step 52/200 r_traj -0.223 r_coc 0.525 [ade 2.77 m decoded 1.00 kin +0.03 dir -0.00 haz +0.39 self +0.21] fail 0.00 flat traj/coc 0.00/0.38 kl 0.0004 ce 0.058 |g| 0.16  157s  {'KEEP': 86, 'STOP': 17, 'NUDGE': 17, 'ADAPT_SPEED': 3, 'FOLLOW': 3, 'TURN': 1}
INFO:__main__:step 53/200 r_traj -0.226 r_coc 0.963 [ade 3.25 m decoded 1.00 kin +0.45 dir -0.07 haz +0.54 self +0.27] fail 0.02 flat traj/coc 0.00/0.25 kl 0.0004 ce 0.068 |g| 0.24  158s  {'FOLLOW': 49, 'KEEP': 32, 'ADAPT_SPEED': 13, 'STOP': 12, 'TURN': 7, 'SLOW': 6}
INFO:__main__:step 54/200 r_traj -0.438 r_coc 0.586 [ade 5.02 m decoded 0.99 kin +0.21 dir -0.01 haz +0.40 self +0.07] fail 0.01 flat traj/coc 0.00/0.12 kl 0.0005 ce 0.180 |g| 0.22  158s  {'KEEP': 43, 'ADAPT_SPEED': 18, 'SLOW': 17, 'ACCELERATE': 14, 'YIELD': 9, 'TURN': 8}
INFO:__main__:step 55/200 r_traj -0.595 r_coc 0.119 [ade 5.89 m decoded 1.00 kin +0.12 dir -0.09 haz +0.05 self -0.01] fail 0.05 flat traj/coc 0.00/0.12 kl 0.0005 ce 0.227 |g| 0.20  160s  {'ADAPT_SPEED': 33, 'KEEP': 28, 'YIELD': 16, 'TURN': 13, None: 9, 'LANE_CHANGE': 9}
INFO:__main__:step 56/200 r_traj -0.343 r_coc 0.518 [ade 4.11 m decoded 1.00 kin +0.28 dir -0.09 haz +0.08 self +0.17] fail 0.00 flat traj/coc 0.00/0.12 kl 0.0005 ce 0.238 |g| 0.19  158s  {'FOLLOW': 37, 'ADAPT_SPEED': 30, 'STOP': 29, 'KEEP': 15, 'SLOW': 10, 'LANE_CHANGE': 4}
INFO:__main__:step 57/200 r_traj -0.428 r_coc 0.561 [ade 4.06 m decoded 1.00 kin +0.33 dir -0.04 haz +0.14 self +0.15] fail 0.01 flat traj/coc 0.00/0.00 kl 0.0004 ce 0.173 |g| 0.23  159s  {'FOLLOW': 27, 'ADAPT_SPEED': 24, 'STOP': 24, 'YIELD': 19, 'SLOW': 10, None: 6}
INFO:__main__:step 58/200 r_traj -0.387 r_coc 0.199 [ade 3.31 m decoded 1.00 kin -0.11 dir +0.05 haz +0.28 self -0.05] fail 0.01 flat traj/coc 0.00/0.12 kl 0.0005 ce 0.209 |g| 0.23  159s  {'KEEP': 52, 'NUDGE': 21, 'FOLLOW': 16, 'TURN': 11, 'ADAPT_SPEED': 10, 'LANE_CHANGE': 5}
INFO:__main__:step 59/200 r_traj -0.331 r_coc 0.750 [ade 4.28 m decoded 1.00 kin +0.47 dir -0.27 haz +0.24 self +0.17] fail 0.00 flat traj/coc 0.00/0.00 kl 0.0004 ce 0.096 |g| 0.19  159s  {'ADAPT_SPEED': 46, 'FOLLOW': 23, 'KEEP': 18, 'YIELD': 15, 'LANE_CHANGE': 11, 'STOP': 7}
INFO:__main__:step 60/200 r_traj -0.520 r_coc 0.033 [ade 4.73 m decoded 1.00 kin -0.18 dir -0.07 haz +0.42 self -0.04] fail 0.00 flat traj/coc 0.00/0.00 kl 0.0005 ce 0.271 |g| 0.25  159s  {'KEEP': 35, 'FOLLOW': 31, 'TURN': 14, 'ACCELERATE': 14, 'ADAPT_SPEED': 13, 'NUDGE': 9}
INFO:__main__:step 61/200 r_traj -0.416 r_coc 0.410 [ade 3.61 m decoded 1.00 kin +0.07 dir +0.00 haz +0.45 self -0.03] fail 0.01 flat traj/coc 0.00/0.00 kl 0.0005 ce 0.222 |g| 0.22  160s  {'FOLLOW': 48, 'KEEP': 22, 'STOP': 22, 'YIELD': 16, 'ADAPT_SPEED': 12, 'ACCELERATE': 4}
INFO:__main__:step 62/200 r_traj -0.683 r_coc 0.199 [ade 5.00 m decoded 0.99 kin +0.14 dir +0.03 haz +0.31 self -0.11] fail 0.09 flat traj/coc 0.00/0.12 kl 0.0005 ce 0.173 |g| 0.28  160s  {'FOLLOW': 40, 'KEEP': 39, 'STOP': 21, None: 17, 'LANE_CHANGE': 6, 'ACCELERATE': 2}
INFO:__main__:step 63/200 r_traj -0.595 r_coc 0.314 [ade 3.64 m decoded 1.00 kin +0.14 dir +0.06 haz +0.30 self -0.33] fail 0.01 flat traj/coc 0.00/0.12 kl 0.0005 ce 0.303 |g| 0.28  160s  {'TURN': 29, 'ADAPT_SPEED': 25, 'FOLLOW': 18, 'KEEP': 18, 'SLOW': 17, 'NUDGE': 16}
INFO:__main__:step 64/200 r_traj -0.497 r_coc 0.170 [ade 3.81 m decoded 1.00 kin -0.12 dir -0.06 haz +0.31 self -0.07] fail 0.00 flat traj/coc 0.00/0.00 kl 0.0004 ce 0.171 |g| 0.18  158s  {'STOP': 41, 'NUDGE': 23, 'KEEP': 17, 'YIELD': 16, 'SLOW': 16, 'FOLLOW': 13}
INFO:__main__:step 65/200 r_traj -0.525 r_coc 0.016 [ade 4.14 m decoded 0.98 kin +0.01 dir +0.02 haz -0.19 self -0.09] fail 0.02 flat traj/coc 0.00/0.12 kl 0.0004 ce 0.236 |g| 0.24  159s  {'FOLLOW': 45, 'NUDGE': 33, 'SLOW': 18, 'KEEP': 11, 'TURN': 10, None: 4}
INFO:__main__:step 66/200 r_traj -0.320 r_coc 0.928 [ade 4.01 m decoded 1.00 kin +0.44 dir -0.10 haz +0.52 self +0.12] fail 0.00 flat traj/coc 0.00/0.00 kl 0.0005 ce 0.105 |g| 0.20  158s  {'FOLLOW': 42, 'KEEP': 42, 'NUDGE': 17, 'STOP': 16, 'ADAPT_SPEED': 4, None: 4}
INFO:__main__:step 67/200 r_traj -0.233 r_coc 0.428 [ade 2.07 m decoded 1.00 kin +0.27 dir -0.15 haz +0.07 self +0.05] fail 0.00 flat traj/coc 0.00/0.12 kl 0.0005 ce 0.126 |g| 0.25  159s  {'FOLLOW': 33, 'STOP': 30, 'ADAPT_SPEED': 16, 'SLOW': 15, 'KEEP': 12, 'NUDGE': 8}
INFO:__main__:step 68/200 r_traj -0.222 r_coc 0.410 [ade 3.23 m decoded 1.00 kin +0.18 dir -0.09 haz -0.07 self +0.33] fail 0.00 flat traj/coc 0.00/0.00 kl 0.0004 ce 0.230 |g| 0.26  158s  {'KEEP': 45, 'FOLLOW': 34, 'STOP': 20, 'NUDGE': 10, 'ADAPT_SPEED': 9, 'LANE_CHANGE': 5}
INFO:__main__:step 69/200 r_traj -0.036 r_coc 0.842 [ade 1.61 m decoded 1.00 kin +0.47 dir -0.08 haz +0.20 self +0.33] fail 0.00 flat traj/coc 0.00/0.12 kl 0.0004 ce 0.219 |g| 0.17  158s  {'FOLLOW': 50, 'KEEP': 25, 'LANE_CHANGE': 20, 'STOP': 16, 'ACCELERATE': 14, 'ADAPT_SPEED': 1}
INFO:__main__:step 70/200 r_traj -0.208 r_coc 0.848 [ade 3.86 m decoded 1.00 kin +0.46 dir -0.12 haz +0.25 self +0.38] fail 0.00 flat traj/coc 0.00/0.12 kl 0.0006 ce 0.181 |g| 0.25  168s  {'STOP': 31, 'KEEP': 31, 'FOLLOW': 30, 'LANE_CHANGE': 11, 'YIELD': 11, 'ADAPT_SPEED': 6}
INFO:__main__:step 71/200 r_traj -0.320 r_coc 0.762 [ade 5.18 m decoded 1.00 kin +0.28 dir -0.04 haz +0.44 self +0.23] fail 0.00 flat traj/coc 0.00/0.25 kl 0.0006 ce 0.178 |g| 0.19  166s  {'YIELD': 24, 'KEEP': 23, 'ADAPT_SPEED': 21, 'NUDGE': 18, 'STOP': 11, 'SLOW': 9}
INFO:__main__:step 72/200 r_traj -0.415 r_coc 0.643 [ade 3.54 m decoded 1.00 kin +0.17 dir -0.01 haz +0.66 self -0.03] fail 0.01 flat traj/coc 0.00/0.00 kl 0.0005 ce 0.125 |g| 0.21  160s  {'YIELD': 39, 'FOLLOW': 32, 'KEEP': 16, 'ACCELERATE': 14, 'STOP': 9, 'TURN': 5}
INFO:__main__:step 73/200 r_traj -0.103 r_coc 1.123 [ade 2.75 m decoded 1.00 kin +0.49 dir -0.00 haz +0.55 self +0.43] fail 0.00 flat traj/coc 0.00/0.12 kl 0.0005 ce 0.182 |g| 0.21  158s  {'FOLLOW': 37, 'STOP': 27, 'KEEP': 19, 'ADAPT_SPEED': 13, 'ACCELERATE': 10, 'YIELD': 8}
INFO:__main__:step 74/200 r_traj -0.488 r_coc -0.062 [ade 4.15 m decoded 1.00 kin -0.11 dir +0.01 haz -0.23 self -0.02] fail 0.00 flat traj/coc 0.00/0.00 kl 0.0005 ce 0.243 |g| 0.22  168s  {'FOLLOW': 33, 'TURN': 32, 'STOP': 17, 'NUDGE': 15, 'YIELD': 13, 'KEEP': 12}
INFO:__main__:step 75/200 r_traj -0.298 r_coc 0.920 [ade 2.58 m decoded 0.98 kin +0.46 dir -0.22 haz +0.81 self +0.10] fail 0.02 flat traj/coc 0.00/0.00 kl 0.0006 ce 0.146 |g| 0.24  158s  {'STOP': 65, 'ADAPT_SPEED': 16, 'FOLLOW': 16, 'YIELD': 13, None: 6, 'SLOW': 4}
INFO:__main__:step 75 val: {"n": 150, "traj_ade": 3.5859130539467388, "neg_ade": -3.5859130539467388, "traj_decoded": 1.0, "gt_score": 0.46625150662916837, "gt_consistent": 0.7557251908396947, "gt_false_clear": 0.2894736842105263, "hazard_ungrounded": 0.1559633027522936, "direction_ok": 0.17647058823529413, "maneuver_acc": 0.6527777777777778, "obj_precision": 0.8616207951070337, "termination": 1.0, "mix": {"FOLLOW": 53, "KEEP": 33, "STOP": 24, "NUDGE": 16, "ADAPT_SPEED": 9, "ACCELERATE": 5, "TURN": 3, "YIELD": 2, "LANE_CHANGE": 2, "null": 2, "SLOW": 1}}
[2026-09-17T20:25:04.332] error: *** JOB 325 ON ProArt CANCELLED AT 2026-09-17T20:25:04 DUE to SIGNAL Terminated ***
wandb: [wandb.login()] Loaded credentials for https://api.wandb.ai from /home/vla/.netrc.
wandb: Currently logged in as: karmishthannauth27 (karmishthannauth27-technical-university-of-munich) to https://api.wandb.ai. Use `wandb login --relogin` to force relogin
wandb: setting up run stage1-job325
wandb: Tracking run with wandb version 0.25.0
wandb: Run data is saved locally in /home/vla/projects/alpamayo2edge/wandb/run-20260917_202504-stage1-job325
wandb: Run `wandb offline` to turn off syncing.
wandb: Resuming run stage1-job325
wandb: ⭐️ View project at https://wandb.ai/karmishthannauth27-technical-university-of-munich/alpamayo2edge
wandb: 🚀 View run at https://wandb.ai/karmishthannauth27-technical-university-of-munich/alpamayo2edge/runs/stage1-job325
wandb: updating run metadata; uploading summary
wandb: uploading wandb-metadata.json; uploading requirements.txt; uploading wandb-summary.json; uploading config.yaml
INFO:__main__:step 76/200 r_traj -0.300 r_coc 0.320 [ade 2.46 m decoded 1.00 kin -0.15 dir +0.04 haz +0.49 self +0.04] fail 0.01 flat traj/coc 0.00/0.25 kl 0.0005 ce 0.066 |g| 0.22  158s  {'FOLLOW': 45, 'STOP': 39, 'ACCELERATE': 24, 'NUDGE': 12, 'KEEP': 2, 'TURN': 2}
wandb: 🚀 View run stage1-job325 at: https://wandb.ai/karmishthannauth27-technical-university-of-munich/alpamayo2edge/runs/stage1-job325
wandb: ⭐️ View project at: https://wandb.ai/karmishthannauth27-technical-university-of-munich/alpamayo2edge
wandb: Synced 4 W&B file(s), 0 media file(s), 0 artifact file(s) and 0 other file(s)
wandb: Find logs at: ./wandb/run-20260917_202504-stage1-job325/logs
