Job 487 on ProArt, started 2026-09-29T08:11:33+02:00
Commit:         84c82d1
   device 0 = NVIDIA RTX PRO 6000 Blackwell Workstation Edition  95.0 GiB total, 94.4 GiB free
wandb: [wandb.login()] Loaded credentials for https://api.wandb.ai from /home/vla/.netrc.
wandb: Currently logged in as: karmishthannauth27 (karmishthannauth27-technical-university-of-munich) to https://api.wandb.ai. Use `wandb login --relogin` to force relogin
wandb: setting up run sft-run-2-b2d-fullft-b2dnorm-job487
wandb: Tracking run with wandb version 0.25.0
wandb: Run data is saved locally in /home/vla/projects/alpamayo2edge/wandb/run-20260929_081135-sft-run-2-b2d-fullft-b2dnorm-job487
wandb: Run `wandb offline` to turn off syncing.
wandb: Syncing run sft-run-2-b2d-fullft-b2dnorm-job487
wandb: ⭐️ View project at https://wandb.ai/karmishthannauth27-technical-university-of-munich/alpamayo2edge
wandb: 🚀 View run at https://wandb.ai/karmishthannauth27-technical-university-of-munich/alpamayo2edge/runs/sft-run-2-b2d-fullft-b2dnorm-job487
2026-09-29 08:11:36,971 INFO wandb: https://wandb.ai/karmishthannauth27-technical-university-of-munich/alpamayo2edge/runs/sft-run-2-b2d-fullft-b2dnorm-job487
2026-09-29 08:11:39,280 INFO The multistorageclient package is available.
/home/vla/envs/alpamayo2edge/lib/python3.13/site-packages/megatron/core/distributed/fsdp/src/megatron_fsdp/utils.py:108: UserWarning: Transformer Engine and Apex are not installed. Falling back to local implementations of multi_tensor_applier and multi_tensor_scale
  warnings.warn(
2026-09-29 08:11:39,739 INFO Detected Megatron Core, using Megatron-FSDP with Megatron.
2026-09-29 08:11:39,739 INFO Detected Megatron Core, using Megatron-FSDP with Megatron.
/home/vla/envs/alpamayo2edge/lib/python3.13/site-packages/megatron/core/optimizer/__init__.py:24: UserWarning: Transformer Engine and Apex are not installed. Falling back to Torch optimizers.
  warnings.warn(
/home/vla/envs/alpamayo2edge/lib/python3.13/site-packages/megatron/core/optimizer/optimizer.py:28: UserWarning: Transformer Engine and Apex are not installed. Falling back to local implementations of multi_tensor_applier and multi_tensor_scale
  warnings.warn(
/home/vla/envs/alpamayo2edge/lib/python3.13/site-packages/megatron/core/optimizer/clip_grads.py:29: UserWarning: Transformer Engine and Apex are not installed. Falling back to local implementations of multi_tensor_applier, multi_tensor_l2norm, and multi_tensor_scale
  warnings.warn(
[09-29 08:11:40|INFO|cosmos_framework/model/generator/omni_mot_model.py:124:__init__] OmniMoTModel: config {'tokenizer': {'bucket_name': 'bucket', 'object_store_credential_path_pretrained': 'credentials/gcp_training.secret', 'vae_path': 'pretrained/tokenizers/video/wan2pt2/Wan2.2_VAE.pth', 'chunk_duration': 93, 'keep_decoder_cache': False, 'use_streaming_encode': False, 'encode_chunk_frames': {'256': 68, '480': 24, '720': 8, '768': 8}, 'encode_exact_durations': [17, 61, 73], 'spatial_compression_factor': 16, 'temporal_compression_factor': 4, 'temporal_window': None, 'encode_bucket_multiple': None, 'causal': True, '_target_': 'cosmos_framework.model.generator.tokenizers.wan2pt2_vae_4x16x16.Wan2pt2VAEInterface'}, 'load_vision_tokenizer': True, 'lidar_tokenizer': None, 'lidar_state_ch': None, 'lidar_fps': None, 'net': None, 'ema': {'enabled': False, 'rate': 0.1, 'iteration_shift': 0, '_type': 'cosmos_framework.configs.base.defaults.ema.EMAConfig'}, 'parallelism': {'data_parallel_shard_degree': -1, 'data_parallel_replicate_degree': 1, 'context_parallel_shard_degree': 1, 'cfg_parallel_shard_degree': 1, 'enable_inference_mode': True, 'fsdp_master_dtype': 'float32', 'fsdp_reduce_dtype': None, '_type': 'cosmos_framework.configs.base.defaults.parallelism.ParallelismConfig'}, 'attention_io_layout': 'sequence_sharded', 'compile': {'enabled': False, 'compiled_region': 'language', 'compile_dynamic': True, 'use_cuda_graphs': False, 'ar_post_saturation_mode': 'default', 'max_autotune_pointwise': False, 'coordinate_descent_tuning': False, '_type': 'cosmos_framework.configs.base.defaults.compile.CompileConfig'}, 'quantization': {'method': None, 'fp8_granularity': 'per_row', 'modelopt_fp8_checkpoint_path': None, 'mixed_precision_first_steps': 0, 'mixed_precision_last_steps': 0, 'mixed_precision_reasoner_policy': 'high_precision', 'mixed_precision_w8a16_cache': 'none', 'include_regex': [], 'exclude_regex': [], 'modelopt_fp8_target_fqns': [], '_type': 'cosmos_framework.configs.base.defaults.quantization.QuantizationConfig'}, 'activation_checkpointing': {'mode': 'none', 'preserve_rng_state': True, 'determinism_check': 'default', 'save_ops_regex': ['fmha'], '_type': 'cosmos_framework.configs.base.defaults.activation_checkpointing.ActivationCheckpointingConfig'}, 'precision': 'bfloat16', 'lora_enabled': False, 'lora_rank': 16, 'lora_alpha': 32, 'lora_target_modules': 'q_proj_moe_gen,k_proj_moe_gen,v_proj_moe_gen,o_proj_moe_gen', 'rectified_flow_training_config': {'shift': {'256': 3, '480': 5, '720': 10}, 'shift_image': None, 'use_dynamic_shift': False, 'train_time_image_distribution': 'logitnormal', 'train_time_video_distribution': 'waver', 'train_time_action_distribution': 'logitnormal', 'train_time_sound_distribution': 'logitnormal', 'train_time_weight': 'uniform', 'loss_scale': 10.0, 'image_loss_scale': None, 'sound_loss_scale': 2.0, 'lidar_loss_scale': None, 'use_discrete_rf': False, 'action_loss_weight': 10.0, 'independent_action_schedule': False, 'shift_action': None, 'independent_sound_schedule': False, 'shift_sound': None, 'normalize_loss_by_active': False, 'sample_level_loss_averaging': False, 'high_sigma_ratio': 0.05, 'high_sigma_timesteps_max': 1000, 'high_sigma_timesteps_min': 995, 'use_high_sigma_strategy': False, 'use_high_sigma_strategy_action': False, 'use_high_sigma_strategy_sound': False, '_type': 'cosmos_framework.configs.base.defaults.model_config.RectifiedFlowTrainingConfig'}, 'rectified_flow_inference_config': {'scheduler_type': 'unipc', 'num_train_timesteps': 1000, 'shift': 1, 'use_dynamic_shifting': False, '_type': 'cosmos_framework.configs.base.defaults.model_config.RectifiedFlowInferenceConfig'}, 'fixed_step_sampler_config': None, 'vlm_config': {'model_name': 'nvidia/Cosmos3-Edge-Reasoner', 'safetensors_path': '', 'pretrained_weights': {'enabled': False, 'backbone_path': 's3://bucket/cosmos3/pretrained/huggingface/nvidia/Cosmos3-Edge-Reasoner-590c1c0/', 'credentials_path': 'credentials/gcp_checkpoint.secret', 'enable_gcs_patch_in_boto3': True, 'checkpoint_format': None, '_type': 'cosmos_framework.configs.base.defaults.reasoner.PretrainedWeightsConfig'}, 'model_instance': {'_target_': 'cosmos_framework.model.generator.mot.unified_mot.Nemotron3DenseVLTextForCausalLM', 'config': {'_target_': 'cosmos_framework.configs.base.defaults.reasoner.create_vlm_config', 'base_config': {'_target_': 'cosmos_framework.model.generator.mot.unified_mot.Nemotron3DenseVLMoTConfig.from_json_file', 'json_file': 'cosmos_framework/model/generator/reasoner/nemotron_3_dense_vl/configs/Nemotron-2B-Dense-VL.json'}, 'include_visual': None, 'qk_norm_for_text': False, 'use_und_k_norm_for_gen': True}}, 'tokenizer': {'repository': None, 'revision': None, 'subdir': '', '_target_': 'cosmos_framework.data.generator.processors.build_processor_lazy', 'tokenizer_type': '/bulk/users/vla/alpamayo2edge/cosmos3-edge'}, 'layer_module': None, 'qk_norm': False, 'tie_word_embeddings': False, 'use_system_prompt': False, '_type': 'cosmos_framework.configs.base.defaults.reasoner.VLMConfig'}, 'diffusion_expert_config': {'timestep_range': 1.0, 'load_weights_from_pretrained': False, 'enable_vision_modality_embeddings': False, 'enable_media_modality_embedding': False, 'enable_sound_modality_embedding': True, 'patch_spatial': 2, 'max_vae_latent_side_after_patchify': 20, 'enable_fps_modulation': True, 'base_fps': 24, 'sound_base_temporal_compression_factor': None, 'vision_temporal_position_mode': 'latent_index', 'unified_3d_mrope_reset_spatial_ids': True, 'unified_3d_mrope_temporal_modality_margin': 15000, '_type': 'cosmos_framework.configs.base.defaults.model_config.DiffusionExpertConfig'}, 'input_video_key': 'video', 'input_image_key': 'images', 'input_caption_key': 'ai_caption', 'state_ch': 48, 'state_t': 300, 'latent_downsample_factor': 16, 'resolution': '480', 'max_num_tokens_after_packing': 74000, 'joint_attn_implementation': 'two_way', 'flex_attention': {'enabled': False, 'backend': 'auto', 'mask': {'attention_scope': 'all_views'}}, 'natten_parameter_list': None, 'video_temporal_causal': False, 'causal_training_strategy': 'none', 'lbl': {'method': 'local', 'coeff_und': None, 'coeff_gen': None, '_type': 'cosmos_framework.configs.base.defaults.model_config.LBLConfig'}, 'vision_gen': True, 'action_gen': True, 'max_action_dim': 64, 'num_embodiment_domains': 32, 'sound_gen': False, 'sound_tokenizer': None, 'sound_dim': None, 'sound_latent_fps': 25, 'enable_input_bias': True, 'log_enc_time_every_n': 100, 'exclude_reasoner_weights_from_checkpoint': False, '_type': 'cosmos_framework.configs.base.defaults.model_config.OmniMoTModelConfig'}
[09-29 08:11:40|WARNING|cosmos_framework/model/generator/omni_mot_model.py:150:set_precision] OmniMoTModel: precision torch.bfloat16
This processor does not use the `size` parameter. It will be ignored.
[09-29 08:11:40|INFO|cosmos_framework/data/generator/processors/base.py:131:__init__] Successfully loaded processor from local cache
[09-29 08:11:41|INFO|cosmos_framework/utils/checkpoint_db.py:338:download] Downloading checkpoint Wan2.2/vae(f83ac368129d4fccaf0015048601e746)
[09-29 08:11:41|INFO|cosmos_framework/utils/checkpoint_db.py:171:_hf_download] uv run --isolated --project /home/vla/projects/cosmos-framework/cosmos_framework/utils/hf_cli --locked --no-default-groups hf download --format=json Wan-AI/Wan2.2-TI2V-5B --repo-type model --revision 921dbaf3f1674a56f47e83fb80a34bac8a8f203e Wan2.2_VAE.pth
[2mInstalled [1m16 packages[0m [2min 3ms[0m[0m
[09-29 08:11:43|INFO|cosmos_framework/model/generator/tokenizers/wan2pt2_vae_4x16x16.py:1056:_video_vae] loading /bulk/users/vla/alpamayo2edge/hf-cache/models--Wan-AI--Wan2.2-TI2V-5B/snapshots/921dbaf3f1674a56f47e83fb80a34bac8a8f203e/Wan2.2_VAE.pth
[09-29 08:11:43|INFO|cosmos_framework/utils/timer.py:138:_log] Time spent on OmniMoTModel: set_up_tokenizers: 2.82 s
[09-29 08:11:43|INFO|cosmos_framework/utils/generator/parallelism.py:110:_validate] dp_shard auto-inferred to world_size = 1
[09-29 08:11:43|INFO|cosmos_framework/utils/generator/parallelism.py:124:_validate] dp_replicate is set to -1, will be automatically determined based on world_size 1 // dp_shard 1.
[09-29 08:11:43|INFO|cosmos_framework/utils/generator/parallelism.py:129:_validate] dp_replicate is set to 1.
`torch_dtype` is deprecated! Use `dtype` instead!
[09-29 08:11:43|INFO|cosmos_framework/utils/timer.py:138:_log] Time spent on meta to cuda and broadcast model states: 0.03 s
[09-29 08:11:43|INFO|cosmos_framework/utils/timer.py:138:_log] Time spent on Creating PyTorch model and ema if enabled: 0.11 s
[09-29 08:11:43|INFO|cosmos_framework/utils/timer.py:138:_log] Time spent on OmniMoTModel: set_up_model: 0.11 s
/home/vla/envs/alpamayo2edge/lib/python3.13/site-packages/torch/distributed/checkpoint/utils.py:483: UserWarning: torch.distributed is disabled, unavailable or uninitialized, assuming the intent is to load in a single process.
  return func(*args, **kwargs)
[09-29 08:11:44|INFO|../cosmos-framework/cosmos_framework/model/generator/mot/unified_mot.py:2656:_ensure_vision_tower] Edge vision tower: loading from checkpoint-local bundle /bulk/users/vla/alpamayo2edge/cosmos3-edge/vision_encoder
2026-09-29 08:11:46,625 INFO stage-1 checkpoint: /data/vla/alpamayo2edge/runs/stage1/run-351/best -> /data/vla/alpamayo2edge/runs/stage1/run-351/best
2026-09-29 08:11:48,860 INFO loaded merged student <- /data/vla/alpamayo2edge/runs/stage1/run-351/best
[09-29 08:11:48|INFO|../cosmos-framework/cosmos_framework/utils/generator/lora.py:164:inject_lora_pre_fsdp] Injecting LoRA on meta device: rank=48, alpha=96, targets=['q_proj', 'k_proj', 'v_proj', 'o_proj']
[09-29 08:11:48|INFO|../cosmos-framework/cosmos_framework/utils/generator/lora.py:184:inject_lora_pre_fsdp] LoRA injection successful: 112 modules wrapped, 19,267,584 trainable LoRA params, 2,818,812,416 frozen base params (0.679% trainable)
2026-09-29 08:11:49,039 INFO loaded 224 adapter tensors + 6 stage-1 row tensors <- /data/vla/alpamayo2edge/runs/stage1_rl/rl-run-7-coc-grounded/step-0025
2026-09-29 08:11:49,084 INFO folded 112 adapter modules from /data/vla/alpamayo2edge/runs/stage1_rl/rl-run-7-coc-grounded/step-0025 (step=25) into the AR tower
2026-09-29 08:11:49,302 INFO image processor: Siglip2ImageProcessorCustom (native Cosmos3-Edge port)
2026-09-29 08:11:49,374 INFO bench2drive train: 8040 windows, CoC cache /bulk/users/vla/alpamayo2edge/b2d_cache/coc_rl7s25.jsonl
2026-09-29 08:11:49,383 INFO LoRA: {'wrapped': 0, 'full_ft': True, 'fp32_master': True}
2026-09-29 08:11:49,383 INFO trainable 1417.9M [group0(x1.0): 1409.4M, group1(x8.0): 8.5M]
2026-09-29 08:11:49,595 INFO image processor: Siglip2ImageProcessorCustom (native Cosmos3-Edge port)
2026-09-29 08:11:49,626 INFO gate: 160 val windows, k=6
/home/vla/projects/alpamayo2edge/src/distill/train_stage2.py:173: UserWarning: Converting a tensor with requires_grad=True to a scalar may lead to unexpected behavior.
Consider using tensor.detach() first. (Triggered internally at /pytorch/torch/csrc/autograd/generated/python_variable_methods.cpp:836.)
  return fm_gt, {"fm_gt": float(fm_gt)}
2026-09-29 08:16:01,792 INFO epoch 0 step 20/2016 loss 1.2098 {'fm_gt': 1.2098191976547241}  peak 37.5 GiB
2026-09-29 08:20:14,034 INFO epoch 0 step 40/2016 loss 0.4288 {'fm_gt': 0.4288451671600342}  peak 37.5 GiB
2026-09-29 08:24:26,402 INFO epoch 0 step 60/2016 loss 1.1737 {'fm_gt': 1.173688530921936}  peak 37.5 GiB
2026-09-29 08:28:38,167 INFO epoch 0 step 80/2016 loss 0.5164 {'fm_gt': 0.5164334774017334}  peak 37.5 GiB
2026-09-29 08:32:50,001 INFO epoch 0 step 100/2016 loss 0.7238 {'fm_gt': 0.7237755060195923}  peak 37.5 GiB
2026-09-29 08:37:01,560 INFO epoch 0 step 120/2016 loss 0.6035 {'fm_gt': 0.6035325527191162}  peak 37.5 GiB
2026-09-29 08:41:13,053 INFO epoch 0 step 140/2016 loss 0.6571 {'fm_gt': 0.6571396589279175}  peak 37.5 GiB
2026-09-29 08:45:24,757 INFO epoch 0 step 160/2016 loss 0.4553 {'fm_gt': 0.45532605051994324}  peak 37.5 GiB
2026-09-29 08:49:36,801 INFO epoch 0 step 180/2016 loss 0.4704 {'fm_gt': 0.4703720808029175}  peak 37.5 GiB
2026-09-29 08:53:49,246 INFO epoch 0 step 200/2016 loss 0.5214 {'fm_gt': 0.5213814973831177}  peak 37.5 GiB
2026-09-29 08:58:01,137 INFO epoch 0 step 220/2016 loss 0.4672 {'fm_gt': 0.467196524143219}  peak 37.5 GiB
2026-09-29 09:02:13,013 INFO epoch 0 step 240/2016 loss 0.5312 {'fm_gt': 0.5311733484268188}  peak 37.5 GiB
2026-09-29 09:06:13,417 INFO epoch 0 gate  n=160 k=6: minADE_6 3.072 m  meanADE 6.596  minFDE 6.622  p90 6.995 | CV 6.115 (99 s)
2026-09-29 09:06:13,417 INFO   braked (136): minADE 3.376 vs CV 6.681 | others (24): 1.349 vs 2.909
2026-09-29 09:06:13,417 INFO      AccidentTwoWays                          n= 17  minADE 1.91  CV 5.23
2026-09-29 09:06:13,417 INFO      ParkedObstacle                           n= 13  minADE 2.80  CV 4.58
2026-09-29 09:06:13,417 INFO      ConstructionObstacleTwoWays              n=  9  minADE 2.91  CV 3.62
2026-09-29 09:06:13,417 INFO      TJunction                                n=  8  minADE 1.90  CV 2.56
2026-09-29 09:06:13,418 INFO      ParkingCutIn                             n=  8  minADE 2.90  CV 3.62
2026-09-29 09:06:13,418 INFO      HazardAtSideLane                         n=  7  minADE 4.36  CV 6.64
2026-09-29 09:06:13,418 INFO      ParkingExit                              n=  7  minADE 1.81  CV 6.02
2026-09-29 09:06:13,418 INFO      HardBreakRoute                           n=  7  minADE 1.85  CV 2.96
2026-09-29 09:06:13,418 INFO      VanillaSignalizedTurnEncounterGreenLight n=  7  minADE 1.62  CV 3.25
2026-09-29 09:06:13,418 INFO      BlockedIntersection                      n=  5  minADE 3.27  CV 7.46
2026-09-29 09:06:13,418 INFO      YieldToEmergencyVehicle                  n=  4  minADE 4.58  CV 8.20
2026-09-29 09:06:13,418 INFO      ConstructionObstacle                     n=  4  minADE 2.91  CV 3.97
2026-09-29 09:06:18,803 INFO saved merged student -> /data/vla/alpamayo2edge/runs/stage2/sft-run-2-b2d-fullft-b2dnorm/epoch0 (992 tensors)
2026-09-29 09:06:19,064 INFO saved /data/vla/alpamayo2edge/runs/stage2/sft-run-2-b2d-fullft-b2dnorm/epoch0
2026-09-29 09:06:19,065 INFO best -> epoch0 (val minADE 3.072)
2026-09-29 09:08:14,180 INFO epoch 1 step 260/2016 loss 0.6687 {'fm_gt': 0.668692946434021}  peak 41.0 GiB
2026-09-29 09:12:26,483 INFO epoch 1 step 280/2016 loss 0.6846 {'fm_gt': 0.6845700740814209}  peak 41.0 GiB
2026-09-29 09:16:38,392 INFO epoch 1 step 300/2016 loss 0.4500 {'fm_gt': 0.4499889016151428}  peak 41.0 GiB
2026-09-29 09:20:50,281 INFO epoch 1 step 320/2016 loss 0.4295 {'fm_gt': 0.4294506311416626}  peak 41.0 GiB
2026-09-29 09:25:02,103 INFO epoch 1 step 340/2016 loss 0.7220 {'fm_gt': 0.7220276594161987}  peak 41.0 GiB
2026-09-29 09:29:14,290 INFO epoch 1 step 360/2016 loss 0.5582 {'fm_gt': 0.5581859946250916}  peak 41.0 GiB
2026-09-29 09:33:26,206 INFO epoch 1 step 380/2016 loss 0.5982 {'fm_gt': 0.5982194542884827}  peak 41.0 GiB
2026-09-29 09:37:38,332 INFO epoch 1 step 400/2016 loss 0.8844 {'fm_gt': 0.8843503594398499}  peak 41.0 GiB
2026-09-29 09:41:50,463 INFO epoch 1 step 420/2016 loss 0.5106 {'fm_gt': 0.5106222629547119}  peak 41.0 GiB
2026-09-29 09:46:02,787 INFO epoch 1 step 440/2016 loss 0.6000 {'fm_gt': 0.5999734401702881}  peak 41.0 GiB
2026-09-29 09:50:15,067 INFO epoch 1 step 460/2016 loss 0.4261 {'fm_gt': 0.42610567808151245}  peak 41.0 GiB
2026-09-29 09:54:26,967 INFO epoch 1 step 480/2016 loss 0.2555 {'fm_gt': 0.25551122426986694}  peak 41.0 GiB
2026-09-29 09:58:38,655 INFO epoch 1 step 500/2016 loss 0.7394 {'fm_gt': 0.739416241645813}  peak 41.0 GiB
2026-09-29 10:00:46,006 INFO epoch 1 gate  n=160 k=6: minADE_6 2.701 m  meanADE 6.065  minFDE 5.322  p90 5.559 | CV 6.115 (99 s)
2026-09-29 10:00:46,007 INFO   braked (136): minADE 2.959 vs CV 6.681 | others (24): 1.236 vs 2.909
2026-09-29 10:00:46,007 INFO      AccidentTwoWays                          n= 17  minADE 2.06  CV 5.23
2026-09-29 10:00:46,007 INFO      ParkedObstacle                           n= 13  minADE 1.43  CV 4.58
2026-09-29 10:00:46,007 INFO      ConstructionObstacleTwoWays              n=  9  minADE 0.89  CV 3.62
2026-09-29 10:00:46,007 INFO      TJunction                                n=  8  minADE 2.18  CV 2.56
2026-09-29 10:00:46,007 INFO      ParkingCutIn                             n=  8  minADE 1.93  CV 3.62
2026-09-29 10:00:46,007 INFO      HazardAtSideLane                         n=  7  minADE 3.62  CV 6.64
2026-09-29 10:00:46,007 INFO      ParkingExit                              n=  7  minADE 2.85  CV 6.02
2026-09-29 10:00:46,007 INFO      HardBreakRoute                           n=  7  minADE 2.02  CV 2.96
2026-09-29 10:00:46,008 INFO      VanillaSignalizedTurnEncounterGreenLight n=  7  minADE 0.80  CV 3.25
2026-09-29 10:00:46,008 INFO      BlockedIntersection                      n=  5  minADE 2.34  CV 7.46
2026-09-29 10:00:46,008 INFO      YieldToEmergencyVehicle                  n=  4  minADE 2.95  CV 8.20
2026-09-29 10:00:46,008 INFO      ConstructionObstacle                     n=  4  minADE 3.68  CV 3.97
2026-09-29 10:00:50,727 INFO saved merged student -> /data/vla/alpamayo2edge/runs/stage2/sft-run-2-b2d-fullft-b2dnorm/epoch1 (992 tensors)
2026-09-29 10:00:50,925 INFO saved /data/vla/alpamayo2edge/runs/stage2/sft-run-2-b2d-fullft-b2dnorm/epoch1
2026-09-29 10:00:50,926 INFO best -> epoch1 (val minADE 2.701)
2026-09-29 10:04:39,521 INFO epoch 2 step 520/2016 loss 0.5645 {'fm_gt': 0.5645390748977661}  peak 41.0 GiB
2026-09-29 10:08:51,670 INFO epoch 2 step 540/2016 loss 0.4231 {'fm_gt': 0.4231034219264984}  peak 41.0 GiB
2026-09-29 10:13:03,429 INFO epoch 2 step 560/2016 loss 0.3851 {'fm_gt': 0.38513481616973877}  peak 41.0 GiB
2026-09-29 10:17:15,208 INFO epoch 2 step 580/2016 loss 0.3033 {'fm_gt': 0.3032817542552948}  peak 41.0 GiB
2026-09-29 10:21:27,675 INFO epoch 2 step 600/2016 loss 0.3775 {'fm_gt': 0.3775486946105957}  peak 41.0 GiB
2026-09-29 10:25:39,534 INFO epoch 2 step 620/2016 loss 0.4600 {'fm_gt': 0.46001574397087097}  peak 41.0 GiB
2026-09-29 10:29:51,764 INFO epoch 2 step 640/2016 loss 0.2973 {'fm_gt': 0.29731452465057373}  peak 41.0 GiB
2026-09-29 10:34:03,644 INFO epoch 2 step 660/2016 loss 0.4233 {'fm_gt': 0.4233129024505615}  peak 41.0 GiB
2026-09-29 10:38:15,735 INFO epoch 2 step 680/2016 loss 0.5472 {'fm_gt': 0.5471948385238647}  peak 41.0 GiB
2026-09-29 10:42:27,786 INFO epoch 2 step 700/2016 loss 0.4120 {'fm_gt': 0.4119771718978882}  peak 41.0 GiB
2026-09-29 10:46:39,764 INFO epoch 2 step 720/2016 loss 0.5345 {'fm_gt': 0.5344899892807007}  peak 41.0 GiB
2026-09-29 10:50:51,717 INFO epoch 2 step 740/2016 loss 0.4288 {'fm_gt': 0.4288441836833954}  peak 41.0 GiB
2026-09-29 10:55:17,996 INFO epoch 2 gate  n=160 k=6: minADE_6 2.289 m  meanADE 5.086  minFDE 4.825  p90 5.145 | CV 6.115 (99 s)
2026-09-29 10:55:17,996 INFO   braked (136): minADE 2.541 vs CV 6.681 | others (24): 0.856 vs 2.909
2026-09-29 10:55:17,996 INFO      AccidentTwoWays                          n= 17  minADE 2.08  CV 5.23
2026-09-29 10:55:17,997 INFO      ParkedObstacle                           n= 13  minADE 2.63  CV 4.58
2026-09-29 10:55:17,997 INFO      ConstructionObstacleTwoWays              n=  9  minADE 1.13  CV 3.62
2026-09-29 10:55:17,997 INFO      TJunction                                n=  8  minADE 1.87  CV 2.56
2026-09-29 10:55:17,997 INFO      ParkingCutIn                             n=  8  minADE 1.93  CV 3.62
2026-09-29 10:55:17,997 INFO      HazardAtSideLane                         n=  7  minADE 2.79  CV 6.64
2026-09-29 10:55:17,997 INFO      ParkingExit                              n=  7  minADE 1.14  CV 6.02
2026-09-29 10:55:17,997 INFO      HardBreakRoute                           n=  7  minADE 2.24  CV 2.96
2026-09-29 10:55:17,997 INFO      VanillaSignalizedTurnEncounterGreenLight n=  7  minADE 1.37  CV 3.25
2026-09-29 10:55:17,997 INFO      BlockedIntersection                      n=  5  minADE 2.25  CV 7.46
2026-09-29 10:55:17,997 INFO      YieldToEmergencyVehicle                  n=  4  minADE 3.09  CV 8.20
2026-09-29 10:55:17,997 INFO      ConstructionObstacle                     n=  4  minADE 1.77  CV 3.97
2026-09-29 10:55:22,707 INFO saved merged student -> /data/vla/alpamayo2edge/runs/stage2/sft-run-2-b2d-fullft-b2dnorm/epoch2 (992 tensors)
2026-09-29 10:55:22,856 INFO saved /data/vla/alpamayo2edge/runs/stage2/sft-run-2-b2d-fullft-b2dnorm/epoch2
2026-09-29 10:55:22,856 INFO best -> epoch2 (val minADE 2.289)
2026-09-29 10:56:52,609 INFO epoch 3 step 760/2016 loss 0.5114 {'fm_gt': 0.5113784074783325}  peak 41.0 GiB
2026-09-29 11:01:04,837 INFO epoch 3 step 780/2016 loss 0.3635 {'fm_gt': 0.3634994328022003}  peak 41.0 GiB
2026-09-29 11:05:16,897 INFO epoch 3 step 800/2016 loss 0.3680 {'fm_gt': 0.3680042028427124}  peak 41.0 GiB
2026-09-29 11:09:28,927 INFO epoch 3 step 820/2016 loss 0.5307 {'fm_gt': 0.5307161808013916}  peak 41.0 GiB
2026-09-29 11:13:41,330 INFO epoch 3 step 840/2016 loss 0.3954 {'fm_gt': 0.3954375088214874}  peak 41.0 GiB
2026-09-29 11:17:53,889 INFO epoch 3 step 860/2016 loss 0.5299 {'fm_gt': 0.5299153327941895}  peak 41.0 GiB
2026-09-29 11:22:06,038 INFO epoch 3 step 880/2016 loss 0.6044 {'fm_gt': 0.6043945550918579}  peak 41.0 GiB
2026-09-29 11:26:17,945 INFO epoch 3 step 900/2016 loss 0.6368 {'fm_gt': 0.6367912888526917}  peak 41.0 GiB
2026-09-29 11:30:30,076 INFO epoch 3 step 920/2016 loss 0.4560 {'fm_gt': 0.45599669218063354}  peak 41.0 GiB
2026-09-29 11:34:42,742 INFO epoch 3 step 940/2016 loss 0.4143 {'fm_gt': 0.4143331050872803}  peak 41.0 GiB
2026-09-29 11:38:54,982 INFO epoch 3 step 960/2016 loss 0.6765 {'fm_gt': 0.6764954924583435}  peak 41.0 GiB
2026-09-29 11:43:07,596 INFO epoch 3 step 980/2016 loss 0.4535 {'fm_gt': 0.453543484210968}  peak 41.0 GiB
2026-09-29 11:47:20,265 INFO epoch 3 step 1000/2016 loss 0.3009 {'fm_gt': 0.3009275197982788}  peak 41.0 GiB
2026-09-29 11:49:53,343 INFO epoch 3 gate  n=160 k=6: minADE_6 2.172 m  meanADE 4.766  minFDE 4.433  p90 4.739 | CV 6.115 (100 s)
2026-09-29 11:49:53,343 INFO   braked (136): minADE 2.399 vs CV 6.681 | others (24): 0.882 vs 2.909
2026-09-29 11:49:53,343 INFO      AccidentTwoWays                          n= 17  minADE 1.45  CV 5.23
2026-09-29 11:49:53,343 INFO      ParkedObstacle                           n= 13  minADE 2.38  CV 4.58
2026-09-29 11:49:53,343 INFO      ConstructionObstacleTwoWays              n=  9  minADE 0.89  CV 3.62
2026-09-29 11:49:53,343 INFO      TJunction                                n=  8  minADE 1.54  CV 2.56
2026-09-29 11:49:53,344 INFO      ParkingCutIn                             n=  8  minADE 1.72  CV 3.62
2026-09-29 11:49:53,344 INFO      HazardAtSideLane                         n=  7  minADE 4.85  CV 6.64
2026-09-29 11:49:53,344 INFO      ParkingExit                              n=  7  minADE 1.42  CV 6.02
2026-09-29 11:49:53,344 INFO      HardBreakRoute                           n=  7  minADE 1.62  CV 2.96
2026-09-29 11:49:53,344 INFO      VanillaSignalizedTurnEncounterGreenLight n=  7  minADE 1.79  CV 3.25
2026-09-29 11:49:53,344 INFO      BlockedIntersection                      n=  5  minADE 1.97  CV 7.46
2026-09-29 11:49:53,344 INFO      YieldToEmergencyVehicle                  n=  4  minADE 2.35  CV 8.20
2026-09-29 11:49:53,344 INFO      ConstructionObstacle                     n=  4  minADE 1.95  CV 3.97
2026-09-29 11:49:58,467 INFO saved merged student -> /data/vla/alpamayo2edge/runs/stage2/sft-run-2-b2d-fullft-b2dnorm/epoch3 (992 tensors)
2026-09-29 11:49:58,604 INFO saved /data/vla/alpamayo2edge/runs/stage2/sft-run-2-b2d-fullft-b2dnorm/epoch3
2026-09-29 11:49:58,605 INFO best -> epoch3 (val minADE 2.172)
2026-09-29 11:53:22,243 INFO epoch 4 step 1020/2016 loss 0.4398 {'fm_gt': 0.43982213735580444}  peak 41.0 GiB
2026-09-29 11:57:34,268 INFO epoch 4 step 1040/2016 loss 0.3271 {'fm_gt': 0.32711413502693176}  peak 41.0 GiB
2026-09-29 12:01:46,559 INFO epoch 4 step 1060/2016 loss 0.4490 {'fm_gt': 0.44899868965148926}  peak 41.0 GiB
2026-09-29 12:05:58,676 INFO epoch 4 step 1080/2016 loss 0.4184 {'fm_gt': 0.4184216856956482}  peak 41.0 GiB
2026-09-29 12:10:12,464 INFO epoch 4 step 1100/2016 loss 0.7192 {'fm_gt': 0.7191518545150757}  peak 41.0 GiB
2026-09-29 12:14:24,870 INFO epoch 4 step 1120/2016 loss 0.3245 {'fm_gt': 0.3245179355144501}  peak 41.0 GiB
2026-09-29 12:18:37,478 INFO epoch 4 step 1140/2016 loss 0.4055 {'fm_gt': 0.4054720997810364}  peak 41.0 GiB
2026-09-29 12:22:49,755 INFO epoch 4 step 1160/2016 loss 0.7174 {'fm_gt': 0.7174046039581299}  peak 41.0 GiB
2026-09-29 12:27:01,926 INFO epoch 4 step 1180/2016 loss 0.4416 {'fm_gt': 0.44155412912368774}  peak 41.0 GiB
2026-09-29 12:31:14,059 INFO epoch 4 step 1200/2016 loss 0.3552 {'fm_gt': 0.35520243644714355}  peak 41.0 GiB
2026-09-29 12:35:26,078 INFO epoch 4 step 1220/2016 loss 0.4709 {'fm_gt': 0.47087088227272034}  peak 41.0 GiB
2026-09-29 12:39:37,729 INFO epoch 4 step 1240/2016 loss 0.3688 {'fm_gt': 0.36884450912475586}  peak 41.0 GiB
2026-09-29 12:44:29,076 INFO epoch 4 gate  n=160 k=6: minADE_6 2.329 m  meanADE 4.484  minFDE 4.599  p90 4.943 | CV 6.115 (100 s)
2026-09-29 12:44:29,076 INFO   braked (136): minADE 2.612 vs CV 6.681 | others (24): 0.725 vs 2.909
2026-09-29 12:44:29,076 INFO      AccidentTwoWays                          n= 17  minADE 1.01  CV 5.23
2026-09-29 12:44:29,076 INFO      ParkedObstacle                           n= 13  minADE 2.53  CV 4.58
2026-09-29 12:44:29,076 INFO      ConstructionObstacleTwoWays              n=  9  minADE 1.94  CV 3.62
2026-09-29 12:44:29,076 INFO      TJunction                                n=  8  minADE 1.86  CV 2.56
2026-09-29 12:44:29,076 INFO      ParkingCutIn                             n=  8  minADE 2.09  CV 3.62
2026-09-29 12:44:29,076 INFO      HazardAtSideLane                         n=  7  minADE 2.31  CV 6.64
2026-09-29 12:44:29,077 INFO      ParkingExit                              n=  7  minADE 1.34  CV 6.02
2026-09-29 12:44:29,077 INFO      HardBreakRoute                           n=  7  minADE 1.03  CV 2.96
2026-09-29 12:44:29,077 INFO      VanillaSignalizedTurnEncounterGreenLight n=  7  minADE 0.98  CV 3.25
2026-09-29 12:44:29,077 INFO      BlockedIntersection                      n=  5  minADE 2.09  CV 7.46
2026-09-29 12:44:29,077 INFO      YieldToEmergencyVehicle                  n=  4  minADE 4.68  CV 8.20
2026-09-29 12:44:29,077 INFO      ConstructionObstacle                     n=  4  minADE 2.01  CV 3.97
2026-09-29 12:44:34,728 INFO saved merged student -> /data/vla/alpamayo2edge/runs/stage2/sft-run-2-b2d-fullft-b2dnorm/epoch4 (992 tensors)
2026-09-29 12:44:34,978 INFO saved /data/vla/alpamayo2edge/runs/stage2/sft-run-2-b2d-fullft-b2dnorm/epoch4
2026-09-29 12:45:40,083 INFO epoch 5 step 1260/2016 loss 0.5317 {'fm_gt': 0.5317221879959106}  peak 41.0 GiB
2026-09-29 12:49:51,965 INFO epoch 5 step 1280/2016 loss 0.3389 {'fm_gt': 0.33888500928878784}  peak 41.0 GiB
2026-09-29 12:54:04,000 INFO epoch 5 step 1300/2016 loss 0.5225 {'fm_gt': 0.522539496421814}  peak 41.0 GiB
2026-09-29 12:58:15,611 INFO epoch 5 step 1320/2016 loss 0.4516 {'fm_gt': 0.45155906677246094}  peak 41.0 GiB
2026-09-29 13:02:27,597 INFO epoch 5 step 1340/2016 loss 0.3305 {'fm_gt': 0.3304813504219055}  peak 41.0 GiB
2026-09-29 13:06:39,703 INFO epoch 5 step 1360/2016 loss 0.3159 {'fm_gt': 0.3158905506134033}  peak 41.0 GiB
2026-09-29 13:10:51,477 INFO epoch 5 step 1380/2016 loss 0.2680 {'fm_gt': 0.2679899334907532}  peak 41.0 GiB
2026-09-29 13:15:03,270 INFO epoch 5 step 1400/2016 loss 0.2782 {'fm_gt': 0.2782403826713562}  peak 41.0 GiB
2026-09-29 13:19:15,165 INFO epoch 5 step 1420/2016 loss 0.3549 {'fm_gt': 0.3548508882522583}  peak 41.0 GiB
2026-09-29 13:23:26,737 INFO epoch 5 step 1440/2016 loss 0.2509 {'fm_gt': 0.2509014308452606}  peak 41.0 GiB
2026-09-29 13:27:38,887 INFO epoch 5 step 1460/2016 loss 0.5356 {'fm_gt': 0.5356093645095825}  peak 41.0 GiB
2026-09-29 13:31:52,143 INFO epoch 5 step 1480/2016 loss 0.5410 {'fm_gt': 0.5410021543502808}  peak 41.0 GiB
2026-09-29 13:36:06,492 INFO epoch 5 step 1500/2016 loss 0.4645 {'fm_gt': 0.46448975801467896}  peak 41.0 GiB
2026-09-29 13:39:04,597 INFO epoch 5 gate  n=160 k=6: minADE_6 1.980 m  meanADE 4.050  minFDE 3.942  p90 3.854 | CV 6.115 (99 s)
2026-09-29 13:39:04,598 INFO   braked (136): minADE 2.128 vs CV 6.681 | others (24): 1.142 vs 2.909
2026-09-29 13:39:04,598 INFO      AccidentTwoWays                          n= 17  minADE 0.69  CV 5.23
2026-09-29 13:39:04,598 INFO      ParkedObstacle                           n= 13  minADE 2.14  CV 4.58
2026-09-29 13:39:04,598 INFO      ConstructionObstacleTwoWays              n=  9  minADE 0.83  CV 3.62
2026-09-29 13:39:04,598 INFO      TJunction                                n=  8  minADE 1.73  CV 2.56
2026-09-29 13:39:04,598 INFO      ParkingCutIn                             n=  8  minADE 1.82  CV 3.62
2026-09-29 13:39:04,598 INFO      HazardAtSideLane                         n=  7  minADE 3.86  CV 6.64
2026-09-29 13:39:04,598 INFO      ParkingExit                              n=  7  minADE 1.20  CV 6.02
2026-09-29 13:39:04,598 INFO      HardBreakRoute                           n=  7  minADE 1.10  CV 2.96
2026-09-29 13:39:04,598 INFO      VanillaSignalizedTurnEncounterGreenLight n=  7  minADE 0.76  CV 3.25
2026-09-29 13:39:04,598 INFO      BlockedIntersection                      n=  5  minADE 1.85  CV 7.46
2026-09-29 13:39:04,598 INFO      YieldToEmergencyVehicle                  n=  4  minADE 4.33  CV 8.20
2026-09-29 13:39:04,599 INFO      ConstructionObstacle                     n=  4  minADE 2.14  CV 3.97
2026-09-29 13:39:10,185 INFO saved merged student -> /data/vla/alpamayo2edge/runs/stage2/sft-run-2-b2d-fullft-b2dnorm/epoch5 (992 tensors)
2026-09-29 13:39:10,460 INFO saved /data/vla/alpamayo2edge/runs/stage2/sft-run-2-b2d-fullft-b2dnorm/epoch5
2026-09-29 13:39:10,461 INFO best -> epoch5 (val minADE 1.980)
2026-09-29 13:42:08,623 INFO epoch 6 step 1520/2016 loss 0.4606 {'fm_gt': 0.4605932831764221}  peak 41.0 GiB
2026-09-29 13:46:22,224 INFO epoch 6 step 1540/2016 loss 0.2383 {'fm_gt': 0.23832587897777557}  peak 41.0 GiB
2026-09-29 13:50:36,374 INFO epoch 6 step 1560/2016 loss 0.4107 {'fm_gt': 0.41072607040405273}  peak 41.0 GiB
2026-09-29 13:54:50,031 INFO epoch 6 step 1580/2016 loss 0.5779 {'fm_gt': 0.5778538584709167}  peak 41.0 GiB
2026-09-29 13:59:04,281 INFO epoch 6 step 1600/2016 loss 0.3102 {'fm_gt': 0.3101540207862854}  peak 41.0 GiB
2026-09-29 14:03:18,259 INFO epoch 6 step 1620/2016 loss 0.4313 {'fm_gt': 0.43128466606140137}  peak 41.0 GiB
2026-09-29 14:07:32,171 INFO epoch 6 step 1640/2016 loss 0.3211 {'fm_gt': 0.32110893726348877}  peak 41.0 GiB
2026-09-29 14:11:46,287 INFO epoch 6 step 1660/2016 loss 0.3295 {'fm_gt': 0.329487681388855}  peak 41.0 GiB
2026-09-29 14:15:59,951 INFO epoch 6 step 1680/2016 loss 0.4331 {'fm_gt': 0.43312543630599976}  peak 41.0 GiB
2026-09-29 14:20:15,639 INFO epoch 6 step 1700/2016 loss 0.4009 {'fm_gt': 0.400880366563797}  peak 41.0 GiB
2026-09-29 14:24:31,916 INFO epoch 6 step 1720/2016 loss 0.3962 {'fm_gt': 0.39615583419799805}  peak 41.0 GiB
2026-09-29 14:28:47,552 INFO epoch 6 step 1740/2016 loss 0.1744 {'fm_gt': 0.17443519830703735}  peak 41.0 GiB
2026-09-29 14:34:09,728 INFO epoch 6 gate  n=160 k=6: minADE_6 1.882 m  meanADE 3.698  minFDE 3.900  p90 3.934 | CV 6.115 (102 s)
2026-09-29 14:34:09,729 INFO   braked (136): minADE 2.009 vs CV 6.681 | others (24): 1.160 vs 2.909
2026-09-29 14:34:09,730 INFO      AccidentTwoWays                          n= 17  minADE 0.80  CV 5.23
2026-09-29 14:34:09,730 INFO      ParkedObstacle                           n= 13  minADE 2.11  CV 4.58
2026-09-29 14:34:09,730 INFO      ConstructionObstacleTwoWays              n=  9  minADE 1.99  CV 3.62
2026-09-29 14:34:09,730 INFO      TJunction                                n=  8  minADE 1.07  CV 2.56
2026-09-29 14:34:09,730 INFO      ParkingCutIn                             n=  8  minADE 1.75  CV 3.62
2026-09-29 14:34:09,730 INFO      HazardAtSideLane                         n=  7  minADE 4.22  CV 6.64
2026-09-29 14:34:09,730 INFO      ParkingExit                              n=  7  minADE 1.12  CV 6.02
2026-09-29 14:34:09,730 INFO      HardBreakRoute                           n=  7  minADE 2.54  CV 2.96
2026-09-29 14:34:09,730 INFO      VanillaSignalizedTurnEncounterGreenLight n=  7  minADE 0.55  CV 3.25
2026-09-29 14:34:09,730 INFO      BlockedIntersection                      n=  5  minADE 2.24  CV 7.46
2026-09-29 14:34:09,730 INFO      YieldToEmergencyVehicle                  n=  4  minADE 2.84  CV 8.20
2026-09-29 14:34:09,730 INFO      ConstructionObstacle                     n=  4  minADE 1.49  CV 3.97
2026-09-29 14:34:21,221 INFO saved merged student -> /data/vla/alpamayo2edge/runs/stage2/sft-run-2-b2d-fullft-b2dnorm/epoch6 (992 tensors)
2026-09-29 14:34:21,611 INFO saved /data/vla/alpamayo2edge/runs/stage2/sft-run-2-b2d-fullft-b2dnorm/epoch6
2026-09-29 14:34:21,612 INFO best -> epoch6 (val minADE 1.882)
2026-09-29 14:35:01,858 INFO epoch 7 step 1760/2016 loss 0.3530 {'fm_gt': 0.35295969247817993}  peak 41.0 GiB
2026-09-29 14:39:17,460 INFO epoch 7 step 1780/2016 loss 0.5098 {'fm_gt': 0.5098246335983276}  peak 41.0 GiB
2026-09-29 14:43:32,248 INFO epoch 7 step 1800/2016 loss 0.1930 {'fm_gt': 0.1930287927389145}  peak 41.0 GiB
2026-09-29 14:47:46,005 INFO epoch 7 step 1820/2016 loss 0.4017 {'fm_gt': 0.40165314078330994}  peak 41.0 GiB
2026-09-29 14:51:59,174 INFO epoch 7 step 1840/2016 loss 0.3577 {'fm_gt': 0.3576504588127136}  peak 41.0 GiB
2026-09-29 14:56:12,797 INFO epoch 7 step 1860/2016 loss 0.4177 {'fm_gt': 0.41774994134902954}  peak 41.0 GiB
2026-09-29 15:00:26,230 INFO epoch 7 step 1880/2016 loss 0.5131 {'fm_gt': 0.5130994319915771}  peak 41.0 GiB
2026-09-29 15:04:39,942 INFO epoch 7 step 1900/2016 loss 0.2850 {'fm_gt': 0.28500017523765564}  peak 41.0 GiB
2026-09-29 15:08:53,755 INFO epoch 7 step 1920/2016 loss 0.4530 {'fm_gt': 0.4529922902584076}  peak 41.0 GiB
2026-09-29 15:13:07,220 INFO epoch 7 step 1940/2016 loss 0.5035 {'fm_gt': 0.503507137298584}  peak 41.0 GiB
2026-09-29 15:17:21,017 INFO epoch 7 step 1960/2016 loss 0.3253 {'fm_gt': 0.32532158493995667}  peak 41.0 GiB
2026-09-29 15:21:34,901 INFO epoch 7 step 1980/2016 loss 0.4005 {'fm_gt': 0.40051043033599854}  peak 41.0 GiB
2026-09-29 15:25:49,163 INFO epoch 7 step 2000/2016 loss 0.3192 {'fm_gt': 0.3191711902618408}  peak 41.0 GiB
2026-09-29 15:29:14,292 INFO epoch 7 gate  n=160 k=6: minADE_6 1.940 m  meanADE 3.711  minFDE 4.137  p90 3.568 | CV 6.115 (100 s)
2026-09-29 15:29:14,292 INFO   braked (136): minADE 2.097 vs CV 6.681 | others (24): 1.052 vs 2.909
2026-09-29 15:29:14,292 INFO      AccidentTwoWays                          n= 17  minADE 0.83  CV 5.23
2026-09-29 15:29:14,292 INFO      ParkedObstacle                           n= 13  minADE 2.29  CV 4.58
2026-09-29 15:29:14,292 INFO      ConstructionObstacleTwoWays              n=  9  minADE 1.90  CV 3.62
2026-09-29 15:29:14,293 INFO      TJunction                                n=  8  minADE 1.39  CV 2.56
2026-09-29 15:29:14,293 INFO      ParkingCutIn                             n=  8  minADE 1.50  CV 3.62
2026-09-29 15:29:14,293 INFO      HazardAtSideLane                         n=  7  minADE 3.22  CV 6.64
2026-09-29 15:29:14,293 INFO      ParkingExit                              n=  7  minADE 1.12  CV 6.02
2026-09-29 15:29:14,293 INFO      HardBreakRoute                           n=  7  minADE 1.39  CV 2.96
2026-09-29 15:29:14,293 INFO      VanillaSignalizedTurnEncounterGreenLight n=  7  minADE 0.71  CV 3.25
2026-09-29 15:29:14,293 INFO      BlockedIntersection                      n=  5  minADE 2.20  CV 7.46
2026-09-29 15:29:14,293 INFO      YieldToEmergencyVehicle                  n=  4  minADE 2.86  CV 8.20
2026-09-29 15:29:14,293 INFO      ConstructionObstacle                     n=  4  minADE 1.72  CV 3.97
2026-09-29 15:29:22,655 INFO saved merged student -> /data/vla/alpamayo2edge/runs/stage2/sft-run-2-b2d-fullft-b2dnorm/epoch7 (992 tensors)
2026-09-29 15:29:22,994 INFO saved /data/vla/alpamayo2edge/runs/stage2/sft-run-2-b2d-fullft-b2dnorm/epoch7
wandb: uploading output.log; uploading wandb-summary.json; uploading config.yaml
wandb: uploading output.log
wandb: 
wandb: Run history:
wandb:              epoch ▁▁▁▁▁▂▂▂▂▂▃▄▄▄▄▄▅▅▅▅▆▆▆▆▆▆▆▆▆▆▇▇▇▇▇█████
wandb: gate/braked_minade █▆▄▃▄▂▁▁
wandb:        gate/cv_ade ▁▁▁▁▁▁▁▁
wandb:       gate/meanade █▇▄▄▃▂▁▁
wandb:        gate/minade █▆▃▃▄▂▁▁
wandb:        gate/minfde █▅▃▂▃▁▁▂
wandb:  gate/other_minade █▇▂▃▁▆▆▅
wandb:         loss/fm_gt █▆▃▁▇▄▄▅▃▅▃▃▄▂▃▄▃▃▃▃▄▃▃▂▄▃▃▃▂▂▄▂▂▁▂▂▃▂▂▃
wandb:         loss/total ▅█▄▆▅▄▆▆▄▄▅▄▄▄▄▄▅▅▄▂▅▁▆▃▄▄▃▄▄▃▃▂▃▃▂▃▁▃▂▃
wandb:                 lr █████████▇▇▇▇▇▆▆▆▆▅▅▅▄▄▄▃▃▃▃▃▂▂▂▂▂▁▁▁▁▁▁
wandb: 
wandb: Run summary:
wandb:              epoch 7
wandb: gate/braked_minade 2.09709
wandb:        gate/cv_ade 6.11497
wandb:       gate/meanade 3.71054
wandb:        gate/minade 1.9403
wandb:        gate/minfde 4.13732
wandb:  gate/other_minade 1.05183
wandb:         loss/fm_gt 0.43826
wandb:         loss/total 0.43826
wandb:                 lr 0.0
wandb: 
wandb: 🚀 View run sft-run-2-b2d-fullft-b2dnorm-job487 at: https://wandb.ai/karmishthannauth27-technical-university-of-munich/alpamayo2edge/runs/sft-run-2-b2d-fullft-b2dnorm-job487
wandb: ⭐️ View project at: https://wandb.ai/karmishthannauth27-technical-university-of-munich/alpamayo2edge
wandb: Synced 5 W&B file(s), 0 media file(s), 0 artifact file(s) and 0 other file(s)
wandb: Find logs at: ./wandb/run-20260929_081135-sft-run-2-b2d-fullft-b2dnorm-job487/logs
