Job 340 on ProArt, started 2026-09-18T21:18:24+02:00
Submitted from: /home/vla/projects/alpamayo2edge
GPU:            NVIDIA RTX PRO 6000 Blackwell Workstation Edition,NVIDIA RTX 6000 Ada Generation
Commit:         c49f483
Scratch:        /bulk/scratch/vla/340
----------------------------------------------------------------
   CUDA_VISIBLE_DEVICES = GPU-1e9d88da-6c84-dbf7-f179-fdca7207dae0
   CPUs allocated       = 8
   device 0             = NVIDIA RTX PRO 6000 Blackwell Workstation Edition  95.0 GiB total, 94.4 GiB free
wandb sidecar: run stage1-job340 (pid 2351525)
----------------------------------------------------------------
smoke: run_name rl-run-6b-coc-grounded-smoke
wandb: [wandb.login()] Loaded credentials for https://api.wandb.ai from /home/vla/.netrc.
wandb: Currently logged in as: karmishthannauth27 (karmishthannauth27-technical-university-of-munich) to https://api.wandb.ai. Use `wandb login --relogin` to force relogin
INFO:__main__:SMOKE: G=4 prompts=2 steps=2 eval=8
INFO:__main__:cameras: ['camera_cross_left_120fov', 'camera_front_wide_120fov', 'camera_cross_right_120fov', 'camera_front_tele_30fov']
INFO:__main__:reward mode: gt   route hint: True   coc_temperature: 1.0
wandb: setting up run stage1-job340
wandb: Tracking run with wandb version 0.25.0
wandb: Run data is saved locally in /home/vla/projects/alpamayo2edge/wandb/run-20260918_211826-stage1-job340
wandb: Run `wandb offline` to turn off syncing.
wandb: Syncing run stage1-job340
wandb: ⭐️ View project at https://wandb.ai/karmishthannauth27-technical-university-of-munich/alpamayo2edge
wandb: 🚀 View run at https://wandb.ai/karmishthannauth27-technical-university-of-munich/alpamayo2edge/runs/stage1-job340
INFO:megatron.core.msc_utils:The multistorageclient package is available.
/home/vla/envs/alpamayo2edge/lib/python3.13/site-packages/megatron/core/distributed/fsdp/src/megatron_fsdp/utils.py:108: UserWarning: Transformer Engine and Apex are not installed. Falling back to local implementations of multi_tensor_applier and multi_tensor_scale
  warnings.warn(
INFO:megatron.core.distributed.fsdp.src.megatron_fsdp.megatron_fsdp:Detected Megatron Core, using Megatron-FSDP with Megatron.
INFO:megatron.core.distributed.fsdp.src.megatron_fsdp.param_and_grad_buffer:Detected Megatron Core, using Megatron-FSDP with Megatron.
/home/vla/envs/alpamayo2edge/lib/python3.13/site-packages/megatron/core/optimizer/__init__.py:24: UserWarning: Transformer Engine and Apex are not installed. Falling back to Torch optimizers.
  warnings.warn(
/home/vla/envs/alpamayo2edge/lib/python3.13/site-packages/megatron/core/optimizer/optimizer.py:28: UserWarning: Transformer Engine and Apex are not installed. Falling back to local implementations of multi_tensor_applier and multi_tensor_scale
  warnings.warn(
/home/vla/envs/alpamayo2edge/lib/python3.13/site-packages/megatron/core/optimizer/clip_grads.py:29: UserWarning: Transformer Engine and Apex are not installed. Falling back to local implementations of multi_tensor_applier, multi_tensor_l2norm, and multi_tensor_scale
  warnings.warn(
[09-18 21:18:30|INFO|cosmos_framework/model/generator/omni_mot_model.py:124:__init__] OmniMoTModel: config {'tokenizer': {'bucket_name': 'bucket', 'object_store_credential_path_pretrained': 'credentials/gcp_training.secret', 'vae_path': 'pretrained/tokenizers/video/wan2pt2/Wan2.2_VAE.pth', 'chunk_duration': 93, 'keep_decoder_cache': False, 'use_streaming_encode': False, 'encode_chunk_frames': {'256': 68, '480': 24, '720': 8, '768': 8}, 'encode_exact_durations': [17, 61, 73], 'spatial_compression_factor': 16, 'temporal_compression_factor': 4, 'temporal_window': None, 'encode_bucket_multiple': None, 'causal': True, '_target_': 'cosmos_framework.model.generator.tokenizers.wan2pt2_vae_4x16x16.Wan2pt2VAEInterface'}, 'load_vision_tokenizer': True, 'lidar_tokenizer': None, 'lidar_state_ch': None, 'lidar_fps': None, 'net': None, 'ema': {'enabled': False, 'rate': 0.1, 'iteration_shift': 0, '_type': 'cosmos_framework.configs.base.defaults.ema.EMAConfig'}, 'parallelism': {'data_parallel_shard_degree': -1, 'data_parallel_replicate_degree': 1, 'context_parallel_shard_degree': 1, 'cfg_parallel_shard_degree': 1, 'enable_inference_mode': True, 'fsdp_master_dtype': 'float32', 'fsdp_reduce_dtype': None, '_type': 'cosmos_framework.configs.base.defaults.parallelism.ParallelismConfig'}, 'attention_io_layout': 'sequence_sharded', 'compile': {'enabled': False, 'compiled_region': 'language', 'compile_dynamic': True, 'use_cuda_graphs': False, 'ar_post_saturation_mode': 'default', 'max_autotune_pointwise': False, 'coordinate_descent_tuning': False, '_type': 'cosmos_framework.configs.base.defaults.compile.CompileConfig'}, 'quantization': {'method': None, 'fp8_granularity': 'per_row', 'modelopt_fp8_checkpoint_path': None, 'mixed_precision_first_steps': 0, 'mixed_precision_last_steps': 0, 'mixed_precision_reasoner_policy': 'high_precision', 'mixed_precision_w8a16_cache': 'none', 'include_regex': [], 'exclude_regex': [], 'modelopt_fp8_target_fqns': [], '_type': 'cosmos_framework.configs.base.defaults.quantization.QuantizationConfig'}, 'activation_checkpointing': {'mode': 'none', 'preserve_rng_state': True, 'determinism_check': 'default', 'save_ops_regex': ['fmha'], '_type': 'cosmos_framework.configs.base.defaults.activation_checkpointing.ActivationCheckpointingConfig'}, 'precision': 'bfloat16', 'lora_enabled': False, 'lora_rank': 16, 'lora_alpha': 32, 'lora_target_modules': 'q_proj_moe_gen,k_proj_moe_gen,v_proj_moe_gen,o_proj_moe_gen', 'rectified_flow_training_config': {'shift': {'256': 3, '480': 5, '720': 10}, 'shift_image': None, 'use_dynamic_shift': False, 'train_time_image_distribution': 'logitnormal', 'train_time_video_distribution': 'waver', 'train_time_action_distribution': 'logitnormal', 'train_time_sound_distribution': 'logitnormal', 'train_time_weight': 'uniform', 'loss_scale': 10.0, 'image_loss_scale': None, 'sound_loss_scale': 2.0, 'lidar_loss_scale': None, 'use_discrete_rf': False, 'action_loss_weight': 10.0, 'independent_action_schedule': False, 'shift_action': None, 'independent_sound_schedule': False, 'shift_sound': None, 'normalize_loss_by_active': False, 'sample_level_loss_averaging': False, 'high_sigma_ratio': 0.05, 'high_sigma_timesteps_max': 1000, 'high_sigma_timesteps_min': 995, 'use_high_sigma_strategy': False, 'use_high_sigma_strategy_action': False, 'use_high_sigma_strategy_sound': False, '_type': 'cosmos_framework.configs.base.defaults.model_config.RectifiedFlowTrainingConfig'}, 'rectified_flow_inference_config': {'scheduler_type': 'unipc', 'num_train_timesteps': 1000, 'shift': 1, 'use_dynamic_shifting': False, '_type': 'cosmos_framework.configs.base.defaults.model_config.RectifiedFlowInferenceConfig'}, 'fixed_step_sampler_config': None, 'vlm_config': {'model_name': 'nvidia/Cosmos3-Edge-Reasoner', 'safetensors_path': '', 'pretrained_weights': {'enabled': False, 'backbone_path': 's3://bucket/cosmos3/pretrained/huggingface/nvidia/Cosmos3-Edge-Reasoner-590c1c0/', 'credentials_path': 'credentials/gcp_checkpoint.secret', 'enable_gcs_patch_in_boto3': True, 'checkpoint_format': None, '_type': 'cosmos_framework.configs.base.defaults.reasoner.PretrainedWeightsConfig'}, 'model_instance': {'_target_': 'cosmos_framework.model.generator.mot.unified_mot.Nemotron3DenseVLTextForCausalLM', 'config': {'_target_': 'cosmos_framework.configs.base.defaults.reasoner.create_vlm_config', 'base_config': {'_target_': 'cosmos_framework.model.generator.mot.unified_mot.Nemotron3DenseVLMoTConfig.from_json_file', 'json_file': 'cosmos_framework/model/generator/reasoner/nemotron_3_dense_vl/configs/Nemotron-2B-Dense-VL.json'}, 'include_visual': None, 'qk_norm_for_text': False, 'use_und_k_norm_for_gen': True}}, 'tokenizer': {'repository': None, 'revision': None, 'subdir': '', '_target_': 'cosmos_framework.data.generator.processors.build_processor_lazy', 'tokenizer_type': '/bulk/users/vla/alpamayo2edge/cosmos3-edge'}, 'layer_module': None, 'qk_norm': False, 'tie_word_embeddings': False, 'use_system_prompt': False, '_type': 'cosmos_framework.configs.base.defaults.reasoner.VLMConfig'}, 'diffusion_expert_config': {'timestep_range': 1.0, 'load_weights_from_pretrained': False, 'enable_vision_modality_embeddings': False, 'enable_media_modality_embedding': False, 'enable_sound_modality_embedding': True, 'patch_spatial': 2, 'max_vae_latent_side_after_patchify': 20, 'enable_fps_modulation': True, 'base_fps': 24, 'sound_base_temporal_compression_factor': None, 'vision_temporal_position_mode': 'latent_index', 'unified_3d_mrope_reset_spatial_ids': True, 'unified_3d_mrope_temporal_modality_margin': 15000, '_type': 'cosmos_framework.configs.base.defaults.model_config.DiffusionExpertConfig'}, 'input_video_key': 'video', 'input_image_key': 'images', 'input_caption_key': 'ai_caption', 'state_ch': 48, 'state_t': 300, 'latent_downsample_factor': 16, 'resolution': '480', 'max_num_tokens_after_packing': 74000, 'joint_attn_implementation': 'two_way', 'flex_attention': {'enabled': False, 'backend': 'auto', 'mask': {'attention_scope': 'all_views'}}, 'natten_parameter_list': None, 'video_temporal_causal': False, 'causal_training_strategy': 'none', 'lbl': {'method': 'local', 'coeff_und': None, 'coeff_gen': None, '_type': 'cosmos_framework.configs.base.defaults.model_config.LBLConfig'}, 'vision_gen': True, 'action_gen': True, 'max_action_dim': 64, 'num_embodiment_domains': 32, 'sound_gen': False, 'sound_tokenizer': None, 'sound_dim': None, 'sound_latent_fps': 25, 'enable_input_bias': True, 'log_enc_time_every_n': 100, 'exclude_reasoner_weights_from_checkpoint': False, '_type': 'cosmos_framework.configs.base.defaults.model_config.OmniMoTModelConfig'}
[09-18 21:18:30|WARNING|cosmos_framework/model/generator/omni_mot_model.py:150:set_precision] OmniMoTModel: precision torch.bfloat16
This processor does not use the `size` parameter. It will be ignored.
[09-18 21:18:30|INFO|cosmos_framework/data/generator/processors/base.py:131:__init__] Successfully loaded processor from local cache
[09-18 21:18:30|INFO|cosmos_framework/utils/checkpoint_db.py:338:download] Downloading checkpoint Wan2.2/vae(b5f3ccb177d1422980d9513a73002cf1)
[09-18 21:18:30|INFO|cosmos_framework/utils/checkpoint_db.py:171:_hf_download] uv run --isolated --project /home/vla/projects/cosmos-framework/cosmos_framework/utils/hf_cli --locked --no-default-groups hf download --format=json Wan-AI/Wan2.2-TI2V-5B --repo-type model --revision 921dbaf3f1674a56f47e83fb80a34bac8a8f203e Wan2.2_VAE.pth
Installed 16 packages in 10ms
[09-18 21:18:32|INFO|cosmos_framework/model/generator/tokenizers/wan2pt2_vae_4x16x16.py:1056:_video_vae] loading /bulk/users/vla/alpamayo2edge/hf-cache/models--Wan-AI--Wan2.2-TI2V-5B/snapshots/921dbaf3f1674a56f47e83fb80a34bac8a8f203e/Wan2.2_VAE.pth
[09-18 21:18:32|INFO|cosmos_framework/utils/timer.py:138:_log] Time spent on OmniMoTModel: set_up_tokenizers: 2.67 s
[09-18 21:18:32|INFO|cosmos_framework/utils/generator/parallelism.py:110:_validate] dp_shard auto-inferred to world_size = 1
[09-18 21:18:32|INFO|cosmos_framework/utils/generator/parallelism.py:124:_validate] dp_replicate is set to -1, will be automatically determined based on world_size 1 // dp_shard 1.
[09-18 21:18:32|INFO|cosmos_framework/utils/generator/parallelism.py:129:_validate] dp_replicate is set to 1.
`torch_dtype` is deprecated! Use `dtype` instead!
[09-18 21:18:32|INFO|cosmos_framework/utils/timer.py:138:_log] Time spent on meta to cuda and broadcast model states: 0.04 s
[09-18 21:18:32|INFO|cosmos_framework/utils/timer.py:138:_log] Time spent on Creating PyTorch model and ema if enabled: 0.13 s
[09-18 21:18:32|INFO|cosmos_framework/utils/timer.py:138:_log] Time spent on OmniMoTModel: set_up_model: 0.13 s
/home/vla/envs/alpamayo2edge/lib/python3.13/site-packages/torch/distributed/checkpoint/utils.py:483: UserWarning: torch.distributed is disabled, unavailable or uninitialized, assuming the intent is to load in a single process.
  return func(*args, **kwargs)
[09-18 21:18:34|INFO|../cosmos-framework/cosmos_framework/model/generator/mot/unified_mot.py:2656:_ensure_vision_tower] Edge vision tower: loading from checkpoint-local bundle /bulk/users/vla/alpamayo2edge/cosmos3-edge/vision_encoder
INFO:distill.checkpoint:loaded merged student <- /data/vla/alpamayo2edge/runs/stage1/run-336/best
INFO:__main__:init policy <- /data/vla/alpamayo2edge/runs/stage1/run-336/best (epoch=3 coc_nll=0.5318334388857087)
[09-18 21:18:36|INFO|../cosmos-framework/cosmos_framework/utils/generator/lora.py:164:inject_lora_pre_fsdp] Injecting LoRA on meta device: rank=48, alpha=96, targets=['q_proj', 'k_proj', 'v_proj', 'o_proj']
[09-18 21:18:36|INFO|../cosmos-framework/cosmos_framework/utils/generator/lora.py:184:inject_lora_pre_fsdp] LoRA injection successful: 112 modules wrapped, 19,267,584 trainable LoRA params, 2,818,812,416 frozen base params (0.679% trainable)
INFO:__main__:LoRA: {'wrapped': 112, 'by_leaf': {'q_proj': 28, 'k_proj': 28, 'v_proj': 28, 'o_proj': 28}, 'lora_params': 19267584, 'example': ['0.self_attn.q_proj', '0.self_attn.k_proj', '0.self_attn.v_proj']}
INFO:distill.student.context:image processor: Siglip2ImageProcessorCustom (native Cosmos3-Edge port)
INFO:distill.student.context:image processor: Siglip2ImageProcessorCustom (native Cosmos3-Edge port)
INFO:__main__:train prompts: 18954   val eval windows: 8
INFO:distill.data.sampling:maneuver-stratified sampling, alpha=0.50 (D-036):
INFO:distill.data.sampling:   class              n  uniform  effective
INFO:distill.data.sampling:   FOLLOW          6249    33.0%      20.1%
INFO:distill.data.sampling:   KEEP            3942    20.8%      16.0%
INFO:distill.data.sampling:   STOP            2131    11.2%      11.7%
INFO:distill.data.sampling:   NUDGE           1960    10.3%      11.3%
INFO:distill.data.sampling:   ADAPT_SPEED     1870     9.9%      11.0%
INFO:distill.data.sampling:   TURN             626     3.3%       6.4%
INFO:distill.data.sampling:   ACCELERATE       573     3.0%       6.1%
INFO:distill.data.sampling:   SLOW             494     2.6%       5.7%
INFO:distill.data.sampling:   YIELD            451     2.4%       5.4%
INFO:distill.data.sampling:   LANE_CHANGE      382     2.0%       5.0%
INFO:distill.data.sampling:   UNASSIGNED       276     1.5%       1.5%
INFO:__main__:step 0 val: {"n": 8, "traj_ade": null, "neg_ade": null, "traj_decoded": 0.0, "gt_score": 0.6666666666666666, "gt_consistent": 0.6666666666666666, "gt_false_clear": 0.0, "hazard_ungrounded": 0.16666666666666666, "direction_ok": 0.0, "maneuver_acc": 0.5714285714285714, "obj_precision": 1.0, "termination": 1.0, "mix": {"FOLLOW": 2, "STOP": 2, "NUDGE": 2, "KEEP": 2}}
/home/vla/projects/alpamayo2edge/src/distill/train_grpo_coc.py:471: UserWarning: Converting a tensor with requires_grad=True to a scalar may lead to unexpected behavior.
Consider using tensor.detach() first. (Triggered internally at /pytorch/torch/csrc/autograd/generated/python_variable_methods.cpp:836.)
  stats["ce"] += float(ce)
INFO:__main__:step 1/2 reward -1.000 [kin -1.00 dir +0.00 haz +1.00 tch 0.50] fail 0.00 skip 1.00 kl 0.0000 ce 0.564 |g| 0.19  11s  {'FOLLOW': 8}
INFO:__main__:step 2/2 reward -0.500 [kin -0.50 dir +0.00 haz +0.00 tch 0.75] fail 0.00 skip 1.00 kl 0.0000 ce 0.462 |g| 0.14  10s  {'FOLLOW': 6, 'STOP': 2}
INFO:__main__:step 2 val: {"n": 8, "traj_ade": null, "neg_ade": null, "traj_decoded": 0.0, "gt_score": 0.6666666666666666, "gt_consistent": 0.6666666666666666, "gt_false_clear": 0.0, "hazard_ungrounded": 0.16666666666666666, "direction_ok": 0.0, "maneuver_acc": 0.42857142857142855, "obj_precision": 1.0, "termination": 1.0, "mix": {"FOLLOW": 2, "NUDGE": 2, "KEEP": 2, "YIELD": 1, "STOP": 1}}
INFO:__main__:SMOKE OK  peak GPU 52.0 GiB
smoke OK - starting rl-run-6b-coc-grounded 2026-09-18T21:19:13+02:00
----------------------------------------------------------------
INFO:__main__:cameras: ['camera_cross_left_120fov', 'camera_front_wide_120fov', 'camera_cross_right_120fov', 'camera_front_tele_30fov']
INFO:__main__:reward mode: gt   route hint: True   coc_temperature: 1.0
INFO:megatron.core.msc_utils:The multistorageclient package is available.
/home/vla/envs/alpamayo2edge/lib/python3.13/site-packages/megatron/core/distributed/fsdp/src/megatron_fsdp/utils.py:108: UserWarning: Transformer Engine and Apex are not installed. Falling back to local implementations of multi_tensor_applier and multi_tensor_scale
  warnings.warn(
INFO:megatron.core.distributed.fsdp.src.megatron_fsdp.megatron_fsdp:Detected Megatron Core, using Megatron-FSDP with Megatron.
INFO:megatron.core.distributed.fsdp.src.megatron_fsdp.param_and_grad_buffer:Detected Megatron Core, using Megatron-FSDP with Megatron.
/home/vla/envs/alpamayo2edge/lib/python3.13/site-packages/megatron/core/optimizer/__init__.py:24: UserWarning: Transformer Engine and Apex are not installed. Falling back to Torch optimizers.
  warnings.warn(
/home/vla/envs/alpamayo2edge/lib/python3.13/site-packages/megatron/core/optimizer/optimizer.py:28: UserWarning: Transformer Engine and Apex are not installed. Falling back to local implementations of multi_tensor_applier and multi_tensor_scale
  warnings.warn(
/home/vla/envs/alpamayo2edge/lib/python3.13/site-packages/megatron/core/optimizer/clip_grads.py:29: UserWarning: Transformer Engine and Apex are not installed. Falling back to local implementations of multi_tensor_applier, multi_tensor_l2norm, and multi_tensor_scale
  warnings.warn(
[09-18 21:19:17|INFO|cosmos_framework/model/generator/omni_mot_model.py:124:__init__] OmniMoTModel: config {'tokenizer': {'bucket_name': 'bucket', 'object_store_credential_path_pretrained': 'credentials/gcp_training.secret', 'vae_path': 'pretrained/tokenizers/video/wan2pt2/Wan2.2_VAE.pth', 'chunk_duration': 93, 'keep_decoder_cache': False, 'use_streaming_encode': False, 'encode_chunk_frames': {'256': 68, '480': 24, '720': 8, '768': 8}, 'encode_exact_durations': [17, 61, 73], 'spatial_compression_factor': 16, 'temporal_compression_factor': 4, 'temporal_window': None, 'encode_bucket_multiple': None, 'causal': True, '_target_': 'cosmos_framework.model.generator.tokenizers.wan2pt2_vae_4x16x16.Wan2pt2VAEInterface'}, 'load_vision_tokenizer': True, 'lidar_tokenizer': None, 'lidar_state_ch': None, 'lidar_fps': None, 'net': None, 'ema': {'enabled': False, 'rate': 0.1, 'iteration_shift': 0, '_type': 'cosmos_framework.configs.base.defaults.ema.EMAConfig'}, 'parallelism': {'data_parallel_shard_degree': -1, 'data_parallel_replicate_degree': 1, 'context_parallel_shard_degree': 1, 'cfg_parallel_shard_degree': 1, 'enable_inference_mode': True, 'fsdp_master_dtype': 'float32', 'fsdp_reduce_dtype': None, '_type': 'cosmos_framework.configs.base.defaults.parallelism.ParallelismConfig'}, 'attention_io_layout': 'sequence_sharded', 'compile': {'enabled': False, 'compiled_region': 'language', 'compile_dynamic': True, 'use_cuda_graphs': False, 'ar_post_saturation_mode': 'default', 'max_autotune_pointwise': False, 'coordinate_descent_tuning': False, '_type': 'cosmos_framework.configs.base.defaults.compile.CompileConfig'}, 'quantization': {'method': None, 'fp8_granularity': 'per_row', 'modelopt_fp8_checkpoint_path': None, 'mixed_precision_first_steps': 0, 'mixed_precision_last_steps': 0, 'mixed_precision_reasoner_policy': 'high_precision', 'mixed_precision_w8a16_cache': 'none', 'include_regex': [], 'exclude_regex': [], 'modelopt_fp8_target_fqns': [], '_type': 'cosmos_framework.configs.base.defaults.quantization.QuantizationConfig'}, 'activation_checkpointing': {'mode': 'none', 'preserve_rng_state': True, 'determinism_check': 'default', 'save_ops_regex': ['fmha'], '_type': 'cosmos_framework.configs.base.defaults.activation_checkpointing.ActivationCheckpointingConfig'}, 'precision': 'bfloat16', 'lora_enabled': False, 'lora_rank': 16, 'lora_alpha': 32, 'lora_target_modules': 'q_proj_moe_gen,k_proj_moe_gen,v_proj_moe_gen,o_proj_moe_gen', 'rectified_flow_training_config': {'shift': {'256': 3, '480': 5, '720': 10}, 'shift_image': None, 'use_dynamic_shift': False, 'train_time_image_distribution': 'logitnormal', 'train_time_video_distribution': 'waver', 'train_time_action_distribution': 'logitnormal', 'train_time_sound_distribution': 'logitnormal', 'train_time_weight': 'uniform', 'loss_scale': 10.0, 'image_loss_scale': None, 'sound_loss_scale': 2.0, 'lidar_loss_scale': None, 'use_discrete_rf': False, 'action_loss_weight': 10.0, 'independent_action_schedule': False, 'shift_action': None, 'independent_sound_schedule': False, 'shift_sound': None, 'normalize_loss_by_active': False, 'sample_level_loss_averaging': False, 'high_sigma_ratio': 0.05, 'high_sigma_timesteps_max': 1000, 'high_sigma_timesteps_min': 995, 'use_high_sigma_strategy': False, 'use_high_sigma_strategy_action': False, 'use_high_sigma_strategy_sound': False, '_type': 'cosmos_framework.configs.base.defaults.model_config.RectifiedFlowTrainingConfig'}, 'rectified_flow_inference_config': {'scheduler_type': 'unipc', 'num_train_timesteps': 1000, 'shift': 1, 'use_dynamic_shifting': False, '_type': 'cosmos_framework.configs.base.defaults.model_config.RectifiedFlowInferenceConfig'}, 'fixed_step_sampler_config': None, 'vlm_config': {'model_name': 'nvidia/Cosmos3-Edge-Reasoner', 'safetensors_path': '', 'pretrained_weights': {'enabled': False, 'backbone_path': 's3://bucket/cosmos3/pretrained/huggingface/nvidia/Cosmos3-Edge-Reasoner-590c1c0/', 'credentials_path': 'credentials/gcp_checkpoint.secret', 'enable_gcs_patch_in_boto3': True, 'checkpoint_format': None, '_type': 'cosmos_framework.configs.base.defaults.reasoner.PretrainedWeightsConfig'}, 'model_instance': {'_target_': 'cosmos_framework.model.generator.mot.unified_mot.Nemotron3DenseVLTextForCausalLM', 'config': {'_target_': 'cosmos_framework.configs.base.defaults.reasoner.create_vlm_config', 'base_config': {'_target_': 'cosmos_framework.model.generator.mot.unified_mot.Nemotron3DenseVLMoTConfig.from_json_file', 'json_file': 'cosmos_framework/model/generator/reasoner/nemotron_3_dense_vl/configs/Nemotron-2B-Dense-VL.json'}, 'include_visual': None, 'qk_norm_for_text': False, 'use_und_k_norm_for_gen': True}}, 'tokenizer': {'repository': None, 'revision': None, 'subdir': '', '_target_': 'cosmos_framework.data.generator.processors.build_processor_lazy', 'tokenizer_type': '/bulk/users/vla/alpamayo2edge/cosmos3-edge'}, 'layer_module': None, 'qk_norm': False, 'tie_word_embeddings': False, 'use_system_prompt': False, '_type': 'cosmos_framework.configs.base.defaults.reasoner.VLMConfig'}, 'diffusion_expert_config': {'timestep_range': 1.0, 'load_weights_from_pretrained': False, 'enable_vision_modality_embeddings': False, 'enable_media_modality_embedding': False, 'enable_sound_modality_embedding': True, 'patch_spatial': 2, 'max_vae_latent_side_after_patchify': 20, 'enable_fps_modulation': True, 'base_fps': 24, 'sound_base_temporal_compression_factor': None, 'vision_temporal_position_mode': 'latent_index', 'unified_3d_mrope_reset_spatial_ids': True, 'unified_3d_mrope_temporal_modality_margin': 15000, '_type': 'cosmos_framework.configs.base.defaults.model_config.DiffusionExpertConfig'}, 'input_video_key': 'video', 'input_image_key': 'images', 'input_caption_key': 'ai_caption', 'state_ch': 48, 'state_t': 300, 'latent_downsample_factor': 16, 'resolution': '480', 'max_num_tokens_after_packing': 74000, 'joint_attn_implementation': 'two_way', 'flex_attention': {'enabled': False, 'backend': 'auto', 'mask': {'attention_scope': 'all_views'}}, 'natten_parameter_list': None, 'video_temporal_causal': False, 'causal_training_strategy': 'none', 'lbl': {'method': 'local', 'coeff_und': None, 'coeff_gen': None, '_type': 'cosmos_framework.configs.base.defaults.model_config.LBLConfig'}, 'vision_gen': True, 'action_gen': True, 'max_action_dim': 64, 'num_embodiment_domains': 32, 'sound_gen': False, 'sound_tokenizer': None, 'sound_dim': None, 'sound_latent_fps': 25, 'enable_input_bias': True, 'log_enc_time_every_n': 100, 'exclude_reasoner_weights_from_checkpoint': False, '_type': 'cosmos_framework.configs.base.defaults.model_config.OmniMoTModelConfig'}
[09-18 21:19:17|WARNING|cosmos_framework/model/generator/omni_mot_model.py:150:set_precision] OmniMoTModel: precision torch.bfloat16
This processor does not use the `size` parameter. It will be ignored.
[09-18 21:19:18|INFO|cosmos_framework/data/generator/processors/base.py:131:__init__] Successfully loaded processor from local cache
[09-18 21:19:18|INFO|cosmos_framework/utils/checkpoint_db.py:338:download] Downloading checkpoint Wan2.2/vae(f4d24ba9d4fc4c60a73b57e01faab8fd)
[09-18 21:19:18|INFO|cosmos_framework/utils/checkpoint_db.py:171:_hf_download] uv run --isolated --project /home/vla/projects/cosmos-framework/cosmos_framework/utils/hf_cli --locked --no-default-groups hf download --format=json Wan-AI/Wan2.2-TI2V-5B --repo-type model --revision 921dbaf3f1674a56f47e83fb80a34bac8a8f203e Wan2.2_VAE.pth
Installed 16 packages in 2ms
[09-18 21:19:20|INFO|cosmos_framework/model/generator/tokenizers/wan2pt2_vae_4x16x16.py:1056:_video_vae] loading /bulk/users/vla/alpamayo2edge/hf-cache/models--Wan-AI--Wan2.2-TI2V-5B/snapshots/921dbaf3f1674a56f47e83fb80a34bac8a8f203e/Wan2.2_VAE.pth
[09-18 21:19:20|INFO|cosmos_framework/utils/timer.py:138:_log] Time spent on OmniMoTModel: set_up_tokenizers: 2.47 s
[09-18 21:19:20|INFO|cosmos_framework/utils/generator/parallelism.py:110:_validate] dp_shard auto-inferred to world_size = 1
[09-18 21:19:20|INFO|cosmos_framework/utils/generator/parallelism.py:124:_validate] dp_replicate is set to -1, will be automatically determined based on world_size 1 // dp_shard 1.
[09-18 21:19:20|INFO|cosmos_framework/utils/generator/parallelism.py:129:_validate] dp_replicate is set to 1.
`torch_dtype` is deprecated! Use `dtype` instead!
[09-18 21:19:20|INFO|cosmos_framework/utils/timer.py:138:_log] Time spent on meta to cuda and broadcast model states: 0.04 s
[09-18 21:19:20|INFO|cosmos_framework/utils/timer.py:138:_log] Time spent on Creating PyTorch model and ema if enabled: 0.12 s
[09-18 21:19:20|INFO|cosmos_framework/utils/timer.py:138:_log] Time spent on OmniMoTModel: set_up_model: 0.12 s
/home/vla/envs/alpamayo2edge/lib/python3.13/site-packages/torch/distributed/checkpoint/utils.py:483: UserWarning: torch.distributed is disabled, unavailable or uninitialized, assuming the intent is to load in a single process.
  return func(*args, **kwargs)
[09-18 21:19:21|INFO|../cosmos-framework/cosmos_framework/model/generator/mot/unified_mot.py:2656:_ensure_vision_tower] Edge vision tower: loading from checkpoint-local bundle /bulk/users/vla/alpamayo2edge/cosmos3-edge/vision_encoder
INFO:distill.checkpoint:loaded merged student <- /data/vla/alpamayo2edge/runs/stage1/run-336/best
INFO:__main__:init policy <- /data/vla/alpamayo2edge/runs/stage1/run-336/best (epoch=3 coc_nll=0.5318334388857087)
[09-18 21:19:24|INFO|../cosmos-framework/cosmos_framework/utils/generator/lora.py:164:inject_lora_pre_fsdp] Injecting LoRA on meta device: rank=48, alpha=96, targets=['q_proj', 'k_proj', 'v_proj', 'o_proj']
[09-18 21:19:24|INFO|../cosmos-framework/cosmos_framework/utils/generator/lora.py:184:inject_lora_pre_fsdp] LoRA injection successful: 112 modules wrapped, 19,267,584 trainable LoRA params, 2,818,812,416 frozen base params (0.679% trainable)
INFO:__main__:LoRA: {'wrapped': 112, 'by_leaf': {'q_proj': 28, 'k_proj': 28, 'v_proj': 28, 'o_proj': 28}, 'lora_params': 19267584, 'example': ['0.self_attn.q_proj', '0.self_attn.k_proj', '0.self_attn.v_proj']}
INFO:distill.student.context:image processor: Siglip2ImageProcessorCustom (native Cosmos3-Edge port)
INFO:distill.student.context:image processor: Siglip2ImageProcessorCustom (native Cosmos3-Edge port)
INFO:__main__:train prompts: 18954   val eval windows: 400
INFO:distill.data.sampling:maneuver-stratified sampling, alpha=0.50 (D-036):
INFO:distill.data.sampling:   class              n  uniform  effective
INFO:distill.data.sampling:   FOLLOW          6249    33.0%      20.1%
INFO:distill.data.sampling:   KEEP            3942    20.8%      16.0%
INFO:distill.data.sampling:   STOP            2131    11.2%      11.7%
INFO:distill.data.sampling:   NUDGE           1960    10.3%      11.3%
INFO:distill.data.sampling:   ADAPT_SPEED     1870     9.9%      11.0%
INFO:distill.data.sampling:   TURN             626     3.3%       6.4%
INFO:distill.data.sampling:   ACCELERATE       573     3.0%       6.1%
INFO:distill.data.sampling:   SLOW             494     2.6%       5.7%
INFO:distill.data.sampling:   YIELD            451     2.4%       5.4%
INFO:distill.data.sampling:   LANE_CHANGE      382     2.0%       5.0%
INFO:distill.data.sampling:   UNASSIGNED       276     1.5%       1.5%
INFO:__main__:step 0 val: {"n": 400, "traj_ade": null, "neg_ade": null, "traj_decoded": 0.0, "gt_score": 0.4526578073089701, "gt_consistent": 0.7383720930232558, "gt_false_clear": 0.2857142857142857, "hazard_ungrounded": 0.21978021978021978, "direction_ok": 0.09433962264150944, "maneuver_acc": 0.6459948320413437, "obj_precision": 0.8584558823529411, "termination": 1.0, "mix": {"FOLLOW": 145, "KEEP": 106, "NUDGE": 50, "STOP": 47, "ADAPT_SPEED": 25, "ACCELERATE": 13, "YIELD": 6, "SLOW": 5, "TURN": 2, "null": 1}}
INFO:__main__:step 1/200 reward -0.250 [kin -0.25 dir +0.00 haz -0.05 tch 0.61] fail 0.00 skip 1.00 kl 0.0000 ce 0.000 |g| 0.00  38s  {'FOLLOW': 80, 'KEEP': 34, 'NUDGE': 14}
/home/vla/projects/alpamayo2edge/src/distill/train_grpo_coc.py:471: UserWarning: Converting a tensor with requires_grad=True to a scalar may lead to unexpected behavior.
Consider using tensor.detach() first. (Triggered internally at /pytorch/torch/csrc/autograd/generated/python_variable_methods.cpp:836.)
  stats["ce"] += float(ce)
INFO:__main__:step 2/200 reward 0.223 [kin +0.22 dir +0.00 haz +0.61 tch 0.66] fail 0.00 skip 0.50 kl 0.0000 ce 0.050 |g| 0.16  82s  {'NUDGE': 35, 'FOLLOW': 29, 'ADAPT_SPEED': 17, 'STOP': 17, 'KEEP': 16, 'ACCELERATE': 13}
INFO:__main__:step 3/200 reward -0.020 [kin -0.02 dir +0.00 haz +0.41 tch 0.66] fail 0.00 skip 0.62 kl 0.0001 ce 0.115 |g| 0.17  74s  {'KEEP': 68, 'ACCELERATE': 21, 'FOLLOW': 18, 'NUDGE': 8, 'SLOW': 7, 'ADAPT_SPEED': 6}
INFO:__main__:step 4/200 reward -0.148 [kin -0.15 dir +0.01 haz +0.24 tch 0.92] fail 0.00 skip 0.62 kl 0.0003 ce 0.068 |g| 0.15  70s  {'KEEP': 29, 'YIELD': 29, 'STOP': 17, 'FOLLOW': 17, 'ADAPT_SPEED': 17, 'ACCELERATE': 14}
INFO:__main__:step 5/200 reward 0.109 [kin +0.11 dir +0.00 haz +0.91 tch 0.61] fail 0.00 skip 0.62 kl 0.0002 ce 0.131 |g| 0.16  72s  {'FOLLOW': 67, 'STOP': 32, 'YIELD': 15, 'ADAPT_SPEED': 6, 'NUDGE': 3, 'SLOW': 2}
INFO:__main__:step 6/200 reward 0.047 [kin +0.05 dir -0.01 haz +0.16 tch 0.60] fail 0.00 skip 0.62 kl 0.0001 ce 0.222 |g| 0.18  68s  {'FOLLOW': 66, 'KEEP': 22, 'ADAPT_SPEED': 19, 'NUDGE': 11, 'TURN': 10}
INFO:__main__:step 7/200 reward -0.088 [kin -0.09 dir -0.00 haz +0.19 tch 0.32] fail 0.00 skip 0.62 kl 0.0005 ce 0.141 |g| 0.26  72s  {'FOLLOW': 73, 'ACCELERATE': 18, 'KEEP': 18, 'STOP': 9, 'YIELD': 6, 'NUDGE': 3}
INFO:__main__:step 8/200 reward -0.164 [kin -0.15 dir +0.00 haz -0.17 tch 0.51] fail 0.01 skip 0.25 kl 0.0003 ce 0.275 |g| 0.25  104s  {'FOLLOW': 51, 'NUDGE': 38, 'ACCELERATE': 15, 'ADAPT_SPEED': 14, 'SLOW': 4, 'KEEP': 3}
INFO:__main__:step 9/200 reward -0.266 [kin -0.23 dir -0.06 haz +0.31 tch 0.74] fail 0.00 skip 0.50 kl 0.0004 ce 0.108 |g| 0.18  82s  {'ADAPT_SPEED': 34, 'STOP': 30, 'FOLLOW': 27, 'KEEP': 17, 'ACCELERATE': 14, 'YIELD': 2}
INFO:__main__:step 10/200 reward -0.182 [kin -0.17 dir -0.02 haz +0.27 tch 0.55] fail 0.00 skip 0.62 kl 0.0007 ce 0.181 |g| 0.18  70s  {'FOLLOW': 48, 'ADAPT_SPEED': 19, 'KEEP': 17, 'SLOW': 14, 'NUDGE': 12, 'TURN': 9}
INFO:__main__:step 11/200 reward 0.398 [kin +0.40 dir +0.00 haz +0.12 tch 0.86] fail 0.00 skip 0.75 kl 0.0002 ce 0.159 |g| 0.09  61s  {'STOP': 46, 'KEEP': 19, 'FOLLOW': 18, 'NUDGE': 16, 'ADAPT_SPEED': 16, 'ACCELERATE': 13}
INFO:__main__:step 12/200 reward 0.146 [kin +0.11 dir +0.07 haz +0.16 tch 0.69] fail 0.00 skip 0.62 kl 0.0005 ce 0.223 |g| 0.23  69s  {'KEEP': 51, 'FOLLOW': 34, 'YIELD': 22, 'TURN': 16, 'SLOW': 3, 'ADAPT_SPEED': 2}
INFO:__main__:step 13/200 reward -0.094 [kin -0.06 dir -0.06 haz +0.48 tch 0.54] fail 0.00 skip 0.62 kl 0.0008 ce 0.126 |g| 0.13  71s  {'FOLLOW': 46, 'STOP': 35, 'NUDGE': 16, 'ADAPT_SPEED': 16, 'KEEP': 13, 'SLOW': 2}
INFO:__main__:step 14/200 reward 0.062 [kin +0.06 dir +0.00 haz +0.00 tch 0.34] fail 0.00 skip 1.00 kl 0.0000 ce 0.000 |g| 0.00  36s  {'FOLLOW': 53, 'NUDGE': 27, 'STOP': 16, 'ADAPT_SPEED': 16, 'KEEP': 16}
INFO:__main__:step 15/200 reward 0.008 [kin +0.01 dir -0.01 haz -0.11 tch 0.37] fail 0.00 skip 0.62 kl 0.0005 ce 0.233 |g| 0.14  72s  {'NUDGE': 37, 'KEEP': 37, 'FOLLOW': 34, 'ADAPT_SPEED': 15, 'YIELD': 5}
INFO:__main__:step 16/200 reward -0.324 [kin -0.34 dir +0.04 haz +0.11 tch 0.48] fail 0.00 skip 0.50 kl 0.0005 ce 0.485 |g| 0.20  82s  {'FOLLOW': 54, 'KEEP': 29, 'ADAPT_SPEED': 19, 'NUDGE': 12, 'ACCELERATE': 11, 'TURN': 3}
INFO:__main__:step 17/200 reward 0.109 [kin +0.11 dir +0.00 haz +0.08 tch 0.55] fail 0.00 skip 0.75 kl 0.0029 ce 0.019 |g| 0.17  60s  {'KEEP': 54, 'FOLLOW': 35, 'STOP': 16, 'ADAPT_SPEED': 12, 'SLOW': 6, 'NUDGE': 5}
INFO:__main__:step 18/200 reward 0.211 [kin +0.27 dir -0.12 haz +0.14 tch 0.55] fail 0.00 skip 0.75 kl 0.0007 ce 0.216 |g| 0.15  61s  {'KEEP': 48, 'ADAPT_SPEED': 20, 'FOLLOW': 16, 'STOP': 16, 'NUDGE': 15, 'SLOW': 6}
INFO:__main__:step 19/200 reward -0.078 [kin -0.09 dir +0.03 haz -0.04 tch 0.51] fail 0.00 skip 0.50 kl 0.0025 ce 0.184 |g| 0.24  82s  {'KEEP': 52, 'ADAPT_SPEED': 32, 'NUDGE': 31, 'FOLLOW': 9, 'TURN': 3, 'STOP': 1}
INFO:__main__:step 20/200 reward 0.277 [kin +0.28 dir +0.00 haz +0.49 tch 0.59] fail 0.00 skip 0.62 kl 0.0015 ce 0.072 |g| 0.12  72s  {'STOP': 47, 'KEEP': 26, 'NUDGE': 17, 'ACCELERATE': 16, 'SLOW': 14, 'FOLLOW': 3}
INFO:__main__:step 21/200 reward -0.129 [kin -0.11 dir -0.04 haz +0.73 tch 0.48] fail 0.00 skip 0.62 kl 0.0027 ce 0.173 |g| 0.19  70s  {'FOLLOW': 69, 'KEEP': 18, 'STOP': 16, 'NUDGE': 8, 'SLOW': 8, 'ADAPT_SPEED': 6}
INFO:__main__:step 22/200 reward -0.031 [kin -0.03 dir +0.00 haz +0.11 tch 0.70] fail 0.00 skip 0.62 kl 0.0023 ce 0.173 |g| 0.17  70s  {'KEEP': 49, 'NUDGE': 45, 'STOP': 14, 'YIELD': 13, 'FOLLOW': 5, 'ADAPT_SPEED': 2}
INFO:__main__:step 23/200 reward 0.090 [kin +0.09 dir -0.01 haz +0.53 tch 0.56] fail 0.00 skip 0.38 kl 0.0020 ce 0.412 |g| 0.21  92s  {'FOLLOW': 39, 'ADAPT_SPEED': 36, 'NUDGE': 30, 'SLOW': 15, 'KEEP': 5, 'STOP': 2}
INFO:__main__:step 24/200 reward -0.240 [kin -0.22 dir -0.04 haz +0.23 tch 0.59] fail 0.00 skip 0.62 kl 0.0053 ce 0.205 |g| 0.19  69s  {'FOLLOW': 41, 'NUDGE': 35, 'STOP': 16, 'KEEP': 14, 'ADAPT_SPEED': 10, 'SLOW': 9}
INFO:__main__:step 25/200 reward 0.109 [kin +0.11 dir +0.00 haz +0.65 tch 0.75] fail 0.00 skip 0.75 kl 0.0039 ce 0.066 |g| 0.10  59s  {'FOLLOW': 76, 'NUDGE': 19, 'STOP': 17, 'KEEP': 10, 'ADAPT_SPEED': 4, 'SLOW': 2}
INFO:__main__:step 25 val: {"n": 400, "traj_ade": null, "neg_ade": null, "traj_decoded": 0.0, "gt_score": 0.4973901098901099, "gt_consistent": 0.7384615384615385, "gt_false_clear": 0.24107142857142858, "hazard_ungrounded": 0.21631205673758866, "direction_ok": 0.20754716981132076, "maneuver_acc": 0.627906976744186, "obj_precision": 0.8517200474495848, "termination": 1.0, "mix": {"FOLLOW": 120, "KEEP": 83, "NUDGE": 71, "STOP": 53, "ADAPT_SPEED": 34, "ACCELERATE": 15, "TURN": 9, "YIELD": 7, "SLOW": 6, "LANE_CHANGE": 1, "null": 1}}
INFO:distill.checkpoint:saved merged student -> /data/vla/alpamayo2edge/runs/stage1_rl/rl-run-6b-coc-grounded/best (992 tensors)
INFO:__main__:  <- new best (val gt_score 0.497), saved
INFO:__main__:step 26/200 reward 0.236 [kin +0.23 dir +0.02 haz +0.64 tch 0.59] fail 0.00 skip 0.50 kl 0.0043 ce 0.369 |g| 0.19  82s  {'STOP': 32, 'KEEP': 32, 'FOLLOW': 23, 'NUDGE': 17, 'ADAPT_SPEED': 12, 'ACCELERATE': 9}
INFO:__main__:step 27/200 reward 0.105 [kin +0.11 dir +0.00 haz +0.27 tch 0.84] fail 0.00 skip 0.75 kl 0.0015 ce 0.054 |g| 0.12  59s  {'FOLLOW': 49, 'ACCELERATE': 36, 'NUDGE': 16, 'ADAPT_SPEED': 15, 'KEEP': 12}
INFO:__main__:step 28/200 reward -0.027 [kin -0.02 dir -0.02 haz +0.36 tch 0.73] fail 0.00 skip 0.88 kl 0.0121 ce 0.052 |g| 0.16  50s  {'NUDGE': 43, 'FOLLOW': 39, 'STOP': 37, 'KEEP': 6, 'TURN': 2, 'ADAPT_SPEED': 1}
INFO:__main__:step 29/200 reward 0.281 [kin +0.34 dir -0.12 haz -0.22 tch 0.60] fail 0.00 skip 0.88 kl 0.0027 ce 0.013 |g| 0.14  48s  {'NUDGE': 37, 'STOP': 32, 'KEEP': 30, 'ADAPT_SPEED': 16, 'FOLLOW': 9, 'ACCELERATE': 4}
INFO:__main__:step 30/200 reward 0.172 [kin +0.19 dir -0.04 haz +0.82 tch 0.56] fail 0.00 skip 0.62 kl 0.0036 ce 0.125 |g| 0.14  68s  {'FOLLOW': 49, 'STOP': 19, 'NUDGE': 18, 'ACCELERATE': 17, 'ADAPT_SPEED': 11, 'KEEP': 11}
INFO:__main__:step 31/200 reward 0.154 [kin +0.18 dir -0.05 haz +0.26 tch 0.54] fail 0.00 skip 0.25 kl 0.0055 ce 0.374 |g| 0.30  108s  {'ADAPT_SPEED': 36, 'KEEP': 32, 'FOLLOW': 26, 'STOP': 13, 'NUDGE': 12, 'SLOW': 7}
INFO:__main__:step 32/200 reward 0.146 [kin +0.10 dir +0.09 haz +0.19 tch 0.77] fail 0.00 skip 0.50 kl 0.0034 ce 0.196 |g| 0.20  83s  {'STOP': 31, 'KEEP': 31, 'NUDGE': 26, 'ADAPT_SPEED': 16, 'TURN': 13, 'ACCELERATE': 6}
INFO:__main__:step 33/200 reward 0.229 [kin +0.20 dir +0.07 haz -0.17 tch 0.50] fail 0.00 skip 0.50 kl 0.0104 ce 0.253 |g| 0.21  83s  {'KEEP': 28, 'NUDGE': 24, 'FOLLOW': 20, 'STOP': 20, 'SLOW': 15, 'ACCELERATE': 11}
INFO:__main__:step 34/200 reward 0.037 [kin +0.12 dir -0.18 haz +0.34 tch 0.41] fail 0.00 skip 0.88 kl 0.0041 ce 0.241 |g| 0.07  48s  {'FOLLOW': 49, 'ADAPT_SPEED': 30, 'NUDGE': 16, 'KEEP': 16, 'YIELD': 11, 'STOP': 5}
INFO:__main__:step 35/200 reward 0.197 [kin +0.14 dir +0.12 haz +0.54 tch 0.59] fail 0.00 skip 0.50 kl 0.0046 ce 0.187 |g| 0.15  80s  {'NUDGE': 56, 'FOLLOW': 47, 'ACCELERATE': 16, 'KEEP': 5, 'YIELD': 2, 'LANE_CHANGE': 1}
INFO:__main__:step 36/200 reward 0.027 [kin +0.03 dir +0.00 haz +0.27 tch 0.52] fail 0.00 skip 0.50 kl 0.0047 ce 0.328 |g| 0.20  85s  {'FOLLOW': 50, 'KEEP': 21, 'NUDGE': 17, 'STOP': 16, 'ADAPT_SPEED': 13, 'YIELD': 6}
INFO:__main__:step 37/200 reward 0.059 [kin +0.10 dir -0.09 haz +0.40 tch 0.49] fail 0.00 skip 0.75 kl 0.0050 ce 0.056 |g| 0.14  60s  {'KEEP': 34, 'STOP': 32, 'FOLLOW': 21, 'NUDGE': 21, 'ADAPT_SPEED': 16, 'LANE_CHANGE': 3}
INFO:__main__:step 38/200 reward 0.137 [kin +0.18 dir -0.08 haz +0.04 tch 0.44] fail 0.00 skip 0.38 kl 0.0042 ce 0.605 |g| 0.19  93s  {'FOLLOW': 49, 'ADAPT_SPEED': 31, 'NUDGE': 17, 'STOP': 15, 'KEEP': 14, 'LANE_CHANGE': 1}
INFO:__main__:step 39/200 reward 0.029 [kin -0.03 dir +0.11 haz +0.30 tch 0.60] fail 0.00 skip 0.62 kl 0.0085 ce 0.046 |g| 0.14  70s  {'FOLLOW': 40, 'KEEP': 26, 'ADAPT_SPEED': 23, 'NUDGE': 16, 'TURN': 15, 'STOP': 8}
INFO:__main__:step 40/200 reward 0.498 [kin +0.47 dir +0.05 haz +0.44 tch 0.86] fail 0.00 skip 0.50 kl 0.0136 ce 0.106 |g| 0.23  80s  {'STOP': 39, 'KEEP': 20, 'ADAPT_SPEED': 19, 'FOLLOW': 18, 'ACCELERATE': 16, 'TURN': 13}
INFO:__main__:step 41/200 reward -0.201 [kin -0.17 dir -0.07 haz +0.46 tch 0.55] fail 0.00 skip 0.50 kl 0.0095 ce 0.122 |g| 0.23  80s  {'FOLLOW': 52, 'KEEP': 20, 'ADAPT_SPEED': 19, 'NUDGE': 19, 'SLOW': 8, 'YIELD': 4}
INFO:__main__:step 42/200 reward -0.049 [kin -0.04 dir -0.03 haz -0.03 tch 0.54] fail 0.00 skip 0.50 kl 0.0107 ce 0.170 |g| 0.16  84s  {'FOLLOW': 66, 'KEEP': 34, 'ADAPT_SPEED': 18, 'SLOW': 7, 'TURN': 3}
INFO:__main__:step 43/200 reward 0.305 [kin +0.30 dir +0.00 haz +0.37 tch 0.38] fail 0.00 skip 0.25 kl 0.0116 ce 0.348 |g| 0.27  107s  {'KEEP': 42, 'ACCELERATE': 32, 'STOP': 20, 'FOLLOW': 14, 'ADAPT_SPEED': 12, 'SLOW': 6}
INFO:__main__:step 44/200 reward -0.059 [kin -0.03 dir -0.06 haz -0.04 tch 0.58] fail 0.00 skip 0.50 kl 0.0168 ce 0.242 |g| 0.19  86s  {'NUDGE': 37, 'FOLLOW': 33, 'ADAPT_SPEED': 17, 'STOP': 16, 'SLOW': 13, 'KEEP': 10}
INFO:__main__:step 45/200 reward 0.096 [kin -0.00 dir +0.20 haz +0.45 tch 0.73] fail 0.00 skip 0.62 kl 0.0046 ce 0.104 |g| 0.19  73s  {'ADAPT_SPEED': 32, 'KEEP': 31, 'NUDGE': 16, 'STOP': 16, 'FOLLOW': 16, 'TURN': 13}
INFO:__main__:step 46/200 reward 0.166 [kin +0.11 dir +0.11 haz +0.22 tch 0.94] fail 0.00 skip 0.75 kl 0.0134 ce 0.107 |g| 0.14  58s  {'FOLLOW': 36, 'ADAPT_SPEED': 28, 'NUDGE': 16, 'KEEP': 16, 'STOP': 16, 'TURN': 12}
INFO:__main__:step 47/200 reward -0.047 [kin -0.02 dir -0.06 haz +0.00 tch 0.51] fail 0.00 skip 0.50 kl 0.0242 ce 0.443 |g| 0.19  81s  {'FOLLOW': 50, 'STOP': 23, 'NUDGE': 22, 'ADAPT_SPEED': 17, 'SLOW': 7, 'KEEP': 5}
INFO:__main__:step 48/200 reward 0.188 [kin +0.22 dir -0.06 haz +0.40 tch 0.51] fail 0.00 skip 0.75 kl 0.0187 ce 0.269 |g| 0.17  61s  {'NUDGE': 55, 'ADAPT_SPEED': 26, 'STOP': 17, 'FOLLOW': 15, 'YIELD': 9, 'KEEP': 4}
INFO:__main__:step 49/200 reward 0.203 [kin +0.17 dir +0.06 haz +0.27 tch 0.79] fail 0.00 skip 0.50 kl 0.0177 ce 0.321 |g| 0.21  81s  {'STOP': 30, 'FOLLOW': 30, 'ACCELERATE': 20, 'ADAPT_SPEED': 18, 'TURN': 16, 'KEEP': 13}
INFO:__main__:step 50/200 reward -0.078 [kin -0.06 dir -0.04 haz +0.23 tch 0.73] fail 0.00 skip 0.75 kl 0.0022 ce 0.079 |g| 0.08  57s  {'NUDGE': 32, 'FOLLOW': 32, 'KEEP': 17, 'STOP': 16, 'ADAPT_SPEED': 15, 'ACCELERATE': 14}
INFO:__main__:step 50 val: {"n": 400, "traj_ade": null, "neg_ade": null, "traj_decoded": 0.0, "gt_score": 0.5358309990662933, "gt_consistent": 0.7679738562091504, "gt_false_clear": 0.23214285714285715, "hazard_ungrounded": 0.2206896551724138, "direction_ok": 0.2641509433962264, "maneuver_acc": 0.5710594315245479, "obj_precision": 0.8062283737024222, "termination": 1.0, "mix": {"FOLLOW": 108, "NUDGE": 85, "KEEP": 77, "STOP": 55, "ADAPT_SPEED": 24, "ACCELERATE": 19, "TURN": 11, "SLOW": 10, "YIELD": 7, "LANE_CHANGE": 4}}
INFO:distill.checkpoint:saved merged student -> /data/vla/alpamayo2edge/runs/stage1_rl/rl-run-6b-coc-grounded/best (992 tensors)
INFO:__main__:  <- new best (val gt_score 0.536), saved
INFO:__main__:step 51/200 reward 0.197 [kin +0.12 dir +0.15 haz +0.23 tch 0.85] fail 0.00 skip 0.62 kl 0.0074 ce 0.066 |g| 0.14  67s  {'KEEP': 47, 'ADAPT_SPEED': 19, 'NUDGE': 17, 'FOLLOW': 16, 'SLOW': 14, 'TURN': 12}
INFO:__main__:step 52/200 reward 0.195 [kin +0.20 dir +0.00 haz +0.39 tch 0.70] fail 0.00 skip 0.88 kl 0.0183 ce 0.013 |g| 0.11  51s  {'NUDGE': 42, 'SLOW': 32, 'FOLLOW': 26, 'STOP': 16, 'KEEP': 10, 'ADAPT_SPEED': 2}
INFO:__main__:step 53/200 reward 0.186 [kin +0.11 dir +0.15 haz +0.41 tch 0.44] fail 0.00 skip 0.25 kl 0.0174 ce 0.211 |g| 0.27  103s  {'FOLLOW': 41, 'ADAPT_SPEED': 24, 'STOP': 16, 'SLOW': 15, 'KEEP': 11, 'TURN': 9}
INFO:__main__:step 54/200 reward 0.625 [kin +0.62 dir +0.00 haz +0.68 tch 0.72] fail 0.00 skip 0.75 kl 0.0312 ce 0.115 |g| 0.16  55s  {'STOP': 64, 'FOLLOW': 28, 'KEEP': 17, 'SLOW': 14, 'ACCELERATE': 3, 'NUDGE': 2}
INFO:__main__:step 55/200 reward 0.010 [kin +0.04 dir -0.05 haz +0.34 tch 0.51] fail 0.00 skip 0.12 kl 0.0189 ce 0.491 |g| 0.21  118s  {'FOLLOW': 42, 'ADAPT_SPEED': 36, 'SLOW': 23, 'NUDGE': 12, 'STOP': 6, 'KEEP': 5}
INFO:__main__:step 56/200 reward 0.258 [kin +0.29 dir -0.06 haz +0.23 tch 0.80] fail 0.00 skip 0.62 kl 0.0047 ce 0.077 |g| 0.13  72s  {'FOLLOW': 32, 'SLOW': 30, 'ADAPT_SPEED': 24, 'KEEP': 24, 'YIELD': 16, 'NUDGE': 1}
INFO:__main__:step 57/200 reward 0.344 [kin +0.34 dir +0.00 haz +0.32 tch 0.77] fail 0.00 skip 0.88 kl 0.0454 ce 0.024 |g| 0.10  48s  {'NUDGE': 50, 'STOP': 35, 'YIELD': 17, 'KEEP': 16, 'FOLLOW': 9, 'ACCELERATE': 1}
INFO:__main__:step 58/200 reward -0.127 [kin -0.16 dir +0.07 haz +0.78 tch 0.53] fail 0.00 skip 0.38 kl 0.0266 ce 0.319 |g| 0.24  92s  {'NUDGE': 37, 'STOP': 27, 'FOLLOW': 25, 'ADAPT_SPEED': 18, 'KEEP': 15, 'TURN': 3}
INFO:__main__:step 59/200 reward 0.203 [kin +0.16 dir +0.09 haz -0.22 tch 0.52] fail 0.00 skip 0.25 kl 0.0260 ce 0.207 |g| 0.22  107s  {'NUDGE': 41, 'KEEP': 24, 'FOLLOW': 18, 'ACCELERATE': 15, 'TURN': 14, 'SLOW': 12}
INFO:__main__:step 60/200 reward -0.193 [kin -0.20 dir +0.02 haz -0.06 tch 0.52] fail 0.00 skip 0.62 kl 0.0237 ce 0.300 |g| 0.17  70s  {'ADAPT_SPEED': 32, 'FOLLOW': 29, 'KEEP': 16, 'STOP': 16, 'YIELD': 14, 'ACCELERATE': 12}
INFO:__main__:step 61/200 reward 0.051 [kin +0.07 dir -0.01 haz +0.05 tch 0.78] fail 0.01 skip 0.62 kl 0.0249 ce 0.148 |g| 0.23  75s  {'KEEP': 37, 'FOLLOW': 35, 'NUDGE': 25, 'STOP': 16, 'SLOW': 9, 'ADAPT_SPEED': 3}
INFO:__main__:step 62/200 reward -0.004 [kin +0.00 dir -0.02 haz +0.68 tch 0.55] fail 0.00 skip 0.25 kl 0.0176 ce 0.258 |g| 0.23  103s  {'FOLLOW': 40, 'STOP': 24, 'ACCELERATE': 16, 'KEEP': 15, 'ADAPT_SPEED': 13, 'YIELD': 12}
INFO:__main__:step 63/200 reward 0.363 [kin +0.36 dir +0.00 haz +0.16 tch 0.52] fail 0.00 skip 0.62 kl 0.0280 ce 0.182 |g| 0.17  72s  {'FOLLOW': 38, 'ACCELERATE': 29, 'ADAPT_SPEED': 17, 'STOP': 15, 'YIELD': 11, 'KEEP': 6}
INFO:__main__:step 64/200 reward -0.090 [kin -0.09 dir +0.00 haz -0.29 tch 0.73] fail 0.00 skip 0.75 kl 0.0213 ce 0.061 |g| 0.14  59s  {'FOLLOW': 55, 'KEEP': 26, 'NUDGE': 24, 'ADAPT_SPEED': 23}
INFO:__main__:step 65/200 reward 0.004 [kin -0.03 dir +0.06 haz +0.45 tch 0.59] fail 0.00 skip 0.38 kl 0.0385 ce 0.192 |g| 0.20  92s  {'FOLLOW': 38, 'NUDGE': 30, 'KEEP': 17, 'STOP': 16, 'ACCELERATE': 14, 'TURN': 8}
INFO:__main__:step 66/200 reward 0.281 [kin +0.22 dir +0.12 haz -0.10 tch 0.71] fail 0.00 skip 0.75 kl 0.0083 ce 0.164 |g| 0.14  58s  {'NUDGE': 52, 'ADAPT_SPEED': 24, 'ACCELERATE': 16, 'YIELD': 16, 'TURN': 15, 'KEEP': 4}
INFO:__main__:step 67/200 reward 0.516 [kin +0.42 dir +0.23 haz -0.16 tch 0.64] fail 0.01 skip 0.62 kl 0.0438 ce 0.265 |g| 0.24  72s  {'NUDGE': 62, 'TURN': 25, 'ACCELERATE': 16, 'SLOW': 14, 'FOLLOW': 6, 'LANE_CHANGE': 3}
INFO:__main__:step 68/200 reward 0.143 [kin +0.20 dir +0.05 haz +0.35 tch 0.82] fail 0.04 skip 0.50 kl 0.0153 ce 0.057 |g| 0.17  81s  {'FOLLOW': 33, 'KEEP': 20, 'STOP': 20, 'ACCELERATE': 16, 'ADAPT_SPEED': 15, 'NUDGE': 13}
INFO:__main__:step 69/200 reward -0.182 [kin -0.17 dir -0.03 haz +0.03 tch 0.61] fail 0.00 skip 0.62 kl 0.0460 ce 0.319 |g| 0.22  69s  {'FOLLOW': 55, 'ADAPT_SPEED': 33, 'NUDGE': 16, 'KEEP': 16, 'STOP': 5, 'SLOW': 2}
INFO:__main__:step 70/200 reward -0.100 [kin -0.10 dir -0.00 haz +0.13 tch 0.66] fail 0.00 skip 0.38 kl 0.0257 ce 0.157 |g| 0.23  94s  {'NUDGE': 57, 'FOLLOW': 23, 'KEEP': 21, 'ADAPT_SPEED': 13, 'LANE_CHANGE': 6, 'TURN': 4}
INFO:__main__:step 71/200 reward 0.617 [kin +0.62 dir +0.00 haz +0.50 tch 0.59] fail 0.00 skip 0.88 kl 0.0544 ce 0.059 |g| 0.06  50s  {'STOP': 63, 'FOLLOW': 28, 'NUDGE': 21, 'ACCELERATE': 16}
INFO:__main__:step 72/200 reward 0.580 [kin +0.54 dir +0.07 haz +0.06 tch 0.49] fail 0.00 skip 0.38 kl 0.0378 ce 0.079 |g| 0.18  88s  {'STOP': 32, 'ACCELERATE': 24, 'KEEP': 20, 'ADAPT_SPEED': 15, 'FOLLOW': 14, 'TURN': 10}
INFO:__main__:step 73/200 reward -0.072 [kin -0.11 dir +0.10 haz +0.32 tch 0.51] fail 0.01 skip 0.50 kl 0.0170 ce 0.124 |g| 0.20  89s  {'NUDGE': 76, 'FOLLOW': 25, 'KEEP': 11, 'ADAPT_SPEED': 11, 'ACCELERATE': 2, 'TURN': 1}
INFO:__main__:step 74/200 reward 0.146 [kin +0.11 dir +0.08 haz +0.21 tch 0.55] fail 0.00 skip 0.62 kl 0.0121 ce 0.274 |g| 0.16  69s  {'NUDGE': 95, 'ADAPT_SPEED': 18, 'LANE_CHANGE': 5, 'KEEP': 4, None: 3, 'SLOW': 2}
INFO:__main__:step 75/200 reward 0.301 [kin +0.24 dir +0.12 haz +0.08 tch 0.59] fail 0.00 skip 0.75 kl 0.0374 ce 0.135 |g| 0.11  65s  {'NUDGE': 48, 'FOLLOW': 33, 'TURN': 16, 'STOP': 16, 'KEEP': 13, 'SLOW': 2}
INFO:__main__:step 75 val: {"n": 400, "traj_ade": null, "neg_ade": null, "traj_decoded": 0.0, "gt_score": 0.5116293848500255, "gt_consistent": 0.7437722419928826, "gt_false_clear": 0.23214285714285715, "hazard_ungrounded": 0.22112211221122113, "direction_ok": 0.5660377358490566, "maneuver_acc": 0.5684754521963824, "obj_precision": 0.7886313465783664, "termination": 1.0, "mix": {"NUDGE": 108, "FOLLOW": 85, "KEEP": 59, "STOP": 57, "ACCELERATE": 23, "TURN": 23, "ADAPT_SPEED": 22, "SLOW": 14, "YIELD": 7, "LANE_CHANGE": 2}}
INFO:__main__:step 76/200 reward -0.057 [kin -0.04 dir -0.04 haz +0.22 tch 0.71] fail 0.00 skip 0.38 kl 0.0305 ce 0.313 |g| 0.22  105s  {'KEEP': 60, 'ADAPT_SPEED': 23, 'STOP': 16, 'YIELD': 13, 'NUDGE': 7, 'FOLLOW': 4}
INFO:__main__:step 77/200 reward 0.076 [kin +0.10 dir -0.04 haz +0.36 tch 0.37] fail 0.00 skip 0.62 kl 0.0371 ce 0.115 |g| 0.15  78s  {'FOLLOW': 58, 'NUDGE': 39, 'YIELD': 15, 'SLOW': 7, 'ADAPT_SPEED': 7, 'TURN': 1}
INFO:__main__:step 78/200 reward 0.055 [kin +0.05 dir +0.02 haz -0.11 tch 0.69] fail 0.00 skip 0.38 kl 0.0304 ce 0.281 |g| 0.20  101s  {'ADAPT_SPEED': 45, 'KEEP': 27, 'FOLLOW': 20, 'NUDGE': 18, 'STOP': 15, 'LANE_CHANGE': 2}
INFO:__main__:step 79/200 reward 0.426 [kin +0.42 dir +0.01 haz +0.46 tch 0.46] fail 0.00 skip 0.38 kl 0.0433 ce 0.399 |g| 0.35  103s  {'STOP': 43, 'NUDGE': 30, 'FOLLOW': 25, 'ACCELERATE': 20, 'LANE_CHANGE': 3, 'ADAPT_SPEED': 3}
INFO:__main__:step 80/200 reward 0.453 [kin +0.33 dir +0.25 haz +0.63 tch 0.61] fail 0.00 skip 0.75 kl 0.0444 ce 0.153 |g| 0.13  63s  {'NUDGE': 50, 'TURN': 28, 'FOLLOW': 18, 'KEEP': 16, 'STOP': 16}
INFO:__main__:step 81/200 reward 0.205 [kin +0.17 dir +0.07 haz +0.16 tch 0.62] fail 0.00 skip 0.75 kl 0.0333 ce 0.116 |g| 0.20  62s  {'NUDGE': 84, 'KEEP': 14, 'TURN': 11, 'SLOW': 10, 'STOP': 9}
INFO:__main__:step 82/200 reward -0.059 [kin -0.06 dir +0.00 haz +0.10 tch 0.77] fail 0.00 skip 0.62 kl 0.0231 ce 0.087 |g| 0.17  75s  {'FOLLOW': 61, 'NUDGE': 31, 'ADAPT_SPEED': 13, 'STOP': 10, 'YIELD': 6, 'SLOW': 4}
INFO:__main__:step 83/200 reward 0.502 [kin +0.45 dir +0.11 haz +0.28 tch 0.77] fail 0.00 skip 0.50 kl 0.0546 ce 0.240 |g| 0.25  80s  {'STOP': 41, 'FOLLOW': 30, 'ADAPT_SPEED': 16, 'NUDGE': 14, 'TURN': 13, 'ACCELERATE': 8}
INFO:__main__:step 84/200 reward 0.133 [kin +0.13 dir +0.00 haz +0.50 tch 0.76] fail 0.00 skip 0.75 kl 0.0152 ce 0.052 |g| 0.12  61s  {'KEEP': 49, 'NUDGE': 48, 'ADAPT_SPEED': 14, 'STOP': 13, 'FOLLOW': 3, 'SLOW': 1}
INFO:__main__:step 85/200 reward 0.320 [kin +0.32 dir -0.01 haz +0.36 tch 0.30] fail 0.00 skip 0.62 kl 0.0405 ce 0.122 |g| 0.18  69s  {'NUDGE': 47, 'STOP': 37, 'FOLLOW': 19, 'KEEP': 16, 'SLOW': 6, 'ADAPT_SPEED': 2}
INFO:__main__:step 86/200 reward 0.014 [kin -0.01 dir +0.05 haz +0.55 tch 0.80] fail 0.00 skip 0.75 kl 0.0736 ce 0.103 |g| 0.15  63s  {'NUDGE': 32, 'KEEP': 32, 'FOLLOW': 24, 'ADAPT_SPEED': 17, 'TURN': 15, 'STOP': 8}
[2026-09-18T23:27:27.682] error: *** JOB 340 ON ProArt CANCELLED AT 2026-09-18T23:27:27 DUE to SIGNAL Terminated ***
wandb: [wandb.login()] Loaded credentials for https://api.wandb.ai from /home/vla/.netrc.
wandb: Currently logged in as: karmishthannauth27 (karmishthannauth27-technical-university-of-munich) to https://api.wandb.ai. Use `wandb login --relogin` to force relogin
wandb: setting up run stage1-job340
wandb: Tracking run with wandb version 0.25.0
wandb: Run data is saved locally in /home/vla/projects/alpamayo2edge/wandb/run-20260918_232728-stage1-job340
wandb: Run `wandb offline` to turn off syncing.
wandb: Resuming run stage1-job340
wandb: ⭐️ View project at https://wandb.ai/karmishthannauth27-technical-university-of-munich/alpamayo2edge
wandb: 🚀 View run at https://wandb.ai/karmishthannauth27-technical-university-of-munich/alpamayo2edge/runs/stage1-job340
wandb: updating run metadata; uploading summary
wandb: uploading wandb-metadata.json; uploading requirements.txt; uploading wandb-summary.json; uploading config.yaml
wandb: uploading data
wandb: 🚀 View run stage1-job340 at: https://wandb.ai/karmishthannauth27-technical-university-of-munich/alpamayo2edge/runs/stage1-job340
wandb: ⭐️ View project at: https://wandb.ai/karmishthannauth27-technical-university-of-munich/alpamayo2edge
wandb: Synced 4 W&B file(s), 0 media file(s), 0 artifact file(s) and 0 other file(s)
wandb: Find logs at: ./wandb/run-20260918_232728-stage1-job340/logs
