Job 337 on ProArt, started 2026-09-18T17:28:49+02:00
Submitted from: /home/vla/projects/alpamayo2edge
GPU:            NVIDIA RTX PRO 6000 Blackwell Workstation Edition,NVIDIA RTX 6000 Ada Generation
Commit:         01c1845
Scratch:        /bulk/scratch/vla/337
----------------------------------------------------------------
   CUDA_VISIBLE_DEVICES = GPU-1e9d88da-6c84-dbf7-f179-fdca7207dae0
   CPUs allocated       = 8
   device 0             = NVIDIA RTX PRO 6000 Blackwell Workstation Edition  95.0 GiB total, 94.4 GiB free
wandb sidecar: run stage1-job337 (pid 2321540)
----------------------------------------------------------------
smoke: run_name rl-run-6-coc-grounded-smoke
wandb: [wandb.login()] Loaded credentials for https://api.wandb.ai from /home/vla/.netrc.
wandb: Currently logged in as: karmishthannauth27 (karmishthannauth27-technical-university-of-munich) to https://api.wandb.ai. Use `wandb login --relogin` to force relogin
INFO:__main__:SMOKE: G=4 prompts=2 steps=2 eval=8
INFO:__main__:cameras: ['camera_cross_left_120fov', 'camera_front_wide_120fov', 'camera_cross_right_120fov', 'camera_front_tele_30fov']
INFO:__main__:reward mode: gt   route hint: True   coc_temperature: 1.0
wandb: setting up run stage1-job337
wandb: Tracking run with wandb version 0.25.0
wandb: Run data is saved locally in /home/vla/projects/alpamayo2edge/wandb/run-20260918_172851-stage1-job337
wandb: Run `wandb offline` to turn off syncing.
wandb: Syncing run stage1-job337
wandb: ⭐️ View project at https://wandb.ai/karmishthannauth27-technical-university-of-munich/alpamayo2edge
wandb: 🚀 View run at https://wandb.ai/karmishthannauth27-technical-university-of-munich/alpamayo2edge/runs/stage1-job337
INFO:megatron.core.msc_utils:The multistorageclient package is available.
/home/vla/envs/alpamayo2edge/lib/python3.13/site-packages/megatron/core/distributed/fsdp/src/megatron_fsdp/utils.py:108: UserWarning: Transformer Engine and Apex are not installed. Falling back to local implementations of multi_tensor_applier and multi_tensor_scale
  warnings.warn(
INFO:megatron.core.distributed.fsdp.src.megatron_fsdp.megatron_fsdp:Detected Megatron Core, using Megatron-FSDP with Megatron.
INFO:megatron.core.distributed.fsdp.src.megatron_fsdp.param_and_grad_buffer:Detected Megatron Core, using Megatron-FSDP with Megatron.
/home/vla/envs/alpamayo2edge/lib/python3.13/site-packages/megatron/core/optimizer/__init__.py:24: UserWarning: Transformer Engine and Apex are not installed. Falling back to Torch optimizers.
  warnings.warn(
/home/vla/envs/alpamayo2edge/lib/python3.13/site-packages/megatron/core/optimizer/optimizer.py:28: UserWarning: Transformer Engine and Apex are not installed. Falling back to local implementations of multi_tensor_applier and multi_tensor_scale
  warnings.warn(
/home/vla/envs/alpamayo2edge/lib/python3.13/site-packages/megatron/core/optimizer/clip_grads.py:29: UserWarning: Transformer Engine and Apex are not installed. Falling back to local implementations of multi_tensor_applier, multi_tensor_l2norm, and multi_tensor_scale
  warnings.warn(
[09-18 17:28:55|INFO|cosmos_framework/model/generator/omni_mot_model.py:124:__init__] OmniMoTModel: config {'tokenizer': {'bucket_name': 'bucket', 'object_store_credential_path_pretrained': 'credentials/gcp_training.secret', 'vae_path': 'pretrained/tokenizers/video/wan2pt2/Wan2.2_VAE.pth', 'chunk_duration': 93, 'keep_decoder_cache': False, 'use_streaming_encode': False, 'encode_chunk_frames': {'256': 68, '480': 24, '720': 8, '768': 8}, 'encode_exact_durations': [17, 61, 73], 'spatial_compression_factor': 16, 'temporal_compression_factor': 4, 'temporal_window': None, 'encode_bucket_multiple': None, 'causal': True, '_target_': 'cosmos_framework.model.generator.tokenizers.wan2pt2_vae_4x16x16.Wan2pt2VAEInterface'}, 'load_vision_tokenizer': True, 'lidar_tokenizer': None, 'lidar_state_ch': None, 'lidar_fps': None, 'net': None, 'ema': {'enabled': False, 'rate': 0.1, 'iteration_shift': 0, '_type': 'cosmos_framework.configs.base.defaults.ema.EMAConfig'}, 'parallelism': {'data_parallel_shard_degree': -1, 'data_parallel_replicate_degree': 1, 'context_parallel_shard_degree': 1, 'cfg_parallel_shard_degree': 1, 'enable_inference_mode': True, 'fsdp_master_dtype': 'float32', 'fsdp_reduce_dtype': None, '_type': 'cosmos_framework.configs.base.defaults.parallelism.ParallelismConfig'}, 'attention_io_layout': 'sequence_sharded', 'compile': {'enabled': False, 'compiled_region': 'language', 'compile_dynamic': True, 'use_cuda_graphs': False, 'ar_post_saturation_mode': 'default', 'max_autotune_pointwise': False, 'coordinate_descent_tuning': False, '_type': 'cosmos_framework.configs.base.defaults.compile.CompileConfig'}, 'quantization': {'method': None, 'fp8_granularity': 'per_row', 'modelopt_fp8_checkpoint_path': None, 'mixed_precision_first_steps': 0, 'mixed_precision_last_steps': 0, 'mixed_precision_reasoner_policy': 'high_precision', 'mixed_precision_w8a16_cache': 'none', 'include_regex': [], 'exclude_regex': [], 'modelopt_fp8_target_fqns': [], '_type': 'cosmos_framework.configs.base.defaults.quantization.QuantizationConfig'}, 'activation_checkpointing': {'mode': 'none', 'preserve_rng_state': True, 'determinism_check': 'default', 'save_ops_regex': ['fmha'], '_type': 'cosmos_framework.configs.base.defaults.activation_checkpointing.ActivationCheckpointingConfig'}, 'precision': 'bfloat16', 'lora_enabled': False, 'lora_rank': 16, 'lora_alpha': 32, 'lora_target_modules': 'q_proj_moe_gen,k_proj_moe_gen,v_proj_moe_gen,o_proj_moe_gen', 'rectified_flow_training_config': {'shift': {'256': 3, '480': 5, '720': 10}, 'shift_image': None, 'use_dynamic_shift': False, 'train_time_image_distribution': 'logitnormal', 'train_time_video_distribution': 'waver', 'train_time_action_distribution': 'logitnormal', 'train_time_sound_distribution': 'logitnormal', 'train_time_weight': 'uniform', 'loss_scale': 10.0, 'image_loss_scale': None, 'sound_loss_scale': 2.0, 'lidar_loss_scale': None, 'use_discrete_rf': False, 'action_loss_weight': 10.0, 'independent_action_schedule': False, 'shift_action': None, 'independent_sound_schedule': False, 'shift_sound': None, 'normalize_loss_by_active': False, 'sample_level_loss_averaging': False, 'high_sigma_ratio': 0.05, 'high_sigma_timesteps_max': 1000, 'high_sigma_timesteps_min': 995, 'use_high_sigma_strategy': False, 'use_high_sigma_strategy_action': False, 'use_high_sigma_strategy_sound': False, '_type': 'cosmos_framework.configs.base.defaults.model_config.RectifiedFlowTrainingConfig'}, 'rectified_flow_inference_config': {'scheduler_type': 'unipc', 'num_train_timesteps': 1000, 'shift': 1, 'use_dynamic_shifting': False, '_type': 'cosmos_framework.configs.base.defaults.model_config.RectifiedFlowInferenceConfig'}, 'fixed_step_sampler_config': None, 'vlm_config': {'model_name': 'nvidia/Cosmos3-Edge-Reasoner', 'safetensors_path': '', 'pretrained_weights': {'enabled': False, 'backbone_path': 's3://bucket/cosmos3/pretrained/huggingface/nvidia/Cosmos3-Edge-Reasoner-590c1c0/', 'credentials_path': 'credentials/gcp_checkpoint.secret', 'enable_gcs_patch_in_boto3': True, 'checkpoint_format': None, '_type': 'cosmos_framework.configs.base.defaults.reasoner.PretrainedWeightsConfig'}, 'model_instance': {'_target_': 'cosmos_framework.model.generator.mot.unified_mot.Nemotron3DenseVLTextForCausalLM', 'config': {'_target_': 'cosmos_framework.configs.base.defaults.reasoner.create_vlm_config', 'base_config': {'_target_': 'cosmos_framework.model.generator.mot.unified_mot.Nemotron3DenseVLMoTConfig.from_json_file', 'json_file': 'cosmos_framework/model/generator/reasoner/nemotron_3_dense_vl/configs/Nemotron-2B-Dense-VL.json'}, 'include_visual': None, 'qk_norm_for_text': False, 'use_und_k_norm_for_gen': True}}, 'tokenizer': {'repository': None, 'revision': None, 'subdir': '', '_target_': 'cosmos_framework.data.generator.processors.build_processor_lazy', 'tokenizer_type': '/bulk/users/vla/alpamayo2edge/cosmos3-edge'}, 'layer_module': None, 'qk_norm': False, 'tie_word_embeddings': False, 'use_system_prompt': False, '_type': 'cosmos_framework.configs.base.defaults.reasoner.VLMConfig'}, 'diffusion_expert_config': {'timestep_range': 1.0, 'load_weights_from_pretrained': False, 'enable_vision_modality_embeddings': False, 'enable_media_modality_embedding': False, 'enable_sound_modality_embedding': True, 'patch_spatial': 2, 'max_vae_latent_side_after_patchify': 20, 'enable_fps_modulation': True, 'base_fps': 24, 'sound_base_temporal_compression_factor': None, 'vision_temporal_position_mode': 'latent_index', 'unified_3d_mrope_reset_spatial_ids': True, 'unified_3d_mrope_temporal_modality_margin': 15000, '_type': 'cosmos_framework.configs.base.defaults.model_config.DiffusionExpertConfig'}, 'input_video_key': 'video', 'input_image_key': 'images', 'input_caption_key': 'ai_caption', 'state_ch': 48, 'state_t': 300, 'latent_downsample_factor': 16, 'resolution': '480', 'max_num_tokens_after_packing': 74000, 'joint_attn_implementation': 'two_way', 'flex_attention': {'enabled': False, 'backend': 'auto', 'mask': {'attention_scope': 'all_views'}}, 'natten_parameter_list': None, 'video_temporal_causal': False, 'causal_training_strategy': 'none', 'lbl': {'method': 'local', 'coeff_und': None, 'coeff_gen': None, '_type': 'cosmos_framework.configs.base.defaults.model_config.LBLConfig'}, 'vision_gen': True, 'action_gen': True, 'max_action_dim': 64, 'num_embodiment_domains': 32, 'sound_gen': False, 'sound_tokenizer': None, 'sound_dim': None, 'sound_latent_fps': 25, 'enable_input_bias': True, 'log_enc_time_every_n': 100, 'exclude_reasoner_weights_from_checkpoint': False, '_type': 'cosmos_framework.configs.base.defaults.model_config.OmniMoTModelConfig'}
[09-18 17:28:55|WARNING|cosmos_framework/model/generator/omni_mot_model.py:150:set_precision] OmniMoTModel: precision torch.bfloat16
This processor does not use the `size` parameter. It will be ignored.
[09-18 17:28:55|INFO|cosmos_framework/data/generator/processors/base.py:131:__init__] Successfully loaded processor from local cache
[09-18 17:28:55|INFO|cosmos_framework/utils/checkpoint_db.py:338:download] Downloading checkpoint Wan2.2/vae(1a22128c07fc4ae8bc6ba340c5e94fa8)
[09-18 17:28:55|INFO|cosmos_framework/utils/checkpoint_db.py:171:_hf_download] uv run --isolated --project /home/vla/projects/cosmos-framework/cosmos_framework/utils/hf_cli --locked --no-default-groups hf download --format=json Wan-AI/Wan2.2-TI2V-5B --repo-type model --revision 921dbaf3f1674a56f47e83fb80a34bac8a8f203e Wan2.2_VAE.pth
Installed 16 packages in 2ms
[09-18 17:28:57|INFO|cosmos_framework/model/generator/tokenizers/wan2pt2_vae_4x16x16.py:1056:_video_vae] loading /bulk/users/vla/alpamayo2edge/hf-cache/models--Wan-AI--Wan2.2-TI2V-5B/snapshots/921dbaf3f1674a56f47e83fb80a34bac8a8f203e/Wan2.2_VAE.pth
[09-18 17:28:57|INFO|cosmos_framework/utils/timer.py:138:_log] Time spent on OmniMoTModel: set_up_tokenizers: 2.40 s
[09-18 17:28:57|INFO|cosmos_framework/utils/generator/parallelism.py:110:_validate] dp_shard auto-inferred to world_size = 1
[09-18 17:28:57|INFO|cosmos_framework/utils/generator/parallelism.py:124:_validate] dp_replicate is set to -1, will be automatically determined based on world_size 1 // dp_shard 1.
[09-18 17:28:57|INFO|cosmos_framework/utils/generator/parallelism.py:129:_validate] dp_replicate is set to 1.
`torch_dtype` is deprecated! Use `dtype` instead!
[09-18 17:28:57|INFO|cosmos_framework/utils/timer.py:138:_log] Time spent on meta to cuda and broadcast model states: 0.04 s
[09-18 17:28:57|INFO|cosmos_framework/utils/timer.py:138:_log] Time spent on Creating PyTorch model and ema if enabled: 0.11 s
[09-18 17:28:57|INFO|cosmos_framework/utils/timer.py:138:_log] Time spent on OmniMoTModel: set_up_model: 0.11 s
/home/vla/envs/alpamayo2edge/lib/python3.13/site-packages/torch/distributed/checkpoint/utils.py:483: UserWarning: torch.distributed is disabled, unavailable or uninitialized, assuming the intent is to load in a single process.
  return func(*args, **kwargs)
[09-18 17:28:58|INFO|../cosmos-framework/cosmos_framework/model/generator/mot/unified_mot.py:2656:_ensure_vision_tower] Edge vision tower: loading from checkpoint-local bundle /bulk/users/vla/alpamayo2edge/cosmos3-edge/vision_encoder
INFO:distill.checkpoint:loaded merged student <- /data/vla/alpamayo2edge/runs/stage1/run-336/best
INFO:__main__:init policy <- /data/vla/alpamayo2edge/runs/stage1/run-336/best (epoch=3 coc_nll=0.5318334388857087)
[09-18 17:29:01|INFO|../cosmos-framework/cosmos_framework/utils/generator/lora.py:164:inject_lora_pre_fsdp] Injecting LoRA on meta device: rank=48, alpha=96, targets=['q_proj', 'k_proj', 'v_proj', 'o_proj']
[09-18 17:29:01|INFO|../cosmos-framework/cosmos_framework/utils/generator/lora.py:184:inject_lora_pre_fsdp] LoRA injection successful: 112 modules wrapped, 19,267,584 trainable LoRA params, 2,818,812,416 frozen base params (0.679% trainable)
INFO:__main__:LoRA: {'wrapped': 112, 'by_leaf': {'q_proj': 28, 'k_proj': 28, 'v_proj': 28, 'o_proj': 28}, 'lora_params': 19267584, 'example': ['0.self_attn.q_proj', '0.self_attn.k_proj', '0.self_attn.v_proj']}
INFO:distill.student.context:image processor: Siglip2ImageProcessorCustom (native Cosmos3-Edge port)
INFO:distill.student.context:image processor: Siglip2ImageProcessorCustom (native Cosmos3-Edge port)
INFO:__main__:train prompts: 18954   val eval windows: 8
INFO:distill.data.sampling:maneuver-stratified sampling, alpha=0.50 (D-036):
INFO:distill.data.sampling:   class              n  uniform  effective
INFO:distill.data.sampling:   FOLLOW          6249    33.0%      20.1%
INFO:distill.data.sampling:   KEEP            3942    20.8%      16.0%
INFO:distill.data.sampling:   STOP            2131    11.2%      11.7%
INFO:distill.data.sampling:   NUDGE           1960    10.3%      11.3%
INFO:distill.data.sampling:   ADAPT_SPEED     1870     9.9%      11.0%
INFO:distill.data.sampling:   TURN             626     3.3%       6.4%
INFO:distill.data.sampling:   ACCELERATE       573     3.0%       6.1%
INFO:distill.data.sampling:   SLOW             494     2.6%       5.7%
INFO:distill.data.sampling:   YIELD            451     2.4%       5.4%
INFO:distill.data.sampling:   LANE_CHANGE      382     2.0%       5.0%
INFO:distill.data.sampling:   UNASSIGNED       276     1.5%       1.5%
INFO:__main__:step 0 val: {"n": 8, "traj_ade": null, "neg_ade": null, "traj_decoded": 0.0, "gt_score": 0.7142857142857143, "gt_consistent": 0.7142857142857143, "gt_false_clear": 0.0, "hazard_ungrounded": 0.16666666666666666, "direction_ok": 0.0, "maneuver_acc": 0.42857142857142855, "obj_precision": 0.8, "termination": 1.0, "mix": {"KEEP": 3, "FOLLOW": 2, "STOP": 2, "NUDGE": 1}}
/home/vla/projects/alpamayo2edge/src/distill/train_grpo_coc.py:471: UserWarning: Converting a tensor with requires_grad=True to a scalar may lead to unexpected behavior.
Consider using tensor.detach() first. (Triggered internally at /pytorch/torch/csrc/autograd/generated/python_variable_methods.cpp:836.)
  stats["ce"] += float(ce)
INFO:__main__:step 1/2 reward -0.500 [kin -0.50 dir +0.00 haz -0.38 tch 0.75] fail 0.00 skip 1.00 kl 0.0000 ce 0.079 |g| 0.06  8s  {'STOP': 4, 'KEEP': 2, 'NUDGE': 2}
INFO:__main__:step 2/2 reward -0.625 [kin -0.50 dir -0.25 haz +0.44 tch 0.50] fail 0.00 skip 1.00 kl 0.0000 ce 0.123 |g| 0.09  8s  {'KEEP': 4, 'FOLLOW': 4}
INFO:__main__:step 2 val: {"n": 8, "traj_ade": null, "neg_ade": null, "traj_decoded": 0.0, "gt_score": 0.6666666666666666, "gt_consistent": 0.6666666666666666, "gt_false_clear": 0.0, "hazard_ungrounded": 0.14285714285714285, "direction_ok": 0.0, "maneuver_acc": 0.5714285714285714, "obj_precision": 1.0, "termination": 1.0, "mix": {"FOLLOW": 3, "STOP": 2, "NUDGE": 2, "KEEP": 1}}
INFO:__main__:SMOKE OK  peak GPU 52.0 GiB
smoke OK - starting rl-run-6-coc-grounded 2026-09-18T17:29:34+02:00
----------------------------------------------------------------
INFO:__main__:cameras: ['camera_cross_left_120fov', 'camera_front_wide_120fov', 'camera_cross_right_120fov', 'camera_front_tele_30fov']
INFO:__main__:reward mode: gt   route hint: True   coc_temperature: 1.0
INFO:megatron.core.msc_utils:The multistorageclient package is available.
/home/vla/envs/alpamayo2edge/lib/python3.13/site-packages/megatron/core/distributed/fsdp/src/megatron_fsdp/utils.py:108: UserWarning: Transformer Engine and Apex are not installed. Falling back to local implementations of multi_tensor_applier and multi_tensor_scale
  warnings.warn(
INFO:megatron.core.distributed.fsdp.src.megatron_fsdp.megatron_fsdp:Detected Megatron Core, using Megatron-FSDP with Megatron.
INFO:megatron.core.distributed.fsdp.src.megatron_fsdp.param_and_grad_buffer:Detected Megatron Core, using Megatron-FSDP with Megatron.
/home/vla/envs/alpamayo2edge/lib/python3.13/site-packages/megatron/core/optimizer/__init__.py:24: UserWarning: Transformer Engine and Apex are not installed. Falling back to Torch optimizers.
  warnings.warn(
/home/vla/envs/alpamayo2edge/lib/python3.13/site-packages/megatron/core/optimizer/optimizer.py:28: UserWarning: Transformer Engine and Apex are not installed. Falling back to local implementations of multi_tensor_applier and multi_tensor_scale
  warnings.warn(
/home/vla/envs/alpamayo2edge/lib/python3.13/site-packages/megatron/core/optimizer/clip_grads.py:29: UserWarning: Transformer Engine and Apex are not installed. Falling back to local implementations of multi_tensor_applier, multi_tensor_l2norm, and multi_tensor_scale
  warnings.warn(
[09-18 17:29:38|INFO|cosmos_framework/model/generator/omni_mot_model.py:124:__init__] OmniMoTModel: config {'tokenizer': {'bucket_name': 'bucket', 'object_store_credential_path_pretrained': 'credentials/gcp_training.secret', 'vae_path': 'pretrained/tokenizers/video/wan2pt2/Wan2.2_VAE.pth', 'chunk_duration': 93, 'keep_decoder_cache': False, 'use_streaming_encode': False, 'encode_chunk_frames': {'256': 68, '480': 24, '720': 8, '768': 8}, 'encode_exact_durations': [17, 61, 73], 'spatial_compression_factor': 16, 'temporal_compression_factor': 4, 'temporal_window': None, 'encode_bucket_multiple': None, 'causal': True, '_target_': 'cosmos_framework.model.generator.tokenizers.wan2pt2_vae_4x16x16.Wan2pt2VAEInterface'}, 'load_vision_tokenizer': True, 'lidar_tokenizer': None, 'lidar_state_ch': None, 'lidar_fps': None, 'net': None, 'ema': {'enabled': False, 'rate': 0.1, 'iteration_shift': 0, '_type': 'cosmos_framework.configs.base.defaults.ema.EMAConfig'}, 'parallelism': {'data_parallel_shard_degree': -1, 'data_parallel_replicate_degree': 1, 'context_parallel_shard_degree': 1, 'cfg_parallel_shard_degree': 1, 'enable_inference_mode': True, 'fsdp_master_dtype': 'float32', 'fsdp_reduce_dtype': None, '_type': 'cosmos_framework.configs.base.defaults.parallelism.ParallelismConfig'}, 'attention_io_layout': 'sequence_sharded', 'compile': {'enabled': False, 'compiled_region': 'language', 'compile_dynamic': True, 'use_cuda_graphs': False, 'ar_post_saturation_mode': 'default', 'max_autotune_pointwise': False, 'coordinate_descent_tuning': False, '_type': 'cosmos_framework.configs.base.defaults.compile.CompileConfig'}, 'quantization': {'method': None, 'fp8_granularity': 'per_row', 'modelopt_fp8_checkpoint_path': None, 'mixed_precision_first_steps': 0, 'mixed_precision_last_steps': 0, 'mixed_precision_reasoner_policy': 'high_precision', 'mixed_precision_w8a16_cache': 'none', 'include_regex': [], 'exclude_regex': [], 'modelopt_fp8_target_fqns': [], '_type': 'cosmos_framework.configs.base.defaults.quantization.QuantizationConfig'}, 'activation_checkpointing': {'mode': 'none', 'preserve_rng_state': True, 'determinism_check': 'default', 'save_ops_regex': ['fmha'], '_type': 'cosmos_framework.configs.base.defaults.activation_checkpointing.ActivationCheckpointingConfig'}, 'precision': 'bfloat16', 'lora_enabled': False, 'lora_rank': 16, 'lora_alpha': 32, 'lora_target_modules': 'q_proj_moe_gen,k_proj_moe_gen,v_proj_moe_gen,o_proj_moe_gen', 'rectified_flow_training_config': {'shift': {'256': 3, '480': 5, '720': 10}, 'shift_image': None, 'use_dynamic_shift': False, 'train_time_image_distribution': 'logitnormal', 'train_time_video_distribution': 'waver', 'train_time_action_distribution': 'logitnormal', 'train_time_sound_distribution': 'logitnormal', 'train_time_weight': 'uniform', 'loss_scale': 10.0, 'image_loss_scale': None, 'sound_loss_scale': 2.0, 'lidar_loss_scale': None, 'use_discrete_rf': False, 'action_loss_weight': 10.0, 'independent_action_schedule': False, 'shift_action': None, 'independent_sound_schedule': False, 'shift_sound': None, 'normalize_loss_by_active': False, 'sample_level_loss_averaging': False, 'high_sigma_ratio': 0.05, 'high_sigma_timesteps_max': 1000, 'high_sigma_timesteps_min': 995, 'use_high_sigma_strategy': False, 'use_high_sigma_strategy_action': False, 'use_high_sigma_strategy_sound': False, '_type': 'cosmos_framework.configs.base.defaults.model_config.RectifiedFlowTrainingConfig'}, 'rectified_flow_inference_config': {'scheduler_type': 'unipc', 'num_train_timesteps': 1000, 'shift': 1, 'use_dynamic_shifting': False, '_type': 'cosmos_framework.configs.base.defaults.model_config.RectifiedFlowInferenceConfig'}, 'fixed_step_sampler_config': None, 'vlm_config': {'model_name': 'nvidia/Cosmos3-Edge-Reasoner', 'safetensors_path': '', 'pretrained_weights': {'enabled': False, 'backbone_path': 's3://bucket/cosmos3/pretrained/huggingface/nvidia/Cosmos3-Edge-Reasoner-590c1c0/', 'credentials_path': 'credentials/gcp_checkpoint.secret', 'enable_gcs_patch_in_boto3': True, 'checkpoint_format': None, '_type': 'cosmos_framework.configs.base.defaults.reasoner.PretrainedWeightsConfig'}, 'model_instance': {'_target_': 'cosmos_framework.model.generator.mot.unified_mot.Nemotron3DenseVLTextForCausalLM', 'config': {'_target_': 'cosmos_framework.configs.base.defaults.reasoner.create_vlm_config', 'base_config': {'_target_': 'cosmos_framework.model.generator.mot.unified_mot.Nemotron3DenseVLMoTConfig.from_json_file', 'json_file': 'cosmos_framework/model/generator/reasoner/nemotron_3_dense_vl/configs/Nemotron-2B-Dense-VL.json'}, 'include_visual': None, 'qk_norm_for_text': False, 'use_und_k_norm_for_gen': True}}, 'tokenizer': {'repository': None, 'revision': None, 'subdir': '', '_target_': 'cosmos_framework.data.generator.processors.build_processor_lazy', 'tokenizer_type': '/bulk/users/vla/alpamayo2edge/cosmos3-edge'}, 'layer_module': None, 'qk_norm': False, 'tie_word_embeddings': False, 'use_system_prompt': False, '_type': 'cosmos_framework.configs.base.defaults.reasoner.VLMConfig'}, 'diffusion_expert_config': {'timestep_range': 1.0, 'load_weights_from_pretrained': False, 'enable_vision_modality_embeddings': False, 'enable_media_modality_embedding': False, 'enable_sound_modality_embedding': True, 'patch_spatial': 2, 'max_vae_latent_side_after_patchify': 20, 'enable_fps_modulation': True, 'base_fps': 24, 'sound_base_temporal_compression_factor': None, 'vision_temporal_position_mode': 'latent_index', 'unified_3d_mrope_reset_spatial_ids': True, 'unified_3d_mrope_temporal_modality_margin': 15000, '_type': 'cosmos_framework.configs.base.defaults.model_config.DiffusionExpertConfig'}, 'input_video_key': 'video', 'input_image_key': 'images', 'input_caption_key': 'ai_caption', 'state_ch': 48, 'state_t': 300, 'latent_downsample_factor': 16, 'resolution': '480', 'max_num_tokens_after_packing': 74000, 'joint_attn_implementation': 'two_way', 'flex_attention': {'enabled': False, 'backend': 'auto', 'mask': {'attention_scope': 'all_views'}}, 'natten_parameter_list': None, 'video_temporal_causal': False, 'causal_training_strategy': 'none', 'lbl': {'method': 'local', 'coeff_und': None, 'coeff_gen': None, '_type': 'cosmos_framework.configs.base.defaults.model_config.LBLConfig'}, 'vision_gen': True, 'action_gen': True, 'max_action_dim': 64, 'num_embodiment_domains': 32, 'sound_gen': False, 'sound_tokenizer': None, 'sound_dim': None, 'sound_latent_fps': 25, 'enable_input_bias': True, 'log_enc_time_every_n': 100, 'exclude_reasoner_weights_from_checkpoint': False, '_type': 'cosmos_framework.configs.base.defaults.model_config.OmniMoTModelConfig'}
[09-18 17:29:38|WARNING|cosmos_framework/model/generator/omni_mot_model.py:150:set_precision] OmniMoTModel: precision torch.bfloat16
This processor does not use the `size` parameter. It will be ignored.
[09-18 17:29:38|INFO|cosmos_framework/data/generator/processors/base.py:131:__init__] Successfully loaded processor from local cache
[09-18 17:29:38|INFO|cosmos_framework/utils/checkpoint_db.py:338:download] Downloading checkpoint Wan2.2/vae(90a32d174c684d78a4f6aeecffe258a9)
[09-18 17:29:38|INFO|cosmos_framework/utils/checkpoint_db.py:171:_hf_download] uv run --isolated --project /home/vla/projects/cosmos-framework/cosmos_framework/utils/hf_cli --locked --no-default-groups hf download --format=json Wan-AI/Wan2.2-TI2V-5B --repo-type model --revision 921dbaf3f1674a56f47e83fb80a34bac8a8f203e Wan2.2_VAE.pth
Installed 16 packages in 2ms
[09-18 17:29:40|INFO|cosmos_framework/model/generator/tokenizers/wan2pt2_vae_4x16x16.py:1056:_video_vae] loading /bulk/users/vla/alpamayo2edge/hf-cache/models--Wan-AI--Wan2.2-TI2V-5B/snapshots/921dbaf3f1674a56f47e83fb80a34bac8a8f203e/Wan2.2_VAE.pth
[09-18 17:29:40|INFO|cosmos_framework/utils/timer.py:138:_log] Time spent on OmniMoTModel: set_up_tokenizers: 2.39 s
[09-18 17:29:40|INFO|cosmos_framework/utils/generator/parallelism.py:110:_validate] dp_shard auto-inferred to world_size = 1
[09-18 17:29:40|INFO|cosmos_framework/utils/generator/parallelism.py:124:_validate] dp_replicate is set to -1, will be automatically determined based on world_size 1 // dp_shard 1.
[09-18 17:29:40|INFO|cosmos_framework/utils/generator/parallelism.py:129:_validate] dp_replicate is set to 1.
`torch_dtype` is deprecated! Use `dtype` instead!
[09-18 17:29:40|INFO|cosmos_framework/utils/timer.py:138:_log] Time spent on meta to cuda and broadcast model states: 0.04 s
[09-18 17:29:40|INFO|cosmos_framework/utils/timer.py:138:_log] Time spent on Creating PyTorch model and ema if enabled: 0.11 s
[09-18 17:29:40|INFO|cosmos_framework/utils/timer.py:138:_log] Time spent on OmniMoTModel: set_up_model: 0.11 s
/home/vla/envs/alpamayo2edge/lib/python3.13/site-packages/torch/distributed/checkpoint/utils.py:483: UserWarning: torch.distributed is disabled, unavailable or uninitialized, assuming the intent is to load in a single process.
  return func(*args, **kwargs)
[09-18 17:29:41|INFO|../cosmos-framework/cosmos_framework/model/generator/mot/unified_mot.py:2656:_ensure_vision_tower] Edge vision tower: loading from checkpoint-local bundle /bulk/users/vla/alpamayo2edge/cosmos3-edge/vision_encoder
INFO:distill.checkpoint:loaded merged student <- /data/vla/alpamayo2edge/runs/stage1/run-336/best
INFO:__main__:init policy <- /data/vla/alpamayo2edge/runs/stage1/run-336/best (epoch=3 coc_nll=0.5318334388857087)
[09-18 17:29:44|INFO|../cosmos-framework/cosmos_framework/utils/generator/lora.py:164:inject_lora_pre_fsdp] Injecting LoRA on meta device: rank=48, alpha=96, targets=['q_proj', 'k_proj', 'v_proj', 'o_proj']
[09-18 17:29:44|INFO|../cosmos-framework/cosmos_framework/utils/generator/lora.py:184:inject_lora_pre_fsdp] LoRA injection successful: 112 modules wrapped, 19,267,584 trainable LoRA params, 2,818,812,416 frozen base params (0.679% trainable)
INFO:__main__:LoRA: {'wrapped': 112, 'by_leaf': {'q_proj': 28, 'k_proj': 28, 'v_proj': 28, 'o_proj': 28}, 'lora_params': 19267584, 'example': ['0.self_attn.q_proj', '0.self_attn.k_proj', '0.self_attn.v_proj']}
INFO:distill.student.context:image processor: Siglip2ImageProcessorCustom (native Cosmos3-Edge port)
INFO:distill.student.context:image processor: Siglip2ImageProcessorCustom (native Cosmos3-Edge port)
INFO:__main__:train prompts: 18954   val eval windows: 400
INFO:distill.data.sampling:maneuver-stratified sampling, alpha=0.50 (D-036):
INFO:distill.data.sampling:   class              n  uniform  effective
INFO:distill.data.sampling:   FOLLOW          6249    33.0%      20.1%
INFO:distill.data.sampling:   KEEP            3942    20.8%      16.0%
INFO:distill.data.sampling:   STOP            2131    11.2%      11.7%
INFO:distill.data.sampling:   NUDGE           1960    10.3%      11.3%
INFO:distill.data.sampling:   ADAPT_SPEED     1870     9.9%      11.0%
INFO:distill.data.sampling:   TURN             626     3.3%       6.4%
INFO:distill.data.sampling:   ACCELERATE       573     3.0%       6.1%
INFO:distill.data.sampling:   SLOW             494     2.6%       5.7%
INFO:distill.data.sampling:   YIELD            451     2.4%       5.4%
INFO:distill.data.sampling:   LANE_CHANGE      382     2.0%       5.0%
INFO:distill.data.sampling:   UNASSIGNED       276     1.5%       1.5%
INFO:__main__:step 0 val: {"n": 400, "traj_ade": null, "neg_ade": null, "traj_decoded": 0.0, "gt_score": 0.500491718426501, "gt_consistent": 0.7594202898550725, "gt_false_clear": 0.25892857142857145, "hazard_ungrounded": 0.23161764705882354, "direction_ok": 0.09433962264150944, "maneuver_acc": 0.6304909560723514, "obj_precision": 0.8542435424354243, "termination": 1.0, "mix": {"FOLLOW": 140, "KEEP": 104, "NUDGE": 51, "STOP": 46, "ADAPT_SPEED": 30, "ACCELERATE": 16, "YIELD": 5, "SLOW": 4, "TURN": 3, "null": 1}}
/home/vla/projects/alpamayo2edge/src/distill/train_grpo_coc.py:471: UserWarning: Converting a tensor with requires_grad=True to a scalar may lead to unexpected behavior.
Consider using tensor.detach() first. (Triggered internally at /pytorch/torch/csrc/autograd/generated/python_variable_methods.cpp:836.)
  stats["ce"] += float(ce)
INFO:__main__:step 1/200 reward 0.160 [kin +0.16 dir +0.00 haz +0.45 tch 0.64] fail 0.00 skip 0.75 kl 0.0000 ce 0.308 |g| 0.14  56s  {'FOLLOW': 56, 'KEEP': 35, 'NUDGE': 12, 'STOP': 9, 'ADAPT_SPEED': 9, 'SLOW': 7}
INFO:__main__:step 2/200 reward 0.186 [kin +0.15 dir +0.07 haz +0.56 tch 0.55] fail 0.00 skip 0.62 kl 0.0001 ce 0.158 |g| 0.16  65s  {'KEEP': 45, 'NUDGE': 31, 'FOLLOW': 21, 'STOP': 15, 'ADAPT_SPEED': 9, 'TURN': 7}
INFO:__main__:step 3/200 reward 0.086 [kin +0.14 dir -0.12 haz +0.45 tch 0.56] fail 0.00 skip 0.50 kl 0.0010 ce 0.163 |g| 0.27  78s  {'FOLLOW': 45, 'STOP': 29, 'SLOW': 16, 'KEEP': 15, 'ADAPT_SPEED': 11, 'YIELD': 6}
INFO:__main__:step 4/200 reward 0.033 [kin +0.04 dir -0.00 haz -0.00 tch 0.64] fail 0.00 skip 0.75 kl 0.0013 ce 0.047 |g| 0.08  56s  {'KEEP': 52, 'NUDGE': 21, 'ADAPT_SPEED': 20, 'FOLLOW': 12, 'ACCELERATE': 10, 'SLOW': 8}
INFO:__main__:step 5/200 reward -0.113 [kin -0.08 dir -0.06 haz +0.61 tch 0.78] fail 0.00 skip 0.62 kl 0.0014 ce 0.036 |g| 0.12  68s  {'STOP': 60, 'ADAPT_SPEED': 25, 'FOLLOW': 19, 'SLOW': 16, 'KEEP': 8}
INFO:__main__:step 6/200 reward -0.342 [kin -0.22 dir -0.24 haz +0.50 tch 0.55] fail 0.00 skip 0.62 kl 0.0026 ce 0.260 |g| 0.13  66s  {'FOLLOW': 46, 'ADAPT_SPEED': 27, 'NUDGE': 17, 'ACCELERATE': 16, 'YIELD': 15, 'SLOW': 6}
INFO:__main__:step 7/200 reward 0.330 [kin +0.32 dir +0.01 haz +0.12 tch 0.41] fail 0.00 skip 0.50 kl 0.0093 ce 0.281 |g| 0.24  78s  {'FOLLOW': 28, 'STOP': 20, 'ACCELERATE': 16, 'ADAPT_SPEED': 15, 'TURN': 15, 'YIELD': 12}
INFO:__main__:step 8/200 reward 0.385 [kin +0.33 dir +0.11 haz +0.13 tch 0.30] fail 0.00 skip 0.12 kl 0.0079 ce 0.404 |g| 0.35  110s  {'ADAPT_SPEED': 42, 'FOLLOW': 24, 'KEEP': 21, 'NUDGE': 16, 'ACCELERATE': 10, 'STOP': 8}
INFO:__main__:step 9/200 reward 0.168 [kin +0.17 dir +0.00 haz -0.04 tch 0.75] fail 0.00 skip 0.75 kl 0.0071 ce 0.025 |g| 0.11  56s  {'KEEP': 50, 'NUDGE': 18, 'FOLLOW': 17, 'ADAPT_SPEED': 17, 'ACCELERATE': 16, 'SLOW': 10}
INFO:__main__:step 10/200 reward -0.156 [kin -0.12 dir -0.06 haz +0.34 tch 0.50] fail 0.00 skip 0.50 kl 0.0152 ce 0.256 |g| 0.27  84s  {'KEEP': 31, 'FOLLOW': 29, 'ADAPT_SPEED': 22, 'SLOW': 17, 'YIELD': 16, 'NUDGE': 13}
INFO:__main__:step 11/200 reward 0.383 [kin +0.29 dir +0.18 haz +0.25 tch 0.27] fail 0.00 skip 0.25 kl 0.0264 ce 0.390 |g| 0.34  103s  {'KEEP': 67, 'TURN': 34, 'ADAPT_SPEED': 7, 'NUDGE': 6, 'SLOW': 5, 'FOLLOW': 5}
INFO:__main__:step 12/200 reward -0.152 [kin -0.16 dir +0.05 haz +0.26 tch 0.63] fail 0.01 skip 0.62 kl 0.0121 ce 0.137 |g| 0.19  68s  {'NUDGE': 32, 'KEEP': 32, 'ADAPT_SPEED': 16, 'TURN': 15, 'STOP': 15, 'ACCELERATE': 11}
INFO:__main__:step 13/200 reward -0.281 [kin -0.25 dir -0.06 haz -0.06 tch 0.73] fail 0.00 skip 1.00 kl 0.0000 ce 0.000 |g| 0.00  39s  {'FOLLOW': 57, 'ADAPT_SPEED': 32, 'NUDGE': 23, 'KEEP': 15, 'SLOW': 1}
INFO:__main__:step 14/200 reward 0.168 [kin +0.08 dir +0.18 haz +0.21 tch 0.87] fail 0.00 skip 0.62 kl 0.0206 ce 0.096 |g| 0.22  67s  {'FOLLOW': 52, 'STOP': 25, 'ACCELERATE': 22, 'NUDGE': 15, 'TURN': 11, 'KEEP': 3}
INFO:__main__:step 15/200 reward 0.029 [kin +0.02 dir +0.02 haz -0.25 tch 0.70] fail 0.00 skip 0.62 kl 0.0219 ce 0.121 |g| 0.19  68s  {'FOLLOW': 39, 'NUDGE': 28, 'ACCELERATE': 26, 'KEEP': 20, 'ADAPT_SPEED': 5, 'TURN': 4}
INFO:__main__:step 16/200 reward 0.109 [kin +0.11 dir -0.01 haz +0.23 tch 0.48] fail 0.00 skip 0.50 kl 0.0254 ce 0.080 |g| 0.22  80s  {'KEEP': 43, 'FOLLOW': 34, 'STOP': 31, 'ADAPT_SPEED': 11, 'NUDGE': 5, 'SLOW': 3}
INFO:__main__:step 17/200 reward 0.324 [kin +0.33 dir -0.02 haz +0.26 tch 0.45] fail 0.00 skip 0.38 kl 0.0216 ce 0.458 |g| 0.20  91s  {'KEEP': 32, 'STOP': 29, 'ADAPT_SPEED': 27, 'SLOW': 15, 'ACCELERATE': 12, 'FOLLOW': 7}
INFO:__main__:step 18/200 reward 0.402 [kin +0.37 dir +0.07 haz +0.51 tch 0.58] fail 0.00 skip 0.50 kl 0.0139 ce 0.113 |g| 0.21  78s  {'STOP': 42, 'KEEP': 41, 'ADAPT_SPEED': 16, 'FOLLOW': 13, 'LANE_CHANGE': 11, 'NUDGE': 3}
INFO:__main__:step 19/200 reward 0.238 [kin +0.23 dir +0.01 haz +0.29 tch 0.55] fail 0.00 skip 0.75 kl 0.0837 ce 0.004 |g| 0.20  58s  {'FOLLOW': 41, 'STOP': 33, 'KEEP': 17, 'ADAPT_SPEED': 16, 'NUDGE': 14, 'TURN': 6}
INFO:__main__:step 20/200 reward 0.549 [kin +0.49 dir +0.11 haz +0.48 tch 0.79] fail 0.00 skip 0.75 kl 0.0391 ce 0.153 |g| 0.12  56s  {'ACCELERATE': 40, 'STOP': 32, 'FOLLOW': 32, 'TURN': 15, 'KEEP': 6, 'ADAPT_SPEED': 2}
INFO:__main__:step 21/200 reward 0.133 [kin +0.13 dir +0.00 haz +0.54 tch 0.74] fail 0.00 skip 0.50 kl 0.0141 ce 0.174 |g| 0.23  79s  {'NUDGE': 40, 'YIELD': 28, 'STOP': 20, 'FOLLOW': 19, 'ADAPT_SPEED': 18, 'ACCELERATE': 2}
INFO:__main__:step 22/200 reward 0.008 [kin +0.00 dir +0.02 haz +0.31 tch 0.59] fail 0.00 skip 0.50 kl 0.0676 ce 0.449 |g| 0.19  84s  {'NUDGE': 33, 'KEEP': 26, 'SLOW': 25, 'YIELD': 16, 'ACCELERATE': 15, 'ADAPT_SPEED': 6}
INFO:__main__:step 23/200 reward 0.195 [kin +0.09 dir +0.22 haz +0.57 tch 0.59] fail 0.00 skip 0.38 kl 0.0633 ce 0.192 |g| 0.26  88s  {'TURN': 40, 'FOLLOW': 29, 'KEEP': 20, 'STOP': 15, 'ACCELERATE': 11, 'ADAPT_SPEED': 8}
INFO:__main__:step 24/200 reward 0.400 [kin +0.38 dir +0.04 haz +0.14 tch 0.57] fail 0.00 skip 0.62 kl 0.0896 ce 0.375 |g| 0.29  69s  {'STOP': 37, 'ACCELERATE': 23, 'FOLLOW': 18, 'ADAPT_SPEED': 17, 'YIELD': 16, 'TURN': 9}
INFO:__main__:step 25/200 reward 0.219 [kin +0.22 dir +0.00 haz +0.24 tch 0.39] fail 0.00 skip 0.38 kl 0.0679 ce 0.331 |g| 0.26  90s  {'NUDGE': 33, 'YIELD': 21, 'FOLLOW': 20, 'ACCELERATE': 15, 'ADAPT_SPEED': 12, 'STOP': 11}
INFO:__main__:step 25 val: {"n": 400, "traj_ade": null, "neg_ade": null, "traj_decoded": 0.0, "gt_score": 0.578968253968254, "gt_consistent": 0.7396825396825397, "gt_false_clear": 0.16071428571428573, "hazard_ungrounded": 0.21568627450980393, "direction_ok": 0.6415094339622641, "maneuver_acc": 0.5478036175710594, "obj_precision": 0.759016393442623, "termination": 1.0, "mix": {"FOLLOW": 89, "NUDGE": 73, "STOP": 70, "KEEP": 45, "SLOW": 33, "TURN": 32, "ADAPT_SPEED": 30, "ACCELERATE": 17, "YIELD": 9, "LANE_CHANGE": 2}}
INFO:distill.checkpoint:saved merged student -> /data/vla/alpamayo2edge/runs/stage1_rl/rl-run-6-coc-grounded/best (992 tensors)
INFO:__main__:  <- new best (val gt_score 0.579), saved
INFO:__main__:step 26/200 reward 0.023 [kin +0.02 dir +0.01 haz +0.52 tch 0.55] fail 0.00 skip 0.50 kl 0.0342 ce 0.223 |g| 0.21  80s  {'NUDGE': 38, 'FOLLOW': 30, 'STOP': 18, 'KEEP': 16, 'ADAPT_SPEED': 12, 'LANE_CHANGE': 7}
INFO:__main__:step 27/200 reward 0.320 [kin +0.27 dir +0.11 haz +0.27 tch 0.52] fail 0.00 skip 0.38 kl 0.0944 ce 0.187 |g| 0.26  91s  {'STOP': 54, 'FOLLOW': 28, 'NUDGE': 19, 'TURN': 11, 'ADAPT_SPEED': 10, 'SLOW': 4}
INFO:__main__:step 28/200 reward -0.027 [kin -0.01 dir -0.04 haz +0.14 tch 0.76] fail 0.00 skip 0.50 kl 0.0511 ce 0.116 |g| 0.21  83s  {'ADAPT_SPEED': 44, 'STOP': 33, 'KEEP': 16, 'NUDGE': 11, 'FOLLOW': 10, 'YIELD': 9}
INFO:__main__:step 29/200 reward -0.062 [kin +0.00 dir -0.12 haz +0.06 tch 0.93] fail 0.00 skip 1.00 kl 0.0000 ce 0.000 |g| 0.00  39s  {'FOLLOW': 58, 'STOP': 51, 'YIELD': 19}
INFO:__main__:step 30/200 reward 0.227 [kin +0.19 dir +0.07 haz +0.16 tch 0.70] fail 0.00 skip 0.50 kl 0.0170 ce 0.138 |g| 0.22  80s  {'NUDGE': 40, 'FOLLOW': 23, 'STOP': 16, 'ADAPT_SPEED': 15, 'KEEP': 13, 'ACCELERATE': 10}
INFO:__main__:step 31/200 reward -0.264 [kin -0.23 dir -0.03 haz +0.66 tch 0.48] fail 0.01 skip 0.50 kl 0.0403 ce 0.129 |g| 0.21  81s  {'STOP': 72, 'ADAPT_SPEED': 14, 'FOLLOW': 11, 'KEEP': 11, 'SLOW': 6, 'LANE_CHANGE': 4}
INFO:__main__:step 32/200 reward 0.145 [kin +0.14 dir +0.00 haz +0.44 tch 0.59] fail 0.00 skip 0.62 kl 0.0638 ce 0.080 |g| 0.19  72s  {'FOLLOW': 41, 'STOP': 30, 'SLOW': 17, 'YIELD': 15, 'NUDGE': 13, 'KEEP': 10}
INFO:__main__:step 33/200 reward 0.188 [kin +0.20 dir -0.02 haz +0.38 tch 0.60] fail 0.00 skip 0.25 kl 0.1115 ce 0.206 |g| 0.23  105s  {'SLOW': 49, 'STOP': 21, 'FOLLOW': 20, 'NUDGE': 16, 'KEEP': 10, 'ADAPT_SPEED': 6}
INFO:__main__:step 34/200 reward 0.133 [kin +0.17 dir -0.08 haz +0.59 tch 0.48] fail 0.00 skip 0.50 kl 0.0566 ce 0.128 |g| 0.22  77s  {'SLOW': 37, 'ADAPT_SPEED': 28, 'NUDGE': 23, 'STOP': 18, 'ACCELERATE': 14, 'LANE_CHANGE': 4}
INFO:__main__:step 35/200 reward 0.312 [kin +0.26 dir +0.13 haz +0.66 tch 0.56] fail 0.01 skip 0.62 kl 0.0578 ce 0.116 |g| 0.23  66s  {'NUDGE': 43, 'SLOW': 21, 'FOLLOW': 19, 'TURN': 19, 'YIELD': 14, 'KEEP': 4}
INFO:__main__:step 36/200 reward 0.098 [kin +0.06 dir +0.07 haz +0.08 tch 0.70] fail 0.00 skip 0.75 kl 0.1441 ce 0.128 |g| 0.25  55s  {'TURN': 30, 'ACCELERATE': 27, 'SLOW': 25, 'ADAPT_SPEED': 16, 'STOP': 16, 'FOLLOW': 12}
INFO:__main__:step 37/200 reward 0.025 [kin +0.02 dir +0.00 haz +0.09 tch 0.40] fail 0.00 skip 0.25 kl 0.0628 ce 0.269 |g| 0.37  100s  {'NUDGE': 35, 'FOLLOW': 28, 'YIELD': 21, 'STOP': 21, 'LANE_CHANGE': 16, 'KEEP': 3}
INFO:__main__:step 38/200 reward 0.113 [kin +0.11 dir +0.00 haz +0.36 tch 0.62] fail 0.00 skip 0.62 kl 0.1385 ce 0.111 |g| 0.14  68s  {'STOP': 35, 'YIELD': 32, 'KEEP': 17, 'NUDGE': 14, 'SLOW': 14, 'FOLLOW': 11}
INFO:__main__:step 39/200 reward 0.477 [kin +0.31 dir +0.33 haz +0.56 tch 0.45] fail 0.00 skip 0.50 kl 0.0636 ce 0.235 |g| 0.32  82s  {'TURN': 44, 'KEEP': 39, 'STOP': 14, 'YIELD': 13, 'SLOW': 12, 'ADAPT_SPEED': 2}
INFO:__main__:step 40/200 reward 0.500 [kin +0.38 dir +0.25 haz +0.44 tch 0.84] fail 0.00 skip 0.88 kl 0.1064 ce 0.046 |g| 0.10  46s  {'NUDGE': 33, 'TURN': 32, 'STOP': 17, 'KEEP': 16, 'YIELD': 15, 'FOLLOW': 8}
INFO:__main__:step 41/200 reward 0.047 [kin +0.05 dir +0.02 haz +0.71 tch 0.45] fail 0.01 skip 0.50 kl 0.0468 ce 0.183 |g| 0.33  79s  {'NUDGE': 54, 'FOLLOW': 26, 'KEEP': 16, 'STOP': 16, 'SLOW': 9, 'YIELD': 3}
INFO:__main__:step 42/200 reward 0.332 [kin +0.23 dir +0.20 haz -0.18 tch 0.79] fail 0.00 skip 0.75 kl 0.1156 ce 0.198 |g| 0.23  58s  {'NUDGE': 53, 'TURN': 28, 'SLOW': 17, 'KEEP': 16, 'FOLLOW': 9, 'STOP': 4}
INFO:__main__:step 43/200 reward 0.094 [kin +0.10 dir -0.01 haz +0.61 tch 0.60] fail 0.00 skip 0.50 kl 0.0751 ce 0.257 |g| 0.23  78s  {'KEEP': 27, 'YIELD': 25, 'ACCELERATE': 24, 'NUDGE': 20, 'STOP': 17, 'SLOW': 7}
INFO:__main__:step 44/200 reward 0.012 [kin +0.02 dir -0.01 haz +0.12 tch 0.38] fail 0.00 skip 0.25 kl 0.0594 ce 0.392 |g| 0.27  100s  {'STOP': 32, 'KEEP': 20, 'NUDGE': 18, 'FOLLOW': 17, 'ACCELERATE': 14, 'ADAPT_SPEED': 14}
INFO:__main__:step 45/200 reward 0.027 [kin +0.03 dir +0.00 haz +0.14 tch 0.52] fail 0.00 skip 0.38 kl 0.1068 ce 0.111 |g| 0.25  88s  {'FOLLOW': 51, 'STOP': 30, 'SLOW': 25, 'ADAPT_SPEED': 15, 'LANE_CHANGE': 2, 'YIELD': 2}
INFO:__main__:step 46/200 reward 0.496 [kin +0.43 dir +0.12 haz +0.42 tch 0.54] fail 0.00 skip 0.38 kl 0.0547 ce 0.092 |g| 0.24  91s  {'FOLLOW': 50, 'STOP': 28, 'SLOW': 16, 'TURN': 16, 'LANE_CHANGE': 9, 'KEEP': 7}
INFO:__main__:step 47/200 reward 0.184 [kin +0.23 dir -0.01 haz +0.33 tch 0.34] fail 0.02 skip 0.12 kl 0.0453 ce 0.427 |g| 0.28  123s  {'FOLLOW': 32, 'KEEP': 24, 'NUDGE': 18, 'SLOW': 18, 'ACCELERATE': 15, 'STOP': 15}
INFO:__main__:step 48/200 reward 0.631 [kin +0.46 dir +0.34 haz +0.63 tch 0.46] fail 0.00 skip 0.75 kl 0.1880 ce 0.069 |g| 0.27  62s  {'TURN': 44, 'SLOW': 30, 'NUDGE': 21, 'FOLLOW': 16, 'STOP': 16, 'LANE_CHANGE': 1}
INFO:__main__:step 49/200 reward 0.268 [kin +0.32 dir -0.11 haz -0.28 tch 0.52] fail 0.00 skip 0.38 kl 0.0557 ce 0.150 |g| 0.23  92s  {'FOLLOW': 38, 'NUDGE': 17, 'ACCELERATE': 16, 'YIELD': 15, 'ADAPT_SPEED': 13, 'SLOW': 11}
INFO:__main__:step 50/200 reward -0.184 [kin -0.17 dir +0.00 haz -0.07 tch 0.54] fail 0.01 skip 0.50 kl 0.1131 ce 0.093 |g| 0.28  88s  {'FOLLOW': 38, 'SLOW': 33, 'NUDGE': 32, 'ACCELERATE': 11, 'KEEP': 5, 'YIELD': 5}
INFO:__main__:step 50 val: {"n": 400, "traj_ade": null, "neg_ade": null, "traj_decoded": 0.0, "gt_score": 0.549412915851272, "gt_consistent": 0.7636986301369864, "gt_false_clear": 0.21428571428571427, "hazard_ungrounded": 0.23564954682779457, "direction_ok": 0.7924528301886793, "maneuver_acc": 0.46770025839793283, "obj_precision": 0.6975683890577508, "termination": 1.0, "mix": {"NUDGE": 72, "SLOW": 60, "FOLLOW": 60, "STOP": 56, "TURN": 45, "ACCELERATE": 38, "KEEP": 37, "YIELD": 14, "LANE_CHANGE": 11, "ADAPT_SPEED": 7}}
INFO:__main__:step 51/200 reward 0.432 [kin +0.37 dir +0.12 haz +0.40 tch 0.56] fail 0.00 skip 0.62 kl 0.2730 ce 0.081 |g| 0.13  70s  {'KEEP': 29, 'STOP': 29, 'SLOW': 21, 'NUDGE': 18, 'TURN': 15, 'FOLLOW': 13}
INFO:__main__:step 52/200 reward -0.047 [kin -0.11 dir +0.12 haz +0.20 tch 0.69] fail 0.00 skip 0.75 kl 0.0686 ce 0.128 |g| 0.12  58s  {'NUDGE': 33, 'KEEP': 30, 'SLOW': 16, 'TURN': 16, 'FOLLOW': 13, 'YIELD': 13}
INFO:__main__:step 53/200 reward 0.344 [kin +0.34 dir +0.01 haz +0.06 tch 0.22] fail 0.00 skip 0.50 kl 0.0725 ce 0.429 |g| 0.21  84s  {'ACCELERATE': 33, 'FOLLOW': 31, 'SLOW': 19, 'STOP': 16, 'NUDGE': 15, 'ADAPT_SPEED': 11}
INFO:__main__:step 54/200 reward 0.074 [kin +0.07 dir +0.00 haz -0.33 tch 0.54] fail 0.00 skip 0.75 kl 0.0473 ce 0.027 |g| 0.13  65s  {'FOLLOW': 46, 'SLOW': 32, 'NUDGE': 21, 'ACCELERATE': 19, 'KEEP': 7, None: 2}
INFO:__main__:step 55/200 reward 0.049 [kin +0.04 dir +0.02 haz +0.08 tch 0.48] fail 0.00 skip 0.50 kl 0.0565 ce 0.197 |g| 0.20  83s  {'NUDGE': 68, 'ACCELERATE': 24, 'KEEP': 13, 'TURN': 11, 'YIELD': 8, 'SLOW': 4}
INFO:__main__:step 56/200 reward 0.156 [kin +0.16 dir +0.00 haz +0.30 tch 0.62] fail 0.00 skip 0.62 kl 0.1037 ce 0.117 |g| 0.25  70s  {'SLOW': 35, 'KEEP': 31, 'NUDGE': 20, 'ACCELERATE': 17, 'FOLLOW': 16, 'STOP': 7}
INFO:__main__:step 57/200 reward 0.193 [kin +0.18 dir +0.10 haz -0.12 tch 0.32] fail 0.02 skip 0.62 kl 0.0713 ce 0.059 |g| 0.16  70s  {'FOLLOW': 22, 'SLOW': 21, 'STOP': 21, 'NUDGE': 19, 'TURN': 16, 'KEEP': 16}
INFO:__main__:step 58/200 reward 0.516 [kin +0.39 dir +0.25 haz +0.07 tch 0.34] fail 0.00 skip 0.62 kl 0.0668 ce 0.067 |g| 0.24  69s  {'SLOW': 39, 'TURN': 32, 'ACCELERATE': 26, 'FOLLOW': 14, 'KEEP': 12, 'NUDGE': 3}
INFO:__main__:step 59/200 reward 0.109 [kin +0.11 dir +0.00 haz +0.23 tch 0.82] fail 0.00 skip 0.75 kl 0.0564 ce 0.027 |g| 0.18  59s  {'NUDGE': 46, 'SLOW': 42, 'FOLLOW': 26, 'ACCELERATE': 9, 'STOP': 4, 'KEEP': 1}
INFO:__main__:step 60/200 reward -0.334 [kin -0.29 dir -0.09 haz +0.04 tch 0.60] fail 0.00 skip 0.50 kl 0.1282 ce 0.243 |g| 0.28  82s  {'NUDGE': 63, 'SLOW': 37, 'STOP': 17, 'FOLLOW': 8, 'TURN': 3}
INFO:__main__:step 61/200 reward 0.400 [kin +0.35 dir +0.10 haz +0.56 tch 0.45] fail 0.00 skip 0.50 kl 0.1286 ce 0.149 |g| 0.29  79s  {'SLOW': 36, 'TURN': 31, 'STOP': 29, 'FOLLOW': 12, 'YIELD': 8, 'NUDGE': 5}
INFO:__main__:step 62/200 reward 0.451 [kin +0.40 dir +0.11 haz +0.42 tch 0.80] fail 0.00 skip 0.62 kl 0.0800 ce 0.046 |g| 0.20  72s  {'NUDGE': 40, 'STOP': 31, 'TURN': 21, 'ACCELERATE': 16, 'SLOW': 12, 'FOLLOW': 7}
INFO:__main__:step 63/200 reward 0.312 [kin +0.12 dir +0.38 haz +0.34 tch 0.46] fail 0.00 skip 1.00 kl 0.0000 ce 0.000 |g| 0.00  36s  {'TURN': 48, 'ACCELERATE': 25, 'SLOW': 24, 'NUDGE': 20, 'FOLLOW': 9, 'KEEP': 2}
INFO:__main__:step 64/200 reward 0.148 [kin +0.09 dir +0.12 haz +0.43 tch 0.51] fail 0.00 skip 0.88 kl 0.1707 ce 0.055 |g| 0.13  51s  {'ACCELERATE': 45, 'SLOW': 28, 'NUDGE': 17, 'STOP': 16, 'TURN': 16, 'FOLLOW': 4}
INFO:__main__:step 65/200 reward 0.316 [kin +0.32 dir +0.00 haz +0.27 tch 0.33] fail 0.00 skip 0.75 kl 0.0456 ce 0.109 |g| 0.16  58s  {'NUDGE': 39, 'ACCELERATE': 38, 'FOLLOW': 21, 'SLOW': 19, 'KEEP': 7, 'YIELD': 3}
INFO:__main__:step 66/200 reward 0.502 [kin +0.34 dir +0.32 haz +0.52 tch 0.52] fail 0.00 skip 0.38 kl 0.1852 ce 0.220 |g| 0.28  94s  {'TURN': 42, 'SLOW': 25, 'NUDGE': 20, 'FOLLOW': 19, 'YIELD': 9, 'ACCELERATE': 7}
INFO:__main__:step 67/200 reward 0.430 [kin +0.37 dir +0.12 haz +0.34 tch 0.56] fail 0.00 skip 0.75 kl 0.1146 ce 0.092 |g| 0.16  57s  {'FOLLOW': 28, 'SLOW': 28, 'STOP': 22, 'ACCELERATE': 16, 'TURN': 16, 'KEEP': 15}
INFO:__main__:step 68/200 reward -0.059 [kin -0.06 dir +0.00 haz +0.29 tch 0.46] fail 0.00 skip 0.62 kl 0.0891 ce 0.276 |g| 0.19  70s  {'SLOW': 52, 'ACCELERATE': 27, 'FOLLOW': 21, 'NUDGE': 15, 'KEEP': 11, 'LANE_CHANGE': 1}
INFO:__main__:step 69/200 reward 0.502 [kin +0.42 dir +0.17 haz -0.03 tch 0.27] fail 0.00 skip 0.50 kl 0.2234 ce 0.199 |g| 0.25  85s  {'NUDGE': 35, 'SLOW': 32, 'TURN': 25, 'FOLLOW': 20, 'ADAPT_SPEED': 7, 'ACCELERATE': 5}
INFO:__main__:step 70/200 reward 0.787 [kin +0.69 dir +0.19 haz +0.30 tch 0.62] fail 0.00 skip 0.62 kl 0.1501 ce 0.130 |g| 0.22  72s  {'ACCELERATE': 48, 'TURN': 27, 'SLOW': 15, 'NUDGE': 15, 'YIELD': 13, 'KEEP': 4}
INFO:__main__:step 71/200 reward 0.041 [kin +0.09 dir -0.04 haz +0.19 tch 0.32] fail 0.02 skip 0.38 kl 0.1212 ce 0.481 |g| 0.37  95s  {'SLOW': 42, 'FOLLOW': 25, 'LANE_CHANGE': 15, 'KEEP': 13, 'NUDGE': 12, 'YIELD': 10}
INFO:__main__:step 72/200 reward 0.039 [kin +0.00 dir +0.08 haz +0.11 tch 0.51] fail 0.00 skip 0.88 kl 0.0716 ce 0.083 |g| 0.17  49s  {'SLOW': 58, 'NUDGE': 30, 'ACCELERATE': 20, 'TURN': 12, 'KEEP': 8}
INFO:__main__:step 73/200 reward 0.521 [kin +0.50 dir +0.04 haz +0.57 tch 0.37] fail 0.00 skip 0.88 kl 0.1256 ce 0.103 |g| 0.17  48s  {'SLOW': 57, 'STOP': 30, 'FOLLOW': 17, 'KEEP': 11, 'TURN': 9, 'ACCELERATE': 4}
INFO:__main__:step 74/200 reward -0.160 [kin -0.15 dir +0.01 haz +0.09 tch 0.27] fail 0.01 skip 0.50 kl 0.1717 ce 0.309 |g| 0.34  82s  {'SLOW': 44, 'FOLLOW': 37, 'NUDGE': 26, 'KEEP': 18, None: 1, 'STOP': 1}
INFO:__main__:step 75/200 reward 0.469 [kin +0.41 dir +0.12 haz +0.18 tch 0.52] fail 0.00 skip 0.62 kl 0.2599 ce 0.173 |g| 0.22  69s  {'SLOW': 65, 'FOLLOW': 21, 'TURN': 16, 'STOP': 11, 'KEEP': 9, 'YIELD': 4}
INFO:__main__:step 75 val: {"n": 400, "traj_ade": null, "neg_ade": null, "traj_decoded": 0.0, "gt_score": 0.6453180212014135, "gt_consistent": 0.7703180212014135, "gt_false_clear": 0.125, "hazard_ungrounded": 0.221875, "direction_ok": 0.7735849056603774, "maneuver_acc": 0.3798449612403101, "obj_precision": 0.6823899371069182, "termination": 1.0, "mix": {"SLOW": 143, "FOLLOW": 49, "TURN": 48, "NUDGE": 46, "STOP": 42, "ACCELERATE": 34, "KEEP": 23, "YIELD": 11, "LANE_CHANGE": 3, "ADAPT_SPEED": 1}}
INFO:distill.checkpoint:saved merged student -> /data/vla/alpamayo2edge/runs/stage1_rl/rl-run-6-coc-grounded/best (992 tensors)
INFO:__main__:  <- new best (val gt_score 0.645), saved
INFO:__main__:step 76/200 reward 0.121 [kin +0.07 dir +0.10 haz +0.21 tch 0.33] fail 0.00 skip 0.75 kl 0.1704 ce 0.075 |g| 0.16  59s  {'SLOW': 44, 'NUDGE': 44, 'TURN': 16, 'FOLLOW': 15, 'ACCELERATE': 5, 'LANE_CHANGE': 3}
INFO:__main__:step 77/200 reward 0.570 [kin +0.51 dir +0.12 haz +0.22 tch 0.46] fail 0.00 skip 0.75 kl 0.1172 ce 0.139 |g| 0.26  56s  {'SLOW': 34, 'YIELD': 33, 'STOP': 17, 'TURN': 16, 'ACCELERATE': 11, 'FOLLOW': 9}
INFO:__main__:step 78/200 reward 0.303 [kin +0.19 dir +0.23 haz +0.33 tch 0.61] fail 0.00 skip 0.62 kl 0.1384 ce 0.393 |g| 0.23  71s  {'SLOW': 48, 'TURN': 31, 'STOP': 16, 'FOLLOW': 15, 'NUDGE': 9, 'YIELD': 8}
INFO:__main__:step 79/200 reward 0.105 [kin +0.11 dir +0.00 haz +0.26 tch 0.14] fail 0.00 skip 0.50 kl 0.1321 ce 0.145 |g| 0.28  82s  {'SLOW': 45, 'ACCELERATE': 23, 'NUDGE': 15, 'STOP': 15, 'FOLLOW': 14, 'KEEP': 11}
INFO:__main__:step 80/200 reward 0.574 [kin +0.46 dir +0.23 haz +0.71 tch 0.52] fail 0.00 skip 0.75 kl 0.3692 ce 0.064 |g| 0.15  58s  {'SLOW': 50, 'TURN': 30, 'ACCELERATE': 29, 'STOP': 16, 'NUDGE': 3}
INFO:__main__:step 81/200 reward 0.426 [kin +0.40 dir +0.05 haz +0.19 tch 0.45] fail 0.00 skip 0.38 kl 0.1400 ce 0.233 |g| 0.27  92s  {'ACCELERATE': 33, 'FOLLOW': 28, 'SLOW': 28, 'KEEP': 17, 'LANE_CHANGE': 13, 'STOP': 4}
INFO:__main__:step 82/200 reward 0.484 [kin +0.48 dir +0.02 haz +0.91 tch 0.28] fail 0.00 skip 0.75 kl 0.2306 ce 0.071 |g| 0.20  58s  {'SLOW': 68, 'STOP': 32, 'NUDGE': 11, 'ACCELERATE': 11, 'YIELD': 2, 'LANE_CHANGE': 2}
INFO:__main__:step 83/200 reward 0.607 [kin +0.42 dir +0.38 haz +0.60 tch 0.33] fail 0.00 skip 0.62 kl 0.2098 ce 0.326 |g| 0.21  67s  {'TURN': 49, 'SLOW': 25, 'FOLLOW': 18, 'STOP': 16, 'NUDGE': 9, 'KEEP': 6}
INFO:__main__:step 84/200 reward 0.195 [kin +0.20 dir +0.00 haz +0.57 tch 0.45] fail 0.00 skip 0.75 kl 0.1334 ce 0.087 |g| 0.12  60s  {'ACCELERATE': 41, 'SLOW': 34, 'TURN': 16, 'STOP': 16, 'LANE_CHANGE': 8, 'FOLLOW': 7}
INFO:__main__:step 85/200 reward 0.172 [kin +0.15 dir +0.05 haz -0.00 tch 0.41] fail 0.00 skip 0.75 kl 0.0511 ce 0.021 |g| 0.07  58s  {'SLOW': 74, 'FOLLOW': 21, 'NUDGE': 16, 'LANE_CHANGE': 12, 'ACCELERATE': 3, 'YIELD': 2}
INFO:__main__:step 86/200 reward 0.648 [kin +0.59 dir +0.12 haz +0.62 tch 0.62] fail 0.00 skip 0.75 kl 0.2613 ce 0.102 |g| 0.20  60s  {'SLOW': 38, 'STOP': 24, 'NUDGE': 21, 'TURN': 16, 'ACCELERATE': 16, 'KEEP': 10}
INFO:__main__:step 87/200 reward 0.551 [kin +0.43 dir +0.25 haz +0.26 tch 0.54] fail 0.00 skip 0.38 kl 0.1647 ce 0.116 |g| 0.28  96s  {'TURN': 31, 'SLOW': 30, 'FOLLOW': 21, 'KEEP': 16, 'STOP': 16, 'LANE_CHANGE': 11}
INFO:__main__:step 88/200 reward -0.008 [kin -0.01 dir +0.00 haz +0.50 tch 0.04] fail 0.00 skip 0.75 kl 0.1688 ce 0.127 |g| 0.15  60s  {'SLOW': 93, 'ACCELERATE': 29, 'YIELD': 5, 'FOLLOW': 1}
INFO:__main__:step 89/200 reward 0.348 [kin +0.31 dir +0.07 haz -0.36 tch 0.51] fail 0.00 skip 0.50 kl 0.1511 ce 0.294 |g| 0.40  80s  {'ACCELERATE': 39, 'SLOW': 20, 'FOLLOW': 18, 'KEEP': 17, 'TURN': 14, 'LANE_CHANGE': 12}
INFO:__main__:step 90/200 reward 0.465 [kin +0.41 dir +0.12 haz +0.44 tch 0.11] fail 0.00 skip 0.50 kl 0.3011 ce 0.347 |g| 0.25  82s  {'SLOW': 64, 'ACCELERATE': 36, 'TURN': 13, 'KEEP': 4, 'FOLLOW': 3, 'YIELD': 3}
INFO:__main__:step 91/200 reward 0.414 [kin +0.35 dir +0.12 haz +0.27 tch 0.23] fail 0.00 skip 0.50 kl 0.1154 ce 0.178 |g| 0.19  82s  {'SLOW': 41, 'ACCELERATE': 33, 'NUDGE': 22, 'TURN': 16, 'LANE_CHANGE': 13, 'KEEP': 2}
INFO:__main__:step 92/200 reward 0.232 [kin +0.22 dir +0.03 haz +0.47 tch 0.23] fail 0.00 skip 0.50 kl 0.0859 ce 0.329 |g| 0.28  84s  {'SLOW': 78, 'FOLLOW': 20, 'STOP': 15, 'LANE_CHANGE': 9, 'TURN': 3, 'ACCELERATE': 2}
INFO:__main__:step 93/200 reward 0.225 [kin +0.25 dir -0.05 haz +0.59 tch 0.35] fail 0.00 skip 0.50 kl 0.2760 ce 0.172 |g| 0.32  88s  {'ACCELERATE': 46, 'STOP': 35, 'SLOW': 19, 'TURN': 13, 'FOLLOW': 8, 'KEEP': 5}
INFO:__main__:step 94/200 reward 0.605 [kin +0.54 dir +0.12 haz +0.07 tch 0.45] fail 0.00 skip 0.62 kl 0.1536 ce 0.212 |g| 0.25  73s  {'NUDGE': 27, 'STOP': 26, 'ACCELERATE': 20, 'SLOW': 18, 'TURN': 16, 'YIELD': 7}
INFO:__main__:step 95/200 reward 0.715 [kin +0.65 dir +0.12 haz +0.13 tch 0.20] fail 0.00 skip 0.50 kl 0.2229 ce 0.175 |g| 0.29  82s  {'STOP': 49, 'SLOW': 36, 'TURN': 16, 'KEEP': 10, 'ACCELERATE': 7, 'FOLLOW': 7}
INFO:__main__:step 96/200 reward 0.811 [kin +0.56 dir +0.50 haz +0.23 tch 0.29] fail 0.00 skip 0.62 kl 0.1433 ce 0.195 |g| 0.30  70s  {'TURN': 57, 'SLOW': 35, 'LANE_CHANGE': 11, 'ADAPT_SPEED': 7, 'KEEP': 5, 'FOLLOW': 5}
INFO:__main__:step 97/200 reward 0.633 [kin +0.51 dir +0.25 haz +0.06 tch 0.24] fail 0.00 skip 0.62 kl 0.1837 ce 0.093 |g| 0.19  69s  {'SLOW': 43, 'TURN': 32, 'STOP': 16, 'ACCELERATE': 15, 'FOLLOW': 11, 'ADAPT_SPEED': 5}
INFO:__main__:step 98/200 reward 0.523 [kin +0.45 dir +0.15 haz +0.11 tch 0.56] fail 0.00 skip 0.50 kl 0.1437 ce 0.239 |g| 0.23  81s  {'SLOW': 49, 'NUDGE': 30, 'TURN': 18, 'YIELD': 14, 'LANE_CHANGE': 9, 'KEEP': 5}
INFO:__main__:step 99/200 reward 0.672 [kin +0.58 dir +0.18 haz +0.36 tch 0.37] fail 0.00 skip 0.62 kl 0.0765 ce 0.024 |g| 0.16  75s  {'SLOW': 51, 'FOLLOW': 19, 'TURN': 16, 'STOP': 16, 'NUDGE': 14, 'LANE_CHANGE': 12}
INFO:__main__:step 100/200 reward 0.312 [kin +0.25 dir +0.13 haz +0.38 tch 0.69] fail 0.00 skip 0.75 kl 0.2027 ce 0.091 |g| 0.25  63s  {'SLOW': 44, 'FOLLOW': 36, 'TURN': 16, 'STOP': 16, 'ACCELERATE': 7, 'NUDGE': 4}
INFO:__main__:step 100 val: {"n": 400, "traj_ade": null, "neg_ade": null, "traj_decoded": 0.0, "gt_score": 0.5599078341013825, "gt_consistent": 0.7741935483870968, "gt_false_clear": 0.21428571428571427, "hazard_ungrounded": 0.22865853658536586, "direction_ok": 1.0, "maneuver_acc": 0.2997416020671835, "obj_precision": 0.6119631901840491, "termination": 1.0, "mix": {"SLOW": 131, "ACCELERATE": 65, "TURN": 60, "STOP": 44, "LANE_CHANGE": 29, "FOLLOW": 24, "NUDGE": 22, "KEEP": 22, "YIELD": 3}}
INFO:__main__:step 101/200 reward 0.336 [kin +0.38 dir -0.09 haz +0.63 tch 0.31] fail 0.00 skip 0.50 kl 0.1758 ce 0.127 |g| 0.25  81s  {'STOP': 47, 'SLOW': 34, 'LANE_CHANGE': 26, 'FOLLOW': 9, 'YIELD': 8, 'ACCELERATE': 4}
INFO:__main__:step 102/200 reward 0.746 [kin +0.75 dir +0.00 haz -0.12 tch 0.61] fail 0.00 skip 0.62 kl 0.3447 ce 0.214 |g| 0.22  69s  {'ACCELERATE': 51, 'SLOW': 43, 'FOLLOW': 17, 'STOP': 16, 'LANE_CHANGE': 1}
INFO:__main__:step 103/200 reward -0.020 [kin -0.02 dir +0.00 haz -0.26 tch 0.39] fail 0.00 skip 0.50 kl 0.2423 ce 0.103 |g| 0.33  81s  {'SLOW': 41, 'KEEP': 26, 'ACCELERATE': 25, 'FOLLOW': 16, 'LANE_CHANGE': 11, 'YIELD': 9}
INFO:__main__:step 104/200 reward 0.730 [kin +0.58 dir +0.30 haz +0.45 tch 0.21] fail 0.00 skip 0.75 kl 0.4130 ce 0.045 |g| 0.20  61s  {'SLOW': 72, 'TURN': 42, 'FOLLOW': 9, 'ACCELERATE': 3, 'KEEP': 2}
INFO:__main__:step 105/200 reward 0.666 [kin +0.49 dir +0.35 haz +0.54 tch 0.13] fail 0.00 skip 0.50 kl 0.3144 ce 0.072 |g| 0.31  81s  {'TURN': 44, 'SLOW': 32, 'STOP': 19, 'ACCELERATE': 15, 'NUDGE': 6, 'KEEP': 6}
INFO:__main__:step 106/200 reward 1.016 [kin +0.83 dir +0.38 haz +0.71 tch 0.06] fail 0.00 skip 0.88 kl 0.1850 ce 0.033 |g| 0.27  46s  {'TURN': 48, 'STOP': 40, 'ACCELERATE': 27, 'SLOW': 13}
INFO:__main__:step 107/200 reward 0.438 [kin +0.38 dir +0.12 haz +0.35 tch 0.41] fail 0.00 skip 0.62 kl 0.2246 ce 0.098 |g| 0.22  70s  {'SLOW': 35, 'ACCELERATE': 28, 'TURN': 16, 'STOP': 16, 'YIELD': 14, 'FOLLOW': 10}
INFO:__main__:step 108/200 reward 0.273 [kin +0.27 dir +0.01 haz +0.55 tch 0.42] fail 0.00 skip 0.50 kl 0.1893 ce 0.220 |g| 0.21  79s  {'SLOW': 52, 'STOP': 27, 'ACCELERATE': 17, 'NUDGE': 13, 'FOLLOW': 10, 'LANE_CHANGE': 6}
INFO:__main__:step 109/200 reward 0.480 [kin +0.32 dir +0.33 haz +0.19 tch 0.47] fail 0.00 skip 0.62 kl 0.5356 ce 0.112 |g| 0.30  72s  {'TURN': 44, 'ACCELERATE': 33, 'SLOW': 19, 'KEEP': 19, 'FOLLOW': 9, 'LANE_CHANGE': 3}
INFO:__main__:step 110/200 reward 0.625 [kin +0.50 dir +0.25 haz +0.34 tch 0.37] fail 0.00 skip 1.00 kl 0.0000 ce 0.000 |g| 0.00  37s  {'ACCELERATE': 46, 'TURN': 32, 'SLOW': 19, 'STOP': 16, 'KEEP': 15}
INFO:__main__:step 111/200 reward 0.379 [kin +0.26 dir +0.24 haz +0.39 tch 0.19] fail 0.00 skip 0.88 kl 0.3540 ce 0.012 |g| 0.08  50s  {'SLOW': 51, 'ACCELERATE': 39, 'TURN': 32, 'FOLLOW': 4, 'YIELD': 1, 'LANE_CHANGE': 1}
INFO:__main__:step 112/200 reward 0.393 [kin +0.39 dir -0.00 haz +0.12 tch 0.49] fail 0.00 skip 0.75 kl 0.2427 ce 0.051 |g| 0.25  60s  {'SLOW': 57, 'ACCELERATE': 21, 'STOP': 16, 'NUDGE': 15, 'FOLLOW': 15, 'ADAPT_SPEED': 2}
INFO:__main__:step 113/200 reward 0.602 [kin +0.48 dir +0.25 haz +0.39 tch 0.08] fail 0.00 skip 0.75 kl 0.2608 ce 0.089 |g| 0.21  58s  {'SLOW': 46, 'ACCELERATE': 39, 'TURN': 30, 'STOP': 7, 'NUDGE': 4, 'LANE_CHANGE': 2}
INFO:__main__:step 114/200 reward 0.844 [kin +0.78 dir +0.12 haz +0.74 tch 0.33] fail 0.00 skip 0.88 kl 0.2084 ce 0.037 |g| 0.18  45s  {'SLOW': 47, 'ACCELERATE': 39, 'STOP': 21, 'TURN': 16, 'NUDGE': 5}
INFO:__main__:step 115/200 reward 0.312 [kin +0.25 dir +0.12 haz +0.27 tch 0.29] fail 0.00 skip 1.00 kl 0.0000 ce 0.000 |g| 0.00  39s  {'SLOW': 70, 'STOP': 21, 'FOLLOW': 16, 'TURN': 16, 'ACCELERATE': 5}
INFO:__main__:step 116/200 reward 0.582 [kin +0.58 dir +0.00 haz +0.34 tch 0.21] fail 0.00 skip 0.38 kl 0.3280 ce 0.225 |g| 0.40  90s  {'SLOW': 63, 'ACCELERATE': 35, 'STOP': 22, 'KEEP': 3, 'ADAPT_SPEED': 3, 'NUDGE': 2}
INFO:__main__:step 117/200 reward 0.320 [kin +0.26 dir +0.12 haz +0.32 tch 0.36] fail 0.00 skip 0.75 kl 0.1451 ce 0.035 |g| 0.19  59s  {'SLOW': 38, 'ACCELERATE': 27, 'KEEP': 17, 'STOP': 16, 'TURN': 16, 'NUDGE': 14}
INFO:__main__:step 118/200 reward 0.203 [kin +0.20 dir +0.00 haz +0.02 tch 0.36] fail 0.00 skip 0.75 kl 0.3473 ce 0.206 |g| 0.33  63s  {'SLOW': 63, 'ACCELERATE': 31, 'FOLLOW': 16, 'NUDGE': 14, 'KEEP': 2, 'LANE_CHANGE': 2}
INFO:__main__:step 119/200 reward 0.758 [kin +0.70 dir +0.12 haz +0.04 tch 0.34] fail 0.00 skip 0.75 kl 0.2056 ce 0.057 |g| 0.23  61s  {'SLOW': 47, 'ACCELERATE': 39, 'TURN': 16, 'LANE_CHANGE': 15, 'FOLLOW': 11}
INFO:__main__:step 120/200 reward 0.402 [kin +0.32 dir +0.17 haz +0.40 tch 0.22] fail 0.00 skip 0.50 kl 0.3480 ce 0.097 |g| 0.28  84s  {'ACCELERATE': 38, 'SLOW': 34, 'KEEP': 16, 'TURN': 16, 'LANE_CHANGE': 11, 'FOLLOW': 9}
INFO:__main__:step 121/200 reward 0.211 [kin +0.14 dir +0.13 haz +0.12 tch 0.70] fail 0.00 skip 0.50 kl 0.2054 ce 0.197 |g| 0.40  80s  {'SLOW': 40, 'ACCELERATE': 25, 'KEEP': 21, 'TURN': 16, 'NUDGE': 15, 'LANE_CHANGE': 9}
INFO:__main__:step 122/200 reward 0.828 [kin +0.83 dir +0.00 haz +0.61 tch 0.29] fail 0.00 skip 0.75 kl 0.2654 ce 0.127 |g| 0.10  57s  {'SLOW': 71, 'ACCELERATE': 36, 'STOP': 19, 'FOLLOW': 2}
INFO:__main__:step 123/200 reward 0.371 [kin +0.36 dir +0.03 haz +0.74 tch 0.60] fail 0.00 skip 0.62 kl 0.1696 ce 0.176 |g| 0.31  73s  {'ACCELERATE': 43, 'STOP': 39, 'FOLLOW': 30, 'SLOW': 11, 'LANE_CHANGE': 5}
INFO:__main__:step 124/200 reward 0.672 [kin +0.55 dir +0.25 haz +0.33 tch 0.23] fail 0.00 skip 0.88 kl 0.1563 ce 0.122 |g| 0.31  50s  {'ACCELERATE': 43, 'TURN': 32, 'SLOW': 24, 'KEEP': 19, 'LANE_CHANGE': 10}
INFO:__main__:step 125/200 reward 0.098 [kin +0.09 dir +0.02 haz +0.27 tch 0.17] fail 0.00 skip 0.62 kl 0.3048 ce 0.134 |g| 0.37  73s  {'ACCELERATE': 64, 'SLOW': 46, 'STOP': 13, 'LANE_CHANGE': 3, 'KEEP': 2}
INFO:__main__:step 125 val: {"n": 400, "traj_ade": null, "neg_ade": null, "traj_decoded": 0.0, "gt_score": 0.491564039408867, "gt_consistent": 0.7862068965517242, "gt_false_clear": 0.29464285714285715, "hazard_ungrounded": 0.22701149425287356, "direction_ok": 1.0, "maneuver_acc": 0.23772609819121446, "obj_precision": 0.5120423892100192, "termination": 1.0, "mix": {"ACCELERATE": 139, "SLOW": 113, "TURN": 56, "STOP": 41, "NUDGE": 16, "LANE_CHANGE": 11, "KEEP": 11, "FOLLOW": 10, "YIELD": 2, "ADAPT_SPEED": 1}}
INFO:__main__:step 126/200 reward 0.309 [kin +0.31 dir +0.00 haz +0.55 tch 0.10] fail 0.00 skip 0.62 kl 0.2756 ce 0.024 |g| 0.42  67s  {'ACCELERATE': 63, 'SLOW': 47, 'FOLLOW': 13, 'LANE_CHANGE': 5}
INFO:__main__:step 127/200 reward 0.613 [kin +0.54 dir +0.15 haz +0.68 tch 0.60] fail 0.00 skip 0.62 kl 0.3851 ce 0.060 |g| 0.21  75s  {'STOP': 32, 'ACCELERATE': 28, 'SLOW': 19, 'TURN': 16, 'NUDGE': 16, 'FOLLOW': 12}
INFO:__main__:step 128/200 reward 0.754 [kin +0.69 dir +0.12 haz +0.12 tch 0.02] fail 0.00 skip 0.75 kl 0.4334 ce 0.073 |g| 0.28  58s  {'SLOW': 49, 'ACCELERATE': 47, 'TURN': 16, 'STOP': 6, 'NUDGE': 6, 'LANE_CHANGE': 3}
INFO:__main__:step 129/200 reward 0.805 [kin +0.74 dir +0.12 haz +0.50 tch 0.41] fail 0.00 skip 0.88 kl 0.5624 ce 0.017 |g| 0.08  46s  {'SLOW': 72, 'ACCELERATE': 20, 'STOP': 18, 'TURN': 16, 'ADAPT_SPEED': 2}
INFO:__main__:step 130/200 reward 0.414 [kin +0.41 dir +0.00 haz +0.56 tch 0.30] fail 0.00 skip 0.50 kl 0.3117 ce 0.080 |g| 0.21  82s  {'ACCELERATE': 56, 'STOP': 26, 'SLOW': 20, 'YIELD': 15, 'KEEP': 11}
INFO:__main__:step 131/200 reward 0.578 [kin +0.39 dir +0.38 haz +0.22 tch 0.33] fail 0.00 skip 0.75 kl 0.1954 ce 0.114 |g| 0.21  62s  {'SLOW': 57, 'TURN': 48, 'NUDGE': 16, 'ACCELERATE': 7}
INFO:__main__:step 132/200 reward 0.727 [kin +0.60 dir +0.25 haz +0.00 tch 0.16] fail 0.00 skip 0.88 kl 0.6246 ce 0.021 |g| 0.08  48s  {'SLOW': 49, 'ACCELERATE': 43, 'TURN': 32, 'KEEP': 3, 'FOLLOW': 1}
INFO:__main__:step 133/200 reward 0.250 [kin +0.26 dir -0.02 haz +0.28 tch 0.33] fail 0.00 skip 0.62 kl 0.3643 ce 0.082 |g| 0.21  70s  {'SLOW': 42, 'ACCELERATE': 38, 'FOLLOW': 25, 'STOP': 16, 'LANE_CHANGE': 4, 'ADAPT_SPEED': 2}
INFO:__main__:step 134/200 reward 0.328 [kin +0.30 dir +0.05 haz +0.23 tch 0.55] fail 0.00 skip 0.75 kl 0.1638 ce 0.049 |g| 0.15  59s  {'FOLLOW': 30, 'ACCELERATE': 29, 'SLOW': 26, 'YIELD': 16, 'STOP': 16, 'LANE_CHANGE': 6}
INFO:__main__:step 135/200 reward 0.270 [kin +0.21 dir +0.12 haz +0.26 tch 0.41] fail 0.00 skip 0.75 kl 0.1137 ce 0.074 |g| 0.12  60s  {'ACCELERATE': 36, 'STOP': 26, 'SLOW': 21, 'TURN': 16, 'NUDGE': 12, 'KEEP': 10}
INFO:__main__:step 136/200 reward 0.750 [kin +0.62 dir +0.25 haz +0.04 tch 0.25] fail 0.00 skip 1.00 kl 0.0000 ce 0.000 |g| 0.00  39s  {'ACCELERATE': 48, 'SLOW': 32, 'TURN': 32, 'STOP': 16}
INFO:__main__:step 137/200 reward 0.562 [kin +0.45 dir +0.23 haz -0.13 tch 0.36] fail 0.00 skip 0.62 kl 0.2658 ce 0.157 |g| 0.30  68s  {'ACCELERATE': 42, 'TURN': 30, 'SLOW': 27, 'NUDGE': 11, 'KEEP': 9, 'LANE_CHANGE': 6}
INFO:__main__:step 138/200 reward 0.553 [kin +0.50 dir +0.10 haz +0.39 tch 0.45] fail 0.00 skip 0.75 kl 0.2375 ce 0.172 |g| 0.30  61s  {'SLOW': 62, 'TURN': 23, 'STOP': 16, 'ACCELERATE': 16, 'KEEP': 8, 'LANE_CHANGE': 3}
INFO:__main__:step 139/200 reward 0.469 [kin +0.47 dir +0.00 haz +0.24 tch 0.15] fail 0.00 skip 0.88 kl 0.3915 ce 0.032 |g| 0.13  48s  {'ACCELERATE': 65, 'SLOW': 44, 'STOP': 16, 'NUDGE': 3}
INFO:__main__:step 140/200 reward 0.680 [kin +0.56 dir +0.23 haz +0.55 tch 0.26] fail 0.00 skip 0.62 kl 0.2495 ce 0.158 |g| 0.24  69s  {'ACCELERATE': 56, 'SLOW': 31, 'TURN': 16, 'LANE_CHANGE': 14, 'NUDGE': 11}
INFO:__main__:step 141/200 reward 0.148 [kin +0.12 dir +0.05 haz -0.01 tch 0.20] fail 0.00 skip 0.62 kl 0.2683 ce 0.169 |g| 0.28  74s  {'ACCELERATE': 63, 'SLOW': 31, 'FOLLOW': 14, 'LANE_CHANGE': 10, 'KEEP': 10}
INFO:__main__:step 142/200 reward 0.215 [kin +0.15 dir +0.13 haz +0.46 tch 0.31] fail 0.00 skip 0.75 kl 0.0718 ce 0.013 |g| 0.11  57s  {'ACCELERATE': 48, 'SLOW': 35, 'FOLLOW': 22, 'TURN': 16, 'LANE_CHANGE': 5, 'KEEP': 2}
INFO:__main__:step 143/200 reward 0.461 [kin +0.39 dir +0.14 haz +0.14 tch 0.24] fail 0.00 skip 0.88 kl 0.1714 ce 0.063 |g| 0.14  48s  {'ACCELERATE': 36, 'SLOW': 36, 'NUDGE': 22, 'STOP': 16, 'TURN': 16, 'LANE_CHANGE': 2}
INFO:__main__:step 144/200 reward 0.270 [kin +0.16 dir +0.22 haz +0.39 tch 0.26] fail 0.00 skip 0.62 kl 0.2184 ce 0.126 |g| 0.17  70s  {'SLOW': 59, 'ACCELERATE': 30, 'TURN': 16, 'LANE_CHANGE': 12, 'FOLLOW': 9, 'ADAPT_SPEED': 1}
INFO:__main__:step 145/200 reward 0.715 [kin +0.61 dir +0.21 haz +0.61 tch 0.30] fail 0.00 skip 0.50 kl 0.2703 ce 0.275 |g| 0.28  81s  {'SLOW': 67, 'TURN': 32, 'NUDGE': 14, 'STOP': 8, 'ACCELERATE': 5, 'LANE_CHANGE': 1}
INFO:__main__:step 146/200 reward 0.234 [kin +0.23 dir +0.00 haz +0.55 tch 0.25] fail 0.00 skip 0.88 kl 0.3751 ce 0.153 |g| 0.12  47s  {'ACCELERATE': 64, 'SLOW': 63, 'KEEP': 1}
INFO:__main__:step 147/200 reward 0.227 [kin +0.23 dir +0.00 haz -0.40 tch 0.35] fail 0.00 skip 0.88 kl 0.4001 ce 0.031 |g| 0.15  48s  {'SLOW': 75, 'ACCELERATE': 39, 'KEEP': 9, 'NUDGE': 3, 'STOP': 1, 'YIELD': 1}
INFO:__main__:step 148/200 reward 0.113 [kin +0.11 dir +0.00 haz -0.38 tch 0.13] fail 0.00 skip 0.75 kl 0.1581 ce 0.047 |g| 0.14  60s  {'SLOW': 67, 'ACCELERATE': 42, 'FOLLOW': 13, 'YIELD': 4, 'LANE_CHANGE': 1, 'STOP': 1}
INFO:__main__:step 149/200 reward 0.500 [kin +0.38 dir +0.25 haz +0.38 tch 0.26] fail 0.00 skip 1.00 kl 0.0000 ce 0.000 |g| 0.00  37s  {'SLOW': 62, 'TURN': 32, 'ACCELERATE': 16, 'STOP': 15, 'NUDGE': 2, 'YIELD': 1}
INFO:__main__:step 150/200 reward 0.688 [kin +0.62 dir +0.12 haz +0.28 tch 0.36] fail 0.00 skip 0.75 kl 0.2464 ce 0.161 |g| 0.21  58s  {'SLOW': 53, 'ACCELERATE': 27, 'STOP': 16, 'TURN': 16, 'NUDGE': 16}
INFO:__main__:step 150 val: {"n": 400, "traj_ade": null, "neg_ade": null, "traj_decoded": 0.0, "gt_score": 0.540391156462585, "gt_consistent": 0.7993197278911565, "gt_false_clear": 0.25892857142857145, "hazard_ungrounded": 0.24033149171270718, "direction_ok": 1.0, "maneuver_acc": 0.268733850129199, "obj_precision": 0.5277777777777778, "termination": 1.0, "mix": {"SLOW": 121, "ACCELERATE": 110, "TURN": 57, "STOP": 44, "FOLLOW": 20, "NUDGE": 20, "LANE_CHANGE": 16, "KEEP": 10, "YIELD": 2}}
INFO:__main__:step 151/200 reward 0.141 [kin +0.14 dir +0.00 haz -0.23 tch 0.32] fail 0.00 skip 0.50 kl 0.2769 ce 0.124 |g| 0.31  80s  {'ACCELERATE': 56, 'SLOW': 35, 'KEEP': 13, 'LANE_CHANGE': 12, 'FOLLOW': 11, 'NUDGE': 1}
INFO:__main__:step 152/200 reward 0.699 [kin +0.53 dir +0.34 haz +0.67 tch 0.16] fail 0.00 skip 0.50 kl 0.2571 ce 0.071 |g| 0.23  86s  {'TURN': 32, 'ACCELERATE': 26, 'SLOW': 17, 'STOP': 16, 'LANE_CHANGE': 14, 'FOLLOW': 12}
INFO:__main__:step 153/200 reward 0.508 [kin +0.38 dir +0.25 haz +0.73 tch 0.31] fail 0.00 skip 0.62 kl 0.2724 ce 0.074 |g| 0.15  81s  {'ACCELERATE': 45, 'TURN': 32, 'NUDGE': 16, 'STOP': 13, 'SLOW': 13, 'FOLLOW': 8}
INFO:__main__:step 154/200 reward 0.727 [kin +0.60 dir +0.25 haz +0.73 tch 0.00] fail 0.00 skip 0.88 kl 0.3360 ce 0.055 |g| 0.09  55s  {'SLOW': 91, 'TURN': 32, 'ACCELERATE': 4, 'NUDGE': 1}
INFO:__main__:step 155/200 reward 0.090 [kin +0.05 dir +0.07 haz +0.14 tch 0.30] fail 0.00 skip 0.50 kl 0.1881 ce 0.286 |g| 0.42  91s  {'ACCELERATE': 30, 'SLOW': 28, 'NUDGE': 19, 'TURN': 16, 'KEEP': 13, 'STOP': 12}
INFO:__main__:step 156/200 reward 0.812 [kin +0.75 dir +0.12 haz +0.25 tch 0.26] fail 0.00 skip 1.00 kl 0.0000 ce 0.000 |g| 0.00  39s  {'ACCELERATE': 52, 'STOP': 48, 'TURN': 16, 'SLOW': 7, 'FOLLOW': 5}
INFO:__main__:step 157/200 reward 0.559 [kin +0.43 dir +0.25 haz +0.12 tch 0.41] fail 0.00 skip 0.88 kl 0.3502 ce 0.016 |g| 0.12  53s  {'ACCELERATE': 48, 'TURN': 32, 'SLOW': 28, 'STOP': 16, 'LANE_CHANGE': 3, 'NUDGE': 1}
INFO:__main__:step 158/200 reward 0.688 [kin +0.57 dir +0.23 haz +0.50 tch 0.16] fail 0.00 skip 0.75 kl 0.3780 ce 0.146 |g| 0.14  64s  {'SLOW': 41, 'TURN': 32, 'ACCELERATE': 27, 'YIELD': 18, 'LANE_CHANGE': 5, 'FOLLOW': 2}
INFO:__main__:step 159/200 reward 0.750 [kin +0.62 dir +0.25 haz +0.01 tch 0.16] fail 0.00 skip 1.00 kl 0.0000 ce 0.000 |g| 0.00  39s  {'SLOW': 60, 'ACCELERATE': 32, 'TURN': 32, 'YIELD': 4}
INFO:__main__:step 160/200 reward 0.602 [kin +0.54 dir +0.12 haz +0.75 tch 0.41] fail 0.00 skip 0.75 kl 0.3871 ce 0.107 |g| 0.27  62s  {'ACCELERATE': 51, 'STOP': 32, 'SLOW': 23, 'TURN': 16, 'FOLLOW': 6}
INFO:__main__:step 161/200 reward 0.812 [kin +0.75 dir +0.12 haz +0.45 tch 0.33] fail 0.00 skip 1.00 kl 0.0000 ce 0.000 |g| 0.00  39s  {'SLOW': 47, 'ACCELERATE': 39, 'TURN': 16, 'STOP': 16, 'KEEP': 10}
INFO:__main__:step 162/200 reward 0.904 [kin +0.73 dir +0.35 haz +0.38 tch 0.27] fail 0.00 skip 0.62 kl 0.4412 ce 0.187 |g| 0.22  71s  {'TURN': 46, 'SLOW': 32, 'STOP': 16, 'KEEP': 16, 'ACCELERATE': 15, 'NUDGE': 1}
INFO:__main__:step 163/200 reward 0.609 [kin +0.48 dir +0.27 haz +0.51 tch 0.50] fail 0.00 skip 0.75 kl 0.0593 ce 0.018 |g| 0.10  60s  {'TURN': 32, 'ACCELERATE': 32, 'SLOW': 24, 'NUDGE': 23, 'FOLLOW': 8, 'LANE_CHANGE': 8}
INFO:__main__:step 164/200 reward 1.066 [kin +0.88 dir +0.38 haz +0.52 tch 0.60] fail 0.00 skip 0.88 kl 0.4528 ce 0.074 |g| 0.15  49s  {'TURN': 48, 'SLOW': 34, 'ACCELERATE': 16, 'STOP': 16, 'NUDGE': 13, 'LANE_CHANGE': 1}
INFO:__main__:step 165/200 reward 0.156 [kin +0.09 dir +0.12 haz -0.18 tch 0.44] fail 0.00 skip 0.62 kl 0.1898 ce 0.091 |g| 0.23  74s  {'SLOW': 49, 'ACCELERATE': 30, 'NUDGE': 17, 'TURN': 16, 'LANE_CHANGE': 6, 'KEEP': 5}
INFO:__main__:step 166/200 reward 0.070 [kin +0.06 dir +0.02 haz +0.15 tch 0.52] fail 0.00 skip 0.38 kl 0.2359 ce 0.228 |g| 0.31  96s  {'SLOW': 31, 'ACCELERATE': 28, 'NUDGE': 20, 'FOLLOW': 19, 'KEEP': 13, 'LANE_CHANGE': 12}
INFO:__main__:step 167/200 reward 0.445 [kin +0.30 dir +0.28 haz +0.41 tch 0.55] fail 0.00 skip 0.50 kl 0.2392 ce 0.173 |g| 0.25  82s  {'KEEP': 36, 'ACCELERATE': 36, 'TURN': 32, 'SLOW': 20, 'LANE_CHANGE': 4}
[2026-09-18T21:17:58.638] error: *** JOB 337 ON ProArt CANCELLED AT 2026-09-18T21:17:58 DUE to SIGNAL Terminated ***
wandb: [wandb.login()] Loaded credentials for https://api.wandb.ai from /home/vla/.netrc.
wandb: Currently logged in as: karmishthannauth27 (karmishthannauth27-technical-university-of-munich) to https://api.wandb.ai. Use `wandb login --relogin` to force relogin
wandb: setting up run stage1-job337
wandb: Tracking run with wandb version 0.25.0
wandb: Run data is saved locally in /home/vla/projects/alpamayo2edge/wandb/run-20260918_211759-stage1-job337
wandb: Run `wandb offline` to turn off syncing.
wandb: Resuming run stage1-job337
wandb: ⭐️ View project at https://wandb.ai/karmishthannauth27-technical-university-of-munich/alpamayo2edge
wandb: 🚀 View run at https://wandb.ai/karmishthannauth27-technical-university-of-munich/alpamayo2edge/runs/stage1-job337
wandb: updating run metadata; uploading summary
wandb: uploading wandb-metadata.json; uploading requirements.txt; uploading config.yaml
wandb: 🚀 View run stage1-job337 at: https://wandb.ai/karmishthannauth27-technical-university-of-munich/alpamayo2edge/runs/stage1-job337
wandb: ⭐️ View project at: https://wandb.ai/karmishthannauth27-technical-university-of-munich/alpamayo2edge
wandb: Synced 4 W&B file(s), 0 media file(s), 0 artifact file(s) and 0 other file(s)
wandb: Find logs at: ./wandb/run-20260918_211759-stage1-job337/logs
