Job 207 on ProArt, started 2026-08-31T12:22:51+02:00
Submitted from: /home/vla/projects/alpamayo2edge
GPU:            NVIDIA RTX PRO 6000 Blackwell Workstation Edition,NVIDIA RTX 6000 Ada Generation
Commit:         ddfd19b
Scratch:        /bulk/scratch/vla/207
----------------------------------------------------------------
   CUDA_VISIBLE_DEVICES = GPU-1e9d88da-6c84-dbf7-f179-fdca7207dae0
   CPUs allocated       = 8
   device 0             = NVIDIA RTX PRO 6000 Blackwell Workstation Edition  95.0 GiB total, 93.2 GiB free
----------------------------------------------------------------
INFO:megatron.core.msc_utils:The multistorageclient package is available.
/home/vla/envs/alpamayo2edge/lib/python3.13/site-packages/megatron/core/distributed/fsdp/src/megatron_fsdp/utils.py:108: UserWarning: Transformer Engine and Apex are not installed. Falling back to local implementations of multi_tensor_applier and multi_tensor_scale
  warnings.warn(
INFO:megatron.core.distributed.fsdp.src.megatron_fsdp.megatron_fsdp:Detected Megatron Core, using Megatron-FSDP with Megatron.
INFO:megatron.core.distributed.fsdp.src.megatron_fsdp.param_and_grad_buffer:Detected Megatron Core, using Megatron-FSDP with Megatron.
/home/vla/envs/alpamayo2edge/lib/python3.13/site-packages/megatron/core/optimizer/__init__.py:24: UserWarning: Transformer Engine and Apex are not installed. Falling back to Torch optimizers.
  warnings.warn(
/home/vla/envs/alpamayo2edge/lib/python3.13/site-packages/megatron/core/optimizer/optimizer.py:28: UserWarning: Transformer Engine and Apex are not installed. Falling back to local implementations of multi_tensor_applier and multi_tensor_scale
  warnings.warn(
/home/vla/envs/alpamayo2edge/lib/python3.13/site-packages/megatron/core/optimizer/clip_grads.py:29: UserWarning: Transformer Engine and Apex are not installed. Falling back to local implementations of multi_tensor_applier, multi_tensor_l2norm, and multi_tensor_scale
  warnings.warn(
[08-31 12:23:00|INFO|cosmos_framework/model/generator/omni_mot_model.py:124:__init__] OmniMoTModel: config {'tokenizer': {'bucket_name': 'bucket', 'object_store_credential_path_pretrained': 'credentials/gcp_training.secret', 'vae_path': 'pretrained/tokenizers/video/wan2pt2/Wan2.2_VAE.pth', 'chunk_duration': 93, 'keep_decoder_cache': False, 'use_streaming_encode': False, 'encode_chunk_frames': {'256': 68, '480': 24, '720': 8, '768': 8}, 'encode_exact_durations': [17, 61, 73], 'spatial_compression_factor': 16, 'temporal_compression_factor': 4, 'temporal_window': None, 'encode_bucket_multiple': None, 'causal': True, '_target_': 'cosmos_framework.model.generator.tokenizers.wan2pt2_vae_4x16x16.Wan2pt2VAEInterface'}, 'load_vision_tokenizer': True, 'lidar_tokenizer': None, 'lidar_state_ch': None, 'lidar_fps': None, 'net': None, 'ema': {'enabled': False, 'rate': 0.1, 'iteration_shift': 0, '_type': 'cosmos_framework.configs.base.defaults.ema.EMAConfig'}, 'parallelism': {'data_parallel_shard_degree': -1, 'data_parallel_replicate_degree': 1, 'context_parallel_shard_degree': 1, 'cfg_parallel_shard_degree': 1, 'enable_inference_mode': True, 'fsdp_master_dtype': 'float32', 'fsdp_reduce_dtype': None, '_type': 'cosmos_framework.configs.base.defaults.parallelism.ParallelismConfig'}, 'attention_io_layout': 'sequence_sharded', 'compile': {'enabled': False, 'compiled_region': 'language', 'compile_dynamic': True, 'use_cuda_graphs': False, 'ar_post_saturation_mode': 'default', 'max_autotune_pointwise': False, 'coordinate_descent_tuning': False, '_type': 'cosmos_framework.configs.base.defaults.compile.CompileConfig'}, 'quantization': {'method': None, 'fp8_granularity': 'per_row', 'modelopt_fp8_checkpoint_path': None, 'mixed_precision_first_steps': 0, 'mixed_precision_last_steps': 0, 'mixed_precision_reasoner_policy': 'high_precision', 'mixed_precision_w8a16_cache': 'none', 'include_regex': [], 'exclude_regex': [], 'modelopt_fp8_target_fqns': [], '_type': 'cosmos_framework.configs.base.defaults.quantization.QuantizationConfig'}, 'activation_checkpointing': {'mode': 'none', 'preserve_rng_state': True, 'determinism_check': 'default', 'save_ops_regex': ['fmha'], '_type': 'cosmos_framework.configs.base.defaults.activation_checkpointing.ActivationCheckpointingConfig'}, 'precision': 'bfloat16', 'lora_enabled': False, 'lora_rank': 16, 'lora_alpha': 32, 'lora_target_modules': 'q_proj_moe_gen,k_proj_moe_gen,v_proj_moe_gen,o_proj_moe_gen', 'rectified_flow_training_config': {'shift': {'256': 3, '480': 5, '720': 10}, 'shift_image': None, 'use_dynamic_shift': False, 'train_time_image_distribution': 'logitnormal', 'train_time_video_distribution': 'waver', 'train_time_action_distribution': 'logitnormal', 'train_time_sound_distribution': 'logitnormal', 'train_time_weight': 'uniform', 'loss_scale': 10.0, 'image_loss_scale': None, 'sound_loss_scale': 2.0, 'lidar_loss_scale': None, 'use_discrete_rf': False, 'action_loss_weight': 10.0, 'independent_action_schedule': False, 'shift_action': None, 'independent_sound_schedule': False, 'shift_sound': None, 'normalize_loss_by_active': False, 'sample_level_loss_averaging': False, 'high_sigma_ratio': 0.05, 'high_sigma_timesteps_max': 1000, 'high_sigma_timesteps_min': 995, 'use_high_sigma_strategy': False, 'use_high_sigma_strategy_action': False, 'use_high_sigma_strategy_sound': False, '_type': 'cosmos_framework.configs.base.defaults.model_config.RectifiedFlowTrainingConfig'}, 'rectified_flow_inference_config': {'scheduler_type': 'unipc', 'num_train_timesteps': 1000, 'shift': 1, 'use_dynamic_shifting': False, '_type': 'cosmos_framework.configs.base.defaults.model_config.RectifiedFlowInferenceConfig'}, 'fixed_step_sampler_config': None, 'vlm_config': {'model_name': 'nvidia/Cosmos3-Edge-Reasoner', 'safetensors_path': '', 'pretrained_weights': {'enabled': False, 'backbone_path': 's3://bucket/cosmos3/pretrained/huggingface/nvidia/Cosmos3-Edge-Reasoner-590c1c0/', 'credentials_path': 'credentials/gcp_checkpoint.secret', 'enable_gcs_patch_in_boto3': True, 'checkpoint_format': None, '_type': 'cosmos_framework.configs.base.defaults.reasoner.PretrainedWeightsConfig'}, 'model_instance': {'_target_': 'cosmos_framework.model.generator.mot.unified_mot.Nemotron3DenseVLTextForCausalLM', 'config': {'_target_': 'cosmos_framework.configs.base.defaults.reasoner.create_vlm_config', 'base_config': {'_target_': 'cosmos_framework.model.generator.mot.unified_mot.Nemotron3DenseVLMoTConfig.from_json_file', 'json_file': 'cosmos_framework/model/generator/reasoner/nemotron_3_dense_vl/configs/Nemotron-2B-Dense-VL.json'}, 'include_visual': None, 'qk_norm_for_text': False, 'use_und_k_norm_for_gen': True}}, 'tokenizer': {'repository': None, 'revision': None, 'subdir': '', '_target_': 'cosmos_framework.data.generator.processors.build_processor_lazy', 'tokenizer_type': '/bulk/users/vla/alpamayo2edge/cosmos3-edge'}, 'layer_module': None, 'qk_norm': False, 'tie_word_embeddings': False, 'use_system_prompt': False, '_type': 'cosmos_framework.configs.base.defaults.reasoner.VLMConfig'}, 'diffusion_expert_config': {'timestep_range': 1.0, 'load_weights_from_pretrained': False, 'enable_vision_modality_embeddings': False, 'enable_media_modality_embedding': False, 'enable_sound_modality_embedding': True, 'patch_spatial': 2, 'max_vae_latent_side_after_patchify': 20, 'enable_fps_modulation': True, 'base_fps': 24, 'sound_base_temporal_compression_factor': None, 'vision_temporal_position_mode': 'latent_index', 'unified_3d_mrope_reset_spatial_ids': True, 'unified_3d_mrope_temporal_modality_margin': 15000, '_type': 'cosmos_framework.configs.base.defaults.model_config.DiffusionExpertConfig'}, 'input_video_key': 'video', 'input_image_key': 'images', 'input_caption_key': 'ai_caption', 'state_ch': 48, 'state_t': 300, 'latent_downsample_factor': 16, 'resolution': '480', 'max_num_tokens_after_packing': 74000, 'joint_attn_implementation': 'two_way', 'flex_attention': {'enabled': False, 'backend': 'auto', 'mask': {'attention_scope': 'all_views'}}, 'natten_parameter_list': None, 'video_temporal_causal': False, 'causal_training_strategy': 'none', 'lbl': {'method': 'local', 'coeff_und': None, 'coeff_gen': None, '_type': 'cosmos_framework.configs.base.defaults.model_config.LBLConfig'}, 'vision_gen': True, 'action_gen': True, 'max_action_dim': 64, 'num_embodiment_domains': 32, 'sound_gen': False, 'sound_tokenizer': None, 'sound_dim': None, 'sound_latent_fps': 25, 'enable_input_bias': True, 'log_enc_time_every_n': 100, 'exclude_reasoner_weights_from_checkpoint': False, '_type': 'cosmos_framework.configs.base.defaults.model_config.OmniMoTModelConfig'}
[08-31 12:23:00|WARNING|cosmos_framework/model/generator/omni_mot_model.py:150:set_precision] OmniMoTModel: precision torch.bfloat16
This processor does not use the `size` parameter. It will be ignored.
[08-31 12:23:00|INFO|cosmos_framework/data/generator/processors/base.py:131:__init__] Successfully loaded processor from local cache
[08-31 12:23:01|INFO|cosmos_framework/utils/checkpoint_db.py:338:download] Downloading checkpoint Wan2.2/vae(0b2959b5ee61439aaddc4b9ae06b25f6)
[08-31 12:23:01|INFO|cosmos_framework/utils/checkpoint_db.py:171:_hf_download] uv run --isolated --project /home/vla/projects/cosmos-framework/cosmos_framework/utils/hf_cli --locked --no-default-groups hf download --format=json Wan-AI/Wan2.2-TI2V-5B --repo-type model --revision 921dbaf3f1674a56f47e83fb80a34bac8a8f203e Wan2.2_VAE.pth
Installed 16 packages in 5ms
[08-31 12:23:06|INFO|cosmos_framework/model/generator/tokenizers/wan2pt2_vae_4x16x16.py:1056:_video_vae] loading /bulk/users/vla/alpamayo2edge/hf-cache/models--Wan-AI--Wan2.2-TI2V-5B/snapshots/921dbaf3f1674a56f47e83fb80a34bac8a8f203e/Wan2.2_VAE.pth
[08-31 12:23:06|INFO|cosmos_framework/utils/timer.py:138:_log] Time spent on OmniMoTModel: set_up_tokenizers: 5.71 s
[08-31 12:23:06|INFO|cosmos_framework/utils/generator/parallelism.py:110:_validate] dp_shard auto-inferred to world_size = 1
[08-31 12:23:06|INFO|cosmos_framework/utils/generator/parallelism.py:124:_validate] dp_replicate is set to -1, will be automatically determined based on world_size 1 // dp_shard 1.
[08-31 12:23:06|INFO|cosmos_framework/utils/generator/parallelism.py:129:_validate] dp_replicate is set to 1.
`torch_dtype` is deprecated! Use `dtype` instead!
[08-31 12:23:06|INFO|cosmos_framework/utils/timer.py:138:_log] Time spent on meta to cuda and broadcast model states: 0.07 s
[08-31 12:23:06|INFO|cosmos_framework/utils/timer.py:138:_log] Time spent on Creating PyTorch model and ema if enabled: 0.20 s
[08-31 12:23:06|INFO|cosmos_framework/utils/timer.py:138:_log] Time spent on OmniMoTModel: set_up_model: 0.20 s
/home/vla/envs/alpamayo2edge/lib/python3.13/site-packages/torch/distributed/checkpoint/utils.py:483: UserWarning: torch.distributed is disabled, unavailable or uninitialized, assuming the intent is to load in a single process.
  return func(*args, **kwargs)
INFO:distill.student.context:image processor: Siglip2ImageProcessorCustom (native Cosmos3-Edge port)
[08-31 12:23:09|INFO|../cosmos-framework/cosmos_framework/model/generator/mot/unified_mot.py:2656:_ensure_vision_tower] Edge vision tower: loading from checkpoint-local bundle /bulk/users/vla/alpamayo2edge/cosmos3-edge/vision_encoder
INFO:__main__:layer map (student -> teacher): {8: 3, 21: 8, 22: 12, 23: 17, 24: 21, 25: 26, 26: 30, 27: 35}
[08-31 12:23:27|INFO|../cosmos-framework/cosmos_framework/utils/generator/lora.py:164:inject_lora_pre_fsdp] Injecting LoRA on meta device: rank=48, alpha=96, targets=['q_proj', 'k_proj', 'v_proj', 'o_proj']
[08-31 12:23:27|INFO|../cosmos-framework/cosmos_framework/utils/generator/lora.py:184:inject_lora_pre_fsdp] LoRA injection successful: 112 modules wrapped, 19,267,584 trainable LoRA params, 2,818,812,416 frozen base params (0.679% trainable)
INFO:__main__:LoRA: {'wrapped': 112, 'by_leaf': {'q_proj': 28, 'k_proj': 28, 'v_proj': 28, 'o_proj': 28}, 'lora_params': 19267584, 'example': ['0.self_attn.q_proj', '0.self_attn.k_proj', '0.self_attn.v_proj']}
INFO:__main__:trainable 639.7M [group0(x1.0): 19.3M, group1(x8.0): 553.3M, group2(x8.0): 67.1M]
/home/vla/projects/alpamayo2edge/src/distill/train_stage1.py:251: UserWarning: Converting a tensor with requires_grad=True to a scalar may lead to unexpected behavior.
Consider using tensor.detach() first. (Triggered internally at /pytorch/torch/csrc/autograd/generated/python_variable_methods.cpp:836.)
  breakdown = " ".join(f"{k} {float(v):.3f}" for k, v in terms.items())
INFO:__main__:epoch 0 step 20/1386 loss 12.2681 [traj 4.975 text 3.646 struct 0.157 feat 0.236 gt 7.104]
INFO:__main__:epoch 0 step 40/1386 loss 3.6941 [traj 1.388 text 0.139 struct 0.007 feat 0.177 gt 4.278]
INFO:__main__:epoch 0 step 60/1386 loss 7.1186 [traj 2.992 text 0.856 struct 0.119 feat 0.173 gt 6.349]
INFO:__main__:epoch 0 step 80/1386 loss 6.0852 [traj 1.818 text 1.232 struct 0.052 feat 0.140 gt 5.939]
INFO:__main__:epoch 0 step 100/1386 loss 5.4090 [traj 1.369 text 1.255 struct 0.036 feat 0.136 gt 5.436]
INFO:__main__:epoch 0 step 120/1386 loss 5.7279 [traj 1.945 text 0.397 struct 0.028 feat 0.132 gt 6.631]
INFO:__main__:epoch 0 step 140/1386 loss 5.8885 [traj 1.228 text 1.429 struct 0.085 feat 0.122 gt 6.257]
INFO:__main__:epoch 0 step 160/1386 loss 3.8695 [traj 1.046 text 0.088 struct 0.000 feat 0.121 gt 5.349]
INFO:__main__:epoch 0 step 180/1386 loss 5.4653 [traj 1.551 text 0.595 struct 0.002 feat 0.127 gt 6.509]
INFO:__main__:epoch 0 step 200/1386 loss 4.2736 [traj 1.170 text 0.533 struct 0.021 feat 0.109 gt 5.012]
INFO:__main__:epoch 0 step 220/1386 loss 3.6044 [traj 1.074 text 0.068 struct 0.000 feat 0.104 gt 4.820]
INFO:distill.student.context:image processor: Siglip2ImageProcessorCustom (native Cosmos3-Edge port)
INFO:distill.eval.coarse_minade:coarse minADE_6 on challenging: 2.819 m (p90 6.757, n=60)
INFO:distill.student.context:image processor: Siglip2ImageProcessorCustom (native Cosmos3-Edge port)
INFO:__main__:epoch 0 challenging coarse-minADE 2.819 m | val CoC NLL 0.530 struct NLL 0.025
INFO:distill.checkpoint:saved merged student -> /data/vla/alpamayo2edge/runs/stage1/best (992 tensors)
INFO:__main__:epoch 1 step 240/1386 loss 4.4423 [traj 1.204 text 0.273 struct 0.046 feat 0.109 gt 5.775]
INFO:__main__:epoch 1 step 260/1386 loss 4.0702 [traj 1.098 text 0.190 struct 0.002 feat 0.120 gt 5.443]
INFO:__main__:epoch 1 step 280/1386 loss 4.5121 [traj 1.308 text 0.780 struct 0.010 feat 0.102 gt 4.735]
INFO:__main__:epoch 1 step 300/1386 loss 3.5297 [traj 0.915 text 0.108 struct 0.000 feat 0.100 gt 4.913]
INFO:__main__:epoch 1 step 320/1386 loss 4.6038 [traj 1.371 text 0.276 struct 0.053 feat 0.097 gt 5.763]
INFO:__main__:epoch 1 step 340/1386 loss 4.4524 [traj 1.096 text 0.672 struct 0.067 feat 0.094 gt 5.207]
INFO:__main__:epoch 1 step 360/1386 loss 5.3167 [traj 1.205 text 1.089 struct 0.001 feat 0.077 gt 5.967]
INFO:__main__:epoch 1 step 380/1386 loss 4.0264 [traj 0.852 text 0.342 struct 0.003 feat 0.071 gt 5.590]
INFO:__main__:epoch 1 step 400/1386 loss 3.7595 [traj 0.767 text 0.096 struct 0.021 feat 0.071 gt 5.702]
INFO:__main__:epoch 1 step 420/1386 loss 3.1609 [traj 0.572 text 0.251 struct 0.017 feat 0.058 gt 4.601]
INFO:__main__:epoch 1 step 440/1386 loss 4.6420 [traj 1.180 text 0.386 struct 0.002 feat 0.063 gt 6.088]
INFO:__main__:epoch 1 step 460/1386 loss 3.7150 [traj 0.967 text 0.165 struct 0.001 feat 0.059 gt 5.106]
INFO:distill.student.context:image processor: Siglip2ImageProcessorCustom (native Cosmos3-Edge port)
INFO:distill.eval.coarse_minade:coarse minADE_6 on challenging: 2.328 m (p90 5.761, n=60)
INFO:distill.student.context:image processor: Siglip2ImageProcessorCustom (native Cosmos3-Edge port)
INFO:__main__:epoch 1 challenging coarse-minADE 2.328 m | val CoC NLL 0.490 struct NLL 0.015
INFO:distill.checkpoint:saved merged student -> /data/vla/alpamayo2edge/runs/stage1/best (992 tensors)
INFO:__main__:epoch 2 step 480/1386 loss 4.1944 [traj 0.912 text 0.163 struct 0.000 feat 0.053 gt 6.184]
INFO:__main__:epoch 2 step 500/1386 loss 4.1485 [traj 0.827 text 0.758 struct 0.000 feat 0.055 gt 5.072]
INFO:__main__:epoch 2 step 520/1386 loss 2.7271 [traj 0.733 text 0.255 struct 0.000 feat 0.056 gt 3.422]
INFO:__main__:epoch 2 step 540/1386 loss 3.6786 [traj 0.677 text 0.352 struct 0.000 feat 0.046 gt 5.252]
INFO:__main__:epoch 2 step 560/1386 loss 3.5802 [traj 0.851 text 0.186 struct 0.003 feat 0.052 gt 5.032]
INFO:__main__:epoch 2 step 580/1386 loss 4.6257 [traj 1.106 text 0.786 struct 0.015 feat 0.050 gt 5.403]
INFO:__main__:epoch 2 step 600/1386 loss 4.5036 [traj 0.961 text 0.443 struct 0.013 feat 0.047 gt 6.138]
INFO:__main__:epoch 2 step 620/1386 loss 3.3135 [traj 0.996 text 0.208 struct 0.004 feat 0.049 gt 4.167]
INFO:__main__:epoch 2 step 640/1386 loss 3.4045 [traj 0.852 text 0.257 struct 0.014 feat 0.046 gt 4.532]
INFO:__main__:epoch 2 step 660/1386 loss 4.5889 [traj 1.503 text 0.176 struct 0.023 feat 0.058 gt 5.739]
INFO:__main__:epoch 2 step 680/1386 loss 5.6195 [traj 1.254 text 1.012 struct 0.006 feat 0.047 gt 6.654]
INFO:distill.student.context:image processor: Siglip2ImageProcessorCustom (native Cosmos3-Edge port)
INFO:distill.eval.coarse_minade:coarse minADE_6 on challenging: 2.067 m (p90 4.897, n=60)
INFO:distill.student.context:image processor: Siglip2ImageProcessorCustom (native Cosmos3-Edge port)
INFO:__main__:epoch 2 challenging coarse-minADE 2.067 m | val CoC NLL 0.482 struct NLL 0.018
INFO:distill.checkpoint:saved merged student -> /data/vla/alpamayo2edge/runs/stage1/best (992 tensors)
INFO:__main__:epoch 3 step 700/1386 loss 4.0441 [traj 0.899 text 0.250 struct 0.000 feat 0.060 gt 5.731]
INFO:__main__:epoch 3 step 720/1386 loss 3.5255 [traj 0.938 text 0.168 struct 0.007 feat 0.052 gt 4.781]
INFO:__main__:epoch 3 step 740/1386 loss 4.4564 [traj 0.823 text 0.493 struct 0.013 feat 0.040 gt 6.228]
INFO:__main__:epoch 3 step 760/1386 loss 3.9549 [traj 0.803 text 0.341 struct 0.000 feat 0.039 gt 5.583]
INFO:__main__:epoch 3 step 780/1386 loss 3.3497 [traj 0.902 text 0.182 struct 0.001 feat 0.044 gt 4.488]
INFO:__main__:epoch 3 step 800/1386 loss 3.8667 [traj 0.903 text 0.146 struct 0.000 feat 0.044 gt 5.592]
INFO:__main__:epoch 3 step 820/1386 loss 2.7122 [traj 0.888 text 0.088 struct 0.031 feat 0.045 gt 3.397]
INFO:__main__:epoch 3 step 840/1386 loss 2.8843 [traj 0.591 text 0.026 struct 0.041 feat 0.043 gt 4.449]
INFO:__main__:epoch 3 step 860/1386 loss 3.5556 [traj 0.843 text 0.116 struct 0.066 feat 0.055 gt 5.072]
INFO:__main__:epoch 3 step 880/1386 loss 3.3093 [traj 0.653 text 0.030 struct 0.000 feat 0.042 gt 5.209]
INFO:__main__:epoch 3 step 900/1386 loss 3.2856 [traj 0.713 text 0.104 struct 0.002 feat 0.038 gt 4.896]
INFO:__main__:epoch 3 step 920/1386 loss 3.5527 [traj 0.734 text 0.244 struct 0.000 feat 0.039 gt 5.110]
INFO:distill.student.context:image processor: Siglip2ImageProcessorCustom (native Cosmos3-Edge port)
INFO:distill.eval.coarse_minade:coarse minADE_6 on challenging: 2.109 m (p90 5.051, n=60)
INFO:distill.student.context:image processor: Siglip2ImageProcessorCustom (native Cosmos3-Edge port)
INFO:__main__:epoch 3 challenging coarse-minADE 2.109 m | val CoC NLL 0.546 struct NLL 0.014
INFO:__main__:epoch 4 step 940/1386 loss 3.0357 [traj 0.580 text 0.029 struct 0.000 feat 0.041 gt 4.813]
INFO:__main__:epoch 4 step 960/1386 loss 3.1662 [traj 0.746 text 0.079 struct 0.016 feat 0.047 gt 4.618]
INFO:__main__:epoch 4 step 980/1386 loss 4.3779 [traj 1.114 text 0.099 struct 0.062 feat 0.047 gt 6.220]
INFO:__main__:epoch 4 step 1000/1386 loss 3.6311 [traj 0.939 text 0.079 struct 0.000 feat 0.047 gt 5.179]
INFO:__main__:epoch 4 step 1020/1386 loss 3.2616 [traj 0.600 text 0.025 struct 0.000 feat 0.036 gt 5.235]
INFO:__main__:epoch 4 step 1040/1386 loss 3.3838 [traj 0.823 text 0.030 struct 0.003 feat 0.047 gt 5.010]
INFO:__main__:epoch 4 step 1060/1386 loss 3.4215 [traj 0.788 text 0.068 struct 0.000 feat 0.042 gt 5.089]
INFO:__main__:epoch 4 step 1080/1386 loss 3.6225 [traj 0.953 text 0.033 struct 0.000 feat 0.036 gt 5.237]
INFO:__main__:epoch 4 step 1100/1386 loss 3.8727 [traj 0.879 text 0.143 struct 0.000 feat 0.051 gt 5.650]
INFO:__main__:epoch 4 step 1120/1386 loss 3.3250 [traj 0.651 text 0.018 struct 0.000 feat 0.042 gt 5.270]
INFO:__main__:epoch 4 step 1140/1386 loss 2.9158 [traj 0.590 text 0.043 struct 0.000 feat 0.048 gt 4.519]
INFO:distill.student.context:image processor: Siglip2ImageProcessorCustom (native Cosmos3-Edge port)
INFO:distill.eval.coarse_minade:coarse minADE_6 on challenging: 2.287 m (p90 4.788, n=60)
INFO:distill.student.context:image processor: Siglip2ImageProcessorCustom (native Cosmos3-Edge port)
INFO:__main__:epoch 4 challenging coarse-minADE 2.287 m | val CoC NLL 0.627 struct NLL 0.014
INFO:__main__:epoch 5 step 1160/1386 loss 3.2227 [traj 0.730 text 0.039 struct 0.000 feat 0.041 gt 4.867]
INFO:__main__:epoch 5 step 1180/1386 loss 3.4853 [traj 0.671 text 0.068 struct 0.001 feat 0.034 gt 5.457]
INFO:__main__:epoch 5 step 1200/1386 loss 3.2259 [traj 0.998 text 0.044 struct 0.005 feat 0.051 gt 4.312]
INFO:__main__:epoch 5 step 1220/1386 loss 3.2114 [traj 0.619 text 0.043 struct 0.001 feat 0.033 gt 5.065]
INFO:__main__:epoch 5 step 1240/1386 loss 2.8449 [traj 0.743 text 0.056 struct 0.000 feat 0.044 gt 4.048]
INFO:__main__:epoch 5 step 1260/1386 loss 3.3941 [traj 0.830 text 0.159 struct 0.009 feat 0.043 gt 4.759]
INFO:__main__:epoch 5 step 1280/1386 loss 3.1069 [traj 0.599 text 0.025 struct 0.000 feat 0.036 gt 4.931]
INFO:__main__:epoch 5 step 1300/1386 loss 2.6778 [traj 0.528 text 0.002 struct 0.000 feat 0.032 gt 4.263]
INFO:__main__:epoch 5 step 1320/1386 loss 3.6090 [traj 0.815 text 0.026 struct 0.000 feat 0.041 gt 5.496]
INFO:__main__:epoch 5 step 1340/1386 loss 3.6422 [traj 0.944 text 0.036 struct 0.001 feat 0.047 gt 5.276]
INFO:__main__:epoch 5 step 1360/1386 loss 2.9932 [traj 0.902 text 0.028 struct 0.000 feat 0.043 gt 4.083]
INFO:__main__:epoch 5 step 1380/1386 loss 3.5525 [traj 0.831 text 0.081 struct 0.000 feat 0.038 gt 5.243]
INFO:distill.student.context:image processor: Siglip2ImageProcessorCustom (native Cosmos3-Edge port)
INFO:distill.eval.coarse_minade:coarse minADE_6 on challenging: 2.228 m (p90 5.054, n=60)
INFO:distill.student.context:image processor: Siglip2ImageProcessorCustom (native Cosmos3-Edge port)
INFO:__main__:epoch 5 challenging coarse-minADE 2.228 m | val CoC NLL 0.654 struct NLL 0.015
INFO:__main__:early stop: no improvement for 3 evals
----------------------------------------------------------------
Finished 2026-08-31T21:58:58+02:00
Check what this actually used:  seff 207
